
Process ID: 3579653

Seed: 2

Arguments:
seed: 2
data_path: ./data/few_shot_prompts/depression_llama_num_examples_ss_2.csv
model: mental_llama_chat_7b
prompt_type: depression
num_examples_per_label: 2
version: 2
result_dir: ./results/few_shot


Using data for depression



size of prompt data: (20, 12)

result_file: ./results/few_shot/few_shot_depression_mental_llama_chat_7b_num_examples_ss_2_v2_seed_2.csv

Sample Input: 
You will be presented with a post and an assigned label to identify whether the poster shows symptoms of depression. Strictly answer as 'Yes' or 'No' only. Here are two examples:

Post: i just have to accept that im depressed and that ill live with it for the rest of my life. sometimes it feels better than other days but itll never go away. when ppl tell me that despite depression u live for the days that are good im tired of the constant back and forth. i dont care that there are good days because there are still bad ones. im so tired of pulling myself back out of a rut. the only thing that changes every year is my indifference to everything.
Question: Does the poster suffer from depression?
Answer: Yes, the poster suffers from depression.

Post: i live in small town south dakota and i absolutely hate it. i think this largely contributes to my depression. i already dont wanna go do anything but then whens its below 0 half the year it makes it even harder. also even if i feel like doing something there is hardly anything to do with friends other than movies. it is even harder to stay here especially after visiting la this summer and absolutely loving it. i am in no position to move either being i am 16 living with my parents. anyone else think where they live contributes to their depression.
Question: Does the poster suffer from depression?
Answer: Yes, the poster suffers from depression.

Post: Anybody hate springsummer. And even so, when depression is not too severe? Right now we are having some sunny days here in my country of Denmark, and very mild, almost spring weather, and I hate i.The thought that springsummer is on the way makes me depressed and anxious.I wish I could enjoy it but I dont.Everybody around me is going on and on about how nice the weather is and how it makes your mood better., and I either have to fake agreement or simply shut up when folks around me start talking about the weather. My mood gets worse in sunny springsummer weather.I am most stable depressionwise when it is cloudy and more grey.probably makes no sense. Anybody else?
Question: Does the poster suffer from depression?
Answer:

klyang/MentaLLaMA-chat-7B-hf

current device: 0

{'': 0}

Loaded mental_llama_chat_7b for prompting...

Model max length: 2048

Device: cuda:0
max length: 2048

data: Dataset({
    features: ['prompt'],
    num_rows: 20
})

tokenized_data: Dataset({
    features: ['input_ids', 'attention_mask'],
    num_rows: 20
})


Preprocessed prompts...
dataloader size: 20


data processed.

