Model Name: AIMH/mental-bert-base-cased
Label Column: depression_label
Text Column: text
Max Length: 512
Batch Size: 8
Learning Rate: 2e-06
Number of Epochs: 30
Metric Name: eval_loss
Random State: 2
{'loss': 0.4447, 'learning_rate': 1.9613750482811896e-06, 'epoch': 0.58}
{'eval_loss': 0.2627938389778137, 'eval_f1': 0.9169921531300673, 'eval_runtime': 6.3292, 'eval_samples_per_second': 121.184, 'eval_steps_per_second': 15.168, 'epoch': 1.0}
{'loss': 0.2686, 'learning_rate': 1.9227500965623793e-06, 'epoch': 1.16}
{'loss': 0.2447, 'learning_rate': 1.8841251448435688e-06, 'epoch': 1.74}
{'eval_loss': 0.2529987394809723, 'eval_f1': 0.9221649741847073, 'eval_runtime': 6.3286, 'eval_samples_per_second': 121.196, 'eval_steps_per_second': 15.169, 'epoch': 2.0}
{'loss': 0.2193, 'learning_rate': 1.8455001931247585e-06, 'epoch': 2.32}
{'loss': 0.2156, 'learning_rate': 1.8068752414059483e-06, 'epoch': 2.9}
{'eval_loss': 0.2314930260181427, 'eval_f1': 0.9322295212257554, 'eval_runtime': 6.3286, 'eval_samples_per_second': 121.197, 'eval_steps_per_second': 15.169, 'epoch': 3.0}
{'loss': 0.1948, 'learning_rate': 1.7682502896871378e-06, 'epoch': 3.48}
{'eval_loss': 0.25627270340919495, 'eval_f1': 0.9323242707827218, 'eval_runtime': 6.3304, 'eval_samples_per_second': 121.161, 'eval_steps_per_second': 15.165, 'epoch': 4.0}
{'loss': 0.183, 'learning_rate': 1.7296253379683275e-06, 'epoch': 4.06}
{'loss': 0.17, 'learning_rate': 1.691000386249517e-06, 'epoch': 4.63}
{'eval_loss': 0.28395694494247437, 'eval_f1': 0.9337287275512646, 'eval_runtime': 6.3265, 'eval_samples_per_second': 121.236, 'eval_steps_per_second': 15.174, 'epoch': 5.0}
{'loss': 0.1498, 'learning_rate': 1.6523754345307069e-06, 'epoch': 5.21}
{'loss': 0.1601, 'learning_rate': 1.6137504828118964e-06, 'epoch': 5.79}
{'eval_loss': 0.29973605275154114, 'eval_f1': 0.936370100909082, 'eval_runtime': 6.3256, 'eval_samples_per_second': 121.253, 'eval_steps_per_second': 15.176, 'epoch': 6.0}
{'train_runtime': 1099.5282, 'train_samples_per_second': 188.263, 'train_steps_per_second': 23.546, 'train_loss': 0.22221889142227616, 'epoch': 6.0}
