Model Name: AIMH/mental-longformer-base-4096
Label Column: depression_label
Text Column: text
Max Length: 1024
Batch Size: 8
Learning Rate: 2e-05
Number of Epochs: 30
Metric Name: eval_loss
Random State: 3
{'loss': 0.3054, 'learning_rate': 1.96137504828119e-05, 'epoch': 0.58}
{'eval_loss': 0.2761564254760742, 'eval_f1': 0.9286173821737436, 'eval_runtime': 23.4917, 'eval_samples_per_second': 32.65, 'eval_steps_per_second': 4.087, 'epoch': 1.0}
{'loss': 0.2577, 'learning_rate': 1.9227500965623796e-05, 'epoch': 1.16}
{'loss': 0.1745, 'learning_rate': 1.884125144843569e-05, 'epoch': 1.74}
{'eval_loss': 0.33295759558677673, 'eval_f1': 0.923466350235114, 'eval_runtime': 23.4688, 'eval_samples_per_second': 32.682, 'eval_steps_per_second': 4.091, 'epoch': 2.0}
{'loss': 0.1382, 'learning_rate': 1.8455001931247587e-05, 'epoch': 2.32}
{'loss': 0.1075, 'learning_rate': 1.8068752414059484e-05, 'epoch': 2.9}
{'eval_loss': 0.32177403569221497, 'eval_f1': 0.9363116409941723, 'eval_runtime': 23.4838, 'eval_samples_per_second': 32.661, 'eval_steps_per_second': 4.088, 'epoch': 3.0}
{'loss': 0.0842, 'learning_rate': 1.768250289687138e-05, 'epoch': 3.48}
{'eval_loss': 0.4036422669887543, 'eval_f1': 0.9337591482031737, 'eval_runtime': 23.4785, 'eval_samples_per_second': 32.668, 'eval_steps_per_second': 4.089, 'epoch': 4.0}
{'train_runtime': 3909.5503, 'train_samples_per_second': 52.947, 'train_steps_per_second': 6.622, 'train_loss': 0.16296568557809982, 'epoch': 4.0}
