Model Name: AIMH/mental-bert-base-cased
Label Column: anxiety_label
Text Column: text
Max Length: 512
Batch Size: 4
Learning Rate: 2e-05
Number of Epochs: 30
Metric Name: eval_loss
Random State: 1
{'loss': 0.4239, 'learning_rate': 1.9806763285024154e-05, 'epoch': 0.29}
{'loss': 0.3666, 'learning_rate': 1.961352657004831e-05, 'epoch': 0.58}
{'loss': 0.3917, 'learning_rate': 1.9420289855072467e-05, 'epoch': 0.87}
{'eval_loss': 0.352676123380661, 'eval_f1': 0.8964156545331559, 'eval_runtime': 6.6387, 'eval_samples_per_second': 115.534, 'eval_steps_per_second': 28.921, 'epoch': 1.0}
{'loss': 0.3078, 'learning_rate': 1.922705314009662e-05, 'epoch': 1.16}
{'loss': 0.2783, 'learning_rate': 1.9033816425120775e-05, 'epoch': 1.45}
{'loss': 0.2932, 'learning_rate': 1.8840579710144928e-05, 'epoch': 1.74}
{'eval_loss': 0.3440016508102417, 'eval_f1': 0.9157686433394652, 'eval_runtime': 6.5721, 'eval_samples_per_second': 116.705, 'eval_steps_per_second': 29.214, 'epoch': 2.0}
{'loss': 0.2709, 'learning_rate': 1.8647342995169084e-05, 'epoch': 2.03}
{'loss': 0.1378, 'learning_rate': 1.8454106280193237e-05, 'epoch': 2.32}
{'loss': 0.1751, 'learning_rate': 1.8260869565217393e-05, 'epoch': 2.61}
{'loss': 0.1721, 'learning_rate': 1.806763285024155e-05, 'epoch': 2.9}
{'eval_loss': 0.4820379912853241, 'eval_f1': 0.9067176228322645, 'eval_runtime': 6.5703, 'eval_samples_per_second': 116.737, 'eval_steps_per_second': 29.222, 'epoch': 3.0}
{'loss': 0.121, 'learning_rate': 1.7874396135265702e-05, 'epoch': 3.19}
{'loss': 0.0688, 'learning_rate': 1.7681159420289858e-05, 'epoch': 3.48}
{'loss': 0.0919, 'learning_rate': 1.748792270531401e-05, 'epoch': 3.77}
{'eval_loss': 0.7307636737823486, 'eval_f1': 0.8833926404852869, 'eval_runtime': 6.5721, 'eval_samples_per_second': 116.705, 'eval_steps_per_second': 29.214, 'epoch': 4.0}
{'loss': 0.1163, 'learning_rate': 1.7294685990338163e-05, 'epoch': 4.06}
{'loss': 0.0294, 'learning_rate': 1.710144927536232e-05, 'epoch': 4.35}
{'loss': 0.0521, 'learning_rate': 1.6908212560386476e-05, 'epoch': 4.64}
{'loss': 0.0695, 'learning_rate': 1.6714975845410632e-05, 'epoch': 4.93}
{'eval_loss': 0.6738414168357849, 'eval_f1': 0.9049907153650583, 'eval_runtime': 6.5712, 'eval_samples_per_second': 116.721, 'eval_steps_per_second': 29.218, 'epoch': 5.0}
{'train_runtime': 1012.1751, 'train_samples_per_second': 204.51, 'train_steps_per_second': 51.128, 'train_loss': 0.19619365736367045, 'epoch': 5.0}
