Model Name: AIMH/mental-roberta-large
Label Column: anxiety_label
Text Column: text
Max Length: 512
Batch Size: 16
Learning Rate: 2e-05
Number of Epochs: 30
Metric Name: eval_loss
Random State: 1
{'eval_loss': 0.2487807720899582, 'eval_f1': 0.904016820610757, 'eval_runtime': 18.8356, 'eval_samples_per_second': 40.721, 'eval_steps_per_second': 2.548, 'epoch': 1.0}
{'loss': 0.2796, 'learning_rate': 1.9228395061728397e-05, 'epoch': 1.16}
{'eval_loss': 0.263417512178421, 'eval_f1': 0.9299883302326261, 'eval_runtime': 18.8285, 'eval_samples_per_second': 40.736, 'eval_steps_per_second': 2.549, 'epoch': 2.0}
{'loss': 0.1562, 'learning_rate': 1.8456790123456792e-05, 'epoch': 2.31}
{'eval_loss': 0.2485039234161377, 'eval_f1': 0.9179748360546588, 'eval_runtime': 18.8761, 'eval_samples_per_second': 40.633, 'eval_steps_per_second': 2.543, 'epoch': 3.0}
{'loss': 0.0953, 'learning_rate': 1.7685185185185187e-05, 'epoch': 3.47}
{'eval_loss': 0.4717758297920227, 'eval_f1': 0.9157686433394652, 'eval_runtime': 18.8285, 'eval_samples_per_second': 40.736, 'eval_steps_per_second': 2.549, 'epoch': 4.0}
{'loss': 0.0523, 'learning_rate': 1.6913580246913582e-05, 'epoch': 4.63}
{'eval_loss': 0.5099729299545288, 'eval_f1': 0.9296338625900652, 'eval_runtime': 18.8339, 'eval_samples_per_second': 40.724, 'eval_steps_per_second': 2.549, 'epoch': 5.0}
{'loss': 0.0229, 'learning_rate': 1.6141975308641978e-05, 'epoch': 5.79}
{'eval_loss': 0.7218306660652161, 'eval_f1': 0.9043420995976863, 'eval_runtime': 18.881, 'eval_samples_per_second': 40.623, 'eval_steps_per_second': 2.542, 'epoch': 6.0}
{'train_runtime': 3147.7419, 'train_samples_per_second': 65.761, 'train_steps_per_second': 4.117, 'train_loss': 0.11783678811273457, 'epoch': 6.0}
