Model Name: AIMH/mental-longformer-base-4096
Label Column: depression_label
Text Column: text
Max Length: 4096
Batch Size: 4
Learning Rate: 2e-06
Number of Epochs: 30
Metric Name: eval_loss
Random State: 1
{'loss': 0.4744, 'learning_rate': 1.980676328502415e-06, 'epoch': 0.29}
{'loss': 0.2982, 'learning_rate': 1.9613526570048307e-06, 'epoch': 0.58}
{'loss': 0.3308, 'learning_rate': 1.9420289855072463e-06, 'epoch': 0.87}
{'eval_loss': 0.30302363634109497, 'eval_f1': 0.9272726586947858, 'eval_runtime': 92.0204, 'eval_samples_per_second': 8.335, 'eval_steps_per_second': 2.086, 'epoch': 1.0}
{'loss': 0.2824, 'learning_rate': 1.922705314009662e-06, 'epoch': 1.16}
{'loss': 0.313, 'learning_rate': 1.9033816425120771e-06, 'epoch': 1.45}
{'loss': 0.2505, 'learning_rate': 1.8840579710144925e-06, 'epoch': 1.74}
{'eval_loss': 0.28245702385902405, 'eval_f1': 0.9388779548614463, 'eval_runtime': 92.0005, 'eval_samples_per_second': 8.337, 'eval_steps_per_second': 2.087, 'epoch': 2.0}
{'loss': 0.2697, 'learning_rate': 1.8647342995169081e-06, 'epoch': 2.03}
{'loss': 0.1996, 'learning_rate': 1.8454106280193235e-06, 'epoch': 2.32}
{'loss': 0.2294, 'learning_rate': 1.826086956521739e-06, 'epoch': 2.61}
{'loss': 0.245, 'learning_rate': 1.8067632850241545e-06, 'epoch': 2.9}
{'eval_loss': 0.3024148941040039, 'eval_f1': 0.9337121161367915, 'eval_runtime': 91.9776, 'eval_samples_per_second': 8.339, 'eval_steps_per_second': 2.087, 'epoch': 3.0}
{'loss': 0.2258, 'learning_rate': 1.78743961352657e-06, 'epoch': 3.19}
{'loss': 0.1774, 'learning_rate': 1.7681159420289855e-06, 'epoch': 3.48}
{'loss': 0.1892, 'learning_rate': 1.748792270531401e-06, 'epoch': 3.77}
{'eval_loss': 0.35767340660095215, 'eval_f1': 0.9363116409941723, 'eval_runtime': 91.9863, 'eval_samples_per_second': 8.338, 'eval_steps_per_second': 2.087, 'epoch': 4.0}
{'loss': 0.1926, 'learning_rate': 1.7294685990338163e-06, 'epoch': 4.06}
{'loss': 0.1352, 'learning_rate': 1.7101449275362317e-06, 'epoch': 4.35}
{'loss': 0.187, 'learning_rate': 1.6908212560386471e-06, 'epoch': 4.64}
{'loss': 0.1866, 'learning_rate': 1.6714975845410628e-06, 'epoch': 4.93}
{'eval_loss': 0.41971078515052795, 'eval_f1': 0.931161467740553, 'eval_runtime': 92.0102, 'eval_samples_per_second': 8.336, 'eval_steps_per_second': 2.087, 'epoch': 5.0}
{'train_runtime': 19487.0569, 'train_samples_per_second': 10.622, 'train_steps_per_second': 2.656, 'train_loss': 0.24387467691172723, 'epoch': 5.0}
