Model Name: AIMH/mental-bert-base-cased
Label Column: depression_label
Text Column: text
Max Length: 512
Batch Size: 16
Learning Rate: 0.0002
Number of Epochs: 30
Metric Name: eval_loss
Random State: 1
{'eval_loss': 0.7025364637374878, 'eval_f1': 0.25486653525571507, 'eval_runtime': 6.0551, 'eval_samples_per_second': 126.669, 'eval_steps_per_second': 7.927, 'epoch': 1.0}
{'loss': 0.6916, 'learning_rate': 0.00019228395061728396, 'epoch': 1.16}
{'eval_loss': 0.6830598711967468, 'eval_f1': 0.41824688448198194, 'eval_runtime': 6.0441, 'eval_samples_per_second': 126.901, 'eval_steps_per_second': 7.942, 'epoch': 2.0}
{'loss': 0.6941, 'learning_rate': 0.00018456790123456791, 'epoch': 2.31}
{'eval_loss': 0.6873847842216492, 'eval_f1': 0.41824688448198194, 'eval_runtime': 6.0418, 'eval_samples_per_second': 126.949, 'eval_steps_per_second': 7.945, 'epoch': 3.0}
{'loss': 0.687, 'learning_rate': 0.00017685185185185187, 'epoch': 3.47}
{'eval_loss': 0.6960700750350952, 'eval_f1': 0.41824688448198194, 'eval_runtime': 6.0423, 'eval_samples_per_second': 126.938, 'eval_steps_per_second': 7.944, 'epoch': 4.0}
{'loss': 0.6844, 'learning_rate': 0.00016913580246913582, 'epoch': 4.63}
{'eval_loss': 0.6826252341270447, 'eval_f1': 0.41824688448198194, 'eval_runtime': 6.0439, 'eval_samples_per_second': 126.905, 'eval_steps_per_second': 7.942, 'epoch': 5.0}
{'loss': 0.6857, 'learning_rate': 0.00016141975308641977, 'epoch': 5.79}
{'eval_loss': 0.6959584951400757, 'eval_f1': 0.41824688448198194, 'eval_runtime': 6.0405, 'eval_samples_per_second': 126.976, 'eval_steps_per_second': 7.946, 'epoch': 6.0}
{'loss': 0.684, 'learning_rate': 0.0001537037037037037, 'epoch': 6.94}
{'eval_loss': 0.6848428845405579, 'eval_f1': 0.41824688448198194, 'eval_runtime': 6.036, 'eval_samples_per_second': 127.072, 'eval_steps_per_second': 7.952, 'epoch': 7.0}
{'eval_loss': 0.6823136210441589, 'eval_f1': 0.41824688448198194, 'eval_runtime': 6.0363, 'eval_samples_per_second': 127.065, 'eval_steps_per_second': 7.952, 'epoch': 8.0}
{'loss': 0.6838, 'learning_rate': 0.00014598765432098767, 'epoch': 8.1}
{'eval_loss': 0.6822848916053772, 'eval_f1': 0.41824688448198194, 'eval_runtime': 6.0492, 'eval_samples_per_second': 126.794, 'eval_steps_per_second': 7.935, 'epoch': 9.0}
{'loss': 0.6835, 'learning_rate': 0.0001382716049382716, 'epoch': 9.26}
{'eval_loss': 0.6832265853881836, 'eval_f1': 0.41824688448198194, 'eval_runtime': 6.0454, 'eval_samples_per_second': 126.874, 'eval_steps_per_second': 7.94, 'epoch': 10.0}
{'loss': 0.6831, 'learning_rate': 0.00013055555555555555, 'epoch': 10.42}
{'eval_loss': 0.6841741800308228, 'eval_f1': 0.41824688448198194, 'eval_runtime': 6.0756, 'eval_samples_per_second': 126.243, 'eval_steps_per_second': 7.9, 'epoch': 11.0}
{'loss': 0.6839, 'learning_rate': 0.0001228395061728395, 'epoch': 11.57}
{'eval_loss': 0.6826830506324768, 'eval_f1': 0.41824688448198194, 'eval_runtime': 6.0669, 'eval_samples_per_second': 126.424, 'eval_steps_per_second': 7.912, 'epoch': 12.0}
{'train_runtime': 2034.6441, 'train_samples_per_second': 101.738, 'train_steps_per_second': 6.37, 'train_loss': 0.6860126786761813, 'epoch': 12.0}
