Model Name: AIMH/mental-bert-base-cased
Label Column: anxiety_label
Text Column: text
Max Length: 512
Batch Size: 32
Learning Rate: 2e-06
Number of Epochs: 30
Metric Name: eval_loss
Random State: 1
{'eval_loss': 0.39861029386520386, 'eval_f1': 0.7905306687102521, 'eval_runtime': 6.0032, 'eval_samples_per_second': 127.764, 'eval_steps_per_second': 3.998, 'epoch': 1.0}
{'eval_loss': 0.28015372157096863, 'eval_f1': 0.8944527783053123, 'eval_runtime': 5.9985, 'eval_samples_per_second': 127.866, 'eval_steps_per_second': 4.001, 'epoch': 2.0}
{'loss': 0.3883, 'learning_rate': 1.8456790123456789e-06, 'epoch': 2.31}
{'eval_loss': 0.255729615688324, 'eval_f1': 0.8868141144874064, 'eval_runtime': 5.9991, 'eval_samples_per_second': 127.853, 'eval_steps_per_second': 4.001, 'epoch': 3.0}
{'eval_loss': 0.24459905922412872, 'eval_f1': 0.8889328081028146, 'eval_runtime': 5.9929, 'eval_samples_per_second': 127.985, 'eval_steps_per_second': 4.005, 'epoch': 4.0}
{'loss': 0.2376, 'learning_rate': 1.6913580246913578e-06, 'epoch': 4.63}
{'eval_loss': 0.2374259978532791, 'eval_f1': 0.8928439312969721, 'eval_runtime': 5.9982, 'eval_samples_per_second': 127.873, 'eval_steps_per_second': 4.001, 'epoch': 5.0}
{'eval_loss': 0.23842456936836243, 'eval_f1': 0.8994136109003542, 'eval_runtime': 5.9935, 'eval_samples_per_second': 127.972, 'eval_steps_per_second': 4.004, 'epoch': 6.0}
{'loss': 0.196, 'learning_rate': 1.537037037037037e-06, 'epoch': 6.94}
{'eval_loss': 0.23335976898670197, 'eval_f1': 0.895482789879955, 'eval_runtime': 5.9929, 'eval_samples_per_second': 127.985, 'eval_steps_per_second': 4.005, 'epoch': 7.0}
{'eval_loss': 0.23574180901050568, 'eval_f1': 0.8987041689191339, 'eval_runtime': 6.0004, 'eval_samples_per_second': 127.825, 'eval_steps_per_second': 4.0, 'epoch': 8.0}
{'eval_loss': 0.23252061009407043, 'eval_f1': 0.9085253072047323, 'eval_runtime': 5.9956, 'eval_samples_per_second': 127.927, 'eval_steps_per_second': 4.003, 'epoch': 9.0}
{'loss': 0.1668, 'learning_rate': 1.382716049382716e-06, 'epoch': 9.26}
{'eval_loss': 0.23211686313152313, 'eval_f1': 0.9095144432211753, 'eval_runtime': 5.9944, 'eval_samples_per_second': 127.952, 'eval_steps_per_second': 4.004, 'epoch': 10.0}
{'eval_loss': 0.2400590479373932, 'eval_f1': 0.9112726533126636, 'eval_runtime': 6.0084, 'eval_samples_per_second': 127.655, 'eval_steps_per_second': 3.994, 'epoch': 11.0}
{'loss': 0.1438, 'learning_rate': 1.228395061728395e-06, 'epoch': 11.57}
{'eval_loss': 0.2333398461341858, 'eval_f1': 0.9107195802665918, 'eval_runtime': 6.0227, 'eval_samples_per_second': 127.351, 'eval_steps_per_second': 3.985, 'epoch': 12.0}
{'eval_loss': 0.2439899444580078, 'eval_f1': 0.912343766658982, 'eval_runtime': 6.0064, 'eval_samples_per_second': 127.698, 'eval_steps_per_second': 3.996, 'epoch': 13.0}
{'train_runtime': 2117.1211, 'train_samples_per_second': 97.774, 'train_steps_per_second': 3.061, 'train_loss': 0.2155561216196783, 'epoch': 13.0}
