Model Name: AIMH/mental-bert-base-cased
Label Column: anxiety_label
Text Column: text
Max Length: 512
Batch Size: 4
Learning Rate: 2e-06
Number of Epochs: 30
Metric Name: eval_loss
Random State: 1
{'loss': 0.4876, 'learning_rate': 1.980676328502415e-06, 'epoch': 0.29}
{'loss': 0.3904, 'learning_rate': 1.9613526570048307e-06, 'epoch': 0.58}
{'loss': 0.4214, 'learning_rate': 1.9420289855072463e-06, 'epoch': 0.87}
{'eval_loss': 0.4708520174026489, 'eval_f1': 0.8891754172205779, 'eval_runtime': 6.7727, 'eval_samples_per_second': 113.249, 'eval_steps_per_second': 28.349, 'epoch': 1.0}
{'loss': 0.3809, 'learning_rate': 1.922705314009662e-06, 'epoch': 1.16}
{'loss': 0.382, 'learning_rate': 1.9033816425120771e-06, 'epoch': 1.45}
{'loss': 0.3483, 'learning_rate': 1.8840579710144925e-06, 'epoch': 1.74}
{'eval_loss': 0.4323713779449463, 'eval_f1': 0.8987041689191339, 'eval_runtime': 6.7577, 'eval_samples_per_second': 113.499, 'eval_steps_per_second': 28.412, 'epoch': 2.0}
{'loss': 0.353, 'learning_rate': 1.8647342995169081e-06, 'epoch': 2.03}
{'loss': 0.3193, 'learning_rate': 1.8454106280193235e-06, 'epoch': 2.32}
{'loss': 0.3313, 'learning_rate': 1.826086956521739e-06, 'epoch': 2.61}
{'loss': 0.3346, 'learning_rate': 1.8067632850241545e-06, 'epoch': 2.9}
{'eval_loss': 0.4464619755744934, 'eval_f1': 0.8915992106046718, 'eval_runtime': 6.7565, 'eval_samples_per_second': 113.521, 'eval_steps_per_second': 28.417, 'epoch': 3.0}
{'loss': 0.3045, 'learning_rate': 1.78743961352657e-06, 'epoch': 3.19}
{'loss': 0.2747, 'learning_rate': 1.7681159420289855e-06, 'epoch': 3.48}
{'loss': 0.2736, 'learning_rate': 1.748792270531401e-06, 'epoch': 3.77}
{'eval_loss': 0.4467514455318451, 'eval_f1': 0.8985198244228391, 'eval_runtime': 6.744, 'eval_samples_per_second': 113.732, 'eval_steps_per_second': 28.47, 'epoch': 4.0}
{'loss': 0.295, 'learning_rate': 1.7294685990338163e-06, 'epoch': 4.06}
{'loss': 0.2516, 'learning_rate': 1.7101449275362317e-06, 'epoch': 4.35}
{'loss': 0.2608, 'learning_rate': 1.6908212560386471e-06, 'epoch': 4.64}
{'loss': 0.2618, 'learning_rate': 1.6714975845410628e-06, 'epoch': 4.93}
{'eval_loss': 0.5052457451820374, 'eval_f1': 0.8979295553887865, 'eval_runtime': 6.7555, 'eval_samples_per_second': 113.536, 'eval_steps_per_second': 28.421, 'epoch': 5.0}
{'train_runtime': 1033.9313, 'train_samples_per_second': 200.207, 'train_steps_per_second': 50.052, 'train_loss': 0.33195776942156363, 'epoch': 5.0}
