Model Name: AIMH/mental-bert-base-cased
Label Column: depression_label
Text Column: text
Max Length: 512
Batch Size: 16
Learning Rate: 2e-06
Number of Epochs: 30
Metric Name: eval_loss
Random State: 3
{'eval_loss': 0.26775112748146057, 'eval_f1': 0.8949490019667513, 'eval_runtime': 6.0274, 'eval_samples_per_second': 127.253, 'eval_steps_per_second': 7.964, 'epoch': 1.0}
{'loss': 0.3944, 'learning_rate': 1.9228395061728396e-06, 'epoch': 1.16}
{'eval_loss': 0.19913864135742188, 'eval_f1': 0.9260216506164253, 'eval_runtime': 6.0272, 'eval_samples_per_second': 127.257, 'eval_steps_per_second': 7.964, 'epoch': 2.0}
{'loss': 0.2149, 'learning_rate': 1.8456790123456789e-06, 'epoch': 2.31}
{'eval_loss': 0.1790485382080078, 'eval_f1': 0.9334939945833078, 'eval_runtime': 6.0231, 'eval_samples_per_second': 127.343, 'eval_steps_per_second': 7.969, 'epoch': 3.0}
{'loss': 0.1844, 'learning_rate': 1.7685185185185186e-06, 'epoch': 3.47}
{'eval_loss': 0.18961717188358307, 'eval_f1': 0.9388010882096243, 'eval_runtime': 6.0196, 'eval_samples_per_second': 127.417, 'eval_steps_per_second': 7.974, 'epoch': 4.0}
{'loss': 0.1552, 'learning_rate': 1.6913580246913578e-06, 'epoch': 4.63}
{'eval_loss': 0.2049347311258316, 'eval_f1': 0.9402185252420759, 'eval_runtime': 6.0259, 'eval_samples_per_second': 127.285, 'eval_steps_per_second': 7.966, 'epoch': 5.0}
{'loss': 0.136, 'learning_rate': 1.6141975308641975e-06, 'epoch': 5.79}
{'eval_loss': 0.235514298081398, 'eval_f1': 0.9298549450672686, 'eval_runtime': 6.0253, 'eval_samples_per_second': 127.297, 'eval_steps_per_second': 7.966, 'epoch': 6.0}
{'train_runtime': 1003.61, 'train_samples_per_second': 206.255, 'train_steps_per_second': 12.913, 'train_loss': 0.21444113350208896, 'epoch': 6.0}
