Model Name: AIMH/mental-bert-base-cased
Label Column: anxiety_label
Text Column: text
Max Length: 512
Batch Size: 16
Learning Rate: 2e-06
Number of Epochs: 30
Metric Name: eval_loss
Random State: 2
{'eval_loss': 0.3684815764427185, 'eval_f1': 0.8063117836083642, 'eval_runtime': 6.1031, 'eval_samples_per_second': 125.675, 'eval_steps_per_second': 7.865, 'epoch': 1.0}
{'loss': 0.4299, 'learning_rate': 1.9228395061728396e-06, 'epoch': 1.16}
{'eval_loss': 0.26589855551719666, 'eval_f1': 0.8885322851275346, 'eval_runtime': 6.1016, 'eval_samples_per_second': 125.705, 'eval_steps_per_second': 7.867, 'epoch': 2.0}
{'loss': 0.2702, 'learning_rate': 1.8456790123456789e-06, 'epoch': 2.31}
{'eval_loss': 0.24743568897247314, 'eval_f1': 0.8949642120783434, 'eval_runtime': 6.0968, 'eval_samples_per_second': 125.803, 'eval_steps_per_second': 7.873, 'epoch': 3.0}
{'loss': 0.2325, 'learning_rate': 1.7685185185185186e-06, 'epoch': 3.47}
{'eval_loss': 0.23768645524978638, 'eval_f1': 0.8987041689191339, 'eval_runtime': 6.0974, 'eval_samples_per_second': 125.792, 'eval_steps_per_second': 7.872, 'epoch': 4.0}
{'loss': 0.2046, 'learning_rate': 1.6913580246913578e-06, 'epoch': 4.63}
{'eval_loss': 0.2520102560520172, 'eval_f1': 0.8973129294616445, 'eval_runtime': 6.098, 'eval_samples_per_second': 125.779, 'eval_steps_per_second': 7.871, 'epoch': 5.0}
{'loss': 0.1843, 'learning_rate': 1.6141975308641975e-06, 'epoch': 5.79}
{'eval_loss': 0.23676550388336182, 'eval_f1': 0.9131335835678166, 'eval_runtime': 6.1005, 'eval_samples_per_second': 125.727, 'eval_steps_per_second': 7.868, 'epoch': 6.0}
{'loss': 0.1685, 'learning_rate': 1.537037037037037e-06, 'epoch': 6.94}
{'eval_loss': 0.31031492352485657, 'eval_f1': 0.9009697219891597, 'eval_runtime': 6.1059, 'eval_samples_per_second': 125.617, 'eval_steps_per_second': 7.861, 'epoch': 7.0}
{'eval_loss': 0.2786191701889038, 'eval_f1': 0.9159713696626746, 'eval_runtime': 6.1002, 'eval_samples_per_second': 125.734, 'eval_steps_per_second': 7.869, 'epoch': 8.0}
{'loss': 0.1555, 'learning_rate': 1.4598765432098765e-06, 'epoch': 8.1}
{'eval_loss': 0.31009548902511597, 'eval_f1': 0.9048848966780421, 'eval_runtime': 6.0993, 'eval_samples_per_second': 125.752, 'eval_steps_per_second': 7.87, 'epoch': 9.0}
{'train_runtime': 1512.5797, 'train_samples_per_second': 136.852, 'train_steps_per_second': 8.568, 'train_loss': 0.22590516820366, 'epoch': 9.0}
