Model Name: AIMH/mental-roberta-large
Label Column: depression_label
Text Column: text
Max Length: 512
Batch Size: 4
Learning Rate: 2e-06
Number of Epochs: 30
Metric Name: eval_loss
Random State: 3
{'loss': 0.4253, 'learning_rate': 1.980676328502415e-06, 'epoch': 0.29}
{'loss': 0.3045, 'learning_rate': 1.9613526570048307e-06, 'epoch': 0.58}
{'loss': 0.3163, 'learning_rate': 1.9420289855072463e-06, 'epoch': 0.87}
{'eval_loss': 0.39040806889533997, 'eval_f1': 0.9234738082796582, 'eval_runtime': 20.4128, 'eval_samples_per_second': 37.574, 'eval_steps_per_second': 9.406, 'epoch': 1.0}
{'loss': 0.2721, 'learning_rate': 1.922705314009662e-06, 'epoch': 1.16}
{'loss': 0.2455, 'learning_rate': 1.9033816425120771e-06, 'epoch': 1.45}
{'loss': 0.2103, 'learning_rate': 1.8840579710144925e-06, 'epoch': 1.74}
{'eval_loss': 0.35192251205444336, 'eval_f1': 0.9350779618223536, 'eval_runtime': 20.4164, 'eval_samples_per_second': 37.568, 'eval_steps_per_second': 9.404, 'epoch': 2.0}
{'loss': 0.2278, 'learning_rate': 1.8647342995169081e-06, 'epoch': 2.03}
{'loss': 0.1441, 'learning_rate': 1.8454106280193235e-06, 'epoch': 2.32}
{'loss': 0.1389, 'learning_rate': 1.826086956521739e-06, 'epoch': 2.61}
{'loss': 0.1507, 'learning_rate': 1.8067632850241545e-06, 'epoch': 2.9}
{'eval_loss': 0.30899563431739807, 'eval_f1': 0.9337444041045448, 'eval_runtime': 20.3859, 'eval_samples_per_second': 37.624, 'eval_steps_per_second': 9.418, 'epoch': 3.0}
{'loss': 0.1574, 'learning_rate': 1.78743961352657e-06, 'epoch': 3.19}
{'loss': 0.1147, 'learning_rate': 1.7681159420289855e-06, 'epoch': 3.48}
{'loss': 0.1043, 'learning_rate': 1.748792270531401e-06, 'epoch': 3.77}
{'eval_loss': 0.361913800239563, 'eval_f1': 0.9441242212687133, 'eval_runtime': 20.4159, 'eval_samples_per_second': 37.569, 'eval_steps_per_second': 9.404, 'epoch': 4.0}
{'loss': 0.0957, 'learning_rate': 1.7294685990338163e-06, 'epoch': 4.06}
{'loss': 0.0566, 'learning_rate': 1.7101449275362317e-06, 'epoch': 4.35}
{'loss': 0.071, 'learning_rate': 1.6908212560386471e-06, 'epoch': 4.64}
{'loss': 0.0763, 'learning_rate': 1.6714975845410628e-06, 'epoch': 4.93}
{'eval_loss': 0.3497700095176697, 'eval_f1': 0.949234958728865, 'eval_runtime': 20.3791, 'eval_samples_per_second': 37.637, 'eval_steps_per_second': 9.421, 'epoch': 5.0}
{'loss': 0.042, 'learning_rate': 1.6521739130434782e-06, 'epoch': 5.22}
{'loss': 0.0253, 'learning_rate': 1.6328502415458936e-06, 'epoch': 5.51}
{'loss': 0.0604, 'learning_rate': 1.6135265700483092e-06, 'epoch': 5.8}
{'eval_loss': 0.4300999343395233, 'eval_f1': 0.9376622788812449, 'eval_runtime': 20.4262, 'eval_samples_per_second': 37.55, 'eval_steps_per_second': 9.4, 'epoch': 6.0}
{'train_runtime': 3798.8784, 'train_samples_per_second': 54.49, 'train_steps_per_second': 13.622, 'train_loss': 0.15896989905315898, 'epoch': 6.0}
