Model Name: AIMH/mental-roberta-large
Label Column: depression_label
Text Column: text
Max Length: 512
Batch Size: 4
Learning Rate: 2e-06
Number of Epochs: 30
Metric Name: eval_loss
Random State: 2
{'loss': 0.4513, 'learning_rate': 1.980676328502415e-06, 'epoch': 0.29}
{'loss': 0.3004, 'learning_rate': 1.9613526570048307e-06, 'epoch': 0.58}
{'loss': 0.3063, 'learning_rate': 1.9420289855072463e-06, 'epoch': 0.87}
{'eval_loss': 0.36670589447021484, 'eval_f1': 0.923466350235114, 'eval_runtime': 20.5561, 'eval_samples_per_second': 37.313, 'eval_steps_per_second': 9.34, 'epoch': 1.0}
{'loss': 0.2702, 'learning_rate': 1.922705314009662e-06, 'epoch': 1.16}
{'loss': 0.2452, 'learning_rate': 1.9033816425120771e-06, 'epoch': 1.45}
{'loss': 0.21, 'learning_rate': 1.8840579710144925e-06, 'epoch': 1.74}
{'eval_loss': 0.3969514071941376, 'eval_f1': 0.9299484767662368, 'eval_runtime': 20.4208, 'eval_samples_per_second': 37.56, 'eval_steps_per_second': 9.402, 'epoch': 2.0}
{'loss': 0.2296, 'learning_rate': 1.8647342995169081e-06, 'epoch': 2.03}
{'loss': 0.1436, 'learning_rate': 1.8454106280193235e-06, 'epoch': 2.32}
{'loss': 0.1389, 'learning_rate': 1.826086956521739e-06, 'epoch': 2.61}
{'loss': 0.1587, 'learning_rate': 1.8067632850241545e-06, 'epoch': 2.9}
{'eval_loss': 0.29964953660964966, 'eval_f1': 0.9338088452883805, 'eval_runtime': 20.4183, 'eval_samples_per_second': 37.564, 'eval_steps_per_second': 9.403, 'epoch': 3.0}
{'loss': 0.1526, 'learning_rate': 1.78743961352657e-06, 'epoch': 3.19}
{'loss': 0.0902, 'learning_rate': 1.7681159420289855e-06, 'epoch': 3.48}
{'loss': 0.0937, 'learning_rate': 1.748792270531401e-06, 'epoch': 3.77}
{'eval_loss': 0.3783196806907654, 'eval_f1': 0.9441242212687133, 'eval_runtime': 20.4277, 'eval_samples_per_second': 37.547, 'eval_steps_per_second': 9.399, 'epoch': 4.0}
{'loss': 0.0788, 'learning_rate': 1.7294685990338163e-06, 'epoch': 4.06}
{'loss': 0.0616, 'learning_rate': 1.7101449275362317e-06, 'epoch': 4.35}
{'loss': 0.0737, 'learning_rate': 1.6908212560386471e-06, 'epoch': 4.64}
{'loss': 0.0718, 'learning_rate': 1.6714975845410628e-06, 'epoch': 4.93}
{'eval_loss': 0.37277233600616455, 'eval_f1': 0.9440798310434507, 'eval_runtime': 20.4047, 'eval_samples_per_second': 37.589, 'eval_steps_per_second': 9.41, 'epoch': 5.0}
{'loss': 0.038, 'learning_rate': 1.6521739130434782e-06, 'epoch': 5.22}
{'loss': 0.0284, 'learning_rate': 1.6328502415458936e-06, 'epoch': 5.51}
{'loss': 0.0546, 'learning_rate': 1.6135265700483092e-06, 'epoch': 5.8}
{'eval_loss': 0.44838038086891174, 'eval_f1': 0.9415391800922455, 'eval_runtime': 20.4077, 'eval_samples_per_second': 37.584, 'eval_steps_per_second': 9.408, 'epoch': 6.0}
{'train_runtime': 3852.5289, 'train_samples_per_second': 53.731, 'train_steps_per_second': 13.433, 'train_loss': 0.15668618741242782, 'epoch': 6.0}
