Model Name: AIMH/mental-bert-large-cased
Label Column: anxiety_label
Text Column: text
Max Length: 512
Batch Size: 8
Learning Rate: 2e-06
Number of Epochs: 30
Metric Name: eval_loss
Random State: 1
{'loss': 0.4283, 'learning_rate': 1.9613750482811896e-06, 'epoch': 0.58}
{'eval_loss': 0.32850316166877747, 'eval_f1': 0.8867064144712724, 'eval_runtime': 19.5497, 'eval_samples_per_second': 39.233, 'eval_steps_per_second': 4.911, 'epoch': 1.0}
{'loss': 0.2783, 'learning_rate': 1.9227500965623793e-06, 'epoch': 1.16}
{'loss': 0.2707, 'learning_rate': 1.8841251448435688e-06, 'epoch': 1.74}
{'eval_loss': 0.2817820906639099, 'eval_f1': 0.9155402279513816, 'eval_runtime': 19.5437, 'eval_samples_per_second': 39.245, 'eval_steps_per_second': 4.912, 'epoch': 2.0}
{'loss': 0.2498, 'learning_rate': 1.8455001931247585e-06, 'epoch': 2.32}
{'loss': 0.2444, 'learning_rate': 1.8068752414059483e-06, 'epoch': 2.9}
{'eval_loss': 0.2813887298107147, 'eval_f1': 0.9167785812199138, 'eval_runtime': 19.5728, 'eval_samples_per_second': 39.187, 'eval_steps_per_second': 4.905, 'epoch': 3.0}
{'loss': 0.2019, 'learning_rate': 1.7682502896871378e-06, 'epoch': 3.48}
{'eval_loss': 0.33880841732025146, 'eval_f1': 0.9132793684837375, 'eval_runtime': 19.5534, 'eval_samples_per_second': 39.226, 'eval_steps_per_second': 4.91, 'epoch': 4.0}
{'loss': 0.1889, 'learning_rate': 1.7296253379683275e-06, 'epoch': 4.06}
{'loss': 0.1737, 'learning_rate': 1.691000386249517e-06, 'epoch': 4.63}
{'eval_loss': 0.35847827792167664, 'eval_f1': 0.9175788706155262, 'eval_runtime': 19.5506, 'eval_samples_per_second': 39.232, 'eval_steps_per_second': 4.91, 'epoch': 5.0}
{'loss': 0.152, 'learning_rate': 1.6523754345307069e-06, 'epoch': 5.21}
{'loss': 0.1301, 'learning_rate': 1.6137504828118964e-06, 'epoch': 5.79}
{'eval_loss': 0.3885491192340851, 'eval_f1': 0.9210331031307489, 'eval_runtime': 19.5473, 'eval_samples_per_second': 39.238, 'eval_steps_per_second': 4.911, 'epoch': 6.0}
{'train_runtime': 3340.3503, 'train_samples_per_second': 61.97, 'train_steps_per_second': 7.751, 'train_loss': 0.22861415292821644, 'epoch': 6.0}
