Model Name: AIMH/mental-bert-large-cased
Label Column: anxiety_label
Text Column: text
Max Length: 512
Batch Size: 4
Learning Rate: 2e-05
Number of Epochs: 30
Metric Name: eval_loss
Random State: 2
{'loss': 0.4397, 'learning_rate': 1.9806763285024154e-05, 'epoch': 0.29}
{'loss': 0.3893, 'learning_rate': 1.961352657004831e-05, 'epoch': 0.58}
{'loss': 0.397, 'learning_rate': 1.9420289855072467e-05, 'epoch': 0.87}
{'eval_loss': 0.3844844102859497, 'eval_f1': 0.8916897954784296, 'eval_runtime': 20.7845, 'eval_samples_per_second': 36.903, 'eval_steps_per_second': 9.238, 'epoch': 1.0}
{'loss': 0.3129, 'learning_rate': 1.922705314009662e-05, 'epoch': 1.16}
{'loss': 0.3098, 'learning_rate': 1.9033816425120775e-05, 'epoch': 1.45}
{'loss': 0.2906, 'learning_rate': 1.8840579710144928e-05, 'epoch': 1.74}
{'eval_loss': 0.3457488417625427, 'eval_f1': 0.9150660087907627, 'eval_runtime': 20.7847, 'eval_samples_per_second': 36.902, 'eval_steps_per_second': 9.238, 'epoch': 2.0}
{'loss': 0.2953, 'learning_rate': 1.8647342995169084e-05, 'epoch': 2.03}
{'loss': 0.2085, 'learning_rate': 1.8454106280193237e-05, 'epoch': 2.32}
{'loss': 0.2129, 'learning_rate': 1.8260869565217393e-05, 'epoch': 2.61}
{'loss': 0.1861, 'learning_rate': 1.806763285024155e-05, 'epoch': 2.9}
{'eval_loss': 0.42561325430870056, 'eval_f1': 0.9100615440691985, 'eval_runtime': 20.7927, 'eval_samples_per_second': 36.888, 'eval_steps_per_second': 9.234, 'epoch': 3.0}
{'loss': 0.1573, 'learning_rate': 1.7874396135265702e-05, 'epoch': 3.19}
{'loss': 0.1206, 'learning_rate': 1.7681159420289858e-05, 'epoch': 3.48}
{'loss': 0.1277, 'learning_rate': 1.748792270531401e-05, 'epoch': 3.77}
{'eval_loss': 0.5992443561553955, 'eval_f1': 0.8975054043633124, 'eval_runtime': 20.7907, 'eval_samples_per_second': 36.892, 'eval_steps_per_second': 9.235, 'epoch': 4.0}
{'loss': 0.1602, 'learning_rate': 1.7294685990338163e-05, 'epoch': 4.06}
{'loss': 0.0719, 'learning_rate': 1.710144927536232e-05, 'epoch': 4.35}
{'loss': 0.1184, 'learning_rate': 1.6908212560386476e-05, 'epoch': 4.64}
{'loss': 0.1404, 'learning_rate': 1.6714975845410632e-05, 'epoch': 4.93}
{'eval_loss': 0.5119318962097168, 'eval_f1': 0.9147076022125293, 'eval_runtime': 20.7842, 'eval_samples_per_second': 36.903, 'eval_steps_per_second': 9.238, 'epoch': 5.0}
{'train_runtime': 3130.9227, 'train_samples_per_second': 66.115, 'train_steps_per_second': 16.529, 'train_loss': 0.22987793433147927, 'epoch': 5.0}
