Model Name: AIMH/mental-xlnet-base-cased
Label Column: depression_label
Text Column: text
Max Length: 512
Batch Size: 4
Learning Rate: 2e-06
Number of Epochs: 30
Metric Name: eval_loss
Random State: 1
{'loss': 0.466, 'learning_rate': 1.980676328502415e-06, 'epoch': 0.29}
{'loss': 0.3028, 'learning_rate': 1.9613526570048307e-06, 'epoch': 0.58}
{'loss': 0.3263, 'learning_rate': 1.9420289855072463e-06, 'epoch': 0.87}
{'eval_loss': 0.35032984614372253, 'eval_f1': 0.926043232756632, 'eval_runtime': 11.8394, 'eval_samples_per_second': 64.784, 'eval_steps_per_second': 16.217, 'epoch': 1.0}
{'loss': 0.3062, 'learning_rate': 1.922705314009662e-06, 'epoch': 1.16}
{'loss': 0.2913, 'learning_rate': 1.9033816425120771e-06, 'epoch': 1.45}
{'loss': 0.2618, 'learning_rate': 1.8840579710144925e-06, 'epoch': 1.74}
{'eval_loss': 0.27854588627815247, 'eval_f1': 0.9415521895910357, 'eval_runtime': 11.7661, 'eval_samples_per_second': 65.187, 'eval_steps_per_second': 16.318, 'epoch': 2.0}
{'loss': 0.2572, 'learning_rate': 1.8647342995169081e-06, 'epoch': 2.03}
{'loss': 0.2102, 'learning_rate': 1.8454106280193235e-06, 'epoch': 2.32}
{'loss': 0.242, 'learning_rate': 1.826086956521739e-06, 'epoch': 2.61}
{'loss': 0.2309, 'learning_rate': 1.8067632850241545e-06, 'epoch': 2.9}
{'eval_loss': 0.2659618854522705, 'eval_f1': 0.9491816641732227, 'eval_runtime': 11.749, 'eval_samples_per_second': 65.282, 'eval_steps_per_second': 16.342, 'epoch': 3.0}
{'loss': 0.2281, 'learning_rate': 1.78743961352657e-06, 'epoch': 3.19}
{'loss': 0.2082, 'learning_rate': 1.7681159420289855e-06, 'epoch': 3.48}
{'loss': 0.2052, 'learning_rate': 1.748792270531401e-06, 'epoch': 3.77}
{'eval_loss': 0.30631449818611145, 'eval_f1': 0.9505114634812498, 'eval_runtime': 11.7675, 'eval_samples_per_second': 65.179, 'eval_steps_per_second': 16.316, 'epoch': 4.0}
{'loss': 0.2015, 'learning_rate': 1.7294685990338163e-06, 'epoch': 4.06}
{'loss': 0.1666, 'learning_rate': 1.7101449275362317e-06, 'epoch': 4.35}
{'loss': 0.1753, 'learning_rate': 1.6908212560386471e-06, 'epoch': 4.64}
{'loss': 0.1606, 'learning_rate': 1.6714975845410628e-06, 'epoch': 4.93}
{'eval_loss': 0.29942992329597473, 'eval_f1': 0.9505114634812498, 'eval_runtime': 11.7724, 'eval_samples_per_second': 65.153, 'eval_steps_per_second': 16.309, 'epoch': 5.0}
{'loss': 0.1145, 'learning_rate': 1.6521739130434782e-06, 'epoch': 5.22}
{'loss': 0.1426, 'learning_rate': 1.6328502415458936e-06, 'epoch': 5.51}
{'loss': 0.1366, 'learning_rate': 1.6135265700483092e-06, 'epoch': 5.8}
{'eval_loss': 0.34121623635292053, 'eval_f1': 0.9415960399603357, 'eval_runtime': 11.7617, 'eval_samples_per_second': 65.212, 'eval_steps_per_second': 16.324, 'epoch': 6.0}
{'train_runtime': 1963.4124, 'train_samples_per_second': 105.429, 'train_steps_per_second': 26.357, 'train_loss': 0.22820165882939877, 'epoch': 6.0}
