Model Name: AIMH/mental-longformer-base-4096
Label Column: depression_label
Text Column: text
Max Length: 1024
Batch Size: 16
Learning Rate: 2e-06
Number of Epochs: 30
Metric Name: eval_loss
Random State: 3
{'eval_loss': 0.3409598767757416, 'eval_f1': 0.8451217541068199, 'eval_runtime': 22.6206, 'eval_samples_per_second': 33.907, 'eval_steps_per_second': 2.122, 'epoch': 1.0}
{'loss': 0.5075, 'learning_rate': 1.9228395061728396e-06, 'epoch': 1.16}
{'eval_loss': 0.18001674115657806, 'eval_f1': 0.9324035269068499, 'eval_runtime': 22.6121, 'eval_samples_per_second': 33.92, 'eval_steps_per_second': 2.123, 'epoch': 2.0}
{'loss': 0.2019, 'learning_rate': 1.8456790123456789e-06, 'epoch': 2.31}
{'eval_loss': 0.17844973504543304, 'eval_f1': 0.9374881643973682, 'eval_runtime': 22.602, 'eval_samples_per_second': 33.935, 'eval_steps_per_second': 2.124, 'epoch': 3.0}
{'loss': 0.1712, 'learning_rate': 1.7685185185185186e-06, 'epoch': 3.47}
{'eval_loss': 0.18299122154712677, 'eval_f1': 0.9387101518708916, 'eval_runtime': 22.548, 'eval_samples_per_second': 34.016, 'eval_steps_per_second': 2.129, 'epoch': 4.0}
{'loss': 0.1456, 'learning_rate': 1.6913580246913578e-06, 'epoch': 4.63}
{'eval_loss': 0.20719195902347565, 'eval_f1': 0.9362947804152503, 'eval_runtime': 22.5719, 'eval_samples_per_second': 33.98, 'eval_steps_per_second': 2.127, 'epoch': 5.0}
{'loss': 0.125, 'learning_rate': 1.6141975308641975e-06, 'epoch': 5.79}
{'eval_loss': 0.2343730926513672, 'eval_f1': 0.9362947804152503, 'eval_runtime': 22.5661, 'eval_samples_per_second': 33.989, 'eval_steps_per_second': 2.127, 'epoch': 6.0}
{'train_runtime': 5734.0055, 'train_samples_per_second': 36.1, 'train_steps_per_second': 2.26, 'train_loss': 0.22680686800568192, 'epoch': 6.0}
