Model Name: AIMH/mental-longformer-base-4096
Label Column: anxiety_label
Text Column: text
Max Length: 4096
Batch Size: 4
Learning Rate: 2e-06
Number of Epochs: 30
Metric Name: eval_loss
Random State: 2
{'loss': 0.5395, 'learning_rate': 1.980676328502415e-06, 'epoch': 0.29}
{'loss': 0.4286, 'learning_rate': 1.9613526570048307e-06, 'epoch': 0.58}
{'loss': 0.4063, 'learning_rate': 1.9420289855072463e-06, 'epoch': 0.87}
{'eval_loss': 0.47353827953338623, 'eval_f1': 0.8948432070740479, 'eval_runtime': 91.5909, 'eval_samples_per_second': 8.374, 'eval_steps_per_second': 2.096, 'epoch': 1.0}
{'loss': 0.3691, 'learning_rate': 1.922705314009662e-06, 'epoch': 1.16}
{'loss': 0.3858, 'learning_rate': 1.9033816425120771e-06, 'epoch': 1.45}
{'loss': 0.3656, 'learning_rate': 1.8840579710144925e-06, 'epoch': 1.74}
{'eval_loss': 0.4177401661872864, 'eval_f1': 0.9105041835481819, 'eval_runtime': 91.591, 'eval_samples_per_second': 8.374, 'eval_steps_per_second': 2.096, 'epoch': 2.0}
{'loss': 0.3636, 'learning_rate': 1.8647342995169081e-06, 'epoch': 2.03}
{'loss': 0.3406, 'learning_rate': 1.8454106280193235e-06, 'epoch': 2.32}
{'loss': 0.3283, 'learning_rate': 1.826086956521739e-06, 'epoch': 2.61}
{'loss': 0.3367, 'learning_rate': 1.8067632850241545e-06, 'epoch': 2.9}
{'eval_loss': 0.3822086751461029, 'eval_f1': 0.9091268480088774, 'eval_runtime': 91.5963, 'eval_samples_per_second': 8.374, 'eval_steps_per_second': 2.096, 'epoch': 3.0}
{'loss': 0.3112, 'learning_rate': 1.78743961352657e-06, 'epoch': 3.19}
{'loss': 0.326, 'learning_rate': 1.7681159420289855e-06, 'epoch': 3.48}
{'loss': 0.2718, 'learning_rate': 1.748792270531401e-06, 'epoch': 3.77}
{'eval_loss': 0.4026738405227661, 'eval_f1': 0.9169222175968873, 'eval_runtime': 91.58, 'eval_samples_per_second': 8.375, 'eval_steps_per_second': 2.097, 'epoch': 4.0}
{'loss': 0.2917, 'learning_rate': 1.7294685990338163e-06, 'epoch': 4.06}
{'loss': 0.2785, 'learning_rate': 1.7101449275362317e-06, 'epoch': 4.35}
{'loss': 0.2792, 'learning_rate': 1.6908212560386471e-06, 'epoch': 4.64}
{'loss': 0.265, 'learning_rate': 1.6714975845410628e-06, 'epoch': 4.93}
{'eval_loss': 0.46637630462646484, 'eval_f1': 0.9057359291300873, 'eval_runtime': 91.5568, 'eval_samples_per_second': 8.377, 'eval_steps_per_second': 2.097, 'epoch': 5.0}
{'loss': 0.2423, 'learning_rate': 1.6521739130434782e-06, 'epoch': 5.22}
{'loss': 0.2033, 'learning_rate': 1.6328502415458936e-06, 'epoch': 5.51}
{'loss': 0.2298, 'learning_rate': 1.6135265700483092e-06, 'epoch': 5.8}
{'eval_loss': 0.48843657970428467, 'eval_f1': 0.9101412285440972, 'eval_runtime': 91.9014, 'eval_samples_per_second': 8.346, 'eval_steps_per_second': 2.089, 'epoch': 6.0}
{'train_runtime': 23399.5993, 'train_samples_per_second': 8.846, 'train_steps_per_second': 2.212, 'train_loss': 0.3252996730343731, 'epoch': 6.0}
