Model Name: AIMH/mental-roberta-large
Label Column: anxiety_label
Text Column: text
Max Length: 512
Batch Size: 4
Learning Rate: 2e-05
Number of Epochs: 30
Metric Name: eval_loss
Random State: 2
{'loss': 0.5017, 'learning_rate': 1.9806763285024154e-05, 'epoch': 0.29}
{'loss': 0.4403, 'learning_rate': 1.961352657004831e-05, 'epoch': 0.58}
{'loss': 0.4362, 'learning_rate': 1.9420289855072467e-05, 'epoch': 0.87}
{'eval_loss': 0.40924111008644104, 'eval_f1': 0.9108243861114282, 'eval_runtime': 20.9273, 'eval_samples_per_second': 36.651, 'eval_steps_per_second': 9.175, 'epoch': 1.0}
{'loss': 0.344, 'learning_rate': 1.922705314009662e-05, 'epoch': 1.16}
{'loss': 0.3558, 'learning_rate': 1.9033816425120775e-05, 'epoch': 1.45}
{'loss': 0.374, 'learning_rate': 1.8840579710144928e-05, 'epoch': 1.74}
{'eval_loss': 0.33349210023880005, 'eval_f1': 0.9183196382801858, 'eval_runtime': 20.9677, 'eval_samples_per_second': 36.58, 'eval_steps_per_second': 9.157, 'epoch': 2.0}
{'loss': 0.3081, 'learning_rate': 1.8647342995169084e-05, 'epoch': 2.03}
{'loss': 0.1986, 'learning_rate': 1.8454106280193237e-05, 'epoch': 2.32}
{'loss': 0.2445, 'learning_rate': 1.8260869565217393e-05, 'epoch': 2.61}
{'loss': 0.2338, 'learning_rate': 1.806763285024155e-05, 'epoch': 2.9}
{'eval_loss': 0.39640504121780396, 'eval_f1': 0.9186712315780936, 'eval_runtime': 20.9912, 'eval_samples_per_second': 36.539, 'eval_steps_per_second': 9.147, 'epoch': 3.0}
{'loss': 0.1745, 'learning_rate': 1.7874396135265702e-05, 'epoch': 3.19}
{'loss': 0.1585, 'learning_rate': 1.7681159420289858e-05, 'epoch': 3.48}
{'loss': 0.1724, 'learning_rate': 1.748792270531401e-05, 'epoch': 3.77}
{'eval_loss': 0.5129063725471497, 'eval_f1': 0.9127839154600975, 'eval_runtime': 20.983, 'eval_samples_per_second': 36.553, 'eval_steps_per_second': 9.15, 'epoch': 4.0}
{'loss': 0.1612, 'learning_rate': 1.7294685990338163e-05, 'epoch': 4.06}
{'loss': 0.0757, 'learning_rate': 1.710144927536232e-05, 'epoch': 4.35}
{'loss': 0.1396, 'learning_rate': 1.6908212560386476e-05, 'epoch': 4.64}
{'loss': 0.1244, 'learning_rate': 1.6714975845410632e-05, 'epoch': 4.93}
{'eval_loss': 0.633087158203125, 'eval_f1': 0.8992462761346826, 'eval_runtime': 20.954, 'eval_samples_per_second': 36.604, 'eval_steps_per_second': 9.163, 'epoch': 5.0}
{'train_runtime': 3255.8432, 'train_samples_per_second': 63.578, 'train_steps_per_second': 15.895, 'train_loss': 0.25955170142132306, 'epoch': 5.0}
