Model Name: AIMH/mental-bert-base-cased
Label Column: depression_label
Text Column: text
Max Length: 512
Batch Size: 8
Learning Rate: 2e-05
Number of Epochs: 30
Metric Name: eval_loss
Random State: 1
{'loss': 0.3073, 'learning_rate': 1.96137504828119e-05, 'epoch': 0.58}
{'eval_loss': 0.29645803570747375, 'eval_f1': 0.9182981381450168, 'eval_runtime': 6.4044, 'eval_samples_per_second': 119.762, 'eval_steps_per_second': 14.99, 'epoch': 1.0}
{'loss': 0.2572, 'learning_rate': 1.9227500965623796e-05, 'epoch': 1.16}
{'loss': 0.1784, 'learning_rate': 1.884125144843569e-05, 'epoch': 1.74}
{'eval_loss': 0.3078848719596863, 'eval_f1': 0.9259815459554627, 'eval_runtime': 6.4511, 'eval_samples_per_second': 118.895, 'eval_steps_per_second': 14.881, 'epoch': 2.0}
{'loss': 0.1346, 'learning_rate': 1.8455001931247587e-05, 'epoch': 2.32}
{'loss': 0.1071, 'learning_rate': 1.8068752414059484e-05, 'epoch': 2.9}
{'eval_loss': 0.35170501470565796, 'eval_f1': 0.9156246580129275, 'eval_runtime': 6.4553, 'eval_samples_per_second': 118.817, 'eval_steps_per_second': 14.871, 'epoch': 3.0}
{'loss': 0.066, 'learning_rate': 1.768250289687138e-05, 'epoch': 3.48}
{'eval_loss': 0.3561922609806061, 'eval_f1': 0.9348835045805918, 'eval_runtime': 6.4521, 'eval_samples_per_second': 118.876, 'eval_steps_per_second': 14.879, 'epoch': 4.0}
{'train_runtime': 739.3616, 'train_samples_per_second': 279.971, 'train_steps_per_second': 35.017, 'train_loss': 0.15958483774443766, 'epoch': 4.0}
