Model Name: AIMH/mental-roberta-large
Label Column: depression_label
Text Column: text
Max Length: 512
Batch Size: 8
Learning Rate: 2e-05
Number of Epochs: 30
Metric Name: eval_loss
Random State: 1
{'loss': 0.3175, 'learning_rate': 1.96137504828119e-05, 'epoch': 0.58}
{'eval_loss': 0.22542953491210938, 'eval_f1': 0.9389672396474869, 'eval_runtime': 19.0046, 'eval_samples_per_second': 40.359, 'eval_steps_per_second': 5.051, 'epoch': 1.0}
{'loss': 0.2536, 'learning_rate': 1.9227500965623796e-05, 'epoch': 1.16}
{'loss': 0.1666, 'learning_rate': 1.884125144843569e-05, 'epoch': 1.74}
{'eval_loss': 0.2659764885902405, 'eval_f1': 0.9362947804152503, 'eval_runtime': 19.0065, 'eval_samples_per_second': 40.355, 'eval_steps_per_second': 5.051, 'epoch': 2.0}
{'loss': 0.1103, 'learning_rate': 1.8455001931247587e-05, 'epoch': 2.32}
{'loss': 0.0842, 'learning_rate': 1.8068752414059484e-05, 'epoch': 2.9}
{'eval_loss': 0.361176460981369, 'eval_f1': 0.929897352476982, 'eval_runtime': 19.0031, 'eval_samples_per_second': 40.362, 'eval_steps_per_second': 5.052, 'epoch': 3.0}
{'loss': 0.0538, 'learning_rate': 1.768250289687138e-05, 'epoch': 3.48}
{'eval_loss': 0.43360990285873413, 'eval_f1': 0.9325260977833038, 'eval_runtime': 18.9988, 'eval_samples_per_second': 40.371, 'eval_steps_per_second': 5.053, 'epoch': 4.0}
{'train_runtime': 2228.6173, 'train_samples_per_second': 92.883, 'train_steps_per_second': 11.617, 'train_loss': 0.1500675609186378, 'epoch': 4.0}
