Model Name: AIMH/mental-xlnet-base-cased
Label Column: depression_label
Text Column: text
Max Length: 512
Batch Size: 4
Learning Rate: 2e-06
Number of Epochs: 30
Metric Name: eval_loss
Random State: 2
{'loss': 0.4345, 'learning_rate': 1.980676328502415e-06, 'epoch': 0.29}
{'loss': 0.2997, 'learning_rate': 1.9613526570048307e-06, 'epoch': 0.58}
{'loss': 0.3264, 'learning_rate': 1.9420289855072463e-06, 'epoch': 0.87}
{'eval_loss': 0.36789342761039734, 'eval_f1': 0.9247505827256299, 'eval_runtime': 11.6247, 'eval_samples_per_second': 65.98, 'eval_steps_per_second': 16.517, 'epoch': 1.0}
{'loss': 0.3013, 'learning_rate': 1.922705314009662e-06, 'epoch': 1.16}
{'loss': 0.293, 'learning_rate': 1.9033816425120771e-06, 'epoch': 1.45}
{'loss': 0.2603, 'learning_rate': 1.8840579710144925e-06, 'epoch': 1.74}
{'eval_loss': 0.28452229499816895, 'eval_f1': 0.9415521895910357, 'eval_runtime': 11.6272, 'eval_samples_per_second': 65.966, 'eval_steps_per_second': 16.513, 'epoch': 2.0}
{'loss': 0.2653, 'learning_rate': 1.8647342995169081e-06, 'epoch': 2.03}
{'loss': 0.2047, 'learning_rate': 1.8454106280193235e-06, 'epoch': 2.32}
{'loss': 0.2427, 'learning_rate': 1.826086956521739e-06, 'epoch': 2.61}
{'loss': 0.222, 'learning_rate': 1.8067632850241545e-06, 'epoch': 2.9}
{'eval_loss': 0.2802807688713074, 'eval_f1': 0.9478882090563222, 'eval_runtime': 11.6414, 'eval_samples_per_second': 65.886, 'eval_steps_per_second': 16.493, 'epoch': 3.0}
{'loss': 0.234, 'learning_rate': 1.78743961352657e-06, 'epoch': 3.19}
{'loss': 0.1976, 'learning_rate': 1.7681159420289855e-06, 'epoch': 3.48}
{'loss': 0.1947, 'learning_rate': 1.748792270531401e-06, 'epoch': 3.77}
{'eval_loss': 0.310809463262558, 'eval_f1': 0.949234958728865, 'eval_runtime': 11.6347, 'eval_samples_per_second': 65.923, 'eval_steps_per_second': 16.502, 'epoch': 4.0}
{'loss': 0.1823, 'learning_rate': 1.7294685990338163e-06, 'epoch': 4.06}
{'loss': 0.1642, 'learning_rate': 1.7101449275362317e-06, 'epoch': 4.35}
{'loss': 0.1835, 'learning_rate': 1.6908212560386471e-06, 'epoch': 4.64}
{'loss': 0.1539, 'learning_rate': 1.6714975845410628e-06, 'epoch': 4.93}
{'eval_loss': 0.2915628254413605, 'eval_f1': 0.9544104001756839, 'eval_runtime': 11.6489, 'eval_samples_per_second': 65.843, 'eval_steps_per_second': 16.482, 'epoch': 5.0}
{'loss': 0.1047, 'learning_rate': 1.6521739130434782e-06, 'epoch': 5.22}
{'loss': 0.1385, 'learning_rate': 1.6328502415458936e-06, 'epoch': 5.51}
{'loss': 0.1429, 'learning_rate': 1.6135265700483092e-06, 'epoch': 5.8}
{'eval_loss': 0.3619537651538849, 'eval_f1': 0.9429066981243339, 'eval_runtime': 11.6597, 'eval_samples_per_second': 65.782, 'eval_steps_per_second': 16.467, 'epoch': 6.0}
{'train_runtime': 1944.9999, 'train_samples_per_second': 106.427, 'train_steps_per_second': 26.607, 'train_loss': 0.22373499994692594, 'epoch': 6.0}
