Model Name: AIMH/mental-longformer-base-4096
Label Column: anxiety_label
Text Column: text
Max Length: 4096
Batch Size: 4
Learning Rate: 2e-06
Number of Epochs: 30
Metric Name: eval_loss
Random State: 1
{'loss': 0.5476, 'learning_rate': 1.980676328502415e-06, 'epoch': 0.29}
{'loss': 0.4007, 'learning_rate': 1.9613526570048307e-06, 'epoch': 0.58}
{'loss': 0.4125, 'learning_rate': 1.9420289855072463e-06, 'epoch': 0.87}
{'eval_loss': 0.4689744710922241, 'eval_f1': 0.895482789879955, 'eval_runtime': 90.6674, 'eval_samples_per_second': 8.459, 'eval_steps_per_second': 2.118, 'epoch': 1.0}
{'loss': 0.3604, 'learning_rate': 1.922705314009662e-06, 'epoch': 1.16}
{'loss': 0.3732, 'learning_rate': 1.9033816425120771e-06, 'epoch': 1.45}
{'loss': 0.346, 'learning_rate': 1.8840579710144925e-06, 'epoch': 1.74}
{'eval_loss': 0.3726111650466919, 'eval_f1': 0.9163659951586125, 'eval_runtime': 90.6665, 'eval_samples_per_second': 8.46, 'eval_steps_per_second': 2.118, 'epoch': 2.0}
{'loss': 0.346, 'learning_rate': 1.8647342995169081e-06, 'epoch': 2.03}
{'loss': 0.3256, 'learning_rate': 1.8454106280193235e-06, 'epoch': 2.32}
{'loss': 0.3071, 'learning_rate': 1.826086956521739e-06, 'epoch': 2.61}
{'loss': 0.3136, 'learning_rate': 1.8067632850241545e-06, 'epoch': 2.9}
{'eval_loss': 0.34306174516677856, 'eval_f1': 0.9131364134438237, 'eval_runtime': 90.6605, 'eval_samples_per_second': 8.46, 'eval_steps_per_second': 2.118, 'epoch': 3.0}
{'loss': 0.3042, 'learning_rate': 1.78743961352657e-06, 'epoch': 3.19}
{'loss': 0.2605, 'learning_rate': 1.7681159420289855e-06, 'epoch': 3.48}
{'loss': 0.2529, 'learning_rate': 1.748792270531401e-06, 'epoch': 3.77}
{'eval_loss': 0.3843061625957489, 'eval_f1': 0.9198178070666567, 'eval_runtime': 90.6705, 'eval_samples_per_second': 8.459, 'eval_steps_per_second': 2.118, 'epoch': 4.0}
{'loss': 0.273, 'learning_rate': 1.7294685990338163e-06, 'epoch': 4.06}
{'loss': 0.2606, 'learning_rate': 1.7101449275362317e-06, 'epoch': 4.35}
{'loss': 0.2618, 'learning_rate': 1.6908212560386471e-06, 'epoch': 4.64}
{'loss': 0.2453, 'learning_rate': 1.6714975845410628e-06, 'epoch': 4.93}
