Model Name: AIMH/mental-bert-large-cased
Label Column: depression_label
Text Column: text
Max Length: 512
Batch Size: 4
Learning Rate: 2e-05
Number of Epochs: 30
Metric Name: eval_loss
Random State: 1
{'loss': 0.3876, 'learning_rate': 1.9806763285024154e-05, 'epoch': 0.29}
{'loss': 0.3242, 'learning_rate': 1.961352657004831e-05, 'epoch': 0.58}
{'loss': 0.3441, 'learning_rate': 1.9420289855072467e-05, 'epoch': 0.87}
{'eval_loss': 0.20475193858146667, 'eval_f1': 0.9426106935576771, 'eval_runtime': 21.0186, 'eval_samples_per_second': 36.491, 'eval_steps_per_second': 9.135, 'epoch': 1.0}
{'loss': 0.2937, 'learning_rate': 1.922705314009662e-05, 'epoch': 1.16}
{'loss': 0.1888, 'learning_rate': 1.9033816425120775e-05, 'epoch': 1.45}
{'loss': 0.2118, 'learning_rate': 1.8840579710144928e-05, 'epoch': 1.74}
{'eval_loss': 0.34000760316848755, 'eval_f1': 0.9363568286657943, 'eval_runtime': 21.0528, 'eval_samples_per_second': 36.432, 'eval_steps_per_second': 9.12, 'epoch': 2.0}
{'loss': 0.2139, 'learning_rate': 1.8647342995169084e-05, 'epoch': 2.03}
{'loss': 0.0994, 'learning_rate': 1.8454106280193237e-05, 'epoch': 2.32}
{'loss': 0.0973, 'learning_rate': 1.8260869565217393e-05, 'epoch': 2.61}
{'loss': 0.1477, 'learning_rate': 1.806763285024155e-05, 'epoch': 2.9}
{'eval_loss': 0.37626153230667114, 'eval_f1': 0.922134138697092, 'eval_runtime': 21.033, 'eval_samples_per_second': 36.467, 'eval_steps_per_second': 9.129, 'epoch': 3.0}
{'loss': 0.099, 'learning_rate': 1.7874396135265702e-05, 'epoch': 3.19}
{'loss': 0.0518, 'learning_rate': 1.7681159420289858e-05, 'epoch': 3.48}
{'loss': 0.0716, 'learning_rate': 1.748792270531401e-05, 'epoch': 3.77}
{'eval_loss': 0.44762328267097473, 'eval_f1': 0.9348360781016879, 'eval_runtime': 21.0301, 'eval_samples_per_second': 36.472, 'eval_steps_per_second': 9.13, 'epoch': 4.0}
{'train_runtime': 2539.7099, 'train_samples_per_second': 81.505, 'train_steps_per_second': 20.376, 'train_loss': 0.18825047175089518, 'epoch': 4.0}
