Model Name: AIMH/mental-bert-large-cased
Label Column: depression_label
Text Column: text
Max Length: 512
Batch Size: 8
Learning Rate: 2e-06
Number of Epochs: 30
Metric Name: eval_loss
Random State: 3
{'loss': 0.362, 'learning_rate': 1.9613750482811896e-06, 'epoch': 0.58}
{'eval_loss': 0.2903136909008026, 'eval_f1': 0.9131155957770927, 'eval_runtime': 19.5719, 'eval_samples_per_second': 39.189, 'eval_steps_per_second': 4.905, 'epoch': 1.0}
{'loss': 0.251, 'learning_rate': 1.9227500965623793e-06, 'epoch': 1.16}
{'loss': 0.2097, 'learning_rate': 1.8841251448435688e-06, 'epoch': 1.74}
{'eval_loss': 0.25832489132881165, 'eval_f1': 0.9351014139916589, 'eval_runtime': 19.5709, 'eval_samples_per_second': 39.191, 'eval_steps_per_second': 4.905, 'epoch': 2.0}
{'loss': 0.1915, 'learning_rate': 1.8455001931247585e-06, 'epoch': 2.32}
{'loss': 0.1767, 'learning_rate': 1.8068752414059483e-06, 'epoch': 2.9}
{'eval_loss': 0.24549205601215363, 'eval_f1': 0.9375684527377461, 'eval_runtime': 19.5337, 'eval_samples_per_second': 39.265, 'eval_steps_per_second': 4.915, 'epoch': 3.0}
{'loss': 0.159, 'learning_rate': 1.7682502896871378e-06, 'epoch': 3.48}
{'eval_loss': 0.31796565651893616, 'eval_f1': 0.9362387699812468, 'eval_runtime': 19.4987, 'eval_samples_per_second': 39.336, 'eval_steps_per_second': 4.923, 'epoch': 4.0}
{'loss': 0.1273, 'learning_rate': 1.7296253379683275e-06, 'epoch': 4.06}
{'loss': 0.1112, 'learning_rate': 1.691000386249517e-06, 'epoch': 4.63}
{'eval_loss': 0.3557880222797394, 'eval_f1': 0.9337729621706773, 'eval_runtime': 19.5572, 'eval_samples_per_second': 39.218, 'eval_steps_per_second': 4.909, 'epoch': 5.0}
{'loss': 0.0963, 'learning_rate': 1.6523754345307069e-06, 'epoch': 5.21}
{'loss': 0.0855, 'learning_rate': 1.6137504828118964e-06, 'epoch': 5.79}
{'eval_loss': 0.37676137685775757, 'eval_f1': 0.9324674687880153, 'eval_runtime': 19.5266, 'eval_samples_per_second': 39.28, 'eval_steps_per_second': 4.916, 'epoch': 6.0}
{'train_runtime': 3352.82, 'train_samples_per_second': 61.739, 'train_steps_per_second': 7.722, 'train_loss': 0.17358090307501672, 'epoch': 6.0}
