Model Name: AIMH/mental-roberta-large
Label Column: depression_label
Text Column: text
Max Length: 512
Batch Size: 4
Learning Rate: 2e-05
Number of Epochs: 30
Metric Name: eval_loss
Random State: 3
{'loss': 0.4592, 'learning_rate': 1.9806763285024154e-05, 'epoch': 0.29}
{'loss': 0.3499, 'learning_rate': 1.961352657004831e-05, 'epoch': 0.58}
{'loss': 0.3595, 'learning_rate': 1.9420289855072467e-05, 'epoch': 0.87}
{'eval_loss': 0.2247127890586853, 'eval_f1': 0.9440634478103428, 'eval_runtime': 20.308, 'eval_samples_per_second': 37.768, 'eval_steps_per_second': 9.454, 'epoch': 1.0}
{'loss': 0.2575, 'learning_rate': 1.922705314009662e-05, 'epoch': 1.16}
{'loss': 0.2357, 'learning_rate': 1.9033816425120775e-05, 'epoch': 1.45}
{'loss': 0.1978, 'learning_rate': 1.8840579710144928e-05, 'epoch': 1.74}
{'eval_loss': 0.3651791214942932, 'eval_f1': 0.9351298126945085, 'eval_runtime': 20.2962, 'eval_samples_per_second': 37.79, 'eval_steps_per_second': 9.46, 'epoch': 2.0}
{'loss': 0.2084, 'learning_rate': 1.8647342995169084e-05, 'epoch': 2.03}
{'loss': 0.115, 'learning_rate': 1.8454106280193237e-05, 'epoch': 2.32}
{'loss': 0.1335, 'learning_rate': 1.8260869565217393e-05, 'epoch': 2.61}
{'loss': 0.1647, 'learning_rate': 1.806763285024155e-05, 'epoch': 2.9}
{'eval_loss': 0.29767370223999023, 'eval_f1': 0.9364045768456988, 'eval_runtime': 20.2652, 'eval_samples_per_second': 37.848, 'eval_steps_per_second': 9.474, 'epoch': 3.0}
{'loss': 0.1068, 'learning_rate': 1.7874396135265702e-05, 'epoch': 3.19}
{'loss': 0.0569, 'learning_rate': 1.7681159420289858e-05, 'epoch': 3.48}
{'loss': 0.0872, 'learning_rate': 1.748792270531401e-05, 'epoch': 3.77}
{'eval_loss': 0.3794375956058502, 'eval_f1': 0.9467230946980755, 'eval_runtime': 20.2938, 'eval_samples_per_second': 37.795, 'eval_steps_per_second': 9.461, 'epoch': 4.0}
{'train_runtime': 2520.3909, 'train_samples_per_second': 82.13, 'train_steps_per_second': 20.533, 'train_loss': 0.20395937352940657, 'epoch': 4.0}
