Model Name: AIMH/mental-roberta-large
Label Column: anxiety_label
Text Column: text
Max Length: 512
Batch Size: 8
Learning Rate: 2e-06
Number of Epochs: 30
Metric Name: eval_loss
Random State: 2
{'loss': 0.4149, 'learning_rate': 1.9613750482811896e-06, 'epoch': 0.58}
{'eval_loss': 0.3691231310367584, 'eval_f1': 0.9089377616139436, 'eval_runtime': 19.3766, 'eval_samples_per_second': 39.584, 'eval_steps_per_second': 4.954, 'epoch': 1.0}
{'loss': 0.2787, 'learning_rate': 1.9227500965623793e-06, 'epoch': 1.16}
{'loss': 0.2624, 'learning_rate': 1.8841251448435688e-06, 'epoch': 1.74}
{'eval_loss': 0.2945418655872345, 'eval_f1': 0.9273153103656069, 'eval_runtime': 19.3808, 'eval_samples_per_second': 39.575, 'eval_steps_per_second': 4.953, 'epoch': 2.0}
{'loss': 0.2255, 'learning_rate': 1.8455001931247585e-06, 'epoch': 2.32}
{'loss': 0.209, 'learning_rate': 1.8068752414059483e-06, 'epoch': 2.9}
{'eval_loss': 0.29343223571777344, 'eval_f1': 0.9311328012526648, 'eval_runtime': 19.259, 'eval_samples_per_second': 39.826, 'eval_steps_per_second': 4.985, 'epoch': 3.0}
{'loss': 0.1855, 'learning_rate': 1.7682502896871378e-06, 'epoch': 3.48}
{'eval_loss': 0.34716036915779114, 'eval_f1': 0.9327962631693612, 'eval_runtime': 19.2178, 'eval_samples_per_second': 39.911, 'eval_steps_per_second': 4.995, 'epoch': 4.0}
{'loss': 0.1581, 'learning_rate': 1.7296253379683275e-06, 'epoch': 4.06}
{'loss': 0.1419, 'learning_rate': 1.691000386249517e-06, 'epoch': 4.63}
{'eval_loss': 0.4688413143157959, 'eval_f1': 0.9222820745261204, 'eval_runtime': 19.2136, 'eval_samples_per_second': 39.92, 'eval_steps_per_second': 4.996, 'epoch': 5.0}
{'loss': 0.1147, 'learning_rate': 1.6523754345307069e-06, 'epoch': 5.21}
{'loss': 0.0876, 'learning_rate': 1.6137504828118964e-06, 'epoch': 5.79}
{'eval_loss': 0.4643389880657196, 'eval_f1': 0.926789574545223, 'eval_runtime': 19.2947, 'eval_samples_per_second': 39.752, 'eval_steps_per_second': 4.975, 'epoch': 6.0}
{'train_runtime': 3412.6668, 'train_samples_per_second': 60.656, 'train_steps_per_second': 7.586, 'train_loss': 0.20401410109843007, 'epoch': 6.0}
