Model Name: AIMH/mental-bert-base-cased
Label Column: anxiety_label
Text Column: text
Max Length: 512
Batch Size: 16
Learning Rate: 2e-06
Number of Epochs: 30
Metric Name: eval_loss
Random State: 3
{'eval_loss': 0.35298752784729004, 'eval_f1': 0.8192245198096535, 'eval_runtime': 6.2177, 'eval_samples_per_second': 123.357, 'eval_steps_per_second': 7.72, 'epoch': 1.0}
{'loss': 0.4241, 'learning_rate': 1.9228395061728396e-06, 'epoch': 1.16}
{'eval_loss': 0.2703242301940918, 'eval_f1': 0.8866998099034269, 'eval_runtime': 6.2138, 'eval_samples_per_second': 123.434, 'eval_steps_per_second': 7.725, 'epoch': 2.0}
{'loss': 0.2689, 'learning_rate': 1.8456790123456789e-06, 'epoch': 2.31}
{'eval_loss': 0.2519034743309021, 'eval_f1': 0.8856364123170757, 'eval_runtime': 6.1834, 'eval_samples_per_second': 124.042, 'eval_steps_per_second': 7.763, 'epoch': 3.0}
{'loss': 0.2348, 'learning_rate': 1.7685185185185186e-06, 'epoch': 3.47}
{'eval_loss': 0.24143625795841217, 'eval_f1': 0.8984358889510983, 'eval_runtime': 6.1769, 'eval_samples_per_second': 124.171, 'eval_steps_per_second': 7.771, 'epoch': 4.0}
{'loss': 0.2088, 'learning_rate': 1.6913580246913578e-06, 'epoch': 4.63}
{'eval_loss': 0.25121113657951355, 'eval_f1': 0.9000152207916013, 'eval_runtime': 6.184, 'eval_samples_per_second': 124.03, 'eval_steps_per_second': 7.762, 'epoch': 5.0}
{'loss': 0.1853, 'learning_rate': 1.6141975308641975e-06, 'epoch': 5.79}
{'eval_loss': 0.24138453602790833, 'eval_f1': 0.9079475288554473, 'eval_runtime': 6.1841, 'eval_samples_per_second': 124.028, 'eval_steps_per_second': 7.762, 'epoch': 6.0}
{'loss': 0.1694, 'learning_rate': 1.537037037037037e-06, 'epoch': 6.94}
{'eval_loss': 0.3145214915275574, 'eval_f1': 0.9006593763061204, 'eval_runtime': 6.1805, 'eval_samples_per_second': 124.1, 'eval_steps_per_second': 7.766, 'epoch': 7.0}
{'eval_loss': 0.2791433334350586, 'eval_f1': 0.910925634585531, 'eval_runtime': 6.1858, 'eval_samples_per_second': 123.993, 'eval_steps_per_second': 7.76, 'epoch': 8.0}
{'loss': 0.1559, 'learning_rate': 1.4598765432098765e-06, 'epoch': 8.1}
{'eval_loss': 0.3028973340988159, 'eval_f1': 0.907589192214606, 'eval_runtime': 6.1917, 'eval_samples_per_second': 123.876, 'eval_steps_per_second': 7.752, 'epoch': 9.0}
{'train_runtime': 1530.7848, 'train_samples_per_second': 135.225, 'train_steps_per_second': 8.466, 'train_loss': 0.22571616702609593, 'epoch': 9.0}
