Model Name: AIMH/mental-xlnet-base-cased
Label Column: depression_label
Text Column: text
Max Length: 512
Batch Size: 32
Learning Rate: 2e-06
Number of Epochs: 30
Metric Name: eval_loss
Random State: 2
{'eval_loss': 0.2254353016614914, 'eval_f1': 0.9066077155806815, 'eval_runtime': 17.9371, 'eval_samples_per_second': 42.76, 'eval_steps_per_second': 1.338, 'epoch': 1.0}
{'eval_loss': 0.17306947708129883, 'eval_f1': 0.9324674687880153, 'eval_runtime': 17.9278, 'eval_samples_per_second': 42.783, 'eval_steps_per_second': 1.339, 'epoch': 2.0}
{'loss': 0.3084, 'learning_rate': 1.8456790123456789e-06, 'epoch': 2.31}
{'eval_loss': 0.1590529829263687, 'eval_f1': 0.9415106907089338, 'eval_runtime': 17.9335, 'eval_samples_per_second': 42.769, 'eval_steps_per_second': 1.338, 'epoch': 3.0}
{'eval_loss': 0.15187828242778778, 'eval_f1': 0.9453208812054583, 'eval_runtime': 17.9068, 'eval_samples_per_second': 42.833, 'eval_steps_per_second': 1.34, 'epoch': 4.0}
{'loss': 0.1597, 'learning_rate': 1.6913580246913578e-06, 'epoch': 4.63}
{'eval_loss': 0.16437354683876038, 'eval_f1': 0.9402596839278596, 'eval_runtime': 17.9757, 'eval_samples_per_second': 42.669, 'eval_steps_per_second': 1.335, 'epoch': 5.0}
{'eval_loss': 0.17329414188861847, 'eval_f1': 0.9402717248765654, 'eval_runtime': 17.8834, 'eval_samples_per_second': 42.889, 'eval_steps_per_second': 1.342, 'epoch': 6.0}
{'loss': 0.1293, 'learning_rate': 1.537037037037037e-06, 'epoch': 6.94}
{'eval_loss': 0.1657121330499649, 'eval_f1': 0.9389409214296784, 'eval_runtime': 17.9029, 'eval_samples_per_second': 42.842, 'eval_steps_per_second': 1.341, 'epoch': 7.0}
{'train_runtime': 2414.8091, 'train_samples_per_second': 85.721, 'train_steps_per_second': 2.683, 'train_loss': 0.19825047372825563, 'epoch': 7.0}
