Model Name: AIMH/mental-bert-base-cased
Label Column: anxiety_label
Text Column: text
Max Length: 512
Batch Size: 8
Learning Rate: 2e-06
Number of Epochs: 30
Metric Name: eval_loss
Random State: 1
{'loss': 0.4652, 'learning_rate': 1.9613750482811896e-06, 'epoch': 0.58}
{'eval_loss': 0.32339683175086975, 'eval_f1': 0.877334327736632, 'eval_runtime': 6.4014, 'eval_samples_per_second': 119.817, 'eval_steps_per_second': 14.997, 'epoch': 1.0}
{'loss': 0.325, 'learning_rate': 1.9227500965623793e-06, 'epoch': 1.16}
{'loss': 0.2938, 'learning_rate': 1.8841251448435688e-06, 'epoch': 1.74}
{'eval_loss': 0.30898916721343994, 'eval_f1': 0.8873540637096172, 'eval_runtime': 6.3971, 'eval_samples_per_second': 119.897, 'eval_steps_per_second': 15.007, 'epoch': 2.0}
{'loss': 0.2799, 'learning_rate': 1.8455001931247585e-06, 'epoch': 2.32}
{'loss': 0.2764, 'learning_rate': 1.8068752414059483e-06, 'epoch': 2.9}
{'eval_loss': 0.2920020818710327, 'eval_f1': 0.8947108041743318, 'eval_runtime': 6.3941, 'eval_samples_per_second': 119.955, 'eval_steps_per_second': 15.014, 'epoch': 3.0}
{'loss': 0.2416, 'learning_rate': 1.7682502896871378e-06, 'epoch': 3.48}
{'eval_loss': 0.3219446837902069, 'eval_f1': 0.8936897507050812, 'eval_runtime': 6.3879, 'eval_samples_per_second': 120.07, 'eval_steps_per_second': 15.028, 'epoch': 4.0}
{'loss': 0.2388, 'learning_rate': 1.7296253379683275e-06, 'epoch': 4.06}
{'loss': 0.2328, 'learning_rate': 1.691000386249517e-06, 'epoch': 4.63}
{'eval_loss': 0.34558460116386414, 'eval_f1': 0.8994380832699561, 'eval_runtime': 6.3878, 'eval_samples_per_second': 120.072, 'eval_steps_per_second': 15.029, 'epoch': 5.0}
{'loss': 0.2151, 'learning_rate': 1.6523754345307069e-06, 'epoch': 5.21}
{'loss': 0.2003, 'learning_rate': 1.6137504828118964e-06, 'epoch': 5.79}
{'eval_loss': 0.3010736405849457, 'eval_f1': 0.9103427035176205, 'eval_runtime': 6.3861, 'eval_samples_per_second': 120.105, 'eval_steps_per_second': 15.033, 'epoch': 6.0}
{'train_runtime': 1100.6001, 'train_samples_per_second': 188.079, 'train_steps_per_second': 23.524, 'train_loss': 0.2749695901292408, 'epoch': 6.0}
