Model Name: AIMH/mental-bert-base-cased
Label Column: depression_label
Text Column: text
Max Length: 512
Batch Size: 4
Learning Rate: 2e-05
Number of Epochs: 30
Metric Name: eval_loss
Random State: 2
{'loss': 0.4023, 'learning_rate': 1.9806763285024154e-05, 'epoch': 0.29}
{'loss': 0.3165, 'learning_rate': 1.961352657004831e-05, 'epoch': 0.58}
{'loss': 0.3422, 'learning_rate': 1.9420289855072467e-05, 'epoch': 0.87}
{'eval_loss': 0.2528682351112366, 'eval_f1': 0.9286282905476679, 'eval_runtime': 6.6708, 'eval_samples_per_second': 114.978, 'eval_steps_per_second': 28.782, 'epoch': 1.0}
{'loss': 0.3014, 'learning_rate': 1.922705314009662e-05, 'epoch': 1.16}
{'loss': 0.2227, 'learning_rate': 1.9033816425120775e-05, 'epoch': 1.45}
{'loss': 0.2105, 'learning_rate': 1.8840579710144928e-05, 'epoch': 1.74}
{'eval_loss': 0.3173084557056427, 'eval_f1': 0.9298549450672686, 'eval_runtime': 6.6609, 'eval_samples_per_second': 115.149, 'eval_steps_per_second': 28.825, 'epoch': 2.0}
{'loss': 0.2141, 'learning_rate': 1.8647342995169084e-05, 'epoch': 2.03}
{'loss': 0.1117, 'learning_rate': 1.8454106280193237e-05, 'epoch': 2.32}
{'loss': 0.1088, 'learning_rate': 1.8260869565217393e-05, 'epoch': 2.61}
{'loss': 0.1486, 'learning_rate': 1.806763285024155e-05, 'epoch': 2.9}
{'eval_loss': 0.3406367301940918, 'eval_f1': 0.9271184454583157, 'eval_runtime': 6.6582, 'eval_samples_per_second': 115.195, 'eval_steps_per_second': 28.836, 'epoch': 3.0}
{'loss': 0.1123, 'learning_rate': 1.7874396135265702e-05, 'epoch': 3.19}
{'loss': 0.0586, 'learning_rate': 1.7681159420289858e-05, 'epoch': 3.48}
{'loss': 0.0718, 'learning_rate': 1.748792270531401e-05, 'epoch': 3.77}
{'eval_loss': 0.40986019372940063, 'eval_f1': 0.9310751405884397, 'eval_runtime': 6.6677, 'eval_samples_per_second': 115.033, 'eval_steps_per_second': 28.796, 'epoch': 4.0}
{'train_runtime': 818.4964, 'train_samples_per_second': 252.903, 'train_steps_per_second': 63.226, 'train_loss': 0.19580709623253864, 'epoch': 4.0}
