Model Name: AIMH/mental-roberta-large
Label Column: depression_label
Text Column: text
Max Length: 512
Batch Size: 4
Learning Rate: 2e-05
Number of Epochs: 30
Metric Name: eval_loss
Random State: 1
{'loss': 0.4516, 'learning_rate': 1.9806763285024154e-05, 'epoch': 0.29}
{'loss': 0.3466, 'learning_rate': 1.961352657004831e-05, 'epoch': 0.58}
{'loss': 0.3518, 'learning_rate': 1.9420289855072467e-05, 'epoch': 0.87}
{'eval_loss': 0.23871628940105438, 'eval_f1': 0.9267970236354217, 'eval_runtime': 20.6183, 'eval_samples_per_second': 37.2, 'eval_steps_per_second': 9.312, 'epoch': 1.0}
{'loss': 0.2702, 'learning_rate': 1.922705314009662e-05, 'epoch': 1.16}
{'loss': 0.2168, 'learning_rate': 1.9033816425120775e-05, 'epoch': 1.45}
{'loss': 0.2023, 'learning_rate': 1.8840579710144928e-05, 'epoch': 1.74}
{'eval_loss': 0.34043899178504944, 'eval_f1': 0.9402031199560597, 'eval_runtime': 20.6436, 'eval_samples_per_second': 37.154, 'eval_steps_per_second': 9.301, 'epoch': 2.0}
{'loss': 0.2671, 'learning_rate': 1.8647342995169084e-05, 'epoch': 2.03}
{'loss': 0.1248, 'learning_rate': 1.8454106280193237e-05, 'epoch': 2.32}
{'loss': 0.1286, 'learning_rate': 1.8260869565217393e-05, 'epoch': 2.61}
{'loss': 0.1656, 'learning_rate': 1.806763285024155e-05, 'epoch': 2.9}
{'eval_loss': 0.31685927510261536, 'eval_f1': 0.9350201361326911, 'eval_runtime': 20.5933, 'eval_samples_per_second': 37.245, 'eval_steps_per_second': 9.323, 'epoch': 3.0}
{'loss': 0.1162, 'learning_rate': 1.7874396135265702e-05, 'epoch': 3.19}
{'loss': 0.0947, 'learning_rate': 1.7681159420289858e-05, 'epoch': 3.48}
{'loss': 0.1094, 'learning_rate': 1.748792270531401e-05, 'epoch': 3.77}
{'eval_loss': 0.532088577747345, 'eval_f1': 0.928547886779411, 'eval_runtime': 20.589, 'eval_samples_per_second': 37.253, 'eval_steps_per_second': 9.325, 'epoch': 4.0}
{'train_runtime': 2551.8691, 'train_samples_per_second': 81.117, 'train_steps_per_second': 20.279, 'train_loss': 0.2113522139839504, 'epoch': 4.0}
