Model Name: AIMH/mental-longformer-base-4096
Label Column: depression_label
Text Column: text
Max Length: 4096
Batch Size: 4
Learning Rate: 2e-05
Number of Epochs: 30
Metric Name: eval_loss
Random State: 1
{'loss': 0.4254, 'learning_rate': 1.9806763285024154e-05, 'epoch': 0.29}
{'loss': 0.3241, 'learning_rate': 1.961352657004831e-05, 'epoch': 0.58}
{'loss': 0.3399, 'learning_rate': 1.9420289855072467e-05, 'epoch': 0.87}
{'eval_loss': 0.2634769082069397, 'eval_f1': 0.9208422858801408, 'eval_runtime': 92.0192, 'eval_samples_per_second': 8.335, 'eval_steps_per_second': 2.087, 'epoch': 1.0}
{'loss': 0.2816, 'learning_rate': 1.922705314009662e-05, 'epoch': 1.16}
{'loss': 0.2308, 'learning_rate': 1.9033816425120775e-05, 'epoch': 1.45}
{'loss': 0.2068, 'learning_rate': 1.8840579710144928e-05, 'epoch': 1.74}
{'eval_loss': 0.3484458029270172, 'eval_f1': 0.9363824816501732, 'eval_runtime': 92.0101, 'eval_samples_per_second': 8.336, 'eval_steps_per_second': 2.087, 'epoch': 2.0}
{'loss': 0.2088, 'learning_rate': 1.8647342995169084e-05, 'epoch': 2.03}
{'loss': 0.1137, 'learning_rate': 1.8454106280193237e-05, 'epoch': 2.32}
{'loss': 0.1365, 'learning_rate': 1.8260869565217393e-05, 'epoch': 2.61}
{'loss': 0.1429, 'learning_rate': 1.806763285024155e-05, 'epoch': 2.9}
{'eval_loss': 0.2920299172401428, 'eval_f1': 0.9363116409941723, 'eval_runtime': 92.0175, 'eval_samples_per_second': 8.335, 'eval_steps_per_second': 2.087, 'epoch': 3.0}
{'loss': 0.1052, 'learning_rate': 1.7874396135265702e-05, 'epoch': 3.19}
{'loss': 0.0502, 'learning_rate': 1.7681159420289858e-05, 'epoch': 3.48}
{'loss': 0.072, 'learning_rate': 1.748792270531401e-05, 'epoch': 3.77}
{'eval_loss': 0.4178431034088135, 'eval_f1': 0.9311758234322725, 'eval_runtime': 92.0187, 'eval_samples_per_second': 8.335, 'eval_steps_per_second': 2.087, 'epoch': 4.0}
{'train_runtime': 15604.0204, 'train_samples_per_second': 13.266, 'train_steps_per_second': 3.316, 'train_loss': 0.1963495119067206, 'epoch': 4.0}
