Model Name: AIMH/mental-bert-base-cased
Label Column: depression_label
Text Column: text
Max Length: 512
Batch Size: 8
Learning Rate: 2e-06
Number of Epochs: 30
Metric Name: eval_loss
Random State: 3
{'loss': 0.4271, 'learning_rate': 1.9613750482811896e-06, 'epoch': 0.58}
{'eval_loss': 0.276195228099823, 'eval_f1': 0.9118208343626967, 'eval_runtime': 6.4682, 'eval_samples_per_second': 118.58, 'eval_steps_per_second': 14.842, 'epoch': 1.0}
{'loss': 0.2603, 'learning_rate': 1.9227500965623793e-06, 'epoch': 1.16}
{'loss': 0.2384, 'learning_rate': 1.8841251448435688e-06, 'epoch': 1.74}
{'eval_loss': 0.27671924233436584, 'eval_f1': 0.9143981579153818, 'eval_runtime': 6.453, 'eval_samples_per_second': 118.86, 'eval_steps_per_second': 14.877, 'epoch': 2.0}
{'loss': 0.2189, 'learning_rate': 1.8455001931247585e-06, 'epoch': 2.32}
{'loss': 0.2156, 'learning_rate': 1.8068752414059483e-06, 'epoch': 2.9}
{'eval_loss': 0.23609498143196106, 'eval_f1': 0.9283592002760748, 'eval_runtime': 6.4469, 'eval_samples_per_second': 118.972, 'eval_steps_per_second': 14.891, 'epoch': 3.0}
{'loss': 0.1958, 'learning_rate': 1.7682502896871378e-06, 'epoch': 3.48}
{'eval_loss': 0.265546977519989, 'eval_f1': 0.9336149460300543, 'eval_runtime': 6.4482, 'eval_samples_per_second': 118.948, 'eval_steps_per_second': 14.888, 'epoch': 4.0}
{'loss': 0.179, 'learning_rate': 1.7296253379683275e-06, 'epoch': 4.06}
{'loss': 0.1663, 'learning_rate': 1.691000386249517e-06, 'epoch': 4.63}
{'eval_loss': 0.30952024459838867, 'eval_f1': 0.9311461454419779, 'eval_runtime': 6.4445, 'eval_samples_per_second': 119.017, 'eval_steps_per_second': 14.896, 'epoch': 5.0}
{'loss': 0.1493, 'learning_rate': 1.6523754345307069e-06, 'epoch': 5.21}
{'loss': 0.159, 'learning_rate': 1.6137504828118964e-06, 'epoch': 5.79}
{'eval_loss': 0.31215518712997437, 'eval_f1': 0.9298549450672686, 'eval_runtime': 6.4479, 'eval_samples_per_second': 118.953, 'eval_steps_per_second': 14.889, 'epoch': 6.0}
{'train_runtime': 1102.1666, 'train_samples_per_second': 187.812, 'train_steps_per_second': 23.49, 'train_loss': 0.21837588597927926, 'epoch': 6.0}
