Model Name: AIMH/mental-bert-base-cased
Label Column: depression_label
Text Column: text
Max Length: 512
Batch Size: 16
Learning Rate: 2e-06
Number of Epochs: 30
Metric Name: eval_loss
Random State: 2
{'eval_loss': 0.2756233811378479, 'eval_f1': 0.8910335267259095, 'eval_runtime': 6.142, 'eval_samples_per_second': 124.878, 'eval_steps_per_second': 7.815, 'epoch': 1.0}
{'loss': 0.4047, 'learning_rate': 1.9228395061728396e-06, 'epoch': 1.16}
{'eval_loss': 0.20924842357635498, 'eval_f1': 0.9195704733241977, 'eval_runtime': 6.1485, 'eval_samples_per_second': 124.746, 'eval_steps_per_second': 7.807, 'epoch': 2.0}
{'loss': 0.224, 'learning_rate': 1.8456790123456789e-06, 'epoch': 2.31}
{'eval_loss': 0.19027628004550934, 'eval_f1': 0.926959064527953, 'eval_runtime': 6.152, 'eval_samples_per_second': 124.674, 'eval_steps_per_second': 7.802, 'epoch': 3.0}
{'loss': 0.1889, 'learning_rate': 1.7685185185185186e-06, 'epoch': 3.47}
{'eval_loss': 0.20026636123657227, 'eval_f1': 0.9296741849470391, 'eval_runtime': 6.1545, 'eval_samples_per_second': 124.624, 'eval_steps_per_second': 7.799, 'epoch': 4.0}
{'loss': 0.1627, 'learning_rate': 1.6913580246913578e-06, 'epoch': 4.63}
{'eval_loss': 0.22257129848003387, 'eval_f1': 0.9324810802952479, 'eval_runtime': 6.1292, 'eval_samples_per_second': 125.139, 'eval_steps_per_second': 7.831, 'epoch': 5.0}
{'loss': 0.1416, 'learning_rate': 1.6141975308641975e-06, 'epoch': 5.79}
{'eval_loss': 0.2394934743642807, 'eval_f1': 0.9285786846938675, 'eval_runtime': 6.131, 'eval_samples_per_second': 125.102, 'eval_steps_per_second': 7.829, 'epoch': 6.0}
{'train_runtime': 1015.2624, 'train_samples_per_second': 203.888, 'train_steps_per_second': 12.765, 'train_loss': 0.22180498087847675, 'epoch': 6.0}
