Model Name: AIMH/mental-longformer-base-4096
Label Column: anxiety_label
Text Column: text
Max Length: 4096
Batch Size: 4
Learning Rate: 2e-05
Number of Epochs: 30
Metric Name: eval_loss
Random State: 2
{'loss': 0.4402, 'learning_rate': 1.9806763285024154e-05, 'epoch': 0.29}
{'loss': 0.381, 'learning_rate': 1.961352657004831e-05, 'epoch': 0.58}
{'loss': 0.3855, 'learning_rate': 1.9420289855072467e-05, 'epoch': 0.87}
{'eval_loss': 0.3742237389087677, 'eval_f1': 0.9090831162428614, 'eval_runtime': 91.1268, 'eval_samples_per_second': 8.417, 'eval_steps_per_second': 2.107, 'epoch': 1.0}
{'loss': 0.3075, 'learning_rate': 1.922705314009662e-05, 'epoch': 1.16}
{'loss': 0.2895, 'learning_rate': 1.9033816425120775e-05, 'epoch': 1.45}
{'loss': 0.286, 'learning_rate': 1.8840579710144928e-05, 'epoch': 1.74}
{'eval_loss': 0.3136407434940338, 'eval_f1': 0.9322891885300626, 'eval_runtime': 91.1072, 'eval_samples_per_second': 8.419, 'eval_steps_per_second': 2.107, 'epoch': 2.0}
{'loss': 0.2785, 'learning_rate': 1.8647342995169084e-05, 'epoch': 2.03}
{'loss': 0.1938, 'learning_rate': 1.8454106280193237e-05, 'epoch': 2.32}
{'loss': 0.1626, 'learning_rate': 1.8260869565217393e-05, 'epoch': 2.61}
{'loss': 0.1968, 'learning_rate': 1.806763285024155e-05, 'epoch': 2.9}
{'eval_loss': 0.37642303109169006, 'eval_f1': 0.9202135234095044, 'eval_runtime': 91.1805, 'eval_samples_per_second': 8.412, 'eval_steps_per_second': 2.106, 'epoch': 3.0}
{'loss': 0.192, 'learning_rate': 1.7874396135265702e-05, 'epoch': 3.19}
{'loss': 0.1006, 'learning_rate': 1.7681159420289858e-05, 'epoch': 3.48}
{'loss': 0.1061, 'learning_rate': 1.748792270531401e-05, 'epoch': 3.77}
{'eval_loss': 0.5122849345207214, 'eval_f1': 0.9271630753621792, 'eval_runtime': 91.1631, 'eval_samples_per_second': 8.413, 'eval_steps_per_second': 2.106, 'epoch': 4.0}
{'loss': 0.1305, 'learning_rate': 1.7294685990338163e-05, 'epoch': 4.06}
{'loss': 0.0711, 'learning_rate': 1.710144927536232e-05, 'epoch': 4.35}
{'loss': 0.0941, 'learning_rate': 1.6908212560386476e-05, 'epoch': 4.64}
{'loss': 0.0894, 'learning_rate': 1.6714975845410632e-05, 'epoch': 4.93}
{'eval_loss': 0.5991483330726624, 'eval_f1': 0.9175788706155262, 'eval_runtime': 91.0667, 'eval_samples_per_second': 8.422, 'eval_steps_per_second': 2.108, 'epoch': 5.0}
{'train_runtime': 19453.7882, 'train_samples_per_second': 10.641, 'train_steps_per_second': 2.66, 'train_loss': 0.21571909708216572, 'epoch': 5.0}
