Model Name: AIMH/mental-longformer-base-4096
Label Column: anxiety_label
Text Column: text
Max Length: 4096
Batch Size: 4
Learning Rate: 2e-05
Number of Epochs: 30
Metric Name: eval_loss
Random State: 3
{'loss': 0.4395, 'learning_rate': 1.9806763285024154e-05, 'epoch': 0.29}
{'loss': 0.3757, 'learning_rate': 1.961352657004831e-05, 'epoch': 0.58}
{'loss': 0.3749, 'learning_rate': 1.9420289855072467e-05, 'epoch': 0.87}
{'eval_loss': 0.3731788098812103, 'eval_f1': 0.9000152207916013, 'eval_runtime': 91.3757, 'eval_samples_per_second': 8.394, 'eval_steps_per_second': 2.101, 'epoch': 1.0}
{'loss': 0.3016, 'learning_rate': 1.922705314009662e-05, 'epoch': 1.16}
{'loss': 0.2878, 'learning_rate': 1.9033816425120775e-05, 'epoch': 1.45}
{'loss': 0.2696, 'learning_rate': 1.8840579710144928e-05, 'epoch': 1.74}
{'eval_loss': 0.2965349555015564, 'eval_f1': 0.9264749484548402, 'eval_runtime': 91.3562, 'eval_samples_per_second': 8.396, 'eval_steps_per_second': 2.102, 'epoch': 2.0}
{'loss': 0.2847, 'learning_rate': 1.8647342995169084e-05, 'epoch': 2.03}
{'loss': 0.186, 'learning_rate': 1.8454106280193237e-05, 'epoch': 2.32}
{'loss': 0.1843, 'learning_rate': 1.8260869565217393e-05, 'epoch': 2.61}
{'loss': 0.1996, 'learning_rate': 1.806763285024155e-05, 'epoch': 2.9}
{'eval_loss': 0.363911896944046, 'eval_f1': 0.9195276650476362, 'eval_runtime': 91.497, 'eval_samples_per_second': 8.383, 'eval_steps_per_second': 2.098, 'epoch': 3.0}
{'loss': 0.1328, 'learning_rate': 1.7874396135265702e-05, 'epoch': 3.19}
{'loss': 0.0915, 'learning_rate': 1.7681159420289858e-05, 'epoch': 3.48}
{'loss': 0.1064, 'learning_rate': 1.748792270531401e-05, 'epoch': 3.77}
{'eval_loss': 0.4614167809486389, 'eval_f1': 0.921741018581218, 'eval_runtime': 91.3669, 'eval_samples_per_second': 8.395, 'eval_steps_per_second': 2.101, 'epoch': 4.0}
{'loss': 0.0865, 'learning_rate': 1.7294685990338163e-05, 'epoch': 4.06}
{'loss': 0.0494, 'learning_rate': 1.710144927536232e-05, 'epoch': 4.35}
{'loss': 0.1029, 'learning_rate': 1.6908212560386476e-05, 'epoch': 4.64}
{'loss': 0.0956, 'learning_rate': 1.6714975845410632e-05, 'epoch': 4.93}
{'eval_loss': 0.675937294960022, 'eval_f1': 0.909273304398504, 'eval_runtime': 91.2527, 'eval_samples_per_second': 8.405, 'eval_steps_per_second': 2.104, 'epoch': 5.0}
{'train_runtime': 19494.2298, 'train_samples_per_second': 10.619, 'train_steps_per_second': 2.655, 'train_loss': 0.2082478563612786, 'epoch': 5.0}
