Model Name: AIMH/mental-roberta-large
Label Column: depression_label
Text Column: text
Max Length: 512
Batch Size: 8
Learning Rate: 2e-06
Number of Epochs: 30
Metric Name: eval_loss
Random State: 1
{'loss': 0.3531, 'learning_rate': 1.9613750482811896e-06, 'epoch': 0.58}
{'eval_loss': 0.2798588275909424, 'eval_f1': 0.9312236254368438, 'eval_runtime': 19.3769, 'eval_samples_per_second': 39.583, 'eval_steps_per_second': 4.954, 'epoch': 1.0}
{'loss': 0.243, 'learning_rate': 1.9227500965623793e-06, 'epoch': 1.16}
{'loss': 0.1935, 'learning_rate': 1.8841251448435688e-06, 'epoch': 1.74}
{'eval_loss': 0.29224535822868347, 'eval_f1': 0.9337858482481396, 'eval_runtime': 19.3695, 'eval_samples_per_second': 39.598, 'eval_steps_per_second': 4.956, 'epoch': 2.0}
{'loss': 0.1676, 'learning_rate': 1.8455001931247585e-06, 'epoch': 2.32}
{'loss': 0.1506, 'learning_rate': 1.8068752414059483e-06, 'epoch': 2.9}
{'eval_loss': 0.26494544744491577, 'eval_f1': 0.9439034786070434, 'eval_runtime': 19.3595, 'eval_samples_per_second': 39.619, 'eval_steps_per_second': 4.959, 'epoch': 3.0}
{'loss': 0.125, 'learning_rate': 1.7682502896871378e-06, 'epoch': 3.48}
{'eval_loss': 0.3309154808521271, 'eval_f1': 0.9439695271653482, 'eval_runtime': 19.326, 'eval_samples_per_second': 39.687, 'eval_steps_per_second': 4.967, 'epoch': 4.0}
{'loss': 0.1014, 'learning_rate': 1.7296253379683275e-06, 'epoch': 4.06}
{'loss': 0.0787, 'learning_rate': 1.691000386249517e-06, 'epoch': 4.63}
{'eval_loss': 0.3864939510822296, 'eval_f1': 0.9363568286657943, 'eval_runtime': 19.349, 'eval_samples_per_second': 39.64, 'eval_steps_per_second': 4.961, 'epoch': 5.0}
{'loss': 0.0642, 'learning_rate': 1.6523754345307069e-06, 'epoch': 5.21}
{'loss': 0.0638, 'learning_rate': 1.6137504828118964e-06, 'epoch': 5.79}
{'eval_loss': 0.32958394289016724, 'eval_f1': 0.9414788929524485, 'eval_runtime': 19.3397, 'eval_samples_per_second': 39.659, 'eval_steps_per_second': 4.964, 'epoch': 6.0}
{'train_runtime': 3450.8432, 'train_samples_per_second': 59.985, 'train_steps_per_second': 7.503, 'train_loss': 0.15075776769461988, 'epoch': 6.0}
