Model Name: AIMH/mental-bert-large-cased
Label Column: depression_label
Text Column: text
Max Length: 512
Batch Size: 4
Learning Rate: 2e-06
Number of Epochs: 30
Metric Name: eval_loss
Random State: 1
{'loss': 0.4183, 'learning_rate': 1.980676328502415e-06, 'epoch': 0.29}
{'loss': 0.3086, 'learning_rate': 1.9613526570048307e-06, 'epoch': 0.58}
{'loss': 0.324, 'learning_rate': 1.9420289855072463e-06, 'epoch': 0.87}
{'eval_loss': 0.39614561200141907, 'eval_f1': 0.9027486326812815, 'eval_runtime': 20.6936, 'eval_samples_per_second': 37.065, 'eval_steps_per_second': 9.278, 'epoch': 1.0}
{'loss': 0.2978, 'learning_rate': 1.922705314009662e-06, 'epoch': 1.16}
{'loss': 0.2683, 'learning_rate': 1.9033816425120771e-06, 'epoch': 1.45}
{'loss': 0.2342, 'learning_rate': 1.8840579710144925e-06, 'epoch': 1.74}
{'eval_loss': 0.2876528203487396, 'eval_f1': 0.9324674687880153, 'eval_runtime': 20.7023, 'eval_samples_per_second': 37.049, 'eval_steps_per_second': 9.274, 'epoch': 2.0}
{'loss': 0.2549, 'learning_rate': 1.8647342995169081e-06, 'epoch': 2.03}
{'loss': 0.1979, 'learning_rate': 1.8454106280193235e-06, 'epoch': 2.32}
{'loss': 0.1836, 'learning_rate': 1.826086956521739e-06, 'epoch': 2.61}
{'loss': 0.2067, 'learning_rate': 1.8067632850241545e-06, 'epoch': 2.9}
{'eval_loss': 0.28895288705825806, 'eval_f1': 0.9375684527377461, 'eval_runtime': 20.7108, 'eval_samples_per_second': 37.034, 'eval_steps_per_second': 9.271, 'epoch': 3.0}
{'loss': 0.1841, 'learning_rate': 1.78743961352657e-06, 'epoch': 3.19}
{'loss': 0.1569, 'learning_rate': 1.7681159420289855e-06, 'epoch': 3.48}
{'loss': 0.1184, 'learning_rate': 1.748792270531401e-06, 'epoch': 3.77}
{'eval_loss': 0.39174455404281616, 'eval_f1': 0.9323658237992251, 'eval_runtime': 20.689, 'eval_samples_per_second': 37.073, 'eval_steps_per_second': 9.28, 'epoch': 4.0}
{'loss': 0.1227, 'learning_rate': 1.7294685990338163e-06, 'epoch': 4.06}
{'loss': 0.101, 'learning_rate': 1.7101449275362317e-06, 'epoch': 4.35}
{'loss': 0.1233, 'learning_rate': 1.6908212560386471e-06, 'epoch': 4.64}
{'loss': 0.0973, 'learning_rate': 1.6714975845410628e-06, 'epoch': 4.93}
{'eval_loss': 0.4189693033695221, 'eval_f1': 0.9256989416456198, 'eval_runtime': 20.7072, 'eval_samples_per_second': 37.04, 'eval_steps_per_second': 9.272, 'epoch': 5.0}
{'train_runtime': 3127.7954, 'train_samples_per_second': 66.181, 'train_steps_per_second': 16.545, 'train_loss': 0.2090533662326094, 'epoch': 5.0}
