Model Name: AIMH/mental-bert-large-cased
Label Column: anxiety_label
Text Column: text
Max Length: 384
Batch Size: 32
Learning Rate: 2e-06
Number of Epochs: 30
Metric Name: eval_loss
Random State: 2
{'eval_loss': 0.3281787931919098, 'eval_f1': 0.841270469376702, 'eval_runtime': 13.3879, 'eval_samples_per_second': 57.291, 'eval_steps_per_second': 1.793, 'epoch': 1.0}
{'eval_loss': 0.2308811992406845, 'eval_f1': 0.9009268824046595, 'eval_runtime': 13.3862, 'eval_samples_per_second': 57.298, 'eval_steps_per_second': 1.793, 'epoch': 2.0}
{'loss': 0.3367, 'learning_rate': 1.8456790123456789e-06, 'epoch': 2.31}
{'eval_loss': 0.2155468612909317, 'eval_f1': 0.9143359015023225, 'eval_runtime': 13.3916, 'eval_samples_per_second': 57.275, 'eval_steps_per_second': 1.792, 'epoch': 3.0}
{'eval_loss': 0.20692290365695953, 'eval_f1': 0.9172922203273011, 'eval_runtime': 13.3846, 'eval_samples_per_second': 57.305, 'eval_steps_per_second': 1.793, 'epoch': 4.0}
{'loss': 0.1966, 'learning_rate': 1.6913580246913578e-06, 'epoch': 4.63}
{'eval_loss': 0.21089576184749603, 'eval_f1': 0.9112726533126636, 'eval_runtime': 13.3874, 'eval_samples_per_second': 57.293, 'eval_steps_per_second': 1.793, 'epoch': 5.0}
{'eval_loss': 0.21153324842453003, 'eval_f1': 0.9163659951586125, 'eval_runtime': 13.3632, 'eval_samples_per_second': 57.397, 'eval_steps_per_second': 1.796, 'epoch': 6.0}
{'loss': 0.1503, 'learning_rate': 1.537037037037037e-06, 'epoch': 6.94}
{'eval_loss': 0.22325442731380463, 'eval_f1': 0.9175788706155262, 'eval_runtime': 13.384, 'eval_samples_per_second': 57.307, 'eval_steps_per_second': 1.793, 'epoch': 7.0}
{'train_runtime': 2495.4259, 'train_samples_per_second': 82.952, 'train_steps_per_second': 2.597, 'train_loss': 0.22728824134541567, 'epoch': 7.0}
