Model Name: AIMH/mental-xlnet-base-cased
Label Column: anxiety_label
Text Column: text
Max Length: 512
Batch Size: 32
Learning Rate: 2e-06
Number of Epochs: 30
Metric Name: eval_loss
Random State: 2
{'eval_loss': 0.3160291910171509, 'eval_f1': 0.8647863733055526, 'eval_runtime': 18.0356, 'eval_samples_per_second': 42.527, 'eval_steps_per_second': 1.331, 'epoch': 1.0}
{'eval_loss': 0.2260286659002304, 'eval_f1': 0.9097271626786531, 'eval_runtime': 18.025, 'eval_samples_per_second': 42.552, 'eval_steps_per_second': 1.331, 'epoch': 2.0}
{'loss': 0.3424, 'learning_rate': 1.8456790123456789e-06, 'epoch': 2.31}
{'eval_loss': 0.21056586503982544, 'eval_f1': 0.9149603706393106, 'eval_runtime': 18.0235, 'eval_samples_per_second': 42.555, 'eval_steps_per_second': 1.332, 'epoch': 3.0}
{'eval_loss': 0.20343367755413055, 'eval_f1': 0.9117127378891609, 'eval_runtime': 18.0175, 'eval_samples_per_second': 42.57, 'eval_steps_per_second': 1.332, 'epoch': 4.0}
{'loss': 0.2, 'learning_rate': 1.6913580246913578e-06, 'epoch': 4.63}
{'eval_loss': 0.20470154285430908, 'eval_f1': 0.9214098118904307, 'eval_runtime': 18.0102, 'eval_samples_per_second': 42.587, 'eval_steps_per_second': 1.333, 'epoch': 5.0}
{'eval_loss': 0.20856721699237823, 'eval_f1': 0.922625854538734, 'eval_runtime': 18.0278, 'eval_samples_per_second': 42.545, 'eval_steps_per_second': 1.331, 'epoch': 6.0}
{'loss': 0.1646, 'learning_rate': 1.537037037037037e-06, 'epoch': 6.94}
{'eval_loss': 0.21259674429893494, 'eval_f1': 0.9146982475108496, 'eval_runtime': 18.0033, 'eval_samples_per_second': 42.603, 'eval_steps_per_second': 1.333, 'epoch': 7.0}
{'train_runtime': 2431.3707, 'train_samples_per_second': 85.137, 'train_steps_per_second': 2.665, 'train_loss': 0.23510745561942853, 'epoch': 7.0}
