Model Name: AIMH/mental-longformer-base-4096
Label Column: anxiety_label
Text Column: text
Max Length: 4096
Batch Size: 4
Learning Rate: 2e-05
Number of Epochs: 30
Metric Name: eval_loss
Random State: 1
{'loss': 0.4629, 'learning_rate': 1.9806763285024154e-05, 'epoch': 0.29}
{'loss': 0.3923, 'learning_rate': 1.961352657004831e-05, 'epoch': 0.58}
{'loss': 0.3787, 'learning_rate': 1.9420289855072467e-05, 'epoch': 0.87}
{'eval_loss': 0.39525705575942993, 'eval_f1': 0.9005718133378483, 'eval_runtime': 92.0184, 'eval_samples_per_second': 8.335, 'eval_steps_per_second': 2.087, 'epoch': 1.0}
{'loss': 0.2929, 'learning_rate': 1.922705314009662e-05, 'epoch': 1.16}
{'loss': 0.301, 'learning_rate': 1.9033816425120775e-05, 'epoch': 1.45}
{'loss': 0.3026, 'learning_rate': 1.8840579710144928e-05, 'epoch': 1.74}
{'eval_loss': 0.30732062458992004, 'eval_f1': 0.9206167346830241, 'eval_runtime': 92.0216, 'eval_samples_per_second': 8.335, 'eval_steps_per_second': 2.086, 'epoch': 2.0}
{'loss': 0.2842, 'learning_rate': 1.8647342995169084e-05, 'epoch': 2.03}
{'loss': 0.2056, 'learning_rate': 1.8454106280193237e-05, 'epoch': 2.32}
{'loss': 0.1807, 'learning_rate': 1.8260869565217393e-05, 'epoch': 2.61}
{'loss': 0.1815, 'learning_rate': 1.806763285024155e-05, 'epoch': 2.9}
{'eval_loss': 0.35205236077308655, 'eval_f1': 0.919012558830075, 'eval_runtime': 92.0178, 'eval_samples_per_second': 8.335, 'eval_steps_per_second': 2.087, 'epoch': 3.0}
{'loss': 0.1464, 'learning_rate': 1.7874396135265702e-05, 'epoch': 3.19}
{'loss': 0.0898, 'learning_rate': 1.7681159420289858e-05, 'epoch': 3.48}
{'loss': 0.1092, 'learning_rate': 1.748792270531401e-05, 'epoch': 3.77}
{'eval_loss': 0.4920186400413513, 'eval_f1': 0.9231642389000251, 'eval_runtime': 92.0224, 'eval_samples_per_second': 8.335, 'eval_steps_per_second': 2.086, 'epoch': 4.0}
{'loss': 0.1094, 'learning_rate': 1.7294685990338163e-05, 'epoch': 4.06}
{'loss': 0.0486, 'learning_rate': 1.710144927536232e-05, 'epoch': 4.35}
{'loss': 0.0932, 'learning_rate': 1.6908212560386476e-05, 'epoch': 4.64}
{'loss': 0.0869, 'learning_rate': 1.6714975845410632e-05, 'epoch': 4.93}
{'eval_loss': 0.5718427896499634, 'eval_f1': 0.9259330362922811, 'eval_runtime': 92.0146, 'eval_samples_per_second': 8.336, 'eval_steps_per_second': 2.087, 'epoch': 5.0}
{'train_runtime': 19493.3979, 'train_samples_per_second': 10.619, 'train_steps_per_second': 2.655, 'train_loss': 0.2136107454161713, 'epoch': 5.0}
