Model Name: AIMH/mental-roberta-large
Label Column: anxiety_label
Text Column: text
Max Length: 512
Batch Size: 4
Learning Rate: 2e-05
Number of Epochs: 30
Metric Name: eval_loss
Random State: 3
{'loss': 0.476, 'learning_rate': 1.9806763285024154e-05, 'epoch': 0.29}
{'loss': 0.4131, 'learning_rate': 1.961352657004831e-05, 'epoch': 0.58}
{'loss': 0.4318, 'learning_rate': 1.9420289855072467e-05, 'epoch': 0.87}
{'eval_loss': 0.3963686227798462, 'eval_f1': 0.9096026322879964, 'eval_runtime': 20.119, 'eval_samples_per_second': 38.123, 'eval_steps_per_second': 9.543, 'epoch': 1.0}
{'loss': 0.369, 'learning_rate': 1.922705314009662e-05, 'epoch': 1.16}
{'loss': 0.3307, 'learning_rate': 1.9033816425120775e-05, 'epoch': 1.45}
{'loss': 0.3545, 'learning_rate': 1.8840579710144928e-05, 'epoch': 1.74}
{'eval_loss': 0.45969563722610474, 'eval_f1': 0.9042851400696432, 'eval_runtime': 20.1667, 'eval_samples_per_second': 38.033, 'eval_steps_per_second': 9.521, 'epoch': 2.0}
{'loss': 0.3168, 'learning_rate': 1.8647342995169084e-05, 'epoch': 2.03}
{'loss': 0.2227, 'learning_rate': 1.8454106280193237e-05, 'epoch': 2.32}
{'loss': 0.2335, 'learning_rate': 1.8260869565217393e-05, 'epoch': 2.61}
{'loss': 0.237, 'learning_rate': 1.806763285024155e-05, 'epoch': 2.9}
{'eval_loss': 0.39034393429756165, 'eval_f1': 0.9150660087907627, 'eval_runtime': 20.0793, 'eval_samples_per_second': 38.198, 'eval_steps_per_second': 9.562, 'epoch': 3.0}
{'loss': 0.2121, 'learning_rate': 1.7874396135265702e-05, 'epoch': 3.19}
{'loss': 0.1454, 'learning_rate': 1.7681159420289858e-05, 'epoch': 3.48}
{'loss': 0.1583, 'learning_rate': 1.748792270531401e-05, 'epoch': 3.77}
{'eval_loss': 0.5463274121284485, 'eval_f1': 0.91370190695008, 'eval_runtime': 20.0843, 'eval_samples_per_second': 38.189, 'eval_steps_per_second': 9.56, 'epoch': 4.0}
{'loss': 0.2083, 'learning_rate': 1.7294685990338163e-05, 'epoch': 4.06}
{'loss': 0.096, 'learning_rate': 1.710144927536232e-05, 'epoch': 4.35}
{'loss': 0.1178, 'learning_rate': 1.6908212560386476e-05, 'epoch': 4.64}
{'loss': 0.1157, 'learning_rate': 1.6714975845410632e-05, 'epoch': 4.93}
{'eval_loss': 0.677538275718689, 'eval_f1': 0.9154969813296797, 'eval_runtime': 20.135, 'eval_samples_per_second': 38.093, 'eval_steps_per_second': 9.536, 'epoch': 5.0}
{'loss': 0.0642, 'learning_rate': 1.6521739130434785e-05, 'epoch': 5.22}
{'loss': 0.07, 'learning_rate': 1.6328502415458937e-05, 'epoch': 5.51}
{'loss': 0.1225, 'learning_rate': 1.6135265700483093e-05, 'epoch': 5.8}
{'eval_loss': 0.6779870390892029, 'eval_f1': 0.9115623606676543, 'eval_runtime': 20.1004, 'eval_samples_per_second': 38.158, 'eval_steps_per_second': 9.552, 'epoch': 6.0}
{'train_runtime': 3782.6446, 'train_samples_per_second': 54.724, 'train_steps_per_second': 13.681, 'train_loss': 0.22972168060892445, 'epoch': 6.0}
