Model Name: AIMH/mental-bert-large-cased
Label Column: depression_label
Text Column: text
Max Length: 512
Batch Size: 4
Learning Rate: 2e-05
Number of Epochs: 30
Metric Name: eval_loss
Random State: 2
{'loss': 0.3917, 'learning_rate': 1.9806763285024154e-05, 'epoch': 0.29}
{'loss': 0.3438, 'learning_rate': 1.961352657004831e-05, 'epoch': 0.58}
{'loss': 0.3428, 'learning_rate': 1.9420289855072467e-05, 'epoch': 0.87}
{'eval_loss': 0.21579904854297638, 'eval_f1': 0.9265245063103523, 'eval_runtime': 21.0536, 'eval_samples_per_second': 36.431, 'eval_steps_per_second': 9.12, 'epoch': 1.0}
{'loss': 0.3046, 'learning_rate': 1.922705314009662e-05, 'epoch': 1.16}
{'loss': 0.1983, 'learning_rate': 1.9033816425120775e-05, 'epoch': 1.45}
{'loss': 0.2291, 'learning_rate': 1.8840579710144928e-05, 'epoch': 1.74}
{'eval_loss': 0.4343501329421997, 'eval_f1': 0.923466350235114, 'eval_runtime': 21.0221, 'eval_samples_per_second': 36.485, 'eval_steps_per_second': 9.133, 'epoch': 2.0}
{'loss': 0.1999, 'learning_rate': 1.8647342995169084e-05, 'epoch': 2.03}
{'loss': 0.1102, 'learning_rate': 1.8454106280193237e-05, 'epoch': 2.32}
{'loss': 0.1003, 'learning_rate': 1.8260869565217393e-05, 'epoch': 2.61}
{'loss': 0.1375, 'learning_rate': 1.806763285024155e-05, 'epoch': 2.9}
{'eval_loss': 0.27266359329223633, 'eval_f1': 0.9453021438476971, 'eval_runtime': 21.0413, 'eval_samples_per_second': 36.452, 'eval_steps_per_second': 9.125, 'epoch': 3.0}
{'loss': 0.097, 'learning_rate': 1.7874396135265702e-05, 'epoch': 3.19}
{'loss': 0.0459, 'learning_rate': 1.7681159420289858e-05, 'epoch': 3.48}
{'loss': 0.0721, 'learning_rate': 1.748792270531401e-05, 'epoch': 3.77}
{'eval_loss': 0.5590358972549438, 'eval_f1': 0.9234131511194265, 'eval_runtime': 21.0013, 'eval_samples_per_second': 36.522, 'eval_steps_per_second': 9.142, 'epoch': 4.0}
{'train_runtime': 2541.3548, 'train_samples_per_second': 81.453, 'train_steps_per_second': 20.363, 'train_loss': 0.19153586567312048, 'epoch': 4.0}
