Model Name: AIMH/mental-bert-large-cased
Label Column: anxiety_label
Text Column: text
Max Length: 512
Batch Size: 4
Learning Rate: 2e-06
Number of Epochs: 30
Metric Name: eval_loss
Random State: 2
{'loss': 0.4828, 'learning_rate': 1.980676328502415e-06, 'epoch': 0.29}
{'loss': 0.3682, 'learning_rate': 1.9613526570048307e-06, 'epoch': 0.58}
{'loss': 0.3911, 'learning_rate': 1.9420289855072463e-06, 'epoch': 0.87}
{'eval_loss': 0.5094319581985474, 'eval_f1': 0.8753877097374535, 'eval_runtime': 21.1949, 'eval_samples_per_second': 36.188, 'eval_steps_per_second': 9.059, 'epoch': 1.0}
{'loss': 0.3268, 'learning_rate': 1.922705314009662e-06, 'epoch': 1.16}
{'loss': 0.3368, 'learning_rate': 1.9033816425120771e-06, 'epoch': 1.45}
{'loss': 0.3174, 'learning_rate': 1.8840579710144925e-06, 'epoch': 1.74}
{'eval_loss': 0.34746330976486206, 'eval_f1': 0.9133222426966338, 'eval_runtime': 21.1605, 'eval_samples_per_second': 36.247, 'eval_steps_per_second': 9.073, 'epoch': 2.0}
{'loss': 0.3149, 'learning_rate': 1.8647342995169081e-06, 'epoch': 2.03}
{'loss': 0.263, 'learning_rate': 1.8454106280193235e-06, 'epoch': 2.32}
{'loss': 0.243, 'learning_rate': 1.826086956521739e-06, 'epoch': 2.61}
{'loss': 0.2743, 'learning_rate': 1.8067632850241545e-06, 'epoch': 2.9}
{'eval_loss': 0.3777669668197632, 'eval_f1': 0.9090772972291356, 'eval_runtime': 21.1815, 'eval_samples_per_second': 36.211, 'eval_steps_per_second': 9.065, 'epoch': 3.0}
{'loss': 0.2253, 'learning_rate': 1.78743961352657e-06, 'epoch': 3.19}
{'loss': 0.2024, 'learning_rate': 1.7681159420289855e-06, 'epoch': 3.48}
{'loss': 0.1816, 'learning_rate': 1.748792270531401e-06, 'epoch': 3.77}
{'eval_loss': 0.41446825861930847, 'eval_f1': 0.913752432507319, 'eval_runtime': 21.2127, 'eval_samples_per_second': 36.158, 'eval_steps_per_second': 9.051, 'epoch': 4.0}
{'loss': 0.1846, 'learning_rate': 1.7294685990338163e-06, 'epoch': 4.06}
{'loss': 0.1555, 'learning_rate': 1.7101449275362317e-06, 'epoch': 4.35}
{'loss': 0.1684, 'learning_rate': 1.6908212560386471e-06, 'epoch': 4.64}
{'loss': 0.1622, 'learning_rate': 1.6714975845410628e-06, 'epoch': 4.93}
{'eval_loss': 0.4705345034599304, 'eval_f1': 0.9165698083387734, 'eval_runtime': 21.2201, 'eval_samples_per_second': 36.145, 'eval_steps_per_second': 9.048, 'epoch': 5.0}
{'train_runtime': 3205.3577, 'train_samples_per_second': 64.579, 'train_steps_per_second': 16.145, 'train_loss': 0.26837099888013755, 'epoch': 5.0}
