Model Name: AIMH/mental-xlnet-base-cased
Label Column: anxiety_label
Text Column: text
Max Length: 512
Batch Size: 4
Learning Rate: 2e-06
Number of Epochs: 30
Metric Name: eval_loss
Random State: 2
{'loss': 0.5129, 'learning_rate': 1.980676328502415e-06, 'epoch': 0.29}
{'loss': 0.3791, 'learning_rate': 1.9613526570048307e-06, 'epoch': 0.58}
{'loss': 0.4139, 'learning_rate': 1.9420289855072463e-06, 'epoch': 0.87}
{'eval_loss': 0.5347879528999329, 'eval_f1': 0.9045302859829916, 'eval_runtime': 11.7609, 'eval_samples_per_second': 65.216, 'eval_steps_per_second': 16.325, 'epoch': 1.0}
{'loss': 0.3539, 'learning_rate': 1.922705314009662e-06, 'epoch': 1.16}
{'loss': 0.385, 'learning_rate': 1.9033816425120771e-06, 'epoch': 1.45}
{'loss': 0.3881, 'learning_rate': 1.8840579710144925e-06, 'epoch': 1.74}
{'eval_loss': 0.4154740273952484, 'eval_f1': 0.9131364134438237, 'eval_runtime': 11.7411, 'eval_samples_per_second': 65.326, 'eval_steps_per_second': 16.353, 'epoch': 2.0}
{'loss': 0.3675, 'learning_rate': 1.8647342995169081e-06, 'epoch': 2.03}
{'loss': 0.3091, 'learning_rate': 1.8454106280193235e-06, 'epoch': 2.32}
{'loss': 0.3294, 'learning_rate': 1.826086956521739e-06, 'epoch': 2.61}
{'loss': 0.3164, 'learning_rate': 1.8067632850241545e-06, 'epoch': 2.9}
{'eval_loss': 0.4135775566101074, 'eval_f1': 0.9132512006518776, 'eval_runtime': 11.7631, 'eval_samples_per_second': 65.204, 'eval_steps_per_second': 16.322, 'epoch': 3.0}
{'loss': 0.2931, 'learning_rate': 1.78743961352657e-06, 'epoch': 3.19}
{'loss': 0.2996, 'learning_rate': 1.7681159420289855e-06, 'epoch': 3.48}
{'loss': 0.2642, 'learning_rate': 1.748792270531401e-06, 'epoch': 3.77}
{'eval_loss': 0.446208119392395, 'eval_f1': 0.9151380319848813, 'eval_runtime': 11.7401, 'eval_samples_per_second': 65.332, 'eval_steps_per_second': 16.354, 'epoch': 4.0}
{'loss': 0.2686, 'learning_rate': 1.7294685990338163e-06, 'epoch': 4.06}
{'loss': 0.2758, 'learning_rate': 1.7101449275362317e-06, 'epoch': 4.35}
{'loss': 0.2639, 'learning_rate': 1.6908212560386471e-06, 'epoch': 4.64}
{'loss': 0.2249, 'learning_rate': 1.6714975845410628e-06, 'epoch': 4.93}
{'eval_loss': 0.484516978263855, 'eval_f1': 0.9156959868732207, 'eval_runtime': 11.7472, 'eval_samples_per_second': 65.292, 'eval_steps_per_second': 16.344, 'epoch': 5.0}
{'loss': 0.181, 'learning_rate': 1.6521739130434782e-06, 'epoch': 5.22}
{'loss': 0.1788, 'learning_rate': 1.6328502415458936e-06, 'epoch': 5.51}
{'loss': 0.2245, 'learning_rate': 1.6135265700483092e-06, 'epoch': 5.8}
{'eval_loss': 0.4503019452095032, 'eval_f1': 0.9269882659713168, 'eval_runtime': 11.7311, 'eval_samples_per_second': 65.382, 'eval_steps_per_second': 16.367, 'epoch': 6.0}
{'train_runtime': 1953.9382, 'train_samples_per_second': 105.94, 'train_steps_per_second': 26.485, 'train_loss': 0.3081325932746924, 'epoch': 6.0}
