Model Name: AIMH/mental-longformer-base-4096
Label Column: depression_label
Text Column: text
Max Length: 4096
Batch Size: 4
Learning Rate: 2e-05
Number of Epochs: 30
Metric Name: eval_loss
Random State: 3
{'loss': 0.4221, 'learning_rate': 1.9806763285024154e-05, 'epoch': 0.29}
{'loss': 0.3006, 'learning_rate': 1.961352657004831e-05, 'epoch': 0.58}
{'loss': 0.3242, 'learning_rate': 1.9420289855072467e-05, 'epoch': 0.87}
{'eval_loss': 0.2220657914876938, 'eval_f1': 0.9376193306873835, 'eval_runtime': 92.0082, 'eval_samples_per_second': 8.336, 'eval_steps_per_second': 2.087, 'epoch': 1.0}
{'loss': 0.2905, 'learning_rate': 1.922705314009662e-05, 'epoch': 1.16}
{'loss': 0.2217, 'learning_rate': 1.9033816425120775e-05, 'epoch': 1.45}
{'loss': 0.181, 'learning_rate': 1.8840579710144928e-05, 'epoch': 1.74}
{'eval_loss': 0.37764638662338257, 'eval_f1': 0.9234578342782862, 'eval_runtime': 92.0301, 'eval_samples_per_second': 8.334, 'eval_steps_per_second': 2.086, 'epoch': 2.0}
{'loss': 0.2057, 'learning_rate': 1.8647342995169084e-05, 'epoch': 2.03}
{'loss': 0.1033, 'learning_rate': 1.8454106280193237e-05, 'epoch': 2.32}
{'loss': 0.1235, 'learning_rate': 1.8260869565217393e-05, 'epoch': 2.61}
{'loss': 0.1538, 'learning_rate': 1.806763285024155e-05, 'epoch': 2.9}
{'eval_loss': 0.33068135380744934, 'eval_f1': 0.9322033898305084, 'eval_runtime': 92.0202, 'eval_samples_per_second': 8.335, 'eval_steps_per_second': 2.086, 'epoch': 3.0}
{'loss': 0.1309, 'learning_rate': 1.7874396135265702e-05, 'epoch': 3.19}
{'loss': 0.0683, 'learning_rate': 1.7681159420289858e-05, 'epoch': 3.48}
{'loss': 0.0825, 'learning_rate': 1.748792270531401e-05, 'epoch': 3.77}
{'eval_loss': 0.5799576640129089, 'eval_f1': 0.9183027243874153, 'eval_runtime': 92.0268, 'eval_samples_per_second': 8.335, 'eval_steps_per_second': 2.086, 'epoch': 4.0}
{'train_runtime': 15607.2823, 'train_samples_per_second': 13.263, 'train_steps_per_second': 3.316, 'train_loss': 0.192601938938749, 'epoch': 4.0}
