Model Name: AIMH/mental-bert-base-cased
Label Column: depression_label
Text Column: text
Max Length: 512
Batch Size: 4
Learning Rate: 2e-06
Number of Epochs: 30
Metric Name: eval_loss
Random State: 2
{'loss': 0.4829, 'learning_rate': 1.980676328502415e-06, 'epoch': 0.29}
{'loss': 0.3296, 'learning_rate': 1.9613526570048307e-06, 'epoch': 0.58}
{'loss': 0.3263, 'learning_rate': 1.9420289855072463e-06, 'epoch': 0.87}
{'eval_loss': 0.3331793248653412, 'eval_f1': 0.9182685349073225, 'eval_runtime': 6.6758, 'eval_samples_per_second': 114.893, 'eval_steps_per_second': 28.761, 'epoch': 1.0}
{'loss': 0.324, 'learning_rate': 1.922705314009662e-06, 'epoch': 1.16}
{'loss': 0.3335, 'learning_rate': 1.9033816425120771e-06, 'epoch': 1.45}
{'loss': 0.2667, 'learning_rate': 1.8840579710144925e-06, 'epoch': 1.74}
{'eval_loss': 0.3514598608016968, 'eval_f1': 0.9221557752334102, 'eval_runtime': 6.6701, 'eval_samples_per_second': 114.991, 'eval_steps_per_second': 28.785, 'epoch': 2.0}
{'loss': 0.2915, 'learning_rate': 1.8647342995169081e-06, 'epoch': 2.03}
{'loss': 0.233, 'learning_rate': 1.8454106280193235e-06, 'epoch': 2.32}
{'loss': 0.2434, 'learning_rate': 1.826086956521739e-06, 'epoch': 2.61}
{'loss': 0.2463, 'learning_rate': 1.8067632850241545e-06, 'epoch': 2.9}
{'eval_loss': 0.29324424266815186, 'eval_f1': 0.9309884611725551, 'eval_runtime': 6.6666, 'eval_samples_per_second': 115.052, 'eval_steps_per_second': 28.8, 'epoch': 3.0}
{'loss': 0.2265, 'learning_rate': 1.78743961352657e-06, 'epoch': 3.19}
{'loss': 0.2133, 'learning_rate': 1.7681159420289855e-06, 'epoch': 3.48}
{'loss': 0.1966, 'learning_rate': 1.748792270531401e-06, 'epoch': 3.77}
{'eval_loss': 0.3438946008682251, 'eval_f1': 0.93105494730112, 'eval_runtime': 6.6624, 'eval_samples_per_second': 115.123, 'eval_steps_per_second': 28.818, 'epoch': 4.0}
{'loss': 0.2032, 'learning_rate': 1.7294685990338163e-06, 'epoch': 4.06}
{'loss': 0.1537, 'learning_rate': 1.7101449275362317e-06, 'epoch': 4.35}
{'loss': 0.1761, 'learning_rate': 1.6908212560386471e-06, 'epoch': 4.64}
{'loss': 0.1839, 'learning_rate': 1.6714975845410628e-06, 'epoch': 4.93}
{'eval_loss': 0.4035537838935852, 'eval_f1': 0.9285925814440723, 'eval_runtime': 6.6689, 'eval_samples_per_second': 115.012, 'eval_steps_per_second': 28.79, 'epoch': 5.0}
{'loss': 0.1058, 'learning_rate': 1.6521739130434782e-06, 'epoch': 5.22}
{'loss': 0.1503, 'learning_rate': 1.6328502415458936e-06, 'epoch': 5.51}
{'loss': 0.1335, 'learning_rate': 1.6135265700483092e-06, 'epoch': 5.8}
{'eval_loss': 0.38381069898605347, 'eval_f1': 0.9284941412824239, 'eval_runtime': 6.6574, 'eval_samples_per_second': 115.21, 'eval_steps_per_second': 28.84, 'epoch': 6.0}
{'train_runtime': 1235.5867, 'train_samples_per_second': 167.532, 'train_steps_per_second': 41.883, 'train_loss': 0.23650388929578994, 'epoch': 6.0}
