Model Name: AIMH/mental-longformer-base-4096
Label Column: anxiety_label
Text Column: text
Max Length: 512
Batch Size: 32
Learning Rate: 2e-06
Number of Epochs: 30
Metric Name: eval_loss
Random State: 2
{'eval_loss': 0.43073540925979614, 'eval_f1': 0.697444000565953, 'eval_runtime': 11.2575, 'eval_samples_per_second': 68.132, 'eval_steps_per_second': 2.132, 'epoch': 1.0}
{'eval_loss': 0.25443387031555176, 'eval_f1': 0.9049320244017259, 'eval_runtime': 11.2301, 'eval_samples_per_second': 68.298, 'eval_steps_per_second': 2.137, 'epoch': 2.0}
{'loss': 0.4068, 'learning_rate': 1.8456790123456789e-06, 'epoch': 2.31}
{'eval_loss': 0.22306014597415924, 'eval_f1': 0.910931120142488, 'eval_runtime': 11.2297, 'eval_samples_per_second': 68.301, 'eval_steps_per_second': 2.137, 'epoch': 3.0}
{'eval_loss': 0.21627803146839142, 'eval_f1': 0.9127458306152828, 'eval_runtime': 11.2331, 'eval_samples_per_second': 68.28, 'eval_steps_per_second': 2.137, 'epoch': 4.0}
{'loss': 0.2128, 'learning_rate': 1.6913580246913578e-06, 'epoch': 4.63}
{'eval_loss': 0.21565645933151245, 'eval_f1': 0.9090772972291356, 'eval_runtime': 11.2423, 'eval_samples_per_second': 68.224, 'eval_steps_per_second': 2.135, 'epoch': 5.0}
{'eval_loss': 0.21871429681777954, 'eval_f1': 0.9169836192092109, 'eval_runtime': 11.2421, 'eval_samples_per_second': 68.226, 'eval_steps_per_second': 2.135, 'epoch': 6.0}
{'loss': 0.1724, 'learning_rate': 1.537037037037037e-06, 'epoch': 6.94}
{'eval_loss': 0.22342659533023834, 'eval_f1': 0.9054677908705089, 'eval_runtime': 11.2142, 'eval_samples_per_second': 68.396, 'eval_steps_per_second': 2.14, 'epoch': 7.0}
{'eval_loss': 0.22472818195819855, 'eval_f1': 0.9111388698560257, 'eval_runtime': 11.2188, 'eval_samples_per_second': 68.367, 'eval_steps_per_second': 2.139, 'epoch': 8.0}
{'train_runtime': 3684.6264, 'train_samples_per_second': 56.179, 'train_steps_per_second': 1.759, 'train_loss': 0.2498163823728208, 'epoch': 8.0}
