Model Name: AIMH/mental-bert-base-cased
Label Column: anxiety_label
Text Column: text
Max Length: 512
Batch Size: 16
Learning Rate: 2e-06
Number of Epochs: 30
Metric Name: eval_loss
Random State: 1
{'eval_loss': 0.37674349546432495, 'eval_f1': 0.802044354501627, 'eval_runtime': 6.0173, 'eval_samples_per_second': 127.466, 'eval_steps_per_second': 7.977, 'epoch': 1.0}
{'loss': 0.4436, 'learning_rate': 1.9228395061728396e-06, 'epoch': 1.16}
{'eval_loss': 0.2688009440898895, 'eval_f1': 0.8861777268556931, 'eval_runtime': 6.0093, 'eval_samples_per_second': 127.636, 'eval_steps_per_second': 7.988, 'epoch': 2.0}
{'loss': 0.2707, 'learning_rate': 1.8456790123456789e-06, 'epoch': 2.31}
{'eval_loss': 0.24987797439098358, 'eval_f1': 0.8940275387966796, 'eval_runtime': 6.0151, 'eval_samples_per_second': 127.512, 'eval_steps_per_second': 7.98, 'epoch': 3.0}
{'loss': 0.2268, 'learning_rate': 1.7685185185185186e-06, 'epoch': 3.47}
{'eval_loss': 0.24623124301433563, 'eval_f1': 0.897236037695301, 'eval_runtime': 6.0133, 'eval_samples_per_second': 127.55, 'eval_steps_per_second': 7.982, 'epoch': 4.0}
{'loss': 0.1972, 'learning_rate': 1.6913580246913578e-06, 'epoch': 4.63}
{'eval_loss': 0.25718721747398376, 'eval_f1': 0.9027175121215579, 'eval_runtime': 6.0148, 'eval_samples_per_second': 127.52, 'eval_steps_per_second': 7.98, 'epoch': 5.0}
{'loss': 0.1794, 'learning_rate': 1.6141975308641975e-06, 'epoch': 5.79}
{'eval_loss': 0.24130098521709442, 'eval_f1': 0.913689411946514, 'eval_runtime': 6.0167, 'eval_samples_per_second': 127.479, 'eval_steps_per_second': 7.978, 'epoch': 6.0}
{'loss': 0.166, 'learning_rate': 1.537037037037037e-06, 'epoch': 6.94}
{'eval_loss': 0.31182095408439636, 'eval_f1': 0.8994376933814352, 'eval_runtime': 6.0161, 'eval_samples_per_second': 127.492, 'eval_steps_per_second': 7.979, 'epoch': 7.0}
{'eval_loss': 0.27896037697792053, 'eval_f1': 0.9099360694186744, 'eval_runtime': 6.0162, 'eval_samples_per_second': 127.49, 'eval_steps_per_second': 7.978, 'epoch': 8.0}
{'loss': 0.1515, 'learning_rate': 1.4598765432098765e-06, 'epoch': 8.1}
{'eval_loss': 0.317233145236969, 'eval_f1': 0.9074212994332944, 'eval_runtime': 6.0089, 'eval_samples_per_second': 127.643, 'eval_steps_per_second': 7.988, 'epoch': 9.0}
{'train_runtime': 1506.0355, 'train_samples_per_second': 137.447, 'train_steps_per_second': 8.605, 'train_loss': 0.22406040493843488, 'epoch': 9.0}
