Model Name: AIMH/mental-roberta-large
Label Column: anxiety_label
Text Column: text
Max Length: 512
Batch Size: 4
Learning Rate: 2e-05
Number of Epochs: 30
Metric Name: eval_loss
Random State: 1
{'loss': 0.4843, 'learning_rate': 1.9806763285024154e-05, 'epoch': 0.29}
{'loss': 0.4268, 'learning_rate': 1.961352657004831e-05, 'epoch': 0.58}
{'loss': 0.4373, 'learning_rate': 1.9420289855072467e-05, 'epoch': 0.87}
{'eval_loss': 0.36820489168167114, 'eval_f1': 0.9062107820097444, 'eval_runtime': 20.9353, 'eval_samples_per_second': 36.637, 'eval_steps_per_second': 9.171, 'epoch': 1.0}
{'loss': 0.335, 'learning_rate': 1.922705314009662e-05, 'epoch': 1.16}
{'loss': 0.3112, 'learning_rate': 1.9033816425120775e-05, 'epoch': 1.45}
{'loss': 0.3611, 'learning_rate': 1.8840579710144928e-05, 'epoch': 1.74}
{'eval_loss': 0.4646241068840027, 'eval_f1': 0.9054198034515146, 'eval_runtime': 20.9639, 'eval_samples_per_second': 36.587, 'eval_steps_per_second': 9.159, 'epoch': 2.0}
{'loss': 0.3193, 'learning_rate': 1.8647342995169084e-05, 'epoch': 2.03}
{'loss': 0.2314, 'learning_rate': 1.8454106280193237e-05, 'epoch': 2.32}
{'loss': 0.2238, 'learning_rate': 1.8260869565217393e-05, 'epoch': 2.61}
{'loss': 0.2451, 'learning_rate': 1.806763285024155e-05, 'epoch': 2.9}
{'eval_loss': 0.448832243680954, 'eval_f1': 0.9080850538621345, 'eval_runtime': 20.9312, 'eval_samples_per_second': 36.644, 'eval_steps_per_second': 9.173, 'epoch': 3.0}
{'loss': 0.1957, 'learning_rate': 1.7874396135265702e-05, 'epoch': 3.19}
{'loss': 0.1426, 'learning_rate': 1.7681159420289858e-05, 'epoch': 3.48}
{'loss': 0.1426, 'learning_rate': 1.748792270531401e-05, 'epoch': 3.77}
{'eval_loss': 0.592666506767273, 'eval_f1': 0.9140080547786797, 'eval_runtime': 20.9427, 'eval_samples_per_second': 36.624, 'eval_steps_per_second': 9.168, 'epoch': 4.0}
{'train_runtime': 2580.5575, 'train_samples_per_second': 80.215, 'train_steps_per_second': 20.054, 'train_loss': 0.28792545539745384, 'epoch': 4.0}
