Model Name: AIMH/mental-longformer-base-4096
Label Column: anxiety_label
Text Column: text
Max Length: 1024
Batch Size: 8
Learning Rate: 2e-05
Number of Epochs: 30
Metric Name: eval_loss
Random State: 3
{'loss': 0.3561, 'learning_rate': 1.96137504828119e-05, 'epoch': 0.58}
{'eval_loss': 0.2785003185272217, 'eval_f1': 0.9028297989418417, 'eval_runtime': 23.5357, 'eval_samples_per_second': 32.589, 'eval_steps_per_second': 4.079, 'epoch': 1.0}
{'loss': 0.2769, 'learning_rate': 1.9227500965623796e-05, 'epoch': 1.16}
{'loss': 0.244, 'learning_rate': 1.884125144843569e-05, 'epoch': 1.74}
{'eval_loss': 0.2358863204717636, 'eval_f1': 0.9262592213986289, 'eval_runtime': 23.5329, 'eval_samples_per_second': 32.593, 'eval_steps_per_second': 4.079, 'epoch': 2.0}
{'loss': 0.1877, 'learning_rate': 1.8455001931247587e-05, 'epoch': 2.32}
{'loss': 0.1692, 'learning_rate': 1.8068752414059484e-05, 'epoch': 2.9}
{'eval_loss': 0.31579264998435974, 'eval_f1': 0.926297562922032, 'eval_runtime': 23.5229, 'eval_samples_per_second': 32.607, 'eval_steps_per_second': 4.081, 'epoch': 3.0}
{'loss': 0.0872, 'learning_rate': 1.768250289687138e-05, 'epoch': 3.48}
{'eval_loss': 0.379989355802536, 'eval_f1': 0.9319355574345501, 'eval_runtime': 23.5204, 'eval_samples_per_second': 32.61, 'eval_steps_per_second': 4.082, 'epoch': 4.0}
{'loss': 0.0854, 'learning_rate': 1.7296253379683278e-05, 'epoch': 4.06}
{'loss': 0.0596, 'learning_rate': 1.6910003862495172e-05, 'epoch': 4.63}
{'eval_loss': 0.518579363822937, 'eval_f1': 0.9277011802004502, 'eval_runtime': 23.5156, 'eval_samples_per_second': 32.617, 'eval_steps_per_second': 4.082, 'epoch': 5.0}
{'train_runtime': 4896.535, 'train_samples_per_second': 42.275, 'train_steps_per_second': 5.287, 'train_loss': 0.17417455609123786, 'epoch': 5.0}
