Model Name: AIMH/mental-bert-base-cased
Label Column: anxiety_label
Text Column: text
Max Length: 512
Batch Size: 4
Learning Rate: 2e-06
Number of Epochs: 30
Metric Name: eval_loss
Random State: 2
{'loss': 0.4946, 'learning_rate': 1.980676328502415e-06, 'epoch': 0.29}
{'loss': 0.4117, 'learning_rate': 1.9613526570048307e-06, 'epoch': 0.58}
{'loss': 0.4082, 'learning_rate': 1.9420289855072463e-06, 'epoch': 0.87}
{'eval_loss': 0.47382640838623047, 'eval_f1': 0.8888995544384216, 'eval_runtime': 6.5812, 'eval_samples_per_second': 116.544, 'eval_steps_per_second': 29.174, 'epoch': 1.0}
{'loss': 0.3841, 'learning_rate': 1.922705314009662e-06, 'epoch': 1.16}
{'loss': 0.3812, 'learning_rate': 1.9033816425120771e-06, 'epoch': 1.45}
{'loss': 0.3514, 'learning_rate': 1.8840579710144925e-06, 'epoch': 1.74}
{'eval_loss': 0.4276992678642273, 'eval_f1': 0.8953811882343347, 'eval_runtime': 6.5778, 'eval_samples_per_second': 116.604, 'eval_steps_per_second': 29.189, 'epoch': 2.0}
{'loss': 0.3591, 'learning_rate': 1.8647342995169081e-06, 'epoch': 2.03}
{'loss': 0.323, 'learning_rate': 1.8454106280193235e-06, 'epoch': 2.32}
{'loss': 0.3364, 'learning_rate': 1.826086956521739e-06, 'epoch': 2.61}
{'loss': 0.3362, 'learning_rate': 1.8067632850241545e-06, 'epoch': 2.9}
{'eval_loss': 0.41311609745025635, 'eval_f1': 0.88951722931488, 'eval_runtime': 6.573, 'eval_samples_per_second': 116.689, 'eval_steps_per_second': 29.21, 'epoch': 3.0}
{'loss': 0.3061, 'learning_rate': 1.78743961352657e-06, 'epoch': 3.19}
{'loss': 0.2842, 'learning_rate': 1.7681159420289855e-06, 'epoch': 3.48}
{'loss': 0.2687, 'learning_rate': 1.748792270531401e-06, 'epoch': 3.77}
{'eval_loss': 0.4145548343658447, 'eval_f1': 0.9036552425857187, 'eval_runtime': 6.5766, 'eval_samples_per_second': 116.626, 'eval_steps_per_second': 29.195, 'epoch': 4.0}
{'loss': 0.297, 'learning_rate': 1.7294685990338163e-06, 'epoch': 4.06}
{'loss': 0.2553, 'learning_rate': 1.7101449275362317e-06, 'epoch': 4.35}
{'loss': 0.2603, 'learning_rate': 1.6908212560386471e-06, 'epoch': 4.64}
{'loss': 0.2666, 'learning_rate': 1.6714975845410628e-06, 'epoch': 4.93}
{'eval_loss': 0.4711875319480896, 'eval_f1': 0.9063691794142901, 'eval_runtime': 6.5749, 'eval_samples_per_second': 116.656, 'eval_steps_per_second': 29.202, 'epoch': 5.0}
{'loss': 0.2128, 'learning_rate': 1.6521739130434782e-06, 'epoch': 5.22}
{'loss': 0.1868, 'learning_rate': 1.6328502415458936e-06, 'epoch': 5.51}
{'loss': 0.2281, 'learning_rate': 1.6135265700483092e-06, 'epoch': 5.8}
{'eval_loss': 0.4175092875957489, 'eval_f1': 0.9102848615595156, 'eval_runtime': 6.5744, 'eval_samples_per_second': 116.664, 'eval_steps_per_second': 29.204, 'epoch': 6.0}
{'train_runtime': 1216.0607, 'train_samples_per_second': 170.222, 'train_steps_per_second': 42.555, 'train_loss': 0.3145522024550876, 'epoch': 6.0}
