Model Name: AIMH/mental-xlnet-base-cased
Label Column: anxiety_label
Text Column: text
Max Length: 512
Batch Size: 4
Learning Rate: 2e-05
Number of Epochs: 30
Metric Name: eval_loss
Random State: 3
{'loss': 0.4775, 'learning_rate': 1.9806763285024154e-05, 'epoch': 0.29}
{'loss': 0.4003, 'learning_rate': 1.961352657004831e-05, 'epoch': 0.58}
{'loss': 0.4235, 'learning_rate': 1.9420289855072467e-05, 'epoch': 0.87}
{'eval_loss': 0.34717023372650146, 'eval_f1': 0.9185895883040697, 'eval_runtime': 11.3688, 'eval_samples_per_second': 67.465, 'eval_steps_per_second': 16.888, 'epoch': 1.0}
{'loss': 0.3191, 'learning_rate': 1.922705314009662e-05, 'epoch': 1.16}
{'loss': 0.3173, 'learning_rate': 1.9033816425120775e-05, 'epoch': 1.45}
{'loss': 0.3069, 'learning_rate': 1.8840579710144928e-05, 'epoch': 1.74}
{'eval_loss': 0.4395187795162201, 'eval_f1': 0.9139212308257184, 'eval_runtime': 11.3265, 'eval_samples_per_second': 67.717, 'eval_steps_per_second': 16.951, 'epoch': 2.0}
{'loss': 0.2799, 'learning_rate': 1.8647342995169084e-05, 'epoch': 2.03}
{'loss': 0.1919, 'learning_rate': 1.8454106280193237e-05, 'epoch': 2.32}
{'loss': 0.1793, 'learning_rate': 1.8260869565217393e-05, 'epoch': 2.61}
{'loss': 0.1705, 'learning_rate': 1.806763285024155e-05, 'epoch': 2.9}
{'eval_loss': 0.4623602032661438, 'eval_f1': 0.9086240757996088, 'eval_runtime': 11.334, 'eval_samples_per_second': 67.672, 'eval_steps_per_second': 16.94, 'epoch': 3.0}
{'loss': 0.1469, 'learning_rate': 1.7874396135265702e-05, 'epoch': 3.19}
{'loss': 0.067, 'learning_rate': 1.7681159420289858e-05, 'epoch': 3.48}
{'loss': 0.0892, 'learning_rate': 1.748792270531401e-05, 'epoch': 3.77}
{'eval_loss': 0.472788542509079, 'eval_f1': 0.9231642389000251, 'eval_runtime': 11.3241, 'eval_samples_per_second': 67.731, 'eval_steps_per_second': 16.955, 'epoch': 4.0}
{'train_runtime': 1275.0349, 'train_samples_per_second': 162.348, 'train_steps_per_second': 40.587, 'train_loss': 0.25275817097097203, 'epoch': 4.0}
