Model Name: AIMH/mental-bert-base-cased
Label Column: depression_label
Text Column: text
Max Length: 512
Batch Size: 32
Learning Rate: 2e-06
Number of Epochs: 30
Metric Name: eval_loss
Random State: 1
{'eval_loss': 0.3213580548763275, 'eval_f1': 0.8586350767206903, 'eval_runtime': 5.8775, 'eval_samples_per_second': 130.497, 'eval_steps_per_second': 4.083, 'epoch': 1.0}
{'eval_loss': 0.22198836505413055, 'eval_f1': 0.9156633355996681, 'eval_runtime': 5.883, 'eval_samples_per_second': 130.375, 'eval_steps_per_second': 4.08, 'epoch': 2.0}
{'loss': 0.3547, 'learning_rate': 1.8456790123456789e-06, 'epoch': 2.31}
{'eval_loss': 0.183655247092247, 'eval_f1': 0.923148960296153, 'eval_runtime': 5.8836, 'eval_samples_per_second': 130.363, 'eval_steps_per_second': 4.079, 'epoch': 3.0}
{'eval_loss': 0.17847463488578796, 'eval_f1': 0.9323455299398438, 'eval_runtime': 5.8798, 'eval_samples_per_second': 130.447, 'eval_steps_per_second': 4.082, 'epoch': 4.0}
{'loss': 0.1886, 'learning_rate': 1.6913580246913578e-06, 'epoch': 4.63}
{'eval_loss': 0.1830420196056366, 'eval_f1': 0.931161467740553, 'eval_runtime': 5.8744, 'eval_samples_per_second': 130.567, 'eval_steps_per_second': 4.086, 'epoch': 5.0}
{'eval_loss': 0.20530201494693756, 'eval_f1': 0.9286282905476679, 'eval_runtime': 5.8823, 'eval_samples_per_second': 130.391, 'eval_steps_per_second': 4.08, 'epoch': 6.0}
{'loss': 0.1428, 'learning_rate': 1.537037037037037e-06, 'epoch': 6.94}
{'eval_loss': 0.2036050707101822, 'eval_f1': 0.9299207248273829, 'eval_runtime': 5.8799, 'eval_samples_per_second': 130.443, 'eval_steps_per_second': 4.082, 'epoch': 7.0}
{'train_runtime': 1114.603, 'train_samples_per_second': 185.716, 'train_steps_per_second': 5.814, 'train_loss': 0.2277519016196488, 'epoch': 7.0}
