Model Name: AIMH/mental-longformer-base-4096
Label Column: depression_label
Text Column: text
Max Length: 512
Batch Size: 32
Learning Rate: 2e-06
Number of Epochs: 30
Metric Name: eval_loss
Random State: 3
{'eval_loss': 0.43374374508857727, 'eval_f1': 0.8097547585079754, 'eval_runtime': 11.1457, 'eval_samples_per_second': 68.816, 'eval_steps_per_second': 2.153, 'epoch': 1.0}
{'eval_loss': 0.25627413392066956, 'eval_f1': 0.902749708993882, 'eval_runtime': 11.1474, 'eval_samples_per_second': 68.805, 'eval_steps_per_second': 2.153, 'epoch': 2.0}
{'loss': 0.4398, 'learning_rate': 1.8456790123456789e-06, 'epoch': 2.31}
{'eval_loss': 0.16691797971725464, 'eval_f1': 0.9336362707968079, 'eval_runtime': 11.1468, 'eval_samples_per_second': 68.809, 'eval_steps_per_second': 2.153, 'epoch': 3.0}
{'eval_loss': 0.16070598363876343, 'eval_f1': 0.9362387699812468, 'eval_runtime': 11.1462, 'eval_samples_per_second': 68.813, 'eval_steps_per_second': 2.153, 'epoch': 4.0}
{'loss': 0.177, 'learning_rate': 1.6913580246913578e-06, 'epoch': 4.63}
{'eval_loss': 0.16964980959892273, 'eval_f1': 0.9376193306873835, 'eval_runtime': 11.1442, 'eval_samples_per_second': 68.825, 'eval_steps_per_second': 2.154, 'epoch': 5.0}
{'eval_loss': 0.18562734127044678, 'eval_f1': 0.9311758234322725, 'eval_runtime': 11.1508, 'eval_samples_per_second': 68.784, 'eval_steps_per_second': 2.152, 'epoch': 6.0}
{'loss': 0.1371, 'learning_rate': 1.537037037037037e-06, 'epoch': 6.94}
{'eval_loss': 0.19623076915740967, 'eval_f1': 0.9337591482031737, 'eval_runtime': 11.1458, 'eval_samples_per_second': 68.815, 'eval_steps_per_second': 2.153, 'epoch': 7.0}
{'train_runtime': 3215.005, 'train_samples_per_second': 64.386, 'train_steps_per_second': 2.016, 'train_loss': 0.25017474836142606, 'epoch': 7.0}
