Model Name: AIMH/mental-bert-large-cased
Label Column: depression_label
Text Column: text
Max Length: 512
Batch Size: 8
Learning Rate: 2e-06
Number of Epochs: 30
Metric Name: eval_loss
Random State: 2
{'loss': 0.3764, 'learning_rate': 1.9613750482811896e-06, 'epoch': 0.58}
{'eval_loss': 0.30583229660987854, 'eval_f1': 0.9131217716445309, 'eval_runtime': 19.7529, 'eval_samples_per_second': 38.83, 'eval_steps_per_second': 4.86, 'epoch': 1.0}
{'loss': 0.2522, 'learning_rate': 1.9227500965623793e-06, 'epoch': 1.16}
{'loss': 0.2175, 'learning_rate': 1.8841251448435688e-06, 'epoch': 1.74}
{'eval_loss': 0.2436223030090332, 'eval_f1': 0.9325162535374798, 'eval_runtime': 19.7512, 'eval_samples_per_second': 38.833, 'eval_steps_per_second': 4.86, 'epoch': 2.0}
{'loss': 0.1905, 'learning_rate': 1.8455001931247585e-06, 'epoch': 2.32}
{'loss': 0.1727, 'learning_rate': 1.8068752414059483e-06, 'epoch': 2.9}
{'eval_loss': 0.23026292026042938, 'eval_f1': 0.9439695271653482, 'eval_runtime': 19.7733, 'eval_samples_per_second': 38.79, 'eval_steps_per_second': 4.855, 'epoch': 3.0}
{'loss': 0.1592, 'learning_rate': 1.7682502896871378e-06, 'epoch': 3.48}
{'eval_loss': 0.29027408361434937, 'eval_f1': 0.9426336375488917, 'eval_runtime': 19.7554, 'eval_samples_per_second': 38.825, 'eval_steps_per_second': 4.859, 'epoch': 4.0}
{'loss': 0.1294, 'learning_rate': 1.7296253379683275e-06, 'epoch': 4.06}
{'loss': 0.1127, 'learning_rate': 1.691000386249517e-06, 'epoch': 4.63}
{'eval_loss': 0.3471265137195587, 'eval_f1': 0.9363824816501732, 'eval_runtime': 19.7833, 'eval_samples_per_second': 38.77, 'eval_steps_per_second': 4.853, 'epoch': 5.0}
{'loss': 0.0906, 'learning_rate': 1.6523754345307069e-06, 'epoch': 5.21}
{'loss': 0.0851, 'learning_rate': 1.6137504828118964e-06, 'epoch': 5.79}
{'eval_loss': 0.3729207515716553, 'eval_f1': 0.9337591482031737, 'eval_runtime': 19.7452, 'eval_samples_per_second': 38.845, 'eval_steps_per_second': 4.862, 'epoch': 6.0}
{'train_runtime': 3396.9881, 'train_samples_per_second': 60.936, 'train_steps_per_second': 7.621, 'train_loss': 0.17508406931942336, 'epoch': 6.0}
