Model Name: AIMH/mental-xlnet-base-cased
Label Column: depression_label
Text Column: text
Max Length: 512
Batch Size: 16
Learning Rate: 2e-06
Number of Epochs: 30
Metric Name: eval_loss
Random State: 2
{'eval_loss': 0.22538292407989502, 'eval_f1': 0.9182981381450168, 'eval_runtime': 17.2705, 'eval_samples_per_second': 44.411, 'eval_steps_per_second': 2.779, 'epoch': 1.0}
{'loss': 0.3394, 'learning_rate': 1.9228395061728396e-06, 'epoch': 1.16}
{'eval_loss': 0.17773930728435516, 'eval_f1': 0.9415757484542409, 'eval_runtime': 17.284, 'eval_samples_per_second': 44.376, 'eval_steps_per_second': 2.777, 'epoch': 2.0}
{'loss': 0.1806, 'learning_rate': 1.8456790123456789e-06, 'epoch': 2.31}
{'eval_loss': 0.16688525676727295, 'eval_f1': 0.9492512659034413, 'eval_runtime': 17.2377, 'eval_samples_per_second': 44.496, 'eval_steps_per_second': 2.785, 'epoch': 3.0}
{'loss': 0.1723, 'learning_rate': 1.7685185185185186e-06, 'epoch': 3.47}
{'eval_loss': 0.17363236844539642, 'eval_f1': 0.9453208812054583, 'eval_runtime': 17.2315, 'eval_samples_per_second': 44.512, 'eval_steps_per_second': 2.786, 'epoch': 4.0}
{'loss': 0.1502, 'learning_rate': 1.6913580246913578e-06, 'epoch': 4.63}
{'eval_loss': 0.19179917871952057, 'eval_f1': 0.9467097404236953, 'eval_runtime': 17.2672, 'eval_samples_per_second': 44.42, 'eval_steps_per_second': 2.78, 'epoch': 5.0}
{'loss': 0.1324, 'learning_rate': 1.6141975308641975e-06, 'epoch': 5.79}
{'eval_loss': 0.21291583776474, 'eval_f1': 0.9441615171242965, 'eval_runtime': 17.2636, 'eval_samples_per_second': 44.429, 'eval_steps_per_second': 2.78, 'epoch': 6.0}
{'train_runtime': 2072.4608, 'train_samples_per_second': 99.881, 'train_steps_per_second': 6.253, 'train_loss': 0.19365154225149273, 'epoch': 6.0}
