Model Name: AIMH/mental-bert-large-cased
Label Column: depression_label
Text Column: text
Max Length: 512
Batch Size: 8
Learning Rate: 2e-05
Number of Epochs: 30
Metric Name: eval_loss
Random State: 3
{'loss': 0.3105, 'learning_rate': 1.96137504828119e-05, 'epoch': 0.58}
{'eval_loss': 0.29142460227012634, 'eval_f1': 0.9286054798570924, 'eval_runtime': 19.7546, 'eval_samples_per_second': 38.826, 'eval_steps_per_second': 4.86, 'epoch': 1.0}
{'loss': 0.2707, 'learning_rate': 1.9227500965623796e-05, 'epoch': 1.16}
{'loss': 0.1721, 'learning_rate': 1.884125144843569e-05, 'epoch': 1.74}
{'eval_loss': 0.273671418428421, 'eval_f1': 0.9273737098977923, 'eval_runtime': 19.7668, 'eval_samples_per_second': 38.802, 'eval_steps_per_second': 4.857, 'epoch': 2.0}
{'loss': 0.1282, 'learning_rate': 1.8455001931247587e-05, 'epoch': 2.32}
{'loss': 0.1076, 'learning_rate': 1.8068752414059484e-05, 'epoch': 2.9}
{'eval_loss': 0.2592143714427948, 'eval_f1': 0.9286173821737436, 'eval_runtime': 19.8008, 'eval_samples_per_second': 38.736, 'eval_steps_per_second': 4.848, 'epoch': 3.0}
{'loss': 0.0638, 'learning_rate': 1.768250289687138e-05, 'epoch': 3.48}
{'eval_loss': 0.43570229411125183, 'eval_f1': 0.9363824816501732, 'eval_runtime': 19.7868, 'eval_samples_per_second': 38.763, 'eval_steps_per_second': 4.852, 'epoch': 4.0}
{'loss': 0.0522, 'learning_rate': 1.7296253379683278e-05, 'epoch': 4.06}
{'loss': 0.0145, 'learning_rate': 1.6910003862495172e-05, 'epoch': 4.63}
{'eval_loss': 0.5340996980667114, 'eval_f1': 0.9246904357139304, 'eval_runtime': 19.7677, 'eval_samples_per_second': 38.801, 'eval_steps_per_second': 4.856, 'epoch': 5.0}
{'loss': 0.0217, 'learning_rate': 1.652375434530707e-05, 'epoch': 5.21}
{'loss': 0.025, 'learning_rate': 1.6137504828118966e-05, 'epoch': 5.79}
{'eval_loss': 0.4949617385864258, 'eval_f1': 0.9309391846456618, 'eval_runtime': 19.7164, 'eval_samples_per_second': 38.902, 'eval_steps_per_second': 4.869, 'epoch': 6.0}
{'train_runtime': 3371.8859, 'train_samples_per_second': 61.39, 'train_steps_per_second': 7.678, 'train_loss': 0.1137269610555626, 'epoch': 6.0}
