Model Name: AIMH/mental-bert-base-cased
Label Column: depression_label
Text Column: text
Max Length: 512
Batch Size: 4
Learning Rate: 2e-06
Number of Epochs: 30
Metric Name: eval_loss
Random State: 3
{'loss': 0.4661, 'learning_rate': 1.980676328502415e-06, 'epoch': 0.29}
{'loss': 0.3229, 'learning_rate': 1.9613526570048307e-06, 'epoch': 0.58}
{'loss': 0.3247, 'learning_rate': 1.9420289855072463e-06, 'epoch': 0.87}
{'eval_loss': 0.351780503988266, 'eval_f1': 0.9118208343626967, 'eval_runtime': 6.661, 'eval_samples_per_second': 115.148, 'eval_steps_per_second': 28.825, 'epoch': 1.0}
{'loss': 0.3224, 'learning_rate': 1.922705314009662e-06, 'epoch': 1.16}
{'loss': 0.3278, 'learning_rate': 1.9033816425120771e-06, 'epoch': 1.45}
{'loss': 0.2562, 'learning_rate': 1.8840579710144925e-06, 'epoch': 1.74}
{'eval_loss': 0.3749053180217743, 'eval_f1': 0.916998525597477, 'eval_runtime': 6.6509, 'eval_samples_per_second': 115.322, 'eval_steps_per_second': 28.868, 'epoch': 2.0}
{'loss': 0.2875, 'learning_rate': 1.8647342995169081e-06, 'epoch': 2.03}
{'loss': 0.2279, 'learning_rate': 1.8454106280193235e-06, 'epoch': 2.32}
{'loss': 0.2438, 'learning_rate': 1.826086956521739e-06, 'epoch': 2.61}
{'loss': 0.2459, 'learning_rate': 1.8067632850241545e-06, 'epoch': 2.9}
{'eval_loss': 0.2911822199821472, 'eval_f1': 0.9270695251302629, 'eval_runtime': 6.6639, 'eval_samples_per_second': 115.097, 'eval_steps_per_second': 28.812, 'epoch': 3.0}
{'loss': 0.2283, 'learning_rate': 1.78743961352657e-06, 'epoch': 3.19}
{'loss': 0.2113, 'learning_rate': 1.7681159420289855e-06, 'epoch': 3.48}
{'loss': 0.2041, 'learning_rate': 1.748792270531401e-06, 'epoch': 3.77}
{'eval_loss': 0.3528901934623718, 'eval_f1': 0.9297645093299645, 'eval_runtime': 6.658, 'eval_samples_per_second': 115.201, 'eval_steps_per_second': 28.838, 'epoch': 4.0}
{'loss': 0.2013, 'learning_rate': 1.7294685990338163e-06, 'epoch': 4.06}
{'loss': 0.1605, 'learning_rate': 1.7101449275362317e-06, 'epoch': 4.35}
{'loss': 0.1682, 'learning_rate': 1.6908212560386471e-06, 'epoch': 4.64}
{'loss': 0.1826, 'learning_rate': 1.6714975845410628e-06, 'epoch': 4.93}
{'eval_loss': 0.39537444710731506, 'eval_f1': 0.9312131137310622, 'eval_runtime': 6.6575, 'eval_samples_per_second': 115.208, 'eval_steps_per_second': 28.84, 'epoch': 5.0}
{'loss': 0.1052, 'learning_rate': 1.6521739130434782e-06, 'epoch': 5.22}
{'loss': 0.1526, 'learning_rate': 1.6328502415458936e-06, 'epoch': 5.51}
{'loss': 0.122, 'learning_rate': 1.6135265700483092e-06, 'epoch': 5.8}
{'eval_loss': 0.38666337728500366, 'eval_f1': 0.9298700637414005, 'eval_runtime': 6.6626, 'eval_samples_per_second': 115.12, 'eval_steps_per_second': 28.817, 'epoch': 6.0}
{'train_runtime': 1241.1872, 'train_samples_per_second': 166.776, 'train_steps_per_second': 41.694, 'train_loss': 0.23366134274984904, 'epoch': 6.0}
