Model Name: AIMH/mental-longformer-base-4096
Label Column: anxiety_label
Text Column: text
Max Length: 1024
Batch Size: 16
Learning Rate: 2e-06
Number of Epochs: 30
Metric Name: eval_loss
Random State: 1
{'eval_loss': 0.42366352677345276, 'eval_f1': 0.7052699923415615, 'eval_runtime': 22.6083, 'eval_samples_per_second': 33.926, 'eval_steps_per_second': 2.123, 'epoch': 1.0}
{'loss': 0.4846, 'learning_rate': 1.9228395061728396e-06, 'epoch': 1.16}
{'eval_loss': 0.26093465089797974, 'eval_f1': 0.895654363696532, 'eval_runtime': 22.5968, 'eval_samples_per_second': 33.943, 'eval_steps_per_second': 2.124, 'epoch': 2.0}
{'loss': 0.2954, 'learning_rate': 1.8456790123456789e-06, 'epoch': 2.31}
{'eval_loss': 0.2435285598039627, 'eval_f1': 0.9021972222439086, 'eval_runtime': 22.5841, 'eval_samples_per_second': 33.962, 'eval_steps_per_second': 2.125, 'epoch': 3.0}
{'loss': 0.2384, 'learning_rate': 1.7685185185185186e-06, 'epoch': 3.47}
{'eval_loss': 0.2354472130537033, 'eval_f1': 0.9103433511191394, 'eval_runtime': 22.6041, 'eval_samples_per_second': 33.932, 'eval_steps_per_second': 2.124, 'epoch': 4.0}
{'loss': 0.2091, 'learning_rate': 1.6913580246913578e-06, 'epoch': 4.63}
{'eval_loss': 0.2669830918312073, 'eval_f1': 0.9083801413830713, 'eval_runtime': 22.5944, 'eval_samples_per_second': 33.947, 'eval_steps_per_second': 2.124, 'epoch': 5.0}
{'loss': 0.188, 'learning_rate': 1.6141975308641975e-06, 'epoch': 5.79}
{'eval_loss': 0.26924148201942444, 'eval_f1': 0.9053468508274944, 'eval_runtime': 22.5711, 'eval_samples_per_second': 33.982, 'eval_steps_per_second': 2.127, 'epoch': 6.0}
{'loss': 0.1815, 'learning_rate': 1.537037037037037e-06, 'epoch': 6.94}
{'eval_loss': 0.28834086656570435, 'eval_f1': 0.9169222175968873, 'eval_runtime': 22.5843, 'eval_samples_per_second': 33.962, 'eval_steps_per_second': 2.125, 'epoch': 7.0}
{'train_runtime': 6669.9673, 'train_samples_per_second': 31.035, 'train_steps_per_second': 1.943, 'train_loss': 0.26558869304480376, 'epoch': 7.0}
