Model Name: AIMH/mental-bert-large-cased
Label Column: anxiety_label
Text Column: text
Max Length: 512
Batch Size: 4
Learning Rate: 2e-06
Number of Epochs: 30
Metric Name: eval_loss
Random State: 1
{'loss': 0.4739, 'learning_rate': 1.980676328502415e-06, 'epoch': 0.29}
{'loss': 0.3661, 'learning_rate': 1.9613526570048307e-06, 'epoch': 0.58}
{'loss': 0.3895, 'learning_rate': 1.9420289855072463e-06, 'epoch': 0.87}
{'eval_loss': 0.45408836007118225, 'eval_f1': 0.8880648160606511, 'eval_runtime': 21.1557, 'eval_samples_per_second': 36.255, 'eval_steps_per_second': 9.076, 'epoch': 1.0}
{'loss': 0.3243, 'learning_rate': 1.922705314009662e-06, 'epoch': 1.16}
{'loss': 0.3336, 'learning_rate': 1.9033816425120771e-06, 'epoch': 1.45}
{'loss': 0.319, 'learning_rate': 1.8840579710144925e-06, 'epoch': 1.74}
{'eval_loss': 0.34776771068573, 'eval_f1': 0.9153504326864683, 'eval_runtime': 21.2196, 'eval_samples_per_second': 36.146, 'eval_steps_per_second': 9.048, 'epoch': 2.0}
{'loss': 0.3147, 'learning_rate': 1.8647342995169081e-06, 'epoch': 2.03}
{'loss': 0.2503, 'learning_rate': 1.8454106280193235e-06, 'epoch': 2.32}
{'loss': 0.2595, 'learning_rate': 1.826086956521739e-06, 'epoch': 2.61}
{'loss': 0.2721, 'learning_rate': 1.8067632850241545e-06, 'epoch': 2.9}
{'eval_loss': 0.363364577293396, 'eval_f1': 0.9119268922441849, 'eval_runtime': 21.1827, 'eval_samples_per_second': 36.209, 'eval_steps_per_second': 9.064, 'epoch': 3.0}
{'loss': 0.2298, 'learning_rate': 1.78743961352657e-06, 'epoch': 3.19}
{'loss': 0.2118, 'learning_rate': 1.7681159420289855e-06, 'epoch': 3.48}
{'loss': 0.1707, 'learning_rate': 1.748792270531401e-06, 'epoch': 3.77}
{'eval_loss': 0.4320586323738098, 'eval_f1': 0.9117127378891609, 'eval_runtime': 21.1874, 'eval_samples_per_second': 36.201, 'eval_steps_per_second': 9.062, 'epoch': 4.0}
{'loss': 0.1905, 'learning_rate': 1.7294685990338163e-06, 'epoch': 4.06}
{'loss': 0.1684, 'learning_rate': 1.7101449275362317e-06, 'epoch': 4.35}
{'loss': 0.163, 'learning_rate': 1.6908212560386471e-06, 'epoch': 4.64}
{'loss': 0.1516, 'learning_rate': 1.6714975845410628e-06, 'epoch': 4.93}
{'eval_loss': 0.48449134826660156, 'eval_f1': 0.919012558830075, 'eval_runtime': 21.192, 'eval_samples_per_second': 36.193, 'eval_steps_per_second': 9.06, 'epoch': 5.0}
{'train_runtime': 3201.5328, 'train_samples_per_second': 64.657, 'train_steps_per_second': 16.164, 'train_loss': 0.2679900629900504, 'epoch': 5.0}
