Model Name: AIMH/mental-xlnet-base-cased
Label Column: anxiety_label
Text Column: text
Max Length: 512
Batch Size: 4
Learning Rate: 2e-05
Number of Epochs: 30
Metric Name: eval_loss
Random State: 1
{'loss': 0.4669, 'learning_rate': 1.9806763285024154e-05, 'epoch': 0.29}
{'loss': 0.3842, 'learning_rate': 1.961352657004831e-05, 'epoch': 0.58}
{'loss': 0.4111, 'learning_rate': 1.9420289855072467e-05, 'epoch': 0.87}
{'eval_loss': 0.32365044951438904, 'eval_f1': 0.9236653330263904, 'eval_runtime': 11.7822, 'eval_samples_per_second': 65.098, 'eval_steps_per_second': 16.296, 'epoch': 1.0}
{'loss': 0.3203, 'learning_rate': 1.922705314009662e-05, 'epoch': 1.16}
{'loss': 0.2909, 'learning_rate': 1.9033816425120775e-05, 'epoch': 1.45}
{'loss': 0.3059, 'learning_rate': 1.8840579710144928e-05, 'epoch': 1.74}
{'eval_loss': 0.42254605889320374, 'eval_f1': 0.9167785812199138, 'eval_runtime': 11.8074, 'eval_samples_per_second': 64.959, 'eval_steps_per_second': 16.261, 'epoch': 2.0}
{'loss': 0.2711, 'learning_rate': 1.8647342995169084e-05, 'epoch': 2.03}
{'loss': 0.1699, 'learning_rate': 1.8454106280193237e-05, 'epoch': 2.32}
{'loss': 0.16, 'learning_rate': 1.8260869565217393e-05, 'epoch': 2.61}
{'loss': 0.168, 'learning_rate': 1.806763285024155e-05, 'epoch': 2.9}
{'eval_loss': 0.37439313530921936, 'eval_f1': 0.9205596368288397, 'eval_runtime': 11.798, 'eval_samples_per_second': 65.011, 'eval_steps_per_second': 16.274, 'epoch': 3.0}
{'loss': 0.1353, 'learning_rate': 1.7874396135265702e-05, 'epoch': 3.19}
{'loss': 0.0817, 'learning_rate': 1.7681159420289858e-05, 'epoch': 3.48}
{'loss': 0.1178, 'learning_rate': 1.748792270531401e-05, 'epoch': 3.77}
{'eval_loss': 0.45877930521965027, 'eval_f1': 0.9277841309028184, 'eval_runtime': 11.7906, 'eval_samples_per_second': 65.052, 'eval_steps_per_second': 16.284, 'epoch': 4.0}
{'train_runtime': 1304.1915, 'train_samples_per_second': 158.719, 'train_steps_per_second': 39.68, 'train_loss': 0.24556041993956634, 'epoch': 4.0}
