Model Name: AIMH/mental-xlnet-base-cased
Label Column: anxiety_label
Text Column: text
Max Length: 512
Batch Size: 4
Learning Rate: 2e-06
Number of Epochs: 30
Metric Name: eval_loss
Random State: 3
{'loss': 0.5163, 'learning_rate': 1.980676328502415e-06, 'epoch': 0.29}
{'loss': 0.3727, 'learning_rate': 1.9613526570048307e-06, 'epoch': 0.58}
{'loss': 0.4102, 'learning_rate': 1.9420289855072463e-06, 'epoch': 0.87}
{'eval_loss': 0.5392091870307922, 'eval_f1': 0.9035225752738046, 'eval_runtime': 11.6935, 'eval_samples_per_second': 65.592, 'eval_steps_per_second': 16.419, 'epoch': 1.0}
{'loss': 0.3588, 'learning_rate': 1.922705314009662e-06, 'epoch': 1.16}
{'loss': 0.391, 'learning_rate': 1.9033816425120771e-06, 'epoch': 1.45}
{'loss': 0.3902, 'learning_rate': 1.8840579710144925e-06, 'epoch': 1.74}
{'eval_loss': 0.4143483340740204, 'eval_f1': 0.9127458306152828, 'eval_runtime': 11.7273, 'eval_samples_per_second': 65.403, 'eval_steps_per_second': 16.372, 'epoch': 2.0}
{'loss': 0.3752, 'learning_rate': 1.8647342995169081e-06, 'epoch': 2.03}
{'loss': 0.3115, 'learning_rate': 1.8454106280193235e-06, 'epoch': 2.32}
{'loss': 0.3317, 'learning_rate': 1.826086956521739e-06, 'epoch': 2.61}
{'loss': 0.3175, 'learning_rate': 1.8067632850241545e-06, 'epoch': 2.9}
{'eval_loss': 0.42536577582359314, 'eval_f1': 0.9132512006518776, 'eval_runtime': 11.7864, 'eval_samples_per_second': 65.075, 'eval_steps_per_second': 16.29, 'epoch': 3.0}
{'loss': 0.3101, 'learning_rate': 1.78743961352657e-06, 'epoch': 3.19}
{'loss': 0.3, 'learning_rate': 1.7681159420289855e-06, 'epoch': 3.48}
{'loss': 0.2656, 'learning_rate': 1.748792270531401e-06, 'epoch': 3.77}
{'eval_loss': 0.4395165741443634, 'eval_f1': 0.9153520414768926, 'eval_runtime': 11.7413, 'eval_samples_per_second': 65.325, 'eval_steps_per_second': 16.353, 'epoch': 4.0}
{'loss': 0.2732, 'learning_rate': 1.7294685990338163e-06, 'epoch': 4.06}
{'loss': 0.2721, 'learning_rate': 1.7101449275362317e-06, 'epoch': 4.35}
{'loss': 0.2675, 'learning_rate': 1.6908212560386471e-06, 'epoch': 4.64}
{'loss': 0.2439, 'learning_rate': 1.6714975845410628e-06, 'epoch': 4.93}
{'eval_loss': 0.49592357873916626, 'eval_f1': 0.9163572328900773, 'eval_runtime': 11.7145, 'eval_samples_per_second': 65.475, 'eval_steps_per_second': 16.39, 'epoch': 5.0}
{'train_runtime': 1621.7369, 'train_samples_per_second': 127.641, 'train_steps_per_second': 31.91, 'train_loss': 0.3340057667165563, 'epoch': 5.0}
