Model Name: AIMH/mental-xlnet-base-cased
Label Column: anxiety_label
Text Column: text
Max Length: 512
Batch Size: 4
Learning Rate: 2e-05
Number of Epochs: 30
Metric Name: eval_loss
Random State: 2
{'loss': 0.4581, 'learning_rate': 1.9806763285024154e-05, 'epoch': 0.29}
{'loss': 0.4053, 'learning_rate': 1.961352657004831e-05, 'epoch': 0.58}
{'loss': 0.4208, 'learning_rate': 1.9420289855072467e-05, 'epoch': 0.87}
{'eval_loss': 0.3689519166946411, 'eval_f1': 0.9023688199324138, 'eval_runtime': 11.7488, 'eval_samples_per_second': 65.283, 'eval_steps_per_second': 16.342, 'epoch': 1.0}
{'loss': 0.3269, 'learning_rate': 1.922705314009662e-05, 'epoch': 1.16}
{'loss': 0.308, 'learning_rate': 1.9033816425120775e-05, 'epoch': 1.45}
{'loss': 0.3112, 'learning_rate': 1.8840579710144928e-05, 'epoch': 1.74}
{'eval_loss': 0.4064253568649292, 'eval_f1': 0.9076461810171483, 'eval_runtime': 11.7646, 'eval_samples_per_second': 65.195, 'eval_steps_per_second': 16.32, 'epoch': 2.0}
{'loss': 0.2712, 'learning_rate': 1.8647342995169084e-05, 'epoch': 2.03}
{'loss': 0.1844, 'learning_rate': 1.8454106280193237e-05, 'epoch': 2.32}
{'loss': 0.1848, 'learning_rate': 1.8260869565217393e-05, 'epoch': 2.61}
{'loss': 0.1725, 'learning_rate': 1.806763285024155e-05, 'epoch': 2.9}
{'eval_loss': 0.39245110750198364, 'eval_f1': 0.9298126959040474, 'eval_runtime': 11.7993, 'eval_samples_per_second': 65.004, 'eval_steps_per_second': 16.272, 'epoch': 3.0}
{'loss': 0.1271, 'learning_rate': 1.7874396135265702e-05, 'epoch': 3.19}
{'loss': 0.0676, 'learning_rate': 1.7681159420289858e-05, 'epoch': 3.48}
{'loss': 0.1129, 'learning_rate': 1.748792270531401e-05, 'epoch': 3.77}
{'eval_loss': 0.5068052411079407, 'eval_f1': 0.9185895883040697, 'eval_runtime': 11.7547, 'eval_samples_per_second': 65.25, 'eval_steps_per_second': 16.334, 'epoch': 4.0}
{'train_runtime': 1298.5726, 'train_samples_per_second': 159.406, 'train_steps_per_second': 39.851, 'train_loss': 0.25254106659820114, 'epoch': 4.0}
