Model Name: AIMH/mental-bert-base-cased
Label Column: depression_label
Text Column: text
Max Length: 512
Batch Size: 4
Learning Rate: 2e-05
Number of Epochs: 30
Metric Name: eval_loss
Random State: 3
{'loss': 0.4157, 'learning_rate': 1.9806763285024154e-05, 'epoch': 0.29}
{'loss': 0.323, 'learning_rate': 1.961352657004831e-05, 'epoch': 0.58}
{'loss': 0.3372, 'learning_rate': 1.9420289855072467e-05, 'epoch': 0.87}
{'eval_loss': 0.2080664187669754, 'eval_f1': 0.9375300961071278, 'eval_runtime': 6.6716, 'eval_samples_per_second': 114.965, 'eval_steps_per_second': 28.779, 'epoch': 1.0}
{'loss': 0.2852, 'learning_rate': 1.922705314009662e-05, 'epoch': 1.16}
{'loss': 0.2308, 'learning_rate': 1.9033816425120775e-05, 'epoch': 1.45}
{'loss': 0.2194, 'learning_rate': 1.8840579710144928e-05, 'epoch': 1.74}
{'eval_loss': 0.29790911078453064, 'eval_f1': 0.9298217470233063, 'eval_runtime': 6.6599, 'eval_samples_per_second': 115.167, 'eval_steps_per_second': 28.829, 'epoch': 2.0}
{'loss': 0.2054, 'learning_rate': 1.8647342995169084e-05, 'epoch': 2.03}
{'loss': 0.0963, 'learning_rate': 1.8454106280193237e-05, 'epoch': 2.32}
{'loss': 0.124, 'learning_rate': 1.8260869565217393e-05, 'epoch': 2.61}
{'loss': 0.1551, 'learning_rate': 1.806763285024155e-05, 'epoch': 2.9}
{'eval_loss': 0.3395766019821167, 'eval_f1': 0.9285637872779324, 'eval_runtime': 6.6578, 'eval_samples_per_second': 115.203, 'eval_steps_per_second': 28.838, 'epoch': 3.0}
{'loss': 0.0766, 'learning_rate': 1.7874396135265702e-05, 'epoch': 3.19}
{'loss': 0.0386, 'learning_rate': 1.7681159420289858e-05, 'epoch': 3.48}
{'loss': 0.0803, 'learning_rate': 1.748792270531401e-05, 'epoch': 3.77}
{'eval_loss': 0.3954313397407532, 'eval_f1': 0.9388600476066535, 'eval_runtime': 6.6641, 'eval_samples_per_second': 115.094, 'eval_steps_per_second': 28.811, 'epoch': 4.0}
{'train_runtime': 819.4365, 'train_samples_per_second': 252.613, 'train_steps_per_second': 63.153, 'train_loss': 0.1920669472735861, 'epoch': 4.0}
