Model Name: AIMH/mental-xlnet-base-cased
Label Column: depression_label
Text Column: text
Max Length: 512
Batch Size: 32
Learning Rate: 2e-06
Number of Epochs: 30
Metric Name: eval_loss
Random State: 3
{'eval_loss': 0.21852092444896698, 'eval_f1': 0.9143814716031783, 'eval_runtime': 18.0166, 'eval_samples_per_second': 42.572, 'eval_steps_per_second': 1.332, 'epoch': 1.0}
{'eval_loss': 0.16491496562957764, 'eval_f1': 0.9363824816501732, 'eval_runtime': 18.0817, 'eval_samples_per_second': 42.419, 'eval_steps_per_second': 1.327, 'epoch': 2.0}
{'loss': 0.3023, 'learning_rate': 1.8456790123456789e-06, 'epoch': 2.31}
{'eval_loss': 0.1514212042093277, 'eval_f1': 0.9493092652810761, 'eval_runtime': 18.0831, 'eval_samples_per_second': 42.415, 'eval_steps_per_second': 1.327, 'epoch': 3.0}
{'eval_loss': 0.14448869228363037, 'eval_f1': 0.9505601949560397, 'eval_runtime': 18.0893, 'eval_samples_per_second': 42.401, 'eval_steps_per_second': 1.327, 'epoch': 4.0}
{'loss': 0.161, 'learning_rate': 1.6913580246913578e-06, 'epoch': 4.63}
{'eval_loss': 0.15595518052577972, 'eval_f1': 0.9467230946980755, 'eval_runtime': 17.9649, 'eval_samples_per_second': 42.694, 'eval_steps_per_second': 1.336, 'epoch': 5.0}
{'eval_loss': 0.16130122542381287, 'eval_f1': 0.9415643783858917, 'eval_runtime': 18.0663, 'eval_samples_per_second': 42.455, 'eval_steps_per_second': 1.328, 'epoch': 6.0}
{'loss': 0.1303, 'learning_rate': 1.537037037037037e-06, 'epoch': 6.94}
{'eval_loss': 0.15726424753665924, 'eval_f1': 0.9467230946980755, 'eval_runtime': 18.0611, 'eval_samples_per_second': 42.467, 'eval_steps_per_second': 1.329, 'epoch': 7.0}
{'train_runtime': 2438.3365, 'train_samples_per_second': 84.894, 'train_steps_per_second': 2.658, 'train_loss': 0.19712008283567176, 'epoch': 7.0}
