Model Name: AIMH/mental-bert-base-cased
Label Column: anxiety_label
Text Column: text
Max Length: 512
Batch Size: 4
Learning Rate: 2e-05
Number of Epochs: 30
Metric Name: eval_loss
Random State: 3
{'loss': 0.4388, 'learning_rate': 1.9806763285024154e-05, 'epoch': 0.29}
{'loss': 0.3888, 'learning_rate': 1.961352657004831e-05, 'epoch': 0.58}
{'loss': 0.3884, 'learning_rate': 1.9420289855072467e-05, 'epoch': 0.87}
{'eval_loss': 0.48244619369506836, 'eval_f1': 0.8793839711346685, 'eval_runtime': 6.7294, 'eval_samples_per_second': 113.977, 'eval_steps_per_second': 28.531, 'epoch': 1.0}
{'loss': 0.3052, 'learning_rate': 1.922705314009662e-05, 'epoch': 1.16}
{'loss': 0.2878, 'learning_rate': 1.9033816425120775e-05, 'epoch': 1.45}
{'loss': 0.3022, 'learning_rate': 1.8840579710144928e-05, 'epoch': 1.74}
{'eval_loss': 0.32746440172195435, 'eval_f1': 0.9099360694186744, 'eval_runtime': 6.717, 'eval_samples_per_second': 114.188, 'eval_steps_per_second': 28.584, 'epoch': 2.0}
{'loss': 0.2671, 'learning_rate': 1.8647342995169084e-05, 'epoch': 2.03}
{'loss': 0.1665, 'learning_rate': 1.8454106280193237e-05, 'epoch': 2.32}
{'loss': 0.179, 'learning_rate': 1.8260869565217393e-05, 'epoch': 2.61}
{'loss': 0.1661, 'learning_rate': 1.806763285024155e-05, 'epoch': 2.9}
{'eval_loss': 0.4235735237598419, 'eval_f1': 0.9147599827445855, 'eval_runtime': 6.7316, 'eval_samples_per_second': 113.94, 'eval_steps_per_second': 28.522, 'epoch': 3.0}
{'loss': 0.1202, 'learning_rate': 1.7874396135265702e-05, 'epoch': 3.19}
{'loss': 0.0659, 'learning_rate': 1.7681159420289858e-05, 'epoch': 3.48}
{'loss': 0.0877, 'learning_rate': 1.748792270531401e-05, 'epoch': 3.77}
{'eval_loss': 0.668559193611145, 'eval_f1': 0.9055320342186053, 'eval_runtime': 6.7285, 'eval_samples_per_second': 113.992, 'eval_steps_per_second': 28.535, 'epoch': 4.0}
{'loss': 0.0962, 'learning_rate': 1.7294685990338163e-05, 'epoch': 4.06}
{'loss': 0.0466, 'learning_rate': 1.710144927536232e-05, 'epoch': 4.35}
{'loss': 0.0755, 'learning_rate': 1.6908212560386476e-05, 'epoch': 4.64}
{'loss': 0.0653, 'learning_rate': 1.6714975845410632e-05, 'epoch': 4.93}
{'eval_loss': 0.709267258644104, 'eval_f1': 0.906202503738421, 'eval_runtime': 6.7239, 'eval_samples_per_second': 114.071, 'eval_steps_per_second': 28.555, 'epoch': 5.0}
{'train_runtime': 1033.2578, 'train_samples_per_second': 200.337, 'train_steps_per_second': 50.084, 'train_loss': 0.20113148177879445, 'epoch': 5.0}
