Model Name: AIMH/mental-bert-large-cased
Label Column: anxiety_label
Text Column: text
Max Length: 512
Batch Size: 4
Learning Rate: 2e-05
Number of Epochs: 30
Metric Name: eval_loss
Random State: 3
{'loss': 0.4419, 'learning_rate': 1.9806763285024154e-05, 'epoch': 0.29}
{'loss': 0.394, 'learning_rate': 1.961352657004831e-05, 'epoch': 0.58}
{'loss': 0.3939, 'learning_rate': 1.9420289855072467e-05, 'epoch': 0.87}
{'eval_loss': 0.39262962341308594, 'eval_f1': 0.8888891908697888, 'eval_runtime': 20.7911, 'eval_samples_per_second': 36.891, 'eval_steps_per_second': 9.235, 'epoch': 1.0}
{'loss': 0.3447, 'learning_rate': 1.922705314009662e-05, 'epoch': 1.16}
{'loss': 0.3072, 'learning_rate': 1.9033816425120775e-05, 'epoch': 1.45}
{'loss': 0.3069, 'learning_rate': 1.8840579710144928e-05, 'epoch': 1.74}
{'eval_loss': 0.3450474143028259, 'eval_f1': 0.920642538884587, 'eval_runtime': 20.7852, 'eval_samples_per_second': 36.901, 'eval_steps_per_second': 9.237, 'epoch': 2.0}
{'loss': 0.2872, 'learning_rate': 1.8647342995169084e-05, 'epoch': 2.03}
{'loss': 0.1843, 'learning_rate': 1.8454106280193237e-05, 'epoch': 2.32}
{'loss': 0.176, 'learning_rate': 1.8260869565217393e-05, 'epoch': 2.61}
{'loss': 0.1808, 'learning_rate': 1.806763285024155e-05, 'epoch': 2.9}
{'eval_loss': 0.44309836626052856, 'eval_f1': 0.9143481785491856, 'eval_runtime': 20.811, 'eval_samples_per_second': 36.855, 'eval_steps_per_second': 9.226, 'epoch': 3.0}
{'loss': 0.1306, 'learning_rate': 1.7874396135265702e-05, 'epoch': 3.19}
{'loss': 0.1066, 'learning_rate': 1.7681159420289858e-05, 'epoch': 3.48}
{'loss': 0.1266, 'learning_rate': 1.748792270531401e-05, 'epoch': 3.77}
{'eval_loss': 0.6696629524230957, 'eval_f1': 0.9006514339117522, 'eval_runtime': 20.8056, 'eval_samples_per_second': 36.865, 'eval_steps_per_second': 9.228, 'epoch': 4.0}
{'loss': 0.139, 'learning_rate': 1.7294685990338163e-05, 'epoch': 4.06}
{'loss': 0.0639, 'learning_rate': 1.710144927536232e-05, 'epoch': 4.35}
{'loss': 0.0936, 'learning_rate': 1.6908212560386476e-05, 'epoch': 4.64}
{'loss': 0.1053, 'learning_rate': 1.6714975845410632e-05, 'epoch': 4.93}
{'eval_loss': 0.756940484046936, 'eval_f1': 0.8912706034806291, 'eval_runtime': 20.7987, 'eval_samples_per_second': 36.877, 'eval_steps_per_second': 9.231, 'epoch': 5.0}
{'train_runtime': 3133.8713, 'train_samples_per_second': 66.052, 'train_steps_per_second': 16.513, 'train_loss': 0.2202791597670403, 'epoch': 5.0}
