
Process ID: 3554828

Seed: 1

Arguments:
seed: 1
data_path: ./data/test/full_test.csv
model: mental_llama_chat_7b
prompt_type: anxiety_llama
version: 1
result_dir: ./results/zero_shot


Using prompt anxiety_llama:

Does the poster suffer from anxiety?




size of prompt data: (2872, 9)

result_file: ./results/zero_shot/zero_shot_anxiety_llama_mental_llama_chat_7b_seed_1_v1.csv

Sample Input: Post: I am always alone. Hi everyone! i have recently attempted suicide and not many people know about it. I am always alone and when I am alone is when I get depressed the most. I havent had any suicidal thoughts since december up until as recent as valentines day as I have no one to celebrate it with. My dad is also dying from Terminal Lukemia and we dont exactly know how long he has left. I am on anti depressants and I am going to see my DR tomorrow as I dont think they are working at all. I have been on them since the 1st January and I dont feel any different. I am ok around people but when I am alone is when I get depressed. I cant sleep without the help of medication, I tried earlier this week to sleep without my triazolam and quetiapine but if I dont have them I dont get a wink of sleep and it sucks. I wish I had the luxury of friends my only two friends I have both live in Aus and im in NZ. I am so close to these 2 that I was Andrews best man at his wedding last year in Thailand. Andrew knows what I have been through recently and Josh doesnt as he has alot on his plate currently and I dont want to pile on to his plate. I enjoy gaming, cars,technology and cooking but as of recently with all of this going on I have found myself not enjoying gaming as much as I use too.

Does the poster suffer from anxiety?

klyang/MentaLLaMA-chat-7B-hf

current device: 0

{'': 0}

Loaded mental_llama_chat_7b for prompting...

Model max length: 2048

Device: cuda:0
max length: 2048

data: Dataset({
    features: ['prompt'],
    num_rows: 2872
})

tokenized_data: Dataset({
    features: ['input_ids', 'attention_mask'],
    num_rows: 2872
})


Preprocessed prompts...
dataloader size: 1436


data processed.

