Model Name: AIMH/mental-bert-large-cased
Text Column: text
Max Length: 512
Batch Size: 16
Learning Rate: 2e-05
Number of Epochs: 30
Metric Name: eval_loss
Random State: 1
{'eval_loss': 0.16909867525100708, 'eval_f1': 0.8972033159641805, 'eval_roc_auc': 0.918937740473133, 'eval_accuracy': 0.8915942028985507, 'eval_runtime': 170.2534, 'eval_samples_per_second': 40.528, 'eval_steps_per_second': 2.537, 'epoch': 1.0}
{'loss': 0.246, 'learning_rate': 1.9228395061728397e-05, 'epoch': 1.16}
{'eval_loss': 0.10865245759487152, 'eval_f1': 0.9488515594831608, 'eval_roc_auc': 0.9645372053677104, 'eval_accuracy': 0.9382608695652174, 'eval_runtime': 170.2053, 'eval_samples_per_second': 40.539, 'eval_steps_per_second': 2.538, 'epoch': 2.0}
{'loss': 0.1436, 'learning_rate': 1.8456790123456792e-05, 'epoch': 2.31}
{'eval_loss': 0.05632433295249939, 'eval_f1': 0.9715762001287382, 'eval_roc_auc': 0.9767034710658942, 'eval_accuracy': 0.967536231884058, 'eval_runtime': 170.2049, 'eval_samples_per_second': 40.539, 'eval_steps_per_second': 2.538, 'epoch': 3.0}
{'loss': 0.0905, 'learning_rate': 1.7685185185185187e-05, 'epoch': 3.47}
{'eval_loss': 0.03278050571680069, 'eval_f1': 0.9864623990954794, 'eval_roc_auc': 0.9885058736866277, 'eval_accuracy': 0.9834782608695652, 'eval_runtime': 170.2279, 'eval_samples_per_second': 40.534, 'eval_steps_per_second': 2.538, 'epoch': 4.0}
{'loss': 0.0573, 'learning_rate': 1.6913580246913582e-05, 'epoch': 4.63}
{'eval_loss': 0.020550301298499107, 'eval_f1': 0.9921296773381836, 'eval_roc_auc': 0.99349733048199, 'eval_accuracy': 0.9905797101449275, 'eval_runtime': 170.2878, 'eval_samples_per_second': 40.52, 'eval_steps_per_second': 2.537, 'epoch': 5.0}
{'loss': 0.0282, 'learning_rate': 1.6141975308641978e-05, 'epoch': 5.79}
{'eval_loss': 0.01537987869232893, 'eval_f1': 0.993856950648645, 'eval_roc_auc': 0.9955587192607247, 'eval_accuracy': 0.9924637681159421, 'eval_runtime': 170.4377, 'eval_samples_per_second': 40.484, 'eval_steps_per_second': 2.535, 'epoch': 6.0}
{'loss': 0.0203, 'learning_rate': 1.537037037037037e-05, 'epoch': 6.94}
{'eval_loss': 0.004467979539185762, 'eval_f1': 0.9979487661972066, 'eval_roc_auc': 0.9983151507899072, 'eval_accuracy': 0.9973913043478261, 'eval_runtime': 170.6531, 'eval_samples_per_second': 40.433, 'eval_steps_per_second': 2.531, 'epoch': 7.0}
{'eval_loss': 0.0013448388781398535, 'eval_f1': 0.9994312892721544, 'eval_roc_auc': 0.9996272144585734, 'eval_accuracy': 0.9992753623188406, 'eval_runtime': 170.4502, 'eval_samples_per_second': 40.481, 'eval_steps_per_second': 2.534, 'epoch': 8.0}
{'loss': 0.0106, 'learning_rate': 1.4598765432098766e-05, 'epoch': 8.1}
{'eval_loss': 0.00809414405375719, 'eval_f1': 0.9970348188972118, 'eval_roc_auc': 0.9972924278189573, 'eval_accuracy': 0.996231884057971, 'eval_runtime': 170.4909, 'eval_samples_per_second': 40.471, 'eval_steps_per_second': 2.534, 'epoch': 9.0}
{'loss': 0.0062, 'learning_rate': 1.3827160493827162e-05, 'epoch': 9.26}
{'eval_loss': 0.0012858107220381498, 'eval_f1': 0.9995448579053553, 'eval_roc_auc': 0.9996032433989621, 'eval_accuracy': 0.9994202898550725, 'eval_runtime': 170.5686, 'eval_samples_per_second': 40.453, 'eval_steps_per_second': 2.533, 'epoch': 10.0}
{'loss': 0.0069, 'learning_rate': 1.3055555555555557e-05, 'epoch': 10.42}
{'eval_loss': 0.0039161560125648975, 'eval_f1': 0.9988613334279314, 'eval_roc_auc': 0.9989457884159513, 'eval_accuracy': 0.9985507246376811, 'eval_runtime': 170.5188, 'eval_samples_per_second': 40.465, 'eval_steps_per_second': 2.533, 'epoch': 11.0}
{'loss': 0.0082, 'learning_rate': 1.228395061728395e-05, 'epoch': 11.57}
{'eval_loss': 0.002410940360277891, 'eval_f1': 0.9992035229335939, 'eval_roc_auc': 0.9993453913143444, 'eval_accuracy': 0.9989855072463768, 'eval_runtime': 170.4697, 'eval_samples_per_second': 40.476, 'eval_steps_per_second': 2.534, 'epoch': 12.0}
{'loss': 0.0056, 'learning_rate': 1.1512345679012347e-05, 'epoch': 12.73}
{'eval_loss': 0.0014151628129184246, 'eval_f1': 0.9996586648947015, 'eval_roc_auc': 0.9997421479153824, 'eval_accuracy': 0.9995652173913043, 'eval_runtime': 170.3975, 'eval_samples_per_second': 40.494, 'eval_steps_per_second': 2.535, 'epoch': 13.0}
{'train_runtime': 8702.3584, 'train_samples_per_second': 23.787, 'train_steps_per_second': 1.489, 'train_loss': 0.05562176084161824, 'epoch': 13.0}
