Model Name: AIMH/mental-longformer-base-4096
Text Column: text
Max Length: 1024
Batch Size: 4
Learning Rate: 2e-05
Number of Epochs: 30
Metric Name: eval_loss
Random State: 1
{'loss': 0.3458, 'learning_rate': 1.9806763285024154e-05, 'epoch': 0.29}
{'loss': 0.2731, 'learning_rate': 1.961352657004831e-05, 'epoch': 0.58}
{'loss': 0.2848, 'learning_rate': 1.9420289855072467e-05, 'epoch': 0.87}
{'eval_loss': 0.17635288834571838, 'eval_f1': 0.9100189875440281, 'eval_roc_auc': 0.9317216572569579, 'eval_accuracy': 0.9031884057971015, 'eval_runtime': 232.736, 'eval_samples_per_second': 29.647, 'eval_steps_per_second': 7.412, 'epoch': 1.0}
{'loss': 0.2307, 'learning_rate': 1.922705314009662e-05, 'epoch': 1.16}
{'loss': 0.2096, 'learning_rate': 1.9033816425120775e-05, 'epoch': 1.45}
{'loss': 0.2003, 'learning_rate': 1.8840579710144928e-05, 'epoch': 1.74}
{'eval_loss': 0.1440320461988449, 'eval_f1': 0.938504440947329, 'eval_roc_auc': 0.9524669316272754, 'eval_accuracy': 0.9331884057971015, 'eval_runtime': 232.7356, 'eval_samples_per_second': 29.647, 'eval_steps_per_second': 7.412, 'epoch': 2.0}
{'loss': 0.2087, 'learning_rate': 1.8647342995169084e-05, 'epoch': 2.03}
{'loss': 0.1378, 'learning_rate': 1.8454106280193237e-05, 'epoch': 2.32}
{'loss': 0.1362, 'learning_rate': 1.8260869565217393e-05, 'epoch': 2.61}
{'loss': 0.1651, 'learning_rate': 1.806763285024155e-05, 'epoch': 2.9}
{'eval_loss': 0.06903450936079025, 'eval_f1': 0.973660765340758, 'eval_roc_auc': 0.9805182557678549, 'eval_accuracy': 0.9689855072463768, 'eval_runtime': 232.7976, 'eval_samples_per_second': 29.639, 'eval_steps_per_second': 7.41, 'epoch': 3.0}
{'loss': 0.1338, 'learning_rate': 1.7874396135265702e-05, 'epoch': 3.19}
{'loss': 0.0884, 'learning_rate': 1.7681159420289858e-05, 'epoch': 3.48}
{'loss': 0.0834, 'learning_rate': 1.748792270531401e-05, 'epoch': 3.77}
{'eval_loss': 0.04589487984776497, 'eval_f1': 0.9845114177244937, 'eval_roc_auc': 0.9869759854385084, 'eval_accuracy': 0.981304347826087, 'eval_runtime': 232.8268, 'eval_samples_per_second': 29.636, 'eval_steps_per_second': 7.409, 'epoch': 4.0}
{'loss': 0.0962, 'learning_rate': 1.7294685990338163e-05, 'epoch': 4.06}
{'loss': 0.0612, 'learning_rate': 1.710144927536232e-05, 'epoch': 4.35}
{'loss': 0.0724, 'learning_rate': 1.6908212560386476e-05, 'epoch': 4.64}
{'loss': 0.0609, 'learning_rate': 1.6714975845410632e-05, 'epoch': 4.93}
{'eval_loss': 0.03487313911318779, 'eval_f1': 0.9892713179543258, 'eval_roc_auc': 0.9897987840272693, 'eval_accuracy': 0.9871014492753624, 'eval_runtime': 232.0271, 'eval_samples_per_second': 29.738, 'eval_steps_per_second': 7.434, 'epoch': 5.0}
{'loss': 0.0358, 'learning_rate': 1.6521739130434785e-05, 'epoch': 5.22}
{'loss': 0.0463, 'learning_rate': 1.6328502415458937e-05, 'epoch': 5.51}
{'loss': 0.0591, 'learning_rate': 1.6135265700483093e-05, 'epoch': 5.8}
{'eval_loss': 0.013897508382797241, 'eval_f1': 0.9949896939286695, 'eval_roc_auc': 0.9961374006561577, 'eval_accuracy': 0.993768115942029, 'eval_runtime': 231.0055, 'eval_samples_per_second': 29.869, 'eval_steps_per_second': 7.467, 'epoch': 6.0}
{'loss': 0.0518, 'learning_rate': 1.5942028985507246e-05, 'epoch': 6.09}
{'loss': 0.0348, 'learning_rate': 1.5748792270531402e-05, 'epoch': 6.38}
{'loss': 0.0309, 'learning_rate': 1.555555555555556e-05, 'epoch': 6.67}
{'loss': 0.0394, 'learning_rate': 1.536231884057971e-05, 'epoch': 6.96}
{'eval_loss': 0.018025167286396027, 'eval_f1': 0.9940032152756317, 'eval_roc_auc': 0.9967069901244426, 'eval_accuracy': 0.9923188405797101, 'eval_runtime': 230.8807, 'eval_samples_per_second': 29.886, 'eval_steps_per_second': 7.471, 'epoch': 7.0}
{'loss': 0.0234, 'learning_rate': 1.5169082125603867e-05, 'epoch': 7.25}
{'loss': 0.0269, 'learning_rate': 1.497584541062802e-05, 'epoch': 7.54}
{'loss': 0.0469, 'learning_rate': 1.4782608695652174e-05, 'epoch': 7.83}
{'eval_loss': 0.01486433856189251, 'eval_f1': 0.9960074026923371, 'eval_roc_auc': 0.9964143019591384, 'eval_accuracy': 0.9952173913043478, 'eval_runtime': 230.8645, 'eval_samples_per_second': 29.888, 'eval_steps_per_second': 7.472, 'epoch': 8.0}
{'loss': 0.0293, 'learning_rate': 1.458937198067633e-05, 'epoch': 8.12}
{'loss': 0.0238, 'learning_rate': 1.4396135265700483e-05, 'epoch': 8.41}
{'loss': 0.0196, 'learning_rate': 1.420289855072464e-05, 'epoch': 8.7}
{'loss': 0.0411, 'learning_rate': 1.4009661835748794e-05, 'epoch': 8.99}
{'eval_loss': 0.0040143802762031555, 'eval_f1': 0.9987470280730782, 'eval_roc_auc': 0.9990280654456284, 'eval_accuracy': 0.9984057971014493, 'eval_runtime': 230.9553, 'eval_samples_per_second': 29.876, 'eval_steps_per_second': 7.469, 'epoch': 9.0}
{'loss': 0.0139, 'learning_rate': 1.3816425120772946e-05, 'epoch': 9.28}
{'loss': 0.031, 'learning_rate': 1.3623188405797103e-05, 'epoch': 9.57}
{'loss': 0.0257, 'learning_rate': 1.3429951690821257e-05, 'epoch': 9.86}
{'eval_loss': 0.02698889933526516, 'eval_f1': 0.9935652911609003, 'eval_roc_auc': 0.9941458495123643, 'eval_accuracy': 0.9926086956521739, 'eval_runtime': 232.6171, 'eval_samples_per_second': 29.662, 'eval_steps_per_second': 7.416, 'epoch': 10.0}
{'loss': 0.0247, 'learning_rate': 1.3236714975845413e-05, 'epoch': 10.14}
{'loss': 0.0132, 'learning_rate': 1.3043478260869566e-05, 'epoch': 10.43}
{'loss': 0.0256, 'learning_rate': 1.285024154589372e-05, 'epoch': 10.72}
{'eval_loss': 0.007374922279268503, 'eval_f1': 0.9978398958663057, 'eval_roc_auc': 0.9985140397597154, 'eval_accuracy': 0.9972463768115942, 'eval_runtime': 232.4818, 'eval_samples_per_second': 29.68, 'eval_steps_per_second': 7.42, 'epoch': 11.0}
{'loss': 0.0398, 'learning_rate': 1.2657004830917876e-05, 'epoch': 11.01}
{'loss': 0.0105, 'learning_rate': 1.2463768115942029e-05, 'epoch': 11.3}
{'loss': 0.0213, 'learning_rate': 1.2270531400966183e-05, 'epoch': 11.59}
{'loss': 0.0387, 'learning_rate': 1.207729468599034e-05, 'epoch': 11.88}
{'eval_loss': 0.0044700587168335915, 'eval_f1': 0.9986308812002079, 'eval_roc_auc': 0.9986639652717221, 'eval_accuracy': 0.9982608695652174, 'eval_runtime': 231.5589, 'eval_samples_per_second': 29.798, 'eval_steps_per_second': 7.45, 'epoch': 12.0}
{'train_runtime': 15016.8806, 'train_samples_per_second': 13.784, 'train_steps_per_second': 3.446, 'train_loss': 0.08597262027758908, 'epoch': 12.0}
