Model Name: AIMH/mental-xlnet-base-cased
Text Column: text
Max Length: 512
Batch Size: 16
Learning Rate: 2e-05
Number of Epochs: 30
Metric Name: eval_loss
Random State: 1
{'eval_loss': 0.1544877290725708, 'eval_f1': 0.9018066079095253, 'eval_roc_auc': 0.9221223036077337, 'eval_accuracy': 0.8984057971014493, 'eval_runtime': 177.533, 'eval_samples_per_second': 38.866, 'eval_steps_per_second': 2.433, 'epoch': 1.0}
{'loss': 0.2393, 'learning_rate': 1.9228395061728397e-05, 'epoch': 1.16}
{'eval_loss': 0.06877164542675018, 'eval_f1': 0.963563867939896, 'eval_roc_auc': 0.9742140357932892, 'eval_accuracy': 0.9568115942028985, 'eval_runtime': 177.4233, 'eval_samples_per_second': 38.89, 'eval_steps_per_second': 2.435, 'epoch': 2.0}
{'loss': 0.1365, 'learning_rate': 1.8456790123456792e-05, 'epoch': 2.31}
{'eval_loss': 0.0390176884829998, 'eval_f1': 0.9798315256530518, 'eval_roc_auc': 0.9836559076208677, 'eval_accuracy': 0.9759420289855072, 'eval_runtime': 177.3027, 'eval_samples_per_second': 38.917, 'eval_steps_per_second': 2.437, 'epoch': 3.0}
{'loss': 0.0819, 'learning_rate': 1.7685185185185187e-05, 'epoch': 3.47}
{'eval_loss': 0.02686481550335884, 'eval_f1': 0.9876340200584971, 'eval_roc_auc': 0.9914118146691325, 'eval_accuracy': 0.9846376811594203, 'eval_runtime': 177.3385, 'eval_samples_per_second': 38.909, 'eval_steps_per_second': 2.436, 'epoch': 4.0}
{'loss': 0.0543, 'learning_rate': 1.6913580246913582e-05, 'epoch': 4.63}
{'eval_loss': 0.018799390643835068, 'eval_f1': 0.9922184221012514, 'eval_roc_auc': 0.9932561919876697, 'eval_accuracy': 0.9904347826086957, 'eval_runtime': 177.3639, 'eval_samples_per_second': 38.903, 'eval_steps_per_second': 2.436, 'epoch': 5.0}
{'loss': 0.0271, 'learning_rate': 1.6141975308641978e-05, 'epoch': 5.79}
{'eval_loss': 0.011086354032158852, 'eval_f1': 0.9953271866193318, 'eval_roc_auc': 0.996144918209645, 'eval_accuracy': 0.9942028985507246, 'eval_runtime': 177.3099, 'eval_samples_per_second': 38.915, 'eval_steps_per_second': 2.436, 'epoch': 6.0}
{'loss': 0.0171, 'learning_rate': 1.537037037037037e-05, 'epoch': 6.94}
{'eval_loss': 0.004937032703310251, 'eval_f1': 0.9982905641375277, 'eval_roc_auc': 0.9984101272984931, 'eval_accuracy': 0.9978260869565218, 'eval_runtime': 177.3003, 'eval_samples_per_second': 38.917, 'eval_steps_per_second': 2.437, 'epoch': 7.0}
{'eval_loss': 0.003994341939687729, 'eval_f1': 0.9985178635637529, 'eval_roc_auc': 0.9985793526139792, 'eval_accuracy': 0.9981159420289855, 'eval_runtime': 177.3471, 'eval_samples_per_second': 38.907, 'eval_steps_per_second': 2.436, 'epoch': 8.0}
{'loss': 0.0132, 'learning_rate': 1.4598765432098766e-05, 'epoch': 8.1}
{'eval_loss': 0.0056209443137049675, 'eval_f1': 0.9981745078415493, 'eval_roc_auc': 0.9981797497155859, 'eval_accuracy': 0.9976811594202899, 'eval_runtime': 177.1936, 'eval_samples_per_second': 38.94, 'eval_steps_per_second': 2.438, 'epoch': 9.0}
{'loss': 0.0077, 'learning_rate': 1.3827160493827162e-05, 'epoch': 9.26}
{'eval_loss': 0.0029005419928580523, 'eval_f1': 0.998634565883682, 'eval_roc_auc': 0.9988931750405962, 'eval_accuracy': 0.9982608695652174, 'eval_runtime': 177.2089, 'eval_samples_per_second': 38.937, 'eval_steps_per_second': 2.438, 'epoch': 10.0}
{'loss': 0.009, 'learning_rate': 1.3055555555555557e-05, 'epoch': 10.42}
{'eval_loss': 0.003217129036784172, 'eval_f1': 0.999090004707984, 'eval_roc_auc': 0.9992356397829569, 'eval_accuracy': 0.998840579710145, 'eval_runtime': 177.1846, 'eval_samples_per_second': 38.942, 'eval_steps_per_second': 2.438, 'epoch': 11.0}
{'loss': 0.0061, 'learning_rate': 1.228395061728395e-05, 'epoch': 11.57}
{'eval_loss': 0.002599407685920596, 'eval_f1': 0.9988606208733267, 'eval_roc_auc': 0.9988623435722411, 'eval_accuracy': 0.9985507246376811, 'eval_runtime': 177.2425, 'eval_samples_per_second': 38.93, 'eval_steps_per_second': 2.437, 'epoch': 12.0}
{'loss': 0.0069, 'learning_rate': 1.1512345679012347e-05, 'epoch': 12.73}
{'eval_loss': 0.0019368500215932727, 'eval_f1': 0.9994313665585965, 'eval_roc_auc': 0.9996563674436063, 'eval_accuracy': 0.9992753623188406, 'eval_runtime': 177.3606, 'eval_samples_per_second': 38.904, 'eval_steps_per_second': 2.436, 'epoch': 13.0}
{'loss': 0.0032, 'learning_rate': 1.0740740740740742e-05, 'epoch': 13.89}
{'eval_loss': 0.0008979880949482322, 'eval_f1': 0.9997725272013521, 'eval_roc_auc': 0.9998850665431912, 'eval_accuracy': 0.9997101449275362, 'eval_runtime': 176.9375, 'eval_samples_per_second': 38.997, 'eval_steps_per_second': 2.442, 'epoch': 14.0}
{'eval_loss': 0.003755493089556694, 'eval_f1': 0.9989762444892653, 'eval_roc_auc': 0.9991761659988583, 'eval_accuracy': 0.9986956521739131, 'eval_runtime': 176.8382, 'eval_samples_per_second': 39.019, 'eval_steps_per_second': 2.443, 'epoch': 15.0}
{'loss': 0.006, 'learning_rate': 9.969135802469136e-06, 'epoch': 15.05}
{'eval_loss': 0.0028611859306693077, 'eval_f1': 0.9990900889682898, 'eval_roc_auc': 0.9993442235003115, 'eval_accuracy': 0.998840579710145, 'eval_runtime': 176.8468, 'eval_samples_per_second': 39.017, 'eval_steps_per_second': 2.443, 'epoch': 16.0}
{'loss': 0.0047, 'learning_rate': 9.197530864197531e-06, 'epoch': 16.2}
{'eval_loss': 0.0020020264200866222, 'eval_f1': 0.9993169952048813, 'eval_roc_auc': 0.9993465591283776, 'eval_accuracy': 0.9991304347826087, 'eval_runtime': 176.8207, 'eval_samples_per_second': 39.023, 'eval_steps_per_second': 2.443, 'epoch': 17.0}
{'train_runtime': 9610.8261, 'train_samples_per_second': 21.538, 'train_steps_per_second': 1.348, 'train_loss': 0.041926496932059854, 'epoch': 17.0}
