Model Name: AIMH/mental-bert-large-cased
Text Column: text
Max Length: 512
Batch Size: 16
Learning Rate: 2e-06
Number of Epochs: 30
Metric Name: eval_loss
Random State: 1
{'eval_loss': 0.25599801540374756, 'eval_f1': 0.8333749360195966, 'eval_roc_auc': 0.8703865352740422, 'eval_accuracy': 0.8376811594202899, 'eval_runtime': 172.4769, 'eval_samples_per_second': 40.005, 'eval_steps_per_second': 2.505, 'epoch': 1.0}
{'loss': 0.4014, 'learning_rate': 1.9228395061728396e-06, 'epoch': 1.16}
{'eval_loss': 0.18881599605083466, 'eval_f1': 0.8928189507275441, 'eval_roc_auc': 0.9230701582433041, 'eval_accuracy': 0.8808695652173913, 'eval_runtime': 172.5443, 'eval_samples_per_second': 39.99, 'eval_steps_per_second': 2.504, 'epoch': 2.0}
{'loss': 0.2101, 'learning_rate': 1.8456790123456789e-06, 'epoch': 2.31}
{'eval_loss': 0.1591419130563736, 'eval_f1': 0.9117077114209178, 'eval_roc_auc': 0.9373677025999757, 'eval_accuracy': 0.8994202898550725, 'eval_runtime': 172.4989, 'eval_samples_per_second': 40.0, 'eval_steps_per_second': 2.504, 'epoch': 3.0}
{'loss': 0.1831, 'learning_rate': 1.7685185185185186e-06, 'epoch': 3.47}
{'eval_loss': 0.13042336702346802, 'eval_f1': 0.9302382994170609, 'eval_roc_auc': 0.9491778689897467, 'eval_accuracy': 0.9204347826086956, 'eval_runtime': 172.425, 'eval_samples_per_second': 40.017, 'eval_steps_per_second': 2.505, 'epoch': 4.0}
{'loss': 0.1514, 'learning_rate': 1.6913580246913578e-06, 'epoch': 4.63}
{'eval_loss': 0.11337563395500183, 'eval_f1': 0.9404155283732544, 'eval_roc_auc': 0.9550624728832803, 'eval_accuracy': 0.9330434782608695, 'eval_runtime': 172.3065, 'eval_samples_per_second': 40.045, 'eval_steps_per_second': 2.507, 'epoch': 5.0}
{'loss': 0.1296, 'learning_rate': 1.6141975308641975e-06, 'epoch': 5.79}
{'eval_loss': 0.10147614777088165, 'eval_f1': 0.951081042646284, 'eval_roc_auc': 0.9673219617541605, 'eval_accuracy': 0.942463768115942, 'eval_runtime': 172.4014, 'eval_samples_per_second': 40.023, 'eval_steps_per_second': 2.506, 'epoch': 6.0}
{'loss': 0.1136, 'learning_rate': 1.537037037037037e-06, 'epoch': 6.94}
{'eval_loss': 0.07992283254861832, 'eval_f1': 0.962605209834326, 'eval_roc_auc': 0.9726626585890792, 'eval_accuracy': 0.9565217391304348, 'eval_runtime': 172.3665, 'eval_samples_per_second': 40.031, 'eval_steps_per_second': 2.506, 'epoch': 7.0}
{'eval_loss': 0.06621190905570984, 'eval_f1': 0.9697248678478729, 'eval_roc_auc': 0.9781047996503223, 'eval_accuracy': 0.9642028985507246, 'eval_runtime': 172.3458, 'eval_samples_per_second': 40.036, 'eval_steps_per_second': 2.507, 'epoch': 8.0}
{'loss': 0.0922, 'learning_rate': 1.4598765432098765e-06, 'epoch': 8.1}
{'eval_loss': 0.06491392105817795, 'eval_f1': 0.9707919870509563, 'eval_roc_auc': 0.9781503827737996, 'eval_accuracy': 0.9663768115942029, 'eval_runtime': 172.2618, 'eval_samples_per_second': 40.055, 'eval_steps_per_second': 2.508, 'epoch': 9.0}
{'loss': 0.0803, 'learning_rate': 1.382716049382716e-06, 'epoch': 9.26}
{'eval_loss': 0.052815958857536316, 'eval_f1': 0.9766565475452158, 'eval_roc_auc': 0.9827412153321902, 'eval_accuracy': 0.9720289855072464, 'eval_runtime': 172.1968, 'eval_samples_per_second': 40.07, 'eval_steps_per_second': 2.509, 'epoch': 10.0}
{'loss': 0.0699, 'learning_rate': 1.3055555555555554e-06, 'epoch': 10.42}
{'eval_loss': 0.044393353164196014, 'eval_f1': 0.9810975029976272, 'eval_roc_auc': 0.9861234996225663, 'eval_accuracy': 0.9775362318840579, 'eval_runtime': 172.3253, 'eval_samples_per_second': 40.041, 'eval_steps_per_second': 2.507, 'epoch': 11.0}
{'loss': 0.061, 'learning_rate': 1.228395061728395e-06, 'epoch': 11.57}
{'eval_loss': 0.03618382290005684, 'eval_f1': 0.9853959383196865, 'eval_roc_auc': 0.9885947510408752, 'eval_accuracy': 0.9826086956521739, 'eval_runtime': 172.1164, 'eval_samples_per_second': 40.089, 'eval_steps_per_second': 2.51, 'epoch': 12.0}
{'loss': 0.0537, 'learning_rate': 1.1512345679012346e-06, 'epoch': 12.73}
{'eval_loss': 0.03392647206783295, 'eval_f1': 0.9864107939704928, 'eval_roc_auc': 0.989284862451018, 'eval_accuracy': 0.9839130434782609, 'eval_runtime': 172.133, 'eval_samples_per_second': 40.085, 'eval_steps_per_second': 2.51, 'epoch': 13.0}
{'loss': 0.0447, 'learning_rate': 1.074074074074074e-06, 'epoch': 13.89}
{'eval_loss': 0.028785793110728264, 'eval_f1': 0.9886117995260657, 'eval_roc_auc': 0.9913297977236286, 'eval_accuracy': 0.9863768115942029, 'eval_runtime': 172.1677, 'eval_samples_per_second': 40.077, 'eval_steps_per_second': 2.509, 'epoch': 14.0}
{'eval_loss': 0.024974461644887924, 'eval_f1': 0.9905297686481013, 'eval_roc_auc': 0.9924635865154539, 'eval_accuracy': 0.9886956521739131, 'eval_runtime': 172.1534, 'eval_samples_per_second': 40.081, 'eval_steps_per_second': 2.509, 'epoch': 15.0}
{'loss': 0.0403, 'learning_rate': 9.969135802469136e-07, 'epoch': 15.05}
{'eval_loss': 0.021276086568832397, 'eval_f1': 0.9918987963723107, 'eval_roc_auc': 0.9934155641216024, 'eval_accuracy': 0.9905797101449275, 'eval_runtime': 172.2615, 'eval_samples_per_second': 40.055, 'eval_steps_per_second': 2.508, 'epoch': 16.0}
{'loss': 0.0346, 'learning_rate': 9.19753086419753e-07, 'epoch': 16.2}
{'eval_loss': 0.019857872277498245, 'eval_f1': 0.9923609113979545, 'eval_roc_auc': 0.9938625984699293, 'eval_accuracy': 0.991159420289855, 'eval_runtime': 172.2597, 'eval_samples_per_second': 40.056, 'eval_steps_per_second': 2.508, 'epoch': 17.0}
{'loss': 0.0322, 'learning_rate': 8.425925925925925e-07, 'epoch': 17.36}
{'eval_loss': 0.016909632831811905, 'eval_f1': 0.9939482075885736, 'eval_roc_auc': 0.9947334668604337, 'eval_accuracy': 0.9931884057971014, 'eval_runtime': 172.1368, 'eval_samples_per_second': 40.084, 'eval_steps_per_second': 2.51, 'epoch': 18.0}
{'loss': 0.0286, 'learning_rate': 7.65432098765432e-07, 'epoch': 18.52}
{'eval_loss': 0.016266971826553345, 'eval_f1': 0.9934886639388958, 'eval_roc_auc': 0.9942824184007185, 'eval_accuracy': 0.9926086956521739, 'eval_runtime': 172.1364, 'eval_samples_per_second': 40.084, 'eval_steps_per_second': 2.51, 'epoch': 19.0}
{'loss': 0.0265, 'learning_rate': 6.882716049382715e-07, 'epoch': 19.68}
{'eval_loss': 0.014669978991150856, 'eval_f1': 0.9940690037336841, 'eval_roc_auc': 0.9948552607259863, 'eval_accuracy': 0.9930434782608696, 'eval_runtime': 172.1976, 'eval_samples_per_second': 40.07, 'eval_steps_per_second': 2.509, 'epoch': 20.0}
{'loss': 0.0217, 'learning_rate': 6.111111111111112e-07, 'epoch': 20.83}
{'eval_loss': 0.012377016246318817, 'eval_f1': 0.9954359952877552, 'eval_roc_auc': 0.9958786408416799, 'eval_accuracy': 0.9946376811594203, 'eval_runtime': 172.3125, 'eval_samples_per_second': 40.044, 'eval_steps_per_second': 2.507, 'epoch': 21.0}
{'loss': 0.0215, 'learning_rate': 5.339506172839506e-07, 'epoch': 21.99}
{'eval_loss': 0.012278522364795208, 'eval_f1': 0.9955541929366785, 'eval_roc_auc': 0.9961341572982315, 'eval_accuracy': 0.9947826086956522, 'eval_runtime': 172.5195, 'eval_samples_per_second': 39.995, 'eval_steps_per_second': 2.504, 'epoch': 22.0}
{'eval_loss': 0.010930215939879417, 'eval_f1': 0.9964667220958826, 'eval_roc_auc': 0.9968985175152746, 'eval_accuracy': 0.9959420289855072, 'eval_runtime': 172.4758, 'eval_samples_per_second': 40.006, 'eval_steps_per_second': 2.505, 'epoch': 23.0}
{'loss': 0.0183, 'learning_rate': 4.5679012345679007e-07, 'epoch': 23.15}
{'eval_loss': 0.010683026164770126, 'eval_f1': 0.9958922276338651, 'eval_roc_auc': 0.9962753974427179, 'eval_accuracy': 0.9952173913043478, 'eval_runtime': 172.4886, 'eval_samples_per_second': 40.003, 'eval_steps_per_second': 2.505, 'epoch': 24.0}
{'loss': 0.0153, 'learning_rate': 3.7962962962962966e-07, 'epoch': 24.31}
{'eval_loss': 0.010090283118188381, 'eval_f1': 0.9965824708928646, 'eval_roc_auc': 0.9970414361430833, 'eval_accuracy': 0.9960869565217392, 'eval_runtime': 172.529, 'eval_samples_per_second': 39.993, 'eval_steps_per_second': 2.504, 'epoch': 25.0}
{'loss': 0.0167, 'learning_rate': 3.0246913580246913e-07, 'epoch': 25.46}
{'eval_loss': 0.009496423415839672, 'eval_f1': 0.9968092259866401, 'eval_roc_auc': 0.9971020777412151, 'eval_accuracy': 0.9963768115942029, 'eval_runtime': 172.4886, 'eval_samples_per_second': 40.003, 'eval_steps_per_second': 2.505, 'epoch': 26.0}
{'loss': 0.0167, 'learning_rate': 2.2530864197530864e-07, 'epoch': 26.62}
{'eval_loss': 0.009153701364994049, 'eval_f1': 0.9968092284788731, 'eval_roc_auc': 0.9971312307262477, 'eval_accuracy': 0.9963768115942029, 'eval_runtime': 172.492, 'eval_samples_per_second': 40.002, 'eval_steps_per_second': 2.504, 'epoch': 27.0}
{'loss': 0.0142, 'learning_rate': 1.4814814814814815e-07, 'epoch': 27.78}
{'eval_loss': 0.009135196916759014, 'eval_f1': 0.9970369696136135, 'eval_roc_auc': 0.9972753171680894, 'eval_accuracy': 0.9965217391304347, 'eval_runtime': 172.6192, 'eval_samples_per_second': 39.972, 'eval_steps_per_second': 2.503, 'epoch': 28.0}
{'loss': 0.0138, 'learning_rate': 7.098765432098765e-08, 'epoch': 28.94}
{'eval_loss': 0.008722269907593727, 'eval_f1': 0.997036834611174, 'eval_roc_auc': 0.9973004560417338, 'eval_accuracy': 0.9966666666666667, 'eval_runtime': 172.663, 'eval_samples_per_second': 39.962, 'eval_steps_per_second': 2.502, 'epoch': 29.0}
{'eval_loss': 0.00870602112263441, 'eval_f1': 0.997036834611174, 'eval_roc_auc': 0.9973004560417338, 'eval_accuracy': 0.9966666666666667, 'eval_runtime': 172.4441, 'eval_samples_per_second': 40.013, 'eval_steps_per_second': 2.505, 'epoch': 30.0}
{'train_runtime': 20373.8527, 'train_samples_per_second': 10.16, 'train_steps_per_second': 0.636, 'train_loss': 0.07347751443768726, 'epoch': 30.0}
