Model Name: AIMH/mental-bert-base-cased
Text Column: text
Max Length: 512
Batch Size: 8
Learning Rate: 2e-05
Number of Epochs: 30
Metric Name: eval_loss
Random State: 3
{'loss': 0.2989, 'learning_rate': 1.96137504828119e-05, 'epoch': 0.58}
{'eval_loss': 0.16328057646751404, 'eval_f1': 0.9023768780781504, 'eval_roc_auc': 0.9235768219702786, 'eval_accuracy': 0.8936231884057971, 'eval_runtime': 57.9249, 'eval_samples_per_second': 119.12, 'eval_steps_per_second': 14.899, 'epoch': 1.0}
{'loss': 0.2262, 'learning_rate': 1.9227500965623796e-05, 'epoch': 1.16}
{'loss': 0.1755, 'learning_rate': 1.884125144843569e-05, 'epoch': 1.74}
{'eval_loss': 0.08487105369567871, 'eval_f1': 0.955322137127481, 'eval_roc_auc': 0.9698064233206677, 'eval_accuracy': 0.946376811594203, 'eval_runtime': 57.9091, 'eval_samples_per_second': 119.152, 'eval_steps_per_second': 14.903, 'epoch': 2.0}
{'loss': 0.1317, 'learning_rate': 1.8455001931247587e-05, 'epoch': 2.32}
{'loss': 0.1242, 'learning_rate': 1.8068752414059484e-05, 'epoch': 2.9}
{'eval_loss': 0.05843653529882431, 'eval_f1': 0.9683984449614546, 'eval_roc_auc': 0.9769378766288124, 'eval_accuracy': 0.9610144927536232, 'eval_runtime': 57.9144, 'eval_samples_per_second': 119.141, 'eval_steps_per_second': 14.901, 'epoch': 3.0}
{'loss': 0.0966, 'learning_rate': 1.768250289687138e-05, 'epoch': 3.48}
{'eval_loss': 0.03170578181743622, 'eval_f1': 0.9878011081889878, 'eval_roc_auc': 0.9905756877487099, 'eval_accuracy': 0.9852173913043478, 'eval_runtime': 57.9027, 'eval_samples_per_second': 119.165, 'eval_steps_per_second': 14.904, 'epoch': 4.0}
{'loss': 0.0724, 'learning_rate': 1.7296253379683278e-05, 'epoch': 4.06}
{'loss': 0.0495, 'learning_rate': 1.6910003862495172e-05, 'epoch': 4.63}
{'eval_loss': 0.02823977917432785, 'eval_f1': 0.9906255043777024, 'eval_roc_auc': 0.991960071155838, 'eval_accuracy': 0.9885507246376811, 'eval_runtime': 57.9215, 'eval_samples_per_second': 119.127, 'eval_steps_per_second': 14.899, 'epoch': 5.0}
{'loss': 0.0383, 'learning_rate': 1.652375434530707e-05, 'epoch': 5.21}
{'loss': 0.0329, 'learning_rate': 1.6137504828118966e-05, 'epoch': 5.79}
{'eval_loss': 0.011084262281656265, 'eval_f1': 0.9962489638440416, 'eval_roc_auc': 0.9974762816817907, 'eval_accuracy': 0.9956521739130435, 'eval_runtime': 57.9219, 'eval_samples_per_second': 119.126, 'eval_steps_per_second': 14.899, 'epoch': 6.0}
{'loss': 0.0276, 'learning_rate': 1.5751255310930863e-05, 'epoch': 6.37}
{'loss': 0.0263, 'learning_rate': 1.536500579374276e-05, 'epoch': 6.95}
{'eval_loss': 0.009685421362519264, 'eval_f1': 0.9969215621606592, 'eval_roc_auc': 0.9971826762875697, 'eval_accuracy': 0.9965217391304347, 'eval_runtime': 57.9092, 'eval_samples_per_second': 119.152, 'eval_steps_per_second': 14.903, 'epoch': 7.0}
{'loss': 0.0146, 'learning_rate': 1.4978756276554656e-05, 'epoch': 7.53}
{'eval_loss': 0.016704142093658447, 'eval_f1': 0.9948237498446753, 'eval_roc_auc': 0.9951097558439594, 'eval_accuracy': 0.9939130434782608, 'eval_runtime': 57.9096, 'eval_samples_per_second': 119.151, 'eval_steps_per_second': 14.903, 'epoch': 8.0}
{'loss': 0.0218, 'learning_rate': 1.4592506759366551e-05, 'epoch': 8.11}
{'loss': 0.0059, 'learning_rate': 1.420625724217845e-05, 'epoch': 8.69}
{'eval_loss': 0.01132603082805872, 'eval_f1': 0.9959324120181279, 'eval_roc_auc': 0.9982449065953384, 'eval_accuracy': 0.995072463768116, 'eval_runtime': 57.9078, 'eval_samples_per_second': 119.155, 'eval_steps_per_second': 14.903, 'epoch': 9.0}
{'loss': 0.0226, 'learning_rate': 1.3820007724990345e-05, 'epoch': 9.27}
{'loss': 0.0145, 'learning_rate': 1.343375820780224e-05, 'epoch': 9.85}
{'eval_loss': 0.007376859430223703, 'eval_f1': 0.9978360470668145, 'eval_roc_auc': 0.9981802603848753, 'eval_accuracy': 0.9978260869565218, 'eval_runtime': 57.8957, 'eval_samples_per_second': 119.18, 'eval_steps_per_second': 14.906, 'epoch': 10.0}
{'loss': 0.0111, 'learning_rate': 1.3047508690614136e-05, 'epoch': 10.43}
{'eval_loss': 0.006630575284361839, 'eval_f1': 0.9981767987147667, 'eval_roc_auc': 0.9982089027006187, 'eval_accuracy': 0.9978260869565218, 'eval_runtime': 57.9037, 'eval_samples_per_second': 119.163, 'eval_steps_per_second': 14.904, 'epoch': 11.0}
{'loss': 0.0099, 'learning_rate': 1.2661259173426035e-05, 'epoch': 11.01}
{'loss': 0.0095, 'learning_rate': 1.227500965623793e-05, 'epoch': 11.59}
{'eval_loss': 0.000975024129729718, 'eval_f1': 0.9997724488503493, 'eval_roc_auc': 0.9998016216994811, 'eval_accuracy': 0.9997101449275362, 'eval_runtime': 57.9127, 'eval_samples_per_second': 119.145, 'eval_steps_per_second': 14.902, 'epoch': 12.0}
{'loss': 0.0057, 'learning_rate': 1.1888760139049826e-05, 'epoch': 12.17}
{'loss': 0.0122, 'learning_rate': 1.1502510621861725e-05, 'epoch': 12.75}
{'eval_loss': 0.0051228953525424, 'eval_f1': 0.9984049036057543, 'eval_roc_auc': 0.9985781847999461, 'eval_accuracy': 0.9979710144927536, 'eval_runtime': 57.9155, 'eval_samples_per_second': 119.139, 'eval_steps_per_second': 14.901, 'epoch': 13.0}
{'loss': 0.0128, 'learning_rate': 1.111626110467362e-05, 'epoch': 13.33}
{'loss': 0.0095, 'learning_rate': 1.0730011587485515e-05, 'epoch': 13.9}
{'eval_loss': 0.013415745459496975, 'eval_f1': 0.9962804571825414, 'eval_roc_auc': 0.9987490790996978, 'eval_accuracy': 0.9952173913043478, 'eval_runtime': 57.9231, 'eval_samples_per_second': 119.124, 'eval_steps_per_second': 14.899, 'epoch': 14.0}
{'loss': 0.011, 'learning_rate': 1.0343762070297414e-05, 'epoch': 14.48}
{'eval_loss': 0.004173800814896822, 'eval_f1': 0.9986354254744034, 'eval_roc_auc': 0.998922328025629, 'eval_accuracy': 0.9982608695652174, 'eval_runtime': 57.8799, 'eval_samples_per_second': 119.212, 'eval_steps_per_second': 14.91, 'epoch': 15.0}
{'train_runtime': 3516.9898, 'train_samples_per_second': 58.857, 'train_steps_per_second': 7.361, 'train_loss': 0.056754136573582276, 'epoch': 15.0}
