Model Name: AIMH/mental-xlnet-base-cased
Text Column: text
Max Length: 512
Batch Size: 8
Learning Rate: 2e-06
Number of Epochs: 30
Metric Name: eval_loss
Random State: 1
{'loss': 0.4686, 'learning_rate': 1.9613750482811896e-06, 'epoch': 0.58}
{'eval_loss': 0.2227299064397812, 'eval_f1': 0.8628624134701401, 'eval_roc_auc': 0.8941313748497358, 'eval_accuracy': 0.8582608695652174, 'eval_runtime': 161.5681, 'eval_samples_per_second': 42.706, 'eval_steps_per_second': 5.341, 'epoch': 1.0}
{'loss': 0.2442, 'learning_rate': 1.9227500965623793e-06, 'epoch': 1.16}
{'loss': 0.2165, 'learning_rate': 1.8841251448435688e-06, 'epoch': 1.74}
{'eval_loss': 0.1867884397506714, 'eval_f1': 0.8977347770694788, 'eval_roc_auc': 0.9263597454187446, 'eval_accuracy': 0.886231884057971, 'eval_runtime': 161.4656, 'eval_samples_per_second': 42.734, 'eval_steps_per_second': 5.345, 'epoch': 2.0}
{'loss': 0.1938, 'learning_rate': 1.8455001931247585e-06, 'epoch': 2.32}
{'loss': 0.1906, 'learning_rate': 1.8068752414059483e-06, 'epoch': 2.9}
{'eval_loss': 0.15873059630393982, 'eval_f1': 0.9133825821316607, 'eval_roc_auc': 0.9363398974437002, 'eval_accuracy': 0.9027536231884058, 'eval_runtime': 161.5402, 'eval_samples_per_second': 42.714, 'eval_steps_per_second': 5.342, 'epoch': 3.0}
{'loss': 0.1868, 'learning_rate': 1.7682502896871378e-06, 'epoch': 3.48}
{'eval_loss': 0.15440326929092407, 'eval_f1': 0.9198486310836873, 'eval_roc_auc': 0.93805019747646, 'eval_accuracy': 0.9102898550724637, 'eval_runtime': 161.5438, 'eval_samples_per_second': 42.713, 'eval_steps_per_second': 5.342, 'epoch': 4.0}
{'loss': 0.159, 'learning_rate': 1.7296253379683275e-06, 'epoch': 4.06}
{'loss': 0.1635, 'learning_rate': 1.691000386249517e-06, 'epoch': 4.63}
{'eval_loss': 0.12880964577198029, 'eval_f1': 0.9357329934756682, 'eval_roc_auc': 0.9525669903211867, 'eval_accuracy': 0.9263768115942029, 'eval_runtime': 161.6913, 'eval_samples_per_second': 42.674, 'eval_steps_per_second': 5.337, 'epoch': 5.0}
{'loss': 0.1465, 'learning_rate': 1.6523754345307069e-06, 'epoch': 5.21}
{'loss': 0.1462, 'learning_rate': 1.6137504828118964e-06, 'epoch': 5.79}
{'eval_loss': 0.11364549398422241, 'eval_f1': 0.9453903849807193, 'eval_roc_auc': 0.9623305049587982, 'eval_accuracy': 0.9363768115942029, 'eval_runtime': 161.0203, 'eval_samples_per_second': 42.852, 'eval_steps_per_second': 5.36, 'epoch': 6.0}
{'loss': 0.1356, 'learning_rate': 1.5751255310930859e-06, 'epoch': 6.37}
{'loss': 0.1306, 'learning_rate': 1.5365005793742758e-06, 'epoch': 6.95}
{'eval_loss': 0.10725411027669907, 'eval_f1': 0.9512102883228, 'eval_roc_auc': 0.9626849269237757, 'eval_accuracy': 0.9446376811594203, 'eval_runtime': 161.2188, 'eval_samples_per_second': 42.799, 'eval_steps_per_second': 5.353, 'epoch': 7.0}
{'loss': 0.1259, 'learning_rate': 1.4978756276554653e-06, 'epoch': 7.53}
{'eval_loss': 0.09238739311695099, 'eval_f1': 0.9577883147143381, 'eval_roc_auc': 0.9707330114680552, 'eval_accuracy': 0.9504347826086956, 'eval_runtime': 161.2475, 'eval_samples_per_second': 42.791, 'eval_steps_per_second': 5.352, 'epoch': 8.0}
{'loss': 0.1186, 'learning_rate': 1.459250675936655e-06, 'epoch': 8.11}
{'loss': 0.1075, 'learning_rate': 1.4206257242178447e-06, 'epoch': 8.69}
{'eval_loss': 0.08155805617570877, 'eval_f1': 0.9639317761068728, 'eval_roc_auc': 0.9727642449212923, 'eval_accuracy': 0.9588405797101449, 'eval_runtime': 161.2464, 'eval_samples_per_second': 42.792, 'eval_steps_per_second': 5.352, 'epoch': 9.0}
{'loss': 0.1106, 'learning_rate': 1.3820007724990344e-06, 'epoch': 9.27}
{'loss': 0.095, 'learning_rate': 1.343375820780224e-06, 'epoch': 9.85}
{'eval_loss': 0.08280188590288162, 'eval_f1': 0.9653251722378209, 'eval_roc_auc': 0.9720617036154705, 'eval_accuracy': 0.9607246376811595, 'eval_runtime': 161.1348, 'eval_samples_per_second': 42.821, 'eval_steps_per_second': 5.356, 'epoch': 10.0}
{'loss': 0.0952, 'learning_rate': 1.3047508690614134e-06, 'epoch': 10.43}
{'eval_loss': 0.06441650539636612, 'eval_f1': 0.9759365739569429, 'eval_roc_auc': 0.980953881559081, 'eval_accuracy': 0.9727536231884057, 'eval_runtime': 161.0972, 'eval_samples_per_second': 42.831, 'eval_steps_per_second': 5.357, 'epoch': 11.0}
{'loss': 0.0822, 'learning_rate': 1.2661259173426034e-06, 'epoch': 11.01}
{'loss': 0.0762, 'learning_rate': 1.2275009656237929e-06, 'epoch': 11.59}
{'eval_loss': 0.0533427894115448, 'eval_f1': 0.9796226878432597, 'eval_roc_auc': 0.985108034120931, 'eval_accuracy': 0.9765217391304348, 'eval_runtime': 160.5043, 'eval_samples_per_second': 42.99, 'eval_steps_per_second': 5.377, 'epoch': 12.0}
{'loss': 0.0845, 'learning_rate': 1.1888760139049826e-06, 'epoch': 12.17}
{'loss': 0.0809, 'learning_rate': 1.1502510621861723e-06, 'epoch': 12.75}
{'eval_loss': 0.051680028438568115, 'eval_f1': 0.9810028471686715, 'eval_roc_auc': 0.9858337618642791, 'eval_accuracy': 0.9781159420289856, 'eval_runtime': 161.0943, 'eval_samples_per_second': 42.832, 'eval_steps_per_second': 5.357, 'epoch': 13.0}
{'loss': 0.0687, 'learning_rate': 1.1116261104673618e-06, 'epoch': 13.33}
{'loss': 0.0624, 'learning_rate': 1.0730011587485515e-06, 'epoch': 13.9}
{'eval_loss': 0.05207733437418938, 'eval_f1': 0.9820011777447748, 'eval_roc_auc': 0.9857014671714862, 'eval_accuracy': 0.9792753623188406, 'eval_runtime': 161.1442, 'eval_samples_per_second': 42.819, 'eval_steps_per_second': 5.355, 'epoch': 14.0}
{'loss': 0.0586, 'learning_rate': 1.0343762070297412e-06, 'epoch': 14.48}
{'eval_loss': 0.039863552898168564, 'eval_f1': 0.9868490208214082, 'eval_roc_auc': 0.9892060888634401, 'eval_accuracy': 0.984927536231884, 'eval_runtime': 160.968, 'eval_samples_per_second': 42.866, 'eval_steps_per_second': 5.361, 'epoch': 15.0}
{'loss': 0.0636, 'learning_rate': 9.95751255310931e-07, 'epoch': 15.06}
{'loss': 0.0669, 'learning_rate': 9.571263035921204e-07, 'epoch': 15.64}
{'eval_loss': 0.03878631070256233, 'eval_f1': 0.9868699507050932, 'eval_roc_auc': 0.9893930491078016, 'eval_accuracy': 0.984927536231884, 'eval_runtime': 161.058, 'eval_samples_per_second': 42.842, 'eval_steps_per_second': 5.358, 'epoch': 16.0}
{'loss': 0.0512, 'learning_rate': 9.185013518733101e-07, 'epoch': 16.22}
{'loss': 0.0567, 'learning_rate': 8.798764001544998e-07, 'epoch': 16.8}
{'eval_loss': 0.03488808125257492, 'eval_f1': 0.9890332558133882, 'eval_roc_auc': 0.9910378708127298, 'eval_accuracy': 0.9872463768115942, 'eval_runtime': 160.9975, 'eval_samples_per_second': 42.858, 'eval_steps_per_second': 5.36, 'epoch': 17.0}
{'loss': 0.044, 'learning_rate': 8.412514484356895e-07, 'epoch': 17.38}
{'loss': 0.0562, 'learning_rate': 8.026264967168791e-07, 'epoch': 17.96}
{'eval_loss': 0.029550962150096893, 'eval_f1': 0.9906235621478714, 'eval_roc_auc': 0.9923390599612643, 'eval_accuracy': 0.9889855072463768, 'eval_runtime': 160.9569, 'eval_samples_per_second': 42.869, 'eval_steps_per_second': 5.362, 'epoch': 18.0}
{'loss': 0.0427, 'learning_rate': 7.640015449980687e-07, 'epoch': 18.54}
{'eval_loss': 0.027471119537949562, 'eval_f1': 0.9918798358316782, 'eval_roc_auc': 0.9933864111365696, 'eval_accuracy': 0.9904347826086957, 'eval_runtime': 161.0528, 'eval_samples_per_second': 42.843, 'eval_steps_per_second': 5.358, 'epoch': 19.0}
{'loss': 0.0423, 'learning_rate': 7.253765932792584e-07, 'epoch': 19.12}
{'loss': 0.0451, 'learning_rate': 6.867516415604481e-07, 'epoch': 19.7}
{'eval_loss': 0.027186283841729164, 'eval_f1': 0.9916459406976625, 'eval_roc_auc': 0.9931045879923402, 'eval_accuracy': 0.9901449275362318, 'eval_runtime': 161.1152, 'eval_samples_per_second': 42.827, 'eval_steps_per_second': 5.356, 'epoch': 20.0}
{'loss': 0.0363, 'learning_rate': 6.481266898416377e-07, 'epoch': 20.28}
{'loss': 0.0353, 'learning_rate': 6.095017381228273e-07, 'epoch': 20.86}
{'eval_loss': 0.024135388433933258, 'eval_f1': 0.9931538626436843, 'eval_roc_auc': 0.994583541348427, 'eval_accuracy': 0.9918840579710145, 'eval_runtime': 161.1545, 'eval_samples_per_second': 42.816, 'eval_steps_per_second': 5.355, 'epoch': 21.0}
{'loss': 0.0446, 'learning_rate': 5.708767864040169e-07, 'epoch': 21.44}
{'eval_loss': 0.024100134149193764, 'eval_f1': 0.993145910332061, 'eval_roc_auc': 0.994470943519684, 'eval_accuracy': 0.9920289855072464, 'eval_runtime': 161.1409, 'eval_samples_per_second': 42.82, 'eval_steps_per_second': 5.356, 'epoch': 22.0}
{'loss': 0.027, 'learning_rate': 5.322518346852066e-07, 'epoch': 22.02}
{'loss': 0.0353, 'learning_rate': 4.936268829663962e-07, 'epoch': 22.6}
{'eval_loss': 0.022240063175559044, 'eval_f1': 0.9934882234567691, 'eval_roc_auc': 0.9946996426192687, 'eval_accuracy': 0.9923188405797101, 'eval_runtime': 161.005, 'eval_samples_per_second': 42.856, 'eval_steps_per_second': 5.36, 'epoch': 23.0}
{'loss': 0.0377, 'learning_rate': 4.550019312475859e-07, 'epoch': 23.17}
{'loss': 0.0272, 'learning_rate': 4.163769795287756e-07, 'epoch': 23.75}
{'eval_loss': 0.019071733579039574, 'eval_f1': 0.9934951123028565, 'eval_roc_auc': 0.9947247814929133, 'eval_accuracy': 0.9923188405797101, 'eval_runtime': 160.963, 'eval_samples_per_second': 42.867, 'eval_steps_per_second': 5.361, 'epoch': 24.0}
{'loss': 0.0352, 'learning_rate': 3.7775202780996525e-07, 'epoch': 24.33}
{'loss': 0.0306, 'learning_rate': 3.3912707609115485e-07, 'epoch': 24.91}
{'eval_loss': 0.019566340371966362, 'eval_f1': 0.9940672616138767, 'eval_roc_auc': 0.9952141789744708, 'eval_accuracy': 0.9930434782608696, 'eval_runtime': 160.8702, 'eval_samples_per_second': 42.892, 'eval_steps_per_second': 5.365, 'epoch': 25.0}
{'loss': 0.0278, 'learning_rate': 3.005021243723445e-07, 'epoch': 25.49}
{'eval_loss': 0.01820302940905094, 'eval_f1': 0.9947466940752442, 'eval_roc_auc': 0.9955046874862203, 'eval_accuracy': 0.993768115942029, 'eval_runtime': 160.8253, 'eval_samples_per_second': 42.904, 'eval_steps_per_second': 5.366, 'epoch': 26.0}
{'loss': 0.0335, 'learning_rate': 2.6187717265353417e-07, 'epoch': 26.07}
{'loss': 0.0329, 'learning_rate': 2.2325222093472383e-07, 'epoch': 26.65}
{'eval_loss': 0.01769253797829151, 'eval_f1': 0.9945176661611033, 'eval_roc_auc': 0.9953063091857014, 'eval_accuracy': 0.9934782608695653, 'eval_runtime': 160.8548, 'eval_samples_per_second': 42.896, 'eval_steps_per_second': 5.365, 'epoch': 27.0}
{'loss': 0.026, 'learning_rate': 1.846272692159135e-07, 'epoch': 27.23}
{'loss': 0.0273, 'learning_rate': 1.4600231749710312e-07, 'epoch': 27.81}
{'eval_loss': 0.01660248637199402, 'eval_f1': 0.9953186028521752, 'eval_roc_auc': 0.9960152097300342, 'eval_accuracy': 0.9944927536231885, 'eval_runtime': 160.7164, 'eval_samples_per_second': 42.933, 'eval_steps_per_second': 5.37, 'epoch': 28.0}
{'loss': 0.0224, 'learning_rate': 1.0737736577829278e-07, 'epoch': 28.39}
{'loss': 0.0269, 'learning_rate': 6.875241405948242e-08, 'epoch': 28.97}
{'eval_loss': 0.015934282913804054, 'eval_f1': 0.995433527999255, 'eval_roc_auc': 0.9960998223877773, 'eval_accuracy': 0.9946376811594203, 'eval_runtime': 160.6615, 'eval_samples_per_second': 42.947, 'eval_steps_per_second': 5.372, 'epoch': 29.0}
{'loss': 0.0216, 'learning_rate': 3.0127462340672076e-08, 'epoch': 29.55}
{'eval_loss': 0.016222067177295685, 'eval_f1': 0.9954340686369443, 'eval_roc_auc': 0.9961289753728101, 'eval_accuracy': 0.9946376811594203, 'eval_runtime': 160.6697, 'eval_samples_per_second': 42.945, 'eval_steps_per_second': 5.371, 'epoch': 30.0}
{'train_runtime': 16190.2137, 'train_samples_per_second': 12.786, 'train_steps_per_second': 1.599, 'train_loss': 0.08810106091814274, 'epoch': 30.0}
