Model Name: AIMH/mental-longformer-base-4096
Text Column: text
Max Length: 1024
Batch Size: 4
Learning Rate: 2e-05
Number of Epochs: 30
Metric Name: eval_loss
Random State: 3
{'loss': 0.361, 'learning_rate': 1.9806763285024154e-05, 'epoch': 0.29}
{'loss': 0.2773, 'learning_rate': 1.961352657004831e-05, 'epoch': 0.58}
{'loss': 0.2836, 'learning_rate': 1.9420289855072467e-05, 'epoch': 0.87}
{'eval_loss': 0.20794755220413208, 'eval_f1': 0.898905818349312, 'eval_roc_auc': 0.9190374689798329, 'eval_accuracy': 0.8972463768115942, 'eval_runtime': 232.0711, 'eval_samples_per_second': 29.732, 'eval_steps_per_second': 7.433, 'epoch': 1.0}
{'loss': 0.2468, 'learning_rate': 1.922705314009662e-05, 'epoch': 1.16}
{'loss': 0.2127, 'learning_rate': 1.9033816425120775e-05, 'epoch': 1.45}
{'loss': 0.2149, 'learning_rate': 1.8840579710144928e-05, 'epoch': 1.74}
{'eval_loss': 0.13086290657520294, 'eval_f1': 0.9483361656944409, 'eval_roc_auc': 0.9609015977629982, 'eval_accuracy': 0.9420289855072463, 'eval_runtime': 231.5726, 'eval_samples_per_second': 29.796, 'eval_steps_per_second': 7.449, 'epoch': 2.0}
{'loss': 0.2186, 'learning_rate': 1.8647342995169084e-05, 'epoch': 2.03}
{'loss': 0.1484, 'learning_rate': 1.8454106280193237e-05, 'epoch': 2.32}
{'loss': 0.1397, 'learning_rate': 1.8260869565217393e-05, 'epoch': 2.61}
{'loss': 0.1572, 'learning_rate': 1.806763285024155e-05, 'epoch': 2.9}
{'eval_loss': 0.08835887908935547, 'eval_f1': 0.964459050194785, 'eval_roc_auc': 0.980652158081007, 'eval_accuracy': 0.9547826086956521, 'eval_runtime': 231.3211, 'eval_samples_per_second': 29.829, 'eval_steps_per_second': 7.457, 'epoch': 3.0}
{'loss': 0.1154, 'learning_rate': 1.7874396135265702e-05, 'epoch': 3.19}
{'loss': 0.1018, 'learning_rate': 1.7681159420289858e-05, 'epoch': 3.48}
{'loss': 0.0935, 'learning_rate': 1.748792270531401e-05, 'epoch': 3.77}
{'eval_loss': 0.0862819254398346, 'eval_f1': 0.9730573783956508, 'eval_roc_auc': 0.9795755070652521, 'eval_accuracy': 0.9720289855072464, 'eval_runtime': 231.1924, 'eval_samples_per_second': 29.845, 'eval_steps_per_second': 7.461, 'epoch': 4.0}
{'loss': 0.1011, 'learning_rate': 1.7294685990338163e-05, 'epoch': 4.06}
{'loss': 0.0595, 'learning_rate': 1.710144927536232e-05, 'epoch': 4.35}
{'loss': 0.0917, 'learning_rate': 1.6908212560386476e-05, 'epoch': 4.64}
{'loss': 0.0694, 'learning_rate': 1.6714975845410632e-05, 'epoch': 4.93}
{'eval_loss': 0.038632627576589584, 'eval_f1': 0.9880565891001053, 'eval_roc_auc': 0.990455288914627, 'eval_accuracy': 0.9856521739130435, 'eval_runtime': 231.1577, 'eval_samples_per_second': 29.85, 'eval_steps_per_second': 7.462, 'epoch': 5.0}
{'loss': 0.0315, 'learning_rate': 1.6521739130434785e-05, 'epoch': 5.22}
{'loss': 0.0628, 'learning_rate': 1.6328502415458937e-05, 'epoch': 5.51}
{'loss': 0.062, 'learning_rate': 1.6135265700483093e-05, 'epoch': 5.8}
{'eval_loss': 0.052211564034223557, 'eval_f1': 0.9812908336168391, 'eval_roc_auc': 0.9832059228655241, 'eval_accuracy': 0.9788405797101449, 'eval_runtime': 231.2838, 'eval_samples_per_second': 29.833, 'eval_steps_per_second': 7.458, 'epoch': 6.0}
{'loss': 0.053, 'learning_rate': 1.5942028985507246e-05, 'epoch': 6.09}
{'loss': 0.0516, 'learning_rate': 1.5748792270531402e-05, 'epoch': 6.38}
{'loss': 0.0396, 'learning_rate': 1.555555555555556e-05, 'epoch': 6.67}
{'loss': 0.0486, 'learning_rate': 1.536231884057971e-05, 'epoch': 6.96}
{'eval_loss': 0.013773174956440926, 'eval_f1': 0.9958941991083091, 'eval_roc_auc': 0.9963628563978162, 'eval_accuracy': 0.9952173913043478, 'eval_runtime': 231.2422, 'eval_samples_per_second': 29.839, 'eval_steps_per_second': 7.46, 'epoch': 7.0}
{'loss': 0.025, 'learning_rate': 1.5169082125603867e-05, 'epoch': 7.25}
{'loss': 0.0219, 'learning_rate': 1.497584541062802e-05, 'epoch': 7.54}
{'loss': 0.0348, 'learning_rate': 1.4782608695652174e-05, 'epoch': 7.83}
{'eval_loss': 0.020099343731999397, 'eval_f1': 0.9940977957804964, 'eval_roc_auc': 0.995046235081736, 'eval_accuracy': 0.9926086956521739, 'eval_runtime': 231.526, 'eval_samples_per_second': 29.802, 'eval_steps_per_second': 7.451, 'epoch': 8.0}
{'loss': 0.0378, 'learning_rate': 1.458937198067633e-05, 'epoch': 8.12}
{'loss': 0.0328, 'learning_rate': 1.4396135265700483e-05, 'epoch': 8.41}
{'loss': 0.0373, 'learning_rate': 1.420289855072464e-05, 'epoch': 8.7}
{'loss': 0.0249, 'learning_rate': 1.4009661835748794e-05, 'epoch': 8.99}
{'eval_loss': 0.005003252066671848, 'eval_f1': 0.9985191569268628, 'eval_roc_auc': 0.9986044914876236, 'eval_accuracy': 0.9981159420289855, 'eval_runtime': 231.4894, 'eval_samples_per_second': 29.807, 'eval_steps_per_second': 7.452, 'epoch': 9.0}
{'loss': 0.031, 'learning_rate': 1.3816425120772946e-05, 'epoch': 9.28}
{'loss': 0.0303, 'learning_rate': 1.3623188405797103e-05, 'epoch': 9.57}
{'loss': 0.0232, 'learning_rate': 1.3429951690821257e-05, 'epoch': 9.86}
{'eval_loss': 0.0090699577704072, 'eval_f1': 0.997729475881406, 'eval_roc_auc': 0.9987260252690031, 'eval_accuracy': 0.9973913043478261, 'eval_runtime': 231.1904, 'eval_samples_per_second': 29.846, 'eval_steps_per_second': 7.461, 'epoch': 10.0}
{'loss': 0.0344, 'learning_rate': 1.3236714975845413e-05, 'epoch': 10.14}
{'loss': 0.0269, 'learning_rate': 1.3043478260869566e-05, 'epoch': 10.43}
{'loss': 0.0129, 'learning_rate': 1.285024154589372e-05, 'epoch': 10.72}
{'eval_loss': 0.03454500064253807, 'eval_f1': 0.9917810110446091, 'eval_roc_auc': 0.9935903684230808, 'eval_accuracy': 0.9907246376811594, 'eval_runtime': 231.4078, 'eval_samples_per_second': 29.817, 'eval_steps_per_second': 7.454, 'epoch': 11.0}
{'loss': 0.0204, 'learning_rate': 1.2657004830917876e-05, 'epoch': 11.01}
{'loss': 0.0238, 'learning_rate': 1.2463768115942029e-05, 'epoch': 11.3}
{'loss': 0.013, 'learning_rate': 1.2270531400966183e-05, 'epoch': 11.59}
{'loss': 0.0205, 'learning_rate': 1.207729468599034e-05, 'epoch': 11.88}
{'eval_loss': 0.007100783288478851, 'eval_f1': 0.9977286357676125, 'eval_roc_auc': 0.998654622759458, 'eval_accuracy': 0.9972463768115942, 'eval_runtime': 230.6617, 'eval_samples_per_second': 29.914, 'eval_steps_per_second': 7.478, 'epoch': 12.0}
{'train_runtime': 14969.4169, 'train_samples_per_second': 13.828, 'train_steps_per_second': 3.457, 'train_loss': 0.08962375276906479, 'epoch': 12.0}
