Model Name: AIMH/mental-longformer-base-4096
Text Column: text
Max Length: 1024
Batch Size: 4
Learning Rate: 2e-06
Number of Epochs: 30
Metric Name: eval_loss
Random State: 2
{'loss': 0.5432, 'learning_rate': 1.980676328502415e-06, 'epoch': 0.29}
{'loss': 0.2968, 'learning_rate': 1.9613526570048307e-06, 'epoch': 0.58}
{'loss': 0.2579, 'learning_rate': 1.9420289855072463e-06, 'epoch': 0.87}
{'eval_loss': 0.24010002613067627, 'eval_f1': 0.8762465133073445, 'eval_roc_auc': 0.9047178965006109, 'eval_accuracy': 0.8701449275362318, 'eval_runtime': 229.5598, 'eval_samples_per_second': 30.058, 'eval_steps_per_second': 7.514, 'epoch': 1.0}
{'loss': 0.2364, 'learning_rate': 1.922705314009662e-06, 'epoch': 1.16}
{'loss': 0.2552, 'learning_rate': 1.9033816425120771e-06, 'epoch': 1.45}
{'loss': 0.2253, 'learning_rate': 1.8840579710144925e-06, 'epoch': 1.74}
{'eval_loss': 0.21302972733974457, 'eval_f1': 0.9013883260214651, 'eval_roc_auc': 0.9281411455110837, 'eval_accuracy': 0.8928985507246376, 'eval_runtime': 229.1735, 'eval_samples_per_second': 30.108, 'eval_steps_per_second': 7.527, 'epoch': 2.0}
{'loss': 0.2393, 'learning_rate': 1.8647342995169081e-06, 'epoch': 2.03}
{'loss': 0.2189, 'learning_rate': 1.8454106280193235e-06, 'epoch': 2.32}
{'loss': 0.2246, 'learning_rate': 1.826086956521739e-06, 'epoch': 2.61}
{'loss': 0.2478, 'learning_rate': 1.8067632850241545e-06, 'epoch': 2.9}
{'eval_loss': 0.1792621612548828, 'eval_f1': 0.9194396585038734, 'eval_roc_auc': 0.9385685686008597, 'eval_accuracy': 0.9117391304347826, 'eval_runtime': 229.1669, 'eval_samples_per_second': 30.109, 'eval_steps_per_second': 7.527, 'epoch': 3.0}
{'loss': 0.2294, 'learning_rate': 1.78743961352657e-06, 'epoch': 3.19}
{'loss': 0.215, 'learning_rate': 1.7681159420289855e-06, 'epoch': 3.48}
{'loss': 0.1944, 'learning_rate': 1.748792270531401e-06, 'epoch': 3.77}
{'eval_loss': 0.18249712884426117, 'eval_f1': 0.928126431688588, 'eval_roc_auc': 0.9465210618576028, 'eval_accuracy': 0.9194202898550725, 'eval_runtime': 229.1777, 'eval_samples_per_second': 30.108, 'eval_steps_per_second': 7.527, 'epoch': 4.0}
{'loss': 0.2157, 'learning_rate': 1.7294685990338163e-06, 'epoch': 4.06}
{'loss': 0.1956, 'learning_rate': 1.7101449275362317e-06, 'epoch': 4.35}
{'loss': 0.2178, 'learning_rate': 1.6908212560386471e-06, 'epoch': 4.64}
{'loss': 0.1899, 'learning_rate': 1.6714975845410628e-06, 'epoch': 4.93}
{'eval_loss': 0.16591309010982513, 'eval_f1': 0.9382007957840672, 'eval_roc_auc': 0.9525923987780612, 'eval_accuracy': 0.9339130434782609, 'eval_runtime': 229.2996, 'eval_samples_per_second': 30.092, 'eval_steps_per_second': 7.523, 'epoch': 5.0}
{'loss': 0.1526, 'learning_rate': 1.6521739130434782e-06, 'epoch': 5.22}
{'loss': 0.1801, 'learning_rate': 1.6328502415458936e-06, 'epoch': 5.51}
{'loss': 0.1908, 'learning_rate': 1.6135265700483092e-06, 'epoch': 5.8}
{'eval_loss': 0.1597815454006195, 'eval_f1': 0.940515145317855, 'eval_roc_auc': 0.9549374835350475, 'eval_accuracy': 0.9349275362318841, 'eval_runtime': 229.1402, 'eval_samples_per_second': 30.113, 'eval_steps_per_second': 7.528, 'epoch': 6.0}
{'loss': 0.157, 'learning_rate': 1.5942028985507246e-06, 'epoch': 6.09}
{'loss': 0.156, 'learning_rate': 1.5748792270531402e-06, 'epoch': 6.38}
{'loss': 0.1756, 'learning_rate': 1.5555555555555556e-06, 'epoch': 6.67}
{'loss': 0.1438, 'learning_rate': 1.536231884057971e-06, 'epoch': 6.96}
{'eval_loss': 0.11505062133073807, 'eval_f1': 0.9592123937711096, 'eval_roc_auc': 0.9708521383784435, 'eval_accuracy': 0.9534782608695652, 'eval_runtime': 229.1308, 'eval_samples_per_second': 30.114, 'eval_steps_per_second': 7.528, 'epoch': 7.0}
{'loss': 0.1559, 'learning_rate': 1.5169082125603864e-06, 'epoch': 7.25}
{'loss': 0.1444, 'learning_rate': 1.4975845410628018e-06, 'epoch': 7.54}
{'loss': 0.1382, 'learning_rate': 1.4782608695652172e-06, 'epoch': 7.83}
{'eval_loss': 0.09641562402248383, 'eval_f1': 0.966019650335363, 'eval_roc_auc': 0.9765790296232528, 'eval_accuracy': 0.9617391304347827, 'eval_runtime': 229.1072, 'eval_samples_per_second': 30.117, 'eval_steps_per_second': 7.529, 'epoch': 8.0}
{'loss': 0.1225, 'learning_rate': 1.4589371980676328e-06, 'epoch': 8.12}
{'loss': 0.1256, 'learning_rate': 1.4396135265700482e-06, 'epoch': 8.41}
{'loss': 0.1197, 'learning_rate': 1.4202898550724638e-06, 'epoch': 8.7}
{'loss': 0.1429, 'learning_rate': 1.4009661835748792e-06, 'epoch': 8.99}
{'eval_loss': 0.07580467313528061, 'eval_f1': 0.9745564003598354, 'eval_roc_auc': 0.9814141165565492, 'eval_accuracy': 0.9708695652173913, 'eval_runtime': 229.2429, 'eval_samples_per_second': 30.099, 'eval_steps_per_second': 7.525, 'epoch': 9.0}
{'loss': 0.0844, 'learning_rate': 1.3816425120772946e-06, 'epoch': 9.28}
{'loss': 0.1148, 'learning_rate': 1.3623188405797102e-06, 'epoch': 9.57}
{'loss': 0.1076, 'learning_rate': 1.3429951690821256e-06, 'epoch': 9.86}
{'eval_loss': 0.06339839100837708, 'eval_f1': 0.9798143965757393, 'eval_roc_auc': 0.9844045755861923, 'eval_accuracy': 0.9769565217391304, 'eval_runtime': 229.0875, 'eval_samples_per_second': 30.119, 'eval_steps_per_second': 7.53, 'epoch': 10.0}
{'loss': 0.1068, 'learning_rate': 1.323671497584541e-06, 'epoch': 10.14}
{'loss': 0.1011, 'learning_rate': 1.3043478260869564e-06, 'epoch': 10.43}
{'loss': 0.0942, 'learning_rate': 1.2850241545893718e-06, 'epoch': 10.72}
{'eval_loss': 0.05852668732404709, 'eval_f1': 0.9810544832159513, 'eval_roc_auc': 0.9853302465046633, 'eval_accuracy': 0.9782608695652174, 'eval_runtime': 229.0113, 'eval_samples_per_second': 30.13, 'eval_steps_per_second': 7.532, 'epoch': 11.0}
{'loss': 0.0744, 'learning_rate': 1.2657004830917874e-06, 'epoch': 11.01}
{'loss': 0.0704, 'learning_rate': 1.2463768115942028e-06, 'epoch': 11.3}
{'loss': 0.0681, 'learning_rate': 1.2270531400966182e-06, 'epoch': 11.59}
{'loss': 0.0947, 'learning_rate': 1.2077294685990338e-06, 'epoch': 11.88}
{'eval_loss': 0.05044040083885193, 'eval_f1': 0.9833078153900437, 'eval_roc_auc': 0.9878969756017907, 'eval_accuracy': 0.9804347826086957, 'eval_runtime': 228.9986, 'eval_samples_per_second': 30.131, 'eval_steps_per_second': 7.533, 'epoch': 12.0}
{'loss': 0.0729, 'learning_rate': 1.1884057971014492e-06, 'epoch': 12.17}
{'loss': 0.0829, 'learning_rate': 1.1690821256038648e-06, 'epoch': 12.46}
{'loss': 0.0809, 'learning_rate': 1.1497584541062802e-06, 'epoch': 12.75}
{'eval_loss': 0.0535864382982254, 'eval_f1': 0.9822352228308338, 'eval_roc_auc': 0.9864507922815545, 'eval_accuracy': 0.9794202898550725, 'eval_runtime': 230.5648, 'eval_samples_per_second': 29.927, 'eval_steps_per_second': 7.482, 'epoch': 13.0}
{'loss': 0.0561, 'learning_rate': 1.1304347826086954e-06, 'epoch': 13.04}
{'loss': 0.0732, 'learning_rate': 1.111111111111111e-06, 'epoch': 13.33}
{'loss': 0.0479, 'learning_rate': 1.0917874396135264e-06, 'epoch': 13.62}
{'loss': 0.0699, 'learning_rate': 1.072463768115942e-06, 'epoch': 13.91}
{'eval_loss': 0.04176781326532364, 'eval_f1': 0.9868225213518608, 'eval_roc_auc': 0.9902343579536458, 'eval_accuracy': 0.9843478260869565, 'eval_runtime': 229.8776, 'eval_samples_per_second': 30.016, 'eval_steps_per_second': 7.504, 'epoch': 14.0}
{'loss': 0.0471, 'learning_rate': 1.0531400966183574e-06, 'epoch': 14.2}
{'loss': 0.0371, 'learning_rate': 1.0338164251207728e-06, 'epoch': 14.49}
{'loss': 0.0592, 'learning_rate': 1.0144927536231885e-06, 'epoch': 14.78}
{'eval_loss': 0.03654371574521065, 'eval_f1': 0.9887668941868103, 'eval_roc_auc': 0.990476560152338, 'eval_accuracy': 0.9876811594202899, 'eval_runtime': 229.8846, 'eval_samples_per_second': 30.015, 'eval_steps_per_second': 7.504, 'epoch': 15.0}
{'loss': 0.0618, 'learning_rate': 9.951690821256039e-07, 'epoch': 15.07}
{'loss': 0.0568, 'learning_rate': 9.758454106280193e-07, 'epoch': 15.36}
{'loss': 0.0438, 'learning_rate': 9.565217391304349e-07, 'epoch': 15.65}
{'loss': 0.0589, 'learning_rate': 9.371980676328503e-07, 'epoch': 15.94}
{'eval_loss': 0.02239236980676651, 'eval_f1': 0.9928161030944197, 'eval_roc_auc': 0.9944091341075193, 'eval_accuracy': 0.9914492753623189, 'eval_runtime': 229.9424, 'eval_samples_per_second': 30.008, 'eval_steps_per_second': 7.502, 'epoch': 16.0}
{'loss': 0.029, 'learning_rate': 9.178743961352657e-07, 'epoch': 16.23}
{'loss': 0.0358, 'learning_rate': 8.985507246376811e-07, 'epoch': 16.52}
{'loss': 0.0501, 'learning_rate': 8.792270531400966e-07, 'epoch': 16.81}
{'eval_loss': 0.019446834921836853, 'eval_f1': 0.9939614889042263, 'eval_roc_auc': 0.9953256089891807, 'eval_accuracy': 0.9928985507246377, 'eval_runtime': 229.8763, 'eval_samples_per_second': 30.016, 'eval_steps_per_second': 7.504, 'epoch': 17.0}
{'loss': 0.0392, 'learning_rate': 8.599033816425121e-07, 'epoch': 17.1}
{'loss': 0.0202, 'learning_rate': 8.405797101449275e-07, 'epoch': 17.39}
{'loss': 0.0362, 'learning_rate': 8.21256038647343e-07, 'epoch': 17.68}
{'loss': 0.0411, 'learning_rate': 8.019323671497584e-07, 'epoch': 17.97}
{'eval_loss': 0.013769964687526226, 'eval_f1': 0.9958902372487888, 'eval_roc_auc': 0.996471440115171, 'eval_accuracy': 0.9952173913043478, 'eval_runtime': 230.0326, 'eval_samples_per_second': 29.996, 'eval_steps_per_second': 7.499, 'epoch': 18.0}
{'loss': 0.0409, 'learning_rate': 7.826086956521739e-07, 'epoch': 18.26}
{'loss': 0.0387, 'learning_rate': 7.632850241545893e-07, 'epoch': 18.55}
{'loss': 0.0226, 'learning_rate': 7.439613526570048e-07, 'epoch': 18.84}
{'eval_loss': 0.013552221469581127, 'eval_f1': 0.9954579633217069, 'eval_roc_auc': 0.9970468686536208, 'eval_accuracy': 0.9946376811594203, 'eval_runtime': 229.8153, 'eval_samples_per_second': 30.024, 'eval_steps_per_second': 7.506, 'epoch': 19.0}
{'loss': 0.0279, 'learning_rate': 7.246376811594203e-07, 'epoch': 19.13}
{'loss': 0.0211, 'learning_rate': 7.053140096618357e-07, 'epoch': 19.42}
{'loss': 0.0307, 'learning_rate': 6.859903381642512e-07, 'epoch': 19.71}
{'loss': 0.0236, 'learning_rate': 6.666666666666666e-07, 'epoch': 20.0}
{'eval_loss': 0.013792564161121845, 'eval_f1': 0.9963530274697293, 'eval_roc_auc': 0.9970391005150172, 'eval_accuracy': 0.9957971014492754, 'eval_runtime': 230.6966, 'eval_samples_per_second': 29.909, 'eval_steps_per_second': 7.477, 'epoch': 20.0}
{'loss': 0.0222, 'learning_rate': 6.473429951690821e-07, 'epoch': 20.29}
{'loss': 0.0259, 'learning_rate': 6.280193236714976e-07, 'epoch': 20.58}
{'loss': 0.0377, 'learning_rate': 6.08695652173913e-07, 'epoch': 20.87}
{'eval_loss': 0.010370788164436817, 'eval_f1': 0.9966960192674006, 'eval_roc_auc': 0.9972386466295691, 'eval_accuracy': 0.9960869565217392, 'eval_runtime': 230.8437, 'eval_samples_per_second': 29.89, 'eval_steps_per_second': 7.473, 'epoch': 21.0}
{'loss': 0.0227, 'learning_rate': 5.893719806763284e-07, 'epoch': 21.16}
{'loss': 0.0297, 'learning_rate': 5.700483091787439e-07, 'epoch': 21.45}
{'loss': 0.015, 'learning_rate': 5.507246376811594e-07, 'epoch': 21.74}
{'eval_loss': 0.008823993615806103, 'eval_f1': 0.9977239146110761, 'eval_roc_auc': 0.9982333844295194, 'eval_accuracy': 0.9972463768115942, 'eval_runtime': 230.4818, 'eval_samples_per_second': 29.937, 'eval_steps_per_second': 7.484, 'epoch': 22.0}
{'loss': 0.0166, 'learning_rate': 5.314009661835749e-07, 'epoch': 22.03}
{'loss': 0.0246, 'learning_rate': 5.120772946859903e-07, 'epoch': 22.32}
{'loss': 0.022, 'learning_rate': 4.927536231884058e-07, 'epoch': 22.61}
{'loss': 0.0199, 'learning_rate': 4.7342995169082123e-07, 'epoch': 22.9}
{'eval_loss': 0.007703446317464113, 'eval_f1': 0.9976096192824753, 'eval_roc_auc': 0.9979818820843561, 'eval_accuracy': 0.9971014492753624, 'eval_runtime': 230.499, 'eval_samples_per_second': 29.935, 'eval_steps_per_second': 7.484, 'epoch': 23.0}
{'loss': 0.0158, 'learning_rate': 4.5410628019323674e-07, 'epoch': 23.19}
{'loss': 0.0178, 'learning_rate': 4.3478260869565214e-07, 'epoch': 23.48}
{'loss': 0.012, 'learning_rate': 4.1545893719806764e-07, 'epoch': 23.77}
{'eval_loss': 0.00746947480365634, 'eval_f1': 0.9977221849373461, 'eval_roc_auc': 0.9980664947420992, 'eval_accuracy': 0.9972463768115942, 'eval_runtime': 230.1824, 'eval_samples_per_second': 29.976, 'eval_steps_per_second': 7.494, 'epoch': 24.0}
{'loss': 0.0166, 'learning_rate': 3.9613526570048304e-07, 'epoch': 24.06}
{'loss': 0.0099, 'learning_rate': 3.7681159420289855e-07, 'epoch': 24.35}
{'loss': 0.0216, 'learning_rate': 3.5748792270531395e-07, 'epoch': 24.64}
{'loss': 0.0242, 'learning_rate': 3.3816425120772945e-07, 'epoch': 24.93}
{'eval_loss': 0.006671159528195858, 'eval_f1': 0.997720495046949, 'eval_roc_auc': 0.9980373417570666, 'eval_accuracy': 0.9972463768115942, 'eval_runtime': 229.1063, 'eval_samples_per_second': 30.117, 'eval_steps_per_second': 7.529, 'epoch': 25.0}
{'loss': 0.0134, 'learning_rate': 3.188405797101449e-07, 'epoch': 25.22}
{'loss': 0.0111, 'learning_rate': 2.9951690821256036e-07, 'epoch': 25.51}
{'loss': 0.0169, 'learning_rate': 2.8019323671497586e-07, 'epoch': 25.8}
{'eval_loss': 0.005969363264739513, 'eval_f1': 0.9980640343614, 'eval_roc_auc': 0.9983786386853942, 'eval_accuracy': 0.9976811594202899, 'eval_runtime': 229.3507, 'eval_samples_per_second': 30.085, 'eval_steps_per_second': 7.521, 'epoch': 26.0}
{'loss': 0.0115, 'learning_rate': 2.6086956521739126e-07, 'epoch': 26.09}
{'loss': 0.0092, 'learning_rate': 2.4154589371980677e-07, 'epoch': 26.38}
{'loss': 0.0149, 'learning_rate': 2.222222222222222e-07, 'epoch': 26.67}
{'loss': 0.0199, 'learning_rate': 2.028985507246377e-07, 'epoch': 26.96}
{'eval_loss': 0.006369137205183506, 'eval_f1': 0.9981783894626229, 'eval_roc_auc': 0.9984924043281701, 'eval_accuracy': 0.9978260869565218, 'eval_runtime': 228.7298, 'eval_samples_per_second': 30.167, 'eval_steps_per_second': 7.542, 'epoch': 27.0}
{'loss': 0.0107, 'learning_rate': 1.8357487922705315e-07, 'epoch': 27.25}
{'loss': 0.0132, 'learning_rate': 1.642512077294686e-07, 'epoch': 27.54}
{'loss': 0.0148, 'learning_rate': 1.4492753623188405e-07, 'epoch': 27.83}
{'eval_loss': 0.006665319204330444, 'eval_f1': 0.9979496003129205, 'eval_roc_auc': 0.9982648730426184, 'eval_accuracy': 0.9975362318840579, 'eval_runtime': 228.7716, 'eval_samples_per_second': 30.161, 'eval_steps_per_second': 7.54, 'epoch': 28.0}
{'loss': 0.0119, 'learning_rate': 1.256038647342995e-07, 'epoch': 28.12}
{'loss': 0.0078, 'learning_rate': 1.0628019323671497e-07, 'epoch': 28.41}
{'loss': 0.0236, 'learning_rate': 8.695652173913042e-08, 'epoch': 28.7}
{'loss': 0.0107, 'learning_rate': 6.763285024154589e-08, 'epoch': 28.99}
{'eval_loss': 0.005466280970722437, 'eval_f1': 0.9981783894626229, 'eval_roc_auc': 0.9984924043281701, 'eval_accuracy': 0.9978260869565218, 'eval_runtime': 228.7312, 'eval_samples_per_second': 30.166, 'eval_steps_per_second': 7.542, 'epoch': 29.0}
{'loss': 0.0102, 'learning_rate': 4.830917874396135e-08, 'epoch': 29.28}
{'loss': 0.0138, 'learning_rate': 2.898550724637681e-08, 'epoch': 29.57}
{'loss': 0.0124, 'learning_rate': 9.661835748792269e-09, 'epoch': 29.86}
{'eval_loss': 0.005314969923347235, 'eval_f1': 0.9981783894626229, 'eval_roc_auc': 0.9984924043281701, 'eval_accuracy': 0.9978260869565218, 'eval_runtime': 228.5962, 'eval_samples_per_second': 30.184, 'eval_steps_per_second': 7.546, 'epoch': 30.0}
{'train_runtime': 37234.4501, 'train_samples_per_second': 5.559, 'train_steps_per_second': 1.39, 'train_loss': 0.08807654164724305, 'epoch': 30.0}
