Model Name: AIMH/mental-xlnet-base-cased
Text Column: text
Max Length: 512
Batch Size: 32
Learning Rate: 2e-06
Number of Epochs: 30
Metric Name: eval_loss
Random State: 2
{'eval_loss': 0.35762688517570496, 'eval_f1': 0.643218561150522, 'eval_roc_auc': 0.7718713850745965, 'eval_accuracy': 0.7497101449275362, 'eval_runtime': 182.2774, 'eval_samples_per_second': 37.854, 'eval_steps_per_second': 1.185, 'epoch': 1.0}
{'eval_loss': 0.21223434805870056, 'eval_f1': 0.868366704187392, 'eval_roc_auc': 0.8986900850179635, 'eval_accuracy': 0.8601449275362318, 'eval_runtime': 182.1822, 'eval_samples_per_second': 37.874, 'eval_steps_per_second': 1.186, 'epoch': 2.0}
{'loss': 0.386, 'learning_rate': 1.8456790123456789e-06, 'epoch': 2.31}
{'eval_loss': 0.18436945974826813, 'eval_f1': 0.8845994557837178, 'eval_roc_auc': 0.9120122626210898, 'eval_accuracy': 0.8743478260869565, 'eval_runtime': 182.1409, 'eval_samples_per_second': 37.883, 'eval_steps_per_second': 1.186, 'epoch': 3.0}
{'eval_loss': 0.16733145713806152, 'eval_f1': 0.8977843844306108, 'eval_roc_auc': 0.9231618391491517, 'eval_accuracy': 0.8863768115942029, 'eval_runtime': 182.1647, 'eval_samples_per_second': 37.878, 'eval_steps_per_second': 1.186, 'epoch': 4.0}
{'loss': 0.1966, 'learning_rate': 1.6913580246913578e-06, 'epoch': 4.63}
{'eval_loss': 0.15585480630397797, 'eval_f1': 0.9089057812889084, 'eval_roc_auc': 0.9337955321657874, 'eval_accuracy': 0.896231884057971, 'eval_runtime': 182.15, 'eval_samples_per_second': 37.881, 'eval_steps_per_second': 1.186, 'epoch': 5.0}
{'eval_loss': 0.14692364633083344, 'eval_f1': 0.9151719357730353, 'eval_roc_auc': 0.9401746869691298, 'eval_accuracy': 0.9002898550724637, 'eval_runtime': 182.1678, 'eval_samples_per_second': 37.877, 'eval_steps_per_second': 1.186, 'epoch': 6.0}
{'loss': 0.1659, 'learning_rate': 1.537037037037037e-06, 'epoch': 6.94}
{'eval_loss': 0.13474641740322113, 'eval_f1': 0.9193929325575477, 'eval_roc_auc': 0.9387617649759574, 'eval_accuracy': 0.9085507246376812, 'eval_runtime': 182.1782, 'eval_samples_per_second': 37.875, 'eval_steps_per_second': 1.186, 'epoch': 7.0}
{'eval_loss': 0.12665994465351105, 'eval_f1': 0.9261227585663206, 'eval_roc_auc': 0.9445410095119491, 'eval_accuracy': 0.9153623188405797, 'eval_runtime': 182.1538, 'eval_samples_per_second': 37.88, 'eval_steps_per_second': 1.186, 'epoch': 8.0}
{'eval_loss': 0.11442547291517258, 'eval_f1': 0.9342538034675912, 'eval_roc_auc': 0.9508572623216226, 'eval_accuracy': 0.9240579710144927, 'eval_runtime': 182.188, 'eval_samples_per_second': 37.873, 'eval_steps_per_second': 1.186, 'epoch': 9.0}
{'loss': 0.1429, 'learning_rate': 1.382716049382716e-06, 'epoch': 9.26}
{'eval_loss': 0.11354079842567444, 'eval_f1': 0.9340540313338134, 'eval_roc_auc': 0.9489147977434054, 'eval_accuracy': 0.9244927536231884, 'eval_runtime': 182.1299, 'eval_samples_per_second': 37.885, 'eval_steps_per_second': 1.186, 'epoch': 10.0}
{'eval_loss': 0.10057652741670609, 'eval_f1': 0.943393668511943, 'eval_roc_auc': 0.9589061271184213, 'eval_accuracy': 0.9339130434782609, 'eval_runtime': 182.1386, 'eval_samples_per_second': 37.883, 'eval_steps_per_second': 1.186, 'epoch': 11.0}
{'loss': 0.1252, 'learning_rate': 1.228395061728395e-06, 'epoch': 11.57}
{'eval_loss': 0.09296363592147827, 'eval_f1': 0.9501026527730795, 'eval_roc_auc': 0.9645362497626043, 'eval_accuracy': 0.9408695652173913, 'eval_runtime': 182.1766, 'eval_samples_per_second': 37.875, 'eval_steps_per_second': 1.186, 'epoch': 12.0}
{'eval_loss': 0.08524521440267563, 'eval_f1': 0.9557026633183728, 'eval_roc_auc': 0.9690172171808893, 'eval_accuracy': 0.9469565217391305, 'eval_runtime': 182.2192, 'eval_samples_per_second': 37.866, 'eval_steps_per_second': 1.185, 'epoch': 13.0}
{'loss': 0.1113, 'learning_rate': 1.074074074074074e-06, 'epoch': 13.89}
{'eval_loss': 0.08177442103624344, 'eval_f1': 0.955352292308993, 'eval_roc_auc': 0.9680205174457643, 'eval_accuracy': 0.9476811594202899, 'eval_runtime': 182.1407, 'eval_samples_per_second': 37.883, 'eval_steps_per_second': 1.186, 'epoch': 14.0}
{'eval_loss': 0.07674259692430496, 'eval_f1': 0.9598336779183091, 'eval_roc_auc': 0.9701626607453651, 'eval_accuracy': 0.9530434782608695, 'eval_runtime': 182.2279, 'eval_samples_per_second': 37.865, 'eval_steps_per_second': 1.185, 'epoch': 15.0}
{'eval_loss': 0.07614871859550476, 'eval_f1': 0.9591332185772834, 'eval_roc_auc': 0.9696990264154596, 'eval_accuracy': 0.9531884057971014, 'eval_runtime': 182.2168, 'eval_samples_per_second': 37.867, 'eval_steps_per_second': 1.185, 'epoch': 16.0}
{'loss': 0.0982, 'learning_rate': 9.19753086419753e-07, 'epoch': 16.2}
{'eval_loss': 0.07014063000679016, 'eval_f1': 0.9632031043685211, 'eval_roc_auc': 0.9719833175894067, 'eval_accuracy': 0.957391304347826, 'eval_runtime': 182.1795, 'eval_samples_per_second': 37.875, 'eval_steps_per_second': 1.186, 'epoch': 17.0}
{'eval_loss': 0.06339295953512192, 'eval_f1': 0.9688481702495374, 'eval_roc_auc': 0.9776239410608305, 'eval_accuracy': 0.9628985507246377, 'eval_runtime': 182.1342, 'eval_samples_per_second': 37.884, 'eval_steps_per_second': 1.186, 'epoch': 18.0}
{'loss': 0.0896, 'learning_rate': 7.65432098765432e-07, 'epoch': 18.52}
{'eval_loss': 0.05992744490504265, 'eval_f1': 0.970690348743744, 'eval_roc_auc': 0.9783937432874678, 'eval_accuracy': 0.9656521739130435, 'eval_runtime': 182.2185, 'eval_samples_per_second': 37.867, 'eval_steps_per_second': 1.185, 'epoch': 19.0}
{'eval_loss': 0.059108566492795944, 'eval_f1': 0.9704926825359733, 'eval_roc_auc': 0.977620447117788, 'eval_accuracy': 0.9656521739130435, 'eval_runtime': 182.1977, 'eval_samples_per_second': 37.871, 'eval_steps_per_second': 1.186, 'epoch': 20.0}
{'loss': 0.0813, 'learning_rate': 6.111111111111112e-07, 'epoch': 20.83}
{'eval_loss': 0.05463811010122299, 'eval_f1': 0.9738643471414972, 'eval_roc_auc': 0.9812321917621543, 'eval_accuracy': 0.9691304347826087, 'eval_runtime': 182.2259, 'eval_samples_per_second': 37.865, 'eval_steps_per_second': 1.185, 'epoch': 21.0}
{'eval_loss': 0.05420466884970665, 'eval_f1': 0.973436141584736, 'eval_roc_auc': 0.9799347661398918, 'eval_accuracy': 0.9688405797101449, 'eval_runtime': 182.2014, 'eval_samples_per_second': 37.87, 'eval_steps_per_second': 1.186, 'epoch': 22.0}
{'eval_loss': 0.05192546546459198, 'eval_f1': 0.9759149539022511, 'eval_roc_auc': 0.9815911195096958, 'eval_accuracy': 0.9715942028985507, 'eval_runtime': 182.2176, 'eval_samples_per_second': 37.867, 'eval_steps_per_second': 1.185, 'epoch': 23.0}
{'loss': 0.0769, 'learning_rate': 4.5679012345679007e-07, 'epoch': 23.15}
{'eval_loss': 0.050771281123161316, 'eval_f1': 0.9760226069079476, 'eval_roc_auc': 0.9815963014351172, 'eval_accuracy': 0.9718840579710145, 'eval_runtime': 182.2471, 'eval_samples_per_second': 37.861, 'eval_steps_per_second': 1.185, 'epoch': 24.0}
{'eval_loss': 0.048196569085121155, 'eval_f1': 0.9776836594992694, 'eval_roc_auc': 0.983481604489622, 'eval_accuracy': 0.9734782608695652, 'eval_runtime': 182.2345, 'eval_samples_per_second': 37.863, 'eval_steps_per_second': 1.185, 'epoch': 25.0}
{'loss': 0.0702, 'learning_rate': 3.0246913580246913e-07, 'epoch': 25.46}
{'eval_loss': 0.04702893644571304, 'eval_f1': 0.9786179400034526, 'eval_roc_auc': 0.9832789614925985, 'eval_accuracy': 0.9749275362318841, 'eval_runtime': 182.2076, 'eval_samples_per_second': 37.869, 'eval_steps_per_second': 1.185, 'epoch': 26.0}
{'eval_loss': 0.047806866466999054, 'eval_f1': 0.9784467549813004, 'eval_roc_auc': 0.9834766826483735, 'eval_accuracy': 0.9746376811594203, 'eval_runtime': 182.218, 'eval_samples_per_second': 37.867, 'eval_steps_per_second': 1.185, 'epoch': 27.0}
{'loss': 0.0684, 'learning_rate': 1.4814814814814815e-07, 'epoch': 27.78}
{'eval_loss': 0.04678962007164955, 'eval_f1': 0.9782838791138092, 'eval_roc_auc': 0.9830794153780464, 'eval_accuracy': 0.9744927536231884, 'eval_runtime': 182.1557, 'eval_samples_per_second': 37.88, 'eval_steps_per_second': 1.186, 'epoch': 28.0}
{'eval_loss': 0.04570793733000755, 'eval_f1': 0.9786747966129147, 'eval_roc_auc': 0.9838339224135362, 'eval_accuracy': 0.9746376811594203, 'eval_runtime': 182.1856, 'eval_samples_per_second': 37.873, 'eval_steps_per_second': 1.186, 'epoch': 29.0}
{'eval_loss': 0.04578414559364319, 'eval_f1': 0.9791293771909468, 'eval_roc_auc': 0.9841220952972195, 'eval_accuracy': 0.9752173913043478, 'eval_runtime': 182.226, 'eval_samples_per_second': 37.865, 'eval_steps_per_second': 1.185, 'epoch': 30.0}
{'train_runtime': 17076.0276, 'train_samples_per_second': 12.122, 'train_steps_per_second': 0.379, 'train_loss': 0.12925713886449366, 'epoch': 30.0}
