Model Name: AIMH/mental-longformer-base-4096
Text Column: text
Max Length: 1024
Batch Size: 4
Learning Rate: 2e-06
Number of Epochs: 30
Metric Name: eval_loss
Random State: 3
{'loss': 0.5558, 'learning_rate': 1.980676328502415e-06, 'epoch': 0.29}
{'loss': 0.3065, 'learning_rate': 1.9613526570048307e-06, 'epoch': 0.58}
{'loss': 0.2556, 'learning_rate': 1.9420289855072463e-06, 'epoch': 0.87}
{'eval_loss': 0.23526602983474731, 'eval_f1': 0.8740170571604596, 'eval_roc_auc': 0.9029256642539328, 'eval_accuracy': 0.8695652173913043, 'eval_runtime': 232.1563, 'eval_samples_per_second': 29.721, 'eval_steps_per_second': 7.43, 'epoch': 1.0}
{'loss': 0.2357, 'learning_rate': 1.922705314009662e-06, 'epoch': 1.16}
{'loss': 0.259, 'learning_rate': 1.9033816425120771e-06, 'epoch': 1.45}
{'loss': 0.2251, 'learning_rate': 1.8840579710144925e-06, 'epoch': 1.74}
{'eval_loss': 0.20820631086826324, 'eval_f1': 0.9018192241200209, 'eval_roc_auc': 0.9293715797957602, 'eval_accuracy': 0.8921739130434783, 'eval_runtime': 232.2253, 'eval_samples_per_second': 29.713, 'eval_steps_per_second': 7.428, 'epoch': 2.0}
{'loss': 0.2367, 'learning_rate': 1.8647342995169081e-06, 'epoch': 2.03}
{'loss': 0.2223, 'learning_rate': 1.8454106280193235e-06, 'epoch': 2.32}
{'loss': 0.2295, 'learning_rate': 1.826086956521739e-06, 'epoch': 2.61}
{'loss': 0.2434, 'learning_rate': 1.8067632850241545e-06, 'epoch': 2.9}
{'eval_loss': 0.1875348538160324, 'eval_f1': 0.9170674367173893, 'eval_roc_auc': 0.9374980076203484, 'eval_accuracy': 0.91, 'eval_runtime': 232.3991, 'eval_samples_per_second': 29.69, 'eval_steps_per_second': 7.423, 'epoch': 3.0}
{'loss': 0.2255, 'learning_rate': 1.78743961352657e-06, 'epoch': 3.19}
{'loss': 0.2166, 'learning_rate': 1.7681159420289855e-06, 'epoch': 3.48}
{'loss': 0.1939, 'learning_rate': 1.748792270531401e-06, 'epoch': 3.77}
{'eval_loss': 0.1931702196598053, 'eval_f1': 0.9224556065646874, 'eval_roc_auc': 0.9396547082243711, 'eval_accuracy': 0.9153623188405797, 'eval_runtime': 231.8996, 'eval_samples_per_second': 29.754, 'eval_steps_per_second': 7.439, 'epoch': 4.0}
{'loss': 0.212, 'learning_rate': 1.7294685990338163e-06, 'epoch': 4.06}
{'loss': 0.1929, 'learning_rate': 1.7101449275362317e-06, 'epoch': 4.35}
{'loss': 0.2124, 'learning_rate': 1.6908212560386471e-06, 'epoch': 4.64}
{'loss': 0.1952, 'learning_rate': 1.6714975845410628e-06, 'epoch': 4.93}
{'eval_loss': 0.17038494348526, 'eval_f1': 0.935571718543762, 'eval_roc_auc': 0.9508616829926384, 'eval_accuracy': 0.9307246376811594, 'eval_runtime': 232.0986, 'eval_samples_per_second': 29.729, 'eval_steps_per_second': 7.432, 'epoch': 5.0}
{'loss': 0.1518, 'learning_rate': 1.6521739130434782e-06, 'epoch': 5.22}
{'loss': 0.1768, 'learning_rate': 1.6328502415458936e-06, 'epoch': 5.51}
{'loss': 0.1952, 'learning_rate': 1.6135265700483092e-06, 'epoch': 5.8}
{'eval_loss': 0.16419631242752075, 'eval_f1': 0.9394804909095142, 'eval_roc_auc': 0.9544645395596139, 'eval_accuracy': 0.9342028985507247, 'eval_runtime': 232.3379, 'eval_samples_per_second': 29.698, 'eval_steps_per_second': 7.425, 'epoch': 6.0}
{'loss': 0.1591, 'learning_rate': 1.5942028985507246e-06, 'epoch': 6.09}
{'loss': 0.1585, 'learning_rate': 1.5748792270531402e-06, 'epoch': 6.38}
{'loss': 0.177, 'learning_rate': 1.5555555555555556e-06, 'epoch': 6.67}
{'loss': 0.1446, 'learning_rate': 1.536231884057971e-06, 'epoch': 6.96}
{'eval_loss': 0.12103305757045746, 'eval_f1': 0.9562041537622175, 'eval_roc_auc': 0.9686229426833719, 'eval_accuracy': 0.9507246376811594, 'eval_runtime': 231.7097, 'eval_samples_per_second': 29.779, 'eval_steps_per_second': 7.445, 'epoch': 7.0}
{'loss': 0.1621, 'learning_rate': 1.5169082125603864e-06, 'epoch': 7.25}
{'loss': 0.1541, 'learning_rate': 1.4975845410628018e-06, 'epoch': 7.54}
{'loss': 0.1369, 'learning_rate': 1.4782608695652172e-06, 'epoch': 7.83}
{'eval_loss': 0.09490159898996353, 'eval_f1': 0.967023048084589, 'eval_roc_auc': 0.976586693652195, 'eval_accuracy': 0.9634782608695652, 'eval_runtime': 231.4444, 'eval_samples_per_second': 29.813, 'eval_steps_per_second': 7.453, 'epoch': 8.0}
{'loss': 0.1282, 'learning_rate': 1.4589371980676328e-06, 'epoch': 8.12}
{'loss': 0.1237, 'learning_rate': 1.4396135265700482e-06, 'epoch': 8.41}
{'loss': 0.1181, 'learning_rate': 1.4202898550724638e-06, 'epoch': 8.7}
{'loss': 0.1506, 'learning_rate': 1.4009661835748792e-06, 'epoch': 8.99}
{'eval_loss': 0.07972430437803268, 'eval_f1': 0.9722186633406757, 'eval_roc_auc': 0.9792925968489722, 'eval_accuracy': 0.9689855072463768, 'eval_runtime': 231.6483, 'eval_samples_per_second': 29.787, 'eval_steps_per_second': 7.447, 'epoch': 9.0}
{'loss': 0.0887, 'learning_rate': 1.3816425120772946e-06, 'epoch': 9.28}
{'loss': 0.114, 'learning_rate': 1.3623188405797102e-06, 'epoch': 9.57}
{'loss': 0.1014, 'learning_rate': 1.3429951690821256e-06, 'epoch': 9.86}
{'eval_loss': 0.06771086901426315, 'eval_f1': 0.9774220214272269, 'eval_roc_auc': 0.9837375180067444, 'eval_accuracy': 0.9743478260869565, 'eval_runtime': 231.8156, 'eval_samples_per_second': 29.765, 'eval_steps_per_second': 7.441, 'epoch': 10.0}
{'loss': 0.1115, 'learning_rate': 1.323671497584541e-06, 'epoch': 10.14}
{'loss': 0.0966, 'learning_rate': 1.3043478260869564e-06, 'epoch': 10.43}
{'loss': 0.0954, 'learning_rate': 1.2850241545893718e-06, 'epoch': 10.72}
{'eval_loss': 0.06648477911949158, 'eval_f1': 0.9789226842090275, 'eval_roc_auc': 0.9852616807934168, 'eval_accuracy': 0.9755072463768116, 'eval_runtime': 231.6239, 'eval_samples_per_second': 29.79, 'eval_steps_per_second': 7.447, 'epoch': 11.0}
{'loss': 0.0809, 'learning_rate': 1.2657004830917874e-06, 'epoch': 11.01}
{'loss': 0.0799, 'learning_rate': 1.2463768115942028e-06, 'epoch': 11.3}
{'loss': 0.0636, 'learning_rate': 1.2270531400966182e-06, 'epoch': 11.59}
{'loss': 0.0949, 'learning_rate': 1.2077294685990338e-06, 'epoch': 11.88}
{'eval_loss': 0.04647563025355339, 'eval_f1': 0.983866413729787, 'eval_roc_auc': 0.9882325799354077, 'eval_accuracy': 0.9814492753623189, 'eval_runtime': 232.1477, 'eval_samples_per_second': 29.722, 'eval_steps_per_second': 7.431, 'epoch': 12.0}
{'loss': 0.0737, 'learning_rate': 1.1884057971014492e-06, 'epoch': 12.17}
{'loss': 0.081, 'learning_rate': 1.1690821256038648e-06, 'epoch': 12.46}
{'loss': 0.0758, 'learning_rate': 1.1497584541062802e-06, 'epoch': 12.75}
{'eval_loss': 0.05210525169968605, 'eval_f1': 0.9836048154824137, 'eval_roc_auc': 0.9874701582858598, 'eval_accuracy': 0.9808695652173913, 'eval_runtime': 231.7623, 'eval_samples_per_second': 29.772, 'eval_steps_per_second': 7.443, 'epoch': 13.0}
{'loss': 0.0716, 'learning_rate': 1.1304347826086954e-06, 'epoch': 13.04}
{'loss': 0.0717, 'learning_rate': 1.111111111111111e-06, 'epoch': 13.33}
{'loss': 0.0568, 'learning_rate': 1.0917874396135264e-06, 'epoch': 13.62}
{'loss': 0.0697, 'learning_rate': 1.072463768115942e-06, 'epoch': 13.91}
{'eval_loss': 0.03516002371907234, 'eval_f1': 0.9890944657219506, 'eval_roc_auc': 0.9923820707401819, 'eval_accuracy': 0.9868115942028985, 'eval_runtime': 231.7316, 'eval_samples_per_second': 29.776, 'eval_steps_per_second': 7.444, 'epoch': 14.0}
{'loss': 0.0557, 'learning_rate': 1.0531400966183574e-06, 'epoch': 14.2}
{'loss': 0.0446, 'learning_rate': 1.0338164251207728e-06, 'epoch': 14.49}
{'loss': 0.062, 'learning_rate': 1.0144927536231885e-06, 'epoch': 14.78}
{'eval_loss': 0.034883368760347366, 'eval_f1': 0.9893640122714678, 'eval_roc_auc': 0.9912042498308608, 'eval_accuracy': 0.9875362318840579, 'eval_runtime': 231.9623, 'eval_samples_per_second': 29.746, 'eval_steps_per_second': 7.437, 'epoch': 15.0}
{'loss': 0.0638, 'learning_rate': 9.951690821256039e-07, 'epoch': 15.07}
{'loss': 0.0628, 'learning_rate': 9.758454106280193e-07, 'epoch': 15.36}
{'loss': 0.0488, 'learning_rate': 9.565217391304349e-07, 'epoch': 15.65}
{'loss': 0.0552, 'learning_rate': 9.371980676328503e-07, 'epoch': 15.94}
{'eval_loss': 0.023194750770926476, 'eval_f1': 0.9929370453143364, 'eval_roc_auc': 0.9945480386239398, 'eval_accuracy': 0.9915942028985507, 'eval_runtime': 231.9035, 'eval_samples_per_second': 29.754, 'eval_steps_per_second': 7.438, 'epoch': 16.0}
{'loss': 0.0309, 'learning_rate': 9.178743961352657e-07, 'epoch': 16.23}
{'loss': 0.0332, 'learning_rate': 8.985507246376811e-07, 'epoch': 16.52}
{'loss': 0.0565, 'learning_rate': 8.792270531400966e-07, 'epoch': 16.81}
{'eval_loss': 0.022636229172348976, 'eval_f1': 0.9929162172754157, 'eval_roc_auc': 0.9941851062640668, 'eval_accuracy': 0.9917391304347826, 'eval_runtime': 231.9734, 'eval_samples_per_second': 29.745, 'eval_steps_per_second': 7.436, 'epoch': 17.0}
{'loss': 0.0405, 'learning_rate': 8.599033816425121e-07, 'epoch': 17.1}
{'loss': 0.0243, 'learning_rate': 8.405797101449275e-07, 'epoch': 17.39}
{'loss': 0.0352, 'learning_rate': 8.21256038647343e-07, 'epoch': 17.68}
{'loss': 0.0408, 'learning_rate': 8.019323671497584e-07, 'epoch': 17.97}
{'eval_loss': 0.01607850193977356, 'eval_f1': 0.99497702521422, 'eval_roc_auc': 0.9958699554741595, 'eval_accuracy': 0.9943478260869565, 'eval_runtime': 231.8831, 'eval_samples_per_second': 29.756, 'eval_steps_per_second': 7.439, 'epoch': 18.0}
{'loss': 0.0391, 'learning_rate': 7.826086956521739e-07, 'epoch': 18.26}
{'loss': 0.0372, 'learning_rate': 7.632850241545893e-07, 'epoch': 18.55}
{'loss': 0.0351, 'learning_rate': 7.439613526570048e-07, 'epoch': 18.84}
{'eval_loss': 0.01338719017803669, 'eval_f1': 0.9961297487606425, 'eval_roc_auc': 0.99708704263424, 'eval_accuracy': 0.9956521739130435, 'eval_runtime': 231.9441, 'eval_samples_per_second': 29.749, 'eval_steps_per_second': 7.437, 'epoch': 19.0}
{'loss': 0.0281, 'learning_rate': 7.246376811594203e-07, 'epoch': 19.13}
{'loss': 0.0257, 'learning_rate': 7.053140096618357e-07, 'epoch': 19.42}
{'loss': 0.0282, 'learning_rate': 6.859903381642512e-07, 'epoch': 19.71}
{'loss': 0.0251, 'learning_rate': 6.666666666666666e-07, 'epoch': 20.0}
{'eval_loss': 0.01419847086071968, 'eval_f1': 0.9956555877604318, 'eval_roc_auc': 0.9962147558445862, 'eval_accuracy': 0.994927536231884, 'eval_runtime': 231.7264, 'eval_samples_per_second': 29.777, 'eval_steps_per_second': 7.444, 'epoch': 20.0}
{'loss': 0.0238, 'learning_rate': 6.473429951690821e-07, 'epoch': 20.29}
{'loss': 0.0243, 'learning_rate': 6.280193236714976e-07, 'epoch': 20.58}
{'loss': 0.0385, 'learning_rate': 6.08695652173913e-07, 'epoch': 20.87}
{'eval_loss': 0.01150712464004755, 'eval_f1': 0.9962348849517394, 'eval_roc_auc': 0.9967041533261438, 'eval_accuracy': 0.9957971014492754, 'eval_runtime': 231.6719, 'eval_samples_per_second': 29.783, 'eval_steps_per_second': 7.446, 'epoch': 21.0}
{'loss': 0.0258, 'learning_rate': 5.893719806763284e-07, 'epoch': 21.16}
{'loss': 0.0334, 'learning_rate': 5.700483091787439e-07, 'epoch': 21.45}
{'loss': 0.0136, 'learning_rate': 5.507246376811594e-07, 'epoch': 21.74}
{'eval_loss': 0.008075387217104435, 'eval_f1': 0.9973784082899787, 'eval_roc_auc': 0.9977251978137716, 'eval_accuracy': 0.9971014492753624, 'eval_runtime': 231.3839, 'eval_samples_per_second': 29.821, 'eval_steps_per_second': 7.455, 'epoch': 22.0}
{'loss': 0.019, 'learning_rate': 5.314009661835749e-07, 'epoch': 22.03}
{'loss': 0.0223, 'learning_rate': 5.120772946859903e-07, 'epoch': 22.32}
{'loss': 0.025, 'learning_rate': 4.927536231884058e-07, 'epoch': 22.61}
{'loss': 0.0223, 'learning_rate': 4.7342995169082123e-07, 'epoch': 22.9}
{'eval_loss': 0.005467057228088379, 'eval_f1': 0.9979509630850103, 'eval_roc_auc': 0.9982648730426184, 'eval_accuracy': 0.9976811594202899, 'eval_runtime': 231.3235, 'eval_samples_per_second': 29.828, 'eval_steps_per_second': 7.457, 'epoch': 23.0}
{'loss': 0.0224, 'learning_rate': 4.5410628019323674e-07, 'epoch': 23.19}
{'loss': 0.0193, 'learning_rate': 4.3478260869565214e-07, 'epoch': 23.48}
{'loss': 0.0141, 'learning_rate': 4.1545893719806764e-07, 'epoch': 23.77}
{'eval_loss': 0.006042170338332653, 'eval_f1': 0.9978378453589749, 'eval_roc_auc': 0.9982385663549408, 'eval_accuracy': 0.9975362318840579, 'eval_runtime': 231.1351, 'eval_samples_per_second': 29.853, 'eval_steps_per_second': 7.463, 'epoch': 24.0}
{'loss': 0.0212, 'learning_rate': 3.9613526570048304e-07, 'epoch': 24.06}
{'loss': 0.0099, 'learning_rate': 3.7681159420289855e-07, 'epoch': 24.35}
{'loss': 0.0209, 'learning_rate': 3.5748792270531395e-07, 'epoch': 24.64}
{'loss': 0.0242, 'learning_rate': 3.3816425120772945e-07, 'epoch': 24.93}
{'eval_loss': 0.007014283910393715, 'eval_f1': 0.9973811054810735, 'eval_roc_auc': 0.9978126567688701, 'eval_accuracy': 0.9971014492753624, 'eval_runtime': 230.9681, 'eval_samples_per_second': 29.874, 'eval_steps_per_second': 7.469, 'epoch': 25.0}
{'loss': 0.02, 'learning_rate': 3.188405797101449e-07, 'epoch': 25.22}
{'loss': 0.0103, 'learning_rate': 2.9951690821256036e-07, 'epoch': 25.51}
{'loss': 0.0193, 'learning_rate': 2.8019323671497586e-07, 'epoch': 25.8}
{'eval_loss': 0.0048149446956813335, 'eval_f1': 0.9984057624484002, 'eval_roc_auc': 0.9985530459263017, 'eval_accuracy': 0.9981159420289855, 'eval_runtime': 231.1753, 'eval_samples_per_second': 29.847, 'eval_steps_per_second': 7.462, 'epoch': 26.0}
{'loss': 0.0105, 'learning_rate': 2.6086956521739126e-07, 'epoch': 26.09}
{'loss': 0.0146, 'learning_rate': 2.4154589371980677e-07, 'epoch': 26.38}
{'loss': 0.0098, 'learning_rate': 2.222222222222222e-07, 'epoch': 26.67}
{'loss': 0.0151, 'learning_rate': 2.028985507246377e-07, 'epoch': 26.96}
{'eval_loss': 0.004456381779164076, 'eval_f1': 0.9982920367262178, 'eval_roc_auc': 0.9985227251272358, 'eval_accuracy': 0.9979710144927536, 'eval_runtime': 231.0441, 'eval_samples_per_second': 29.864, 'eval_steps_per_second': 7.466, 'epoch': 27.0}
{'loss': 0.0122, 'learning_rate': 1.8357487922705315e-07, 'epoch': 27.25}
{'loss': 0.0151, 'learning_rate': 1.642512077294686e-07, 'epoch': 27.54}
{'loss': 0.007, 'learning_rate': 1.4492753623188405e-07, 'epoch': 27.83}
{'eval_loss': 0.004616346675902605, 'eval_f1': 0.9980624586712492, 'eval_roc_auc': 0.998211748997974, 'eval_accuracy': 0.9976811594202899, 'eval_runtime': 231.1469, 'eval_samples_per_second': 29.851, 'eval_steps_per_second': 7.463, 'epoch': 28.0}
{'loss': 0.0133, 'learning_rate': 1.256038647342995e-07, 'epoch': 28.12}
{'loss': 0.0099, 'learning_rate': 1.0628019323671497e-07, 'epoch': 28.41}
{'loss': 0.0213, 'learning_rate': 8.695652173913042e-08, 'epoch': 28.7}
{'loss': 0.0135, 'learning_rate': 6.763285024154589e-08, 'epoch': 28.99}
{'eval_loss': 0.003696465864777565, 'eval_f1': 0.9984057624484002, 'eval_roc_auc': 0.9985530459263017, 'eval_accuracy': 0.9981159420289855, 'eval_runtime': 231.1743, 'eval_samples_per_second': 29.848, 'eval_steps_per_second': 7.462, 'epoch': 29.0}
{'loss': 0.0101, 'learning_rate': 4.830917874396135e-08, 'epoch': 29.28}
{'loss': 0.013, 'learning_rate': 2.898550724637681e-08, 'epoch': 29.57}
{'loss': 0.0111, 'learning_rate': 9.661835748792269e-09, 'epoch': 29.86}
{'eval_loss': 0.0036597722209990025, 'eval_f1': 0.998291406885431, 'eval_roc_auc': 0.9984392802835258, 'eval_accuracy': 0.9979710144927536, 'eval_runtime': 231.3149, 'eval_samples_per_second': 29.829, 'eval_steps_per_second': 7.457, 'epoch': 30.0}
{'train_runtime': 37460.156, 'train_samples_per_second': 5.526, 'train_steps_per_second': 1.381, 'train_loss': 0.08951766031606186, 'epoch': 30.0}
