Model Name: AIMH/mental-longformer-base-4096
Text Column: text
Max Length: 1024
Batch Size: 16
Learning Rate: 2e-06
Number of Epochs: 30
Metric Name: eval_loss
Random State: 3
{'eval_loss': 0.30152392387390137, 'eval_f1': 0.7799825308751327, 'eval_roc_auc': 0.8359414372818303, 'eval_accuracy': 0.8014492753623188, 'eval_runtime': 207.0826, 'eval_samples_per_second': 33.32, 'eval_steps_per_second': 2.086, 'epoch': 1.0}
{'loss': 0.454, 'learning_rate': 1.9228395061728396e-06, 'epoch': 1.16}
{'eval_loss': 0.2087835669517517, 'eval_f1': 0.8838971352658952, 'eval_roc_auc': 0.9192082682890175, 'eval_accuracy': 0.8682608695652174, 'eval_runtime': 206.9775, 'eval_samples_per_second': 33.337, 'eval_steps_per_second': 2.087, 'epoch': 2.0}
{'loss': 0.2302, 'learning_rate': 1.8456790123456789e-06, 'epoch': 2.31}
{'eval_loss': 0.1710483580827713, 'eval_f1': 0.9046719385830216, 'eval_roc_auc': 0.9325153680394136, 'eval_accuracy': 0.8915942028985507, 'eval_runtime': 206.964, 'eval_samples_per_second': 33.339, 'eval_steps_per_second': 2.087, 'epoch': 3.0}
{'loss': 0.1974, 'learning_rate': 1.7685185185185186e-06, 'epoch': 3.47}
{'eval_loss': 0.15584062039852142, 'eval_f1': 0.9128675701189665, 'eval_roc_auc': 0.9405844403695517, 'eval_accuracy': 0.9, 'eval_runtime': 206.9671, 'eval_samples_per_second': 33.339, 'eval_steps_per_second': 2.087, 'epoch': 4.0}
{'loss': 0.1737, 'learning_rate': 1.6913580246913578e-06, 'epoch': 4.63}
{'eval_loss': 0.1393815577030182, 'eval_f1': 0.9253147547527671, 'eval_roc_auc': 0.9464082751876122, 'eval_accuracy': 0.9156521739130434, 'eval_runtime': 206.9622, 'eval_samples_per_second': 33.339, 'eval_steps_per_second': 2.087, 'epoch': 5.0}
{'loss': 0.1526, 'learning_rate': 1.6141975308641975e-06, 'epoch': 5.79}
{'eval_loss': 0.13012126088142395, 'eval_f1': 0.931829486752542, 'eval_roc_auc': 0.9556557024640403, 'eval_accuracy': 0.92, 'eval_runtime': 206.9625, 'eval_samples_per_second': 33.339, 'eval_steps_per_second': 2.087, 'epoch': 6.0}
{'loss': 0.1438, 'learning_rate': 1.537037037037037e-06, 'epoch': 6.94}
{'eval_loss': 0.11556042730808258, 'eval_f1': 0.9403221985832257, 'eval_roc_auc': 0.9579941675183806, 'eval_accuracy': 0.9307246376811594, 'eval_runtime': 206.9795, 'eval_samples_per_second': 33.337, 'eval_steps_per_second': 2.087, 'epoch': 7.0}
{'eval_loss': 0.10413731634616852, 'eval_f1': 0.9460416200537495, 'eval_roc_auc': 0.9646531261564746, 'eval_accuracy': 0.936231884057971, 'eval_runtime': 206.965, 'eval_samples_per_second': 33.339, 'eval_steps_per_second': 2.087, 'epoch': 8.0}
{'loss': 0.1277, 'learning_rate': 1.4598765432098765e-06, 'epoch': 8.1}
{'eval_loss': 0.09797096252441406, 'eval_f1': 0.9487972234375692, 'eval_roc_auc': 0.9670034585723549, 'eval_accuracy': 0.9389855072463769, 'eval_runtime': 206.9613, 'eval_samples_per_second': 33.34, 'eval_steps_per_second': 2.087, 'epoch': 9.0}
{'loss': 0.118, 'learning_rate': 1.382716049382716e-06, 'epoch': 9.26}
{'eval_loss': 0.09492524713277817, 'eval_f1': 0.9521937341509095, 'eval_roc_auc': 0.9666411694886027, 'eval_accuracy': 0.9446376811594203, 'eval_runtime': 206.9659, 'eval_samples_per_second': 33.339, 'eval_steps_per_second': 2.087, 'epoch': 10.0}
{'loss': 0.1115, 'learning_rate': 1.3055555555555554e-06, 'epoch': 10.42}
{'eval_loss': 0.08221474289894104, 'eval_f1': 0.9582794929267758, 'eval_roc_auc': 0.9732134399250606, 'eval_accuracy': 0.9505797101449275, 'eval_runtime': 206.965, 'eval_samples_per_second': 33.339, 'eval_steps_per_second': 2.087, 'epoch': 11.0}
{'loss': 0.0986, 'learning_rate': 1.228395061728395e-06, 'epoch': 11.57}
{'eval_loss': 0.07045809924602509, 'eval_f1': 0.9680585707437895, 'eval_roc_auc': 0.9776025562144013, 'eval_accuracy': 0.9626086956521739, 'eval_runtime': 206.9676, 'eval_samples_per_second': 33.339, 'eval_steps_per_second': 2.087, 'epoch': 12.0}
{'loss': 0.095, 'learning_rate': 1.1512345679012346e-06, 'epoch': 12.73}
{'eval_loss': 0.06894781440496445, 'eval_f1': 0.9674672733557577, 'eval_roc_auc': 0.9783162321245278, 'eval_accuracy': 0.9620289855072464, 'eval_runtime': 206.9666, 'eval_samples_per_second': 33.339, 'eval_steps_per_second': 2.087, 'epoch': 13.0}
{'loss': 0.0902, 'learning_rate': 1.074074074074074e-06, 'epoch': 13.89}
{'eval_loss': 0.062398333102464676, 'eval_f1': 0.9716609988140553, 'eval_roc_auc': 0.9816881525640612, 'eval_accuracy': 0.966231884057971, 'eval_runtime': 206.9628, 'eval_samples_per_second': 33.339, 'eval_steps_per_second': 2.087, 'epoch': 14.0}
{'eval_loss': 0.05546695366501808, 'eval_f1': 0.9759301243686793, 'eval_roc_auc': 0.9829432340512063, 'eval_accuracy': 0.9720289855072464, 'eval_runtime': 207.0042, 'eval_samples_per_second': 33.333, 'eval_steps_per_second': 2.087, 'epoch': 15.0}
{'loss': 0.078, 'learning_rate': 9.969135802469136e-07, 'epoch': 15.05}
{'eval_loss': 0.05512174218893051, 'eval_f1': 0.9757722967797883, 'eval_roc_auc': 0.9821980366612448, 'eval_accuracy': 0.9718840579710145, 'eval_runtime': 206.9648, 'eval_samples_per_second': 33.339, 'eval_steps_per_second': 2.087, 'epoch': 16.0}
{'loss': 0.0756, 'learning_rate': 9.19753086419753e-07, 'epoch': 16.2}
{'eval_loss': 0.04929216206073761, 'eval_f1': 0.979878711158116, 'eval_roc_auc': 0.9854521773466138, 'eval_accuracy': 0.9766666666666667, 'eval_runtime': 206.9615, 'eval_samples_per_second': 33.34, 'eval_steps_per_second': 2.087, 'epoch': 17.0}
{'loss': 0.0712, 'learning_rate': 8.425925925925925e-07, 'epoch': 17.36}
{'eval_loss': 0.04547933116555214, 'eval_f1': 0.9823718673474163, 'eval_roc_auc': 0.987279434515226, 'eval_accuracy': 0.98, 'eval_runtime': 206.9717, 'eval_samples_per_second': 33.338, 'eval_steps_per_second': 2.087, 'epoch': 18.0}
{'loss': 0.0662, 'learning_rate': 7.65432098765432e-07, 'epoch': 18.52}
{'eval_loss': 0.04486289992928505, 'eval_f1': 0.9824709583426757, 'eval_roc_auc': 0.9872806023292592, 'eval_accuracy': 0.98, 'eval_runtime': 206.9641, 'eval_samples_per_second': 33.339, 'eval_steps_per_second': 2.087, 'epoch': 19.0}
{'loss': 0.0646, 'learning_rate': 6.882716049382715e-07, 'epoch': 19.68}
{'eval_loss': 0.04237374663352966, 'eval_f1': 0.9836230710645698, 'eval_roc_auc': 0.9880633546199217, 'eval_accuracy': 0.9814492753623189, 'eval_runtime': 207.1893, 'eval_samples_per_second': 33.303, 'eval_steps_per_second': 2.085, 'epoch': 20.0}
{'loss': 0.0623, 'learning_rate': 6.111111111111112e-07, 'epoch': 20.83}
{'eval_loss': 0.039274416863918304, 'eval_f1': 0.9847110816991597, 'eval_roc_auc': 0.9880790468716402, 'eval_accuracy': 0.9828985507246377, 'eval_runtime': 206.9658, 'eval_samples_per_second': 33.339, 'eval_steps_per_second': 2.087, 'epoch': 21.0}
{'loss': 0.0573, 'learning_rate': 5.339506172839506e-07, 'epoch': 21.99}
{'eval_loss': 0.03944069519639015, 'eval_f1': 0.9847655462773763, 'eval_roc_auc': 0.9891055238698055, 'eval_accuracy': 0.9828985507246377, 'eval_runtime': 206.9705, 'eval_samples_per_second': 33.338, 'eval_steps_per_second': 2.087, 'epoch': 22.0}
{'eval_loss': 0.037472017109394073, 'eval_f1': 0.9852453670493349, 'eval_roc_auc': 0.9897234620169408, 'eval_accuracy': 0.9833333333333333, 'eval_runtime': 206.9632, 'eval_samples_per_second': 33.339, 'eval_steps_per_second': 2.087, 'epoch': 23.0}
{'loss': 0.0535, 'learning_rate': 4.5679012345679007e-07, 'epoch': 23.15}
{'eval_loss': 0.035583917051553726, 'eval_f1': 0.9865544534442243, 'eval_roc_auc': 0.9899495749033433, 'eval_accuracy': 0.985072463768116, 'eval_runtime': 206.9603, 'eval_samples_per_second': 33.34, 'eval_steps_per_second': 2.087, 'epoch': 24.0}
{'loss': 0.0514, 'learning_rate': 3.7962962962962966e-07, 'epoch': 24.31}
{'eval_loss': 0.03440389782190323, 'eval_f1': 0.9872462563624643, 'eval_roc_auc': 0.9904904179462228, 'eval_accuracy': 0.9856521739130435, 'eval_runtime': 206.9692, 'eval_samples_per_second': 33.338, 'eval_steps_per_second': 2.087, 'epoch': 25.0}
{'loss': 0.0474, 'learning_rate': 3.0246913580246913e-07, 'epoch': 25.46}
{'eval_loss': 0.033209510147571564, 'eval_f1': 0.9879243546972143, 'eval_roc_auc': 0.9909186631603596, 'eval_accuracy': 0.9865217391304347, 'eval_runtime': 206.9616, 'eval_samples_per_second': 33.34, 'eval_steps_per_second': 2.087, 'epoch': 26.0}
{'loss': 0.0505, 'learning_rate': 2.2530864197530864e-07, 'epoch': 26.62}
{'eval_loss': 0.03442608192563057, 'eval_f1': 0.9877847063108101, 'eval_roc_auc': 0.9906168830679073, 'eval_accuracy': 0.9859420289855072, 'eval_runtime': 206.9708, 'eval_samples_per_second': 33.338, 'eval_steps_per_second': 2.087, 'epoch': 27.0}
{'loss': 0.0498, 'learning_rate': 1.4814814814814815e-07, 'epoch': 27.78}
{'eval_loss': 0.03407452255487442, 'eval_f1': 0.9876689094783646, 'eval_roc_auc': 0.9905322704101645, 'eval_accuracy': 0.9857971014492753, 'eval_runtime': 206.9615, 'eval_samples_per_second': 33.34, 'eval_steps_per_second': 2.087, 'epoch': 28.0}
{'loss': 0.0453, 'learning_rate': 7.098765432098765e-08, 'epoch': 28.94}
{'eval_loss': 0.0331815667450428, 'eval_f1': 0.988154963598738, 'eval_roc_auc': 0.991287945259687, 'eval_accuracy': 0.9866666666666667, 'eval_runtime': 206.9673, 'eval_samples_per_second': 33.339, 'eval_steps_per_second': 2.087, 'epoch': 29.0}
{'eval_loss': 0.032984793186187744, 'eval_f1': 0.988267823447967, 'eval_roc_auc': 0.99137255791743, 'eval_accuracy': 0.9868115942028985, 'eval_runtime': 206.9678, 'eval_samples_per_second': 33.339, 'eval_steps_per_second': 2.087, 'epoch': 30.0}
{'train_runtime': 34373.8788, 'train_samples_per_second': 6.022, 'train_steps_per_second': 0.377, 'train_loss': 0.10843379320921721, 'epoch': 30.0}
