Model Name: AIMH/mental-bert-large-cased
Text Column: text
Max Length: 512
Batch Size: 4
Learning Rate: 2e-06
Number of Epochs: 30
Metric Name: eval_loss
Random State: 1
{'loss': 0.4786, 'learning_rate': 1.980676328502415e-06, 'epoch': 0.29}
{'loss': 0.3165, 'learning_rate': 1.9613526570048307e-06, 'epoch': 0.58}
{'loss': 0.2508, 'learning_rate': 1.9420289855072463e-06, 'epoch': 0.87}
{'eval_loss': 0.24038156867027283, 'eval_f1': 0.875876039738718, 'eval_roc_auc': 0.903992673917099, 'eval_accuracy': 0.8702898550724638, 'eval_runtime': 184.4231, 'eval_samples_per_second': 37.414, 'eval_steps_per_second': 9.353, 'epoch': 1.0}
{'loss': 0.2371, 'learning_rate': 1.922705314009662e-06, 'epoch': 1.16}
{'loss': 0.2333, 'learning_rate': 1.9033816425120771e-06, 'epoch': 1.45}
{'loss': 0.2272, 'learning_rate': 1.8840579710144925e-06, 'epoch': 1.74}
{'eval_loss': 0.19297869503498077, 'eval_f1': 0.9136534551789615, 'eval_roc_auc': 0.9373567484777485, 'eval_accuracy': 0.9047826086956522, 'eval_runtime': 184.5895, 'eval_samples_per_second': 37.38, 'eval_steps_per_second': 9.345, 'epoch': 2.0}
{'loss': 0.2375, 'learning_rate': 1.8647342995169081e-06, 'epoch': 2.03}
{'loss': 0.1954, 'learning_rate': 1.8454106280193235e-06, 'epoch': 2.32}
{'loss': 0.1994, 'learning_rate': 1.826086956521739e-06, 'epoch': 2.61}
{'loss': 0.2172, 'learning_rate': 1.8067632850241545e-06, 'epoch': 2.9}
{'eval_loss': 0.15536253154277802, 'eval_f1': 0.9342578689844289, 'eval_roc_auc': 0.9495998970712612, 'eval_accuracy': 0.9284057971014493, 'eval_runtime': 184.4642, 'eval_samples_per_second': 37.406, 'eval_steps_per_second': 9.351, 'epoch': 3.0}
{'loss': 0.2018, 'learning_rate': 1.78743961352657e-06, 'epoch': 3.19}
{'loss': 0.1805, 'learning_rate': 1.7681159420289855e-06, 'epoch': 3.48}
{'loss': 0.1525, 'learning_rate': 1.748792270531401e-06, 'epoch': 3.77}
{'eval_loss': 0.13612598180770874, 'eval_f1': 0.9472326532382906, 'eval_roc_auc': 0.9593597000474501, 'eval_accuracy': 0.9414492753623188, 'eval_runtime': 184.4574, 'eval_samples_per_second': 37.407, 'eval_steps_per_second': 9.352, 'epoch': 4.0}
{'loss': 0.1649, 'learning_rate': 1.7294685990338163e-06, 'epoch': 4.06}
{'loss': 0.1543, 'learning_rate': 1.7101449275362317e-06, 'epoch': 4.35}
{'loss': 0.1627, 'learning_rate': 1.6908212560386471e-06, 'epoch': 4.64}
{'loss': 0.1502, 'learning_rate': 1.6714975845410628e-06, 'epoch': 4.93}
{'eval_loss': 0.1008933037519455, 'eval_f1': 0.9642282087464216, 'eval_roc_auc': 0.9738271652405407, 'eval_accuracy': 0.9598550724637681, 'eval_runtime': 184.4339, 'eval_samples_per_second': 37.412, 'eval_steps_per_second': 9.353, 'epoch': 5.0}
{'loss': 0.1008, 'learning_rate': 1.6521739130434782e-06, 'epoch': 5.22}
{'loss': 0.1108, 'learning_rate': 1.6328502415458936e-06, 'epoch': 5.51}
{'loss': 0.1315, 'learning_rate': 1.6135265700483092e-06, 'epoch': 5.8}
{'eval_loss': 0.0832575187087059, 'eval_f1': 0.9714063361010904, 'eval_roc_auc': 0.9778589993989263, 'eval_accuracy': 0.9684057971014493, 'eval_runtime': 184.3784, 'eval_samples_per_second': 37.423, 'eval_steps_per_second': 9.356, 'epoch': 6.0}
{'loss': 0.1101, 'learning_rate': 1.5942028985507246e-06, 'epoch': 6.09}
{'loss': 0.1069, 'learning_rate': 1.5748792270531402e-06, 'epoch': 6.38}
{'loss': 0.1014, 'learning_rate': 1.5555555555555556e-06, 'epoch': 6.67}
{'loss': 0.0839, 'learning_rate': 1.536231884057971e-06, 'epoch': 6.96}
{'eval_loss': 0.0540902242064476, 'eval_f1': 0.9826350783669494, 'eval_roc_auc': 0.9861147101453842, 'eval_accuracy': 0.9797101449275363, 'eval_runtime': 184.3887, 'eval_samples_per_second': 37.421, 'eval_steps_per_second': 9.355, 'epoch': 7.0}
{'loss': 0.0776, 'learning_rate': 1.5169082125603864e-06, 'epoch': 7.25}
{'loss': 0.084, 'learning_rate': 1.4975845410628018e-06, 'epoch': 7.54}
{'loss': 0.0623, 'learning_rate': 1.4782608695652172e-06, 'epoch': 7.83}
{'eval_loss': 0.05109411105513573, 'eval_f1': 0.9845433017874843, 'eval_roc_auc': 0.9874977792630247, 'eval_accuracy': 0.9830434782608696, 'eval_runtime': 184.2987, 'eval_samples_per_second': 37.439, 'eval_steps_per_second': 9.36, 'epoch': 8.0}
{'loss': 0.0658, 'learning_rate': 1.4589371980676328e-06, 'epoch': 8.12}
{'loss': 0.0566, 'learning_rate': 1.4396135265700482e-06, 'epoch': 8.41}
{'loss': 0.0673, 'learning_rate': 1.4202898550724638e-06, 'epoch': 8.7}
{'loss': 0.0821, 'learning_rate': 1.4009661835748792e-06, 'epoch': 8.99}
{'eval_loss': 0.03796561062335968, 'eval_f1': 0.9880204122537674, 'eval_roc_auc': 0.9905649268372961, 'eval_accuracy': 0.9859420289855072, 'eval_runtime': 184.3768, 'eval_samples_per_second': 37.423, 'eval_steps_per_second': 9.356, 'epoch': 9.0}
{'loss': 0.0496, 'learning_rate': 1.3816425120772946e-06, 'epoch': 9.28}
{'loss': 0.0663, 'learning_rate': 1.3623188405797102e-06, 'epoch': 9.57}
{'loss': 0.0479, 'learning_rate': 1.3429951690821256e-06, 'epoch': 9.86}
{'eval_loss': 0.025433385744690895, 'eval_f1': 0.991794887765612, 'eval_roc_auc': 0.9935189659135355, 'eval_accuracy': 0.9902898550724638, 'eval_runtime': 184.3858, 'eval_samples_per_second': 37.422, 'eval_steps_per_second': 9.355, 'epoch': 10.0}
{'loss': 0.0446, 'learning_rate': 1.323671497584541e-06, 'epoch': 10.14}
{'loss': 0.0328, 'learning_rate': 1.3043478260869564e-06, 'epoch': 10.43}
{'loss': 0.0454, 'learning_rate': 1.2850241545893718e-06, 'epoch': 10.72}
{'eval_loss': 0.021377429366111755, 'eval_f1': 0.9931603703937264, 'eval_roc_auc': 0.994583541348427, 'eval_accuracy': 0.9917391304347826, 'eval_runtime': 184.3046, 'eval_samples_per_second': 37.438, 'eval_steps_per_second': 9.36, 'epoch': 11.0}
{'loss': 0.0267, 'learning_rate': 1.2657004830917874e-06, 'epoch': 11.01}
{'loss': 0.0282, 'learning_rate': 1.2463768115942028e-06, 'epoch': 11.3}
{'loss': 0.0255, 'learning_rate': 1.2270531400966182e-06, 'epoch': 11.59}
{'loss': 0.0416, 'learning_rate': 1.2077294685990338e-06, 'epoch': 11.88}
{'eval_loss': 0.018284834921360016, 'eval_f1': 0.9941859376842648, 'eval_roc_auc': 0.9952324574393718, 'eval_accuracy': 0.9928985507246377, 'eval_runtime': 184.9233, 'eval_samples_per_second': 37.313, 'eval_steps_per_second': 9.328, 'epoch': 12.0}
{'loss': 0.0244, 'learning_rate': 1.1884057971014492e-06, 'epoch': 12.17}
{'loss': 0.0352, 'learning_rate': 1.1690821256038648e-06, 'epoch': 12.46}
{'loss': 0.0198, 'learning_rate': 1.1497584541062802e-06, 'epoch': 12.75}
{'eval_loss': 0.015331670641899109, 'eval_f1': 0.9946364813341723, 'eval_roc_auc': 0.9954703525757663, 'eval_accuracy': 0.9934782608695653, 'eval_runtime': 184.5823, 'eval_samples_per_second': 37.382, 'eval_steps_per_second': 9.345, 'epoch': 13.0}
{'loss': 0.0264, 'learning_rate': 1.1304347826086954e-06, 'epoch': 13.04}
{'loss': 0.0199, 'learning_rate': 1.111111111111111e-06, 'epoch': 13.33}
{'loss': 0.0223, 'learning_rate': 1.0917874396135264e-06, 'epoch': 13.62}
{'loss': 0.0229, 'learning_rate': 1.072463768115942e-06, 'epoch': 13.91}
{'eval_loss': 0.011140639893710613, 'eval_f1': 0.9963527594621001, 'eval_roc_auc': 0.9969224885748861, 'eval_accuracy': 0.9956521739130435, 'eval_runtime': 184.6702, 'eval_samples_per_second': 37.364, 'eval_steps_per_second': 9.341, 'epoch': 14.0}
{'loss': 0.0148, 'learning_rate': 1.0531400966183574e-06, 'epoch': 14.2}
{'loss': 0.0062, 'learning_rate': 1.0338164251207728e-06, 'epoch': 14.49}
{'loss': 0.0191, 'learning_rate': 1.0144927536231885e-06, 'epoch': 14.78}
{'eval_loss': 0.007644531317055225, 'eval_f1': 0.9974908661205601, 'eval_roc_auc': 0.9978349493451592, 'eval_accuracy': 0.9968115942028986, 'eval_runtime': 184.659, 'eval_samples_per_second': 37.366, 'eval_steps_per_second': 9.342, 'epoch': 15.0}
{'loss': 0.0207, 'learning_rate': 9.951690821256039e-07, 'epoch': 15.07}
{'loss': 0.0229, 'learning_rate': 9.758454106280193e-07, 'epoch': 15.36}
{'loss': 0.0131, 'learning_rate': 9.565217391304349e-07, 'epoch': 15.65}
{'loss': 0.0197, 'learning_rate': 9.371980676328503e-07, 'epoch': 15.94}
{'eval_loss': 0.00484823202714324, 'eval_f1': 0.9985209499866129, 'eval_roc_auc': 0.9989131319888194, 'eval_accuracy': 0.9981159420289855, 'eval_runtime': 184.756, 'eval_samples_per_second': 37.347, 'eval_steps_per_second': 9.337, 'epoch': 16.0}
{'loss': 0.0135, 'learning_rate': 9.178743961352657e-07, 'epoch': 16.23}
{'loss': 0.0142, 'learning_rate': 8.985507246376811e-07, 'epoch': 16.52}
{'loss': 0.0135, 'learning_rate': 8.792270531400966e-07, 'epoch': 16.81}
{'eval_loss': 0.003676298074424267, 'eval_f1': 0.9985197682030327, 'eval_roc_auc': 0.9986627974576892, 'eval_accuracy': 0.9981159420289855, 'eval_runtime': 184.591, 'eval_samples_per_second': 37.38, 'eval_steps_per_second': 9.345, 'epoch': 17.0}
{'loss': 0.0065, 'learning_rate': 8.599033816425121e-07, 'epoch': 17.1}
{'loss': 0.0092, 'learning_rate': 8.405797101449275e-07, 'epoch': 17.39}
{'loss': 0.0083, 'learning_rate': 8.21256038647343e-07, 'epoch': 17.68}
{'loss': 0.0099, 'learning_rate': 8.019323671497584e-07, 'epoch': 17.97}
{'eval_loss': 0.003554506693035364, 'eval_f1': 0.9989747357077743, 'eval_roc_auc': 0.9990887070437597, 'eval_accuracy': 0.9986956521739131, 'eval_runtime': 184.2729, 'eval_samples_per_second': 37.444, 'eval_steps_per_second': 9.361, 'epoch': 18.0}
{'loss': 0.0079, 'learning_rate': 7.826086956521739e-07, 'epoch': 18.26}
{'loss': 0.0059, 'learning_rate': 7.632850241545893e-07, 'epoch': 18.55}
{'loss': 0.0138, 'learning_rate': 7.439613526570048e-07, 'epoch': 18.84}
{'eval_loss': 0.0022441453766077757, 'eval_f1': 0.9992030000753724, 'eval_roc_auc': 0.9992036405005689, 'eval_accuracy': 0.9991304347826087, 'eval_runtime': 184.3942, 'eval_samples_per_second': 37.42, 'eval_steps_per_second': 9.355, 'epoch': 19.0}
{'loss': 0.0051, 'learning_rate': 7.246376811594203e-07, 'epoch': 19.13}
{'loss': 0.0057, 'learning_rate': 7.053140096618357e-07, 'epoch': 19.42}
{'loss': 0.0089, 'learning_rate': 6.859903381642512e-07, 'epoch': 19.71}
{'loss': 0.0051, 'learning_rate': 6.666666666666666e-07, 'epoch': 20.0}
{'eval_loss': 0.0026907152496278286, 'eval_f1': 0.9992033682556295, 'eval_roc_auc': 0.9993162383293116, 'eval_accuracy': 0.9989855072463768, 'eval_runtime': 184.5636, 'eval_samples_per_second': 37.385, 'eval_steps_per_second': 9.346, 'epoch': 20.0}
{'loss': 0.0075, 'learning_rate': 6.473429951690821e-07, 'epoch': 20.29}
{'loss': 0.0075, 'learning_rate': 6.280193236714976e-07, 'epoch': 20.58}
{'loss': 0.0029, 'learning_rate': 6.08695652173913e-07, 'epoch': 20.87}
{'eval_loss': 0.0005793891614302993, 'eval_f1': 0.9996587223965648, 'eval_roc_auc': 0.9997713009004153, 'eval_accuracy': 0.9995652173913043, 'eval_runtime': 184.485, 'eval_samples_per_second': 37.401, 'eval_steps_per_second': 9.35, 'epoch': 21.0}
{'loss': 0.0053, 'learning_rate': 5.893719806763284e-07, 'epoch': 21.16}
{'loss': 0.0031, 'learning_rate': 5.700483091787439e-07, 'epoch': 21.45}
{'loss': 0.0024, 'learning_rate': 5.507246376811594e-07, 'epoch': 21.74}
{'eval_loss': 0.0019714217633008957, 'eval_f1': 0.9993172514653804, 'eval_roc_auc': 0.9994300039720875, 'eval_accuracy': 0.9991304347826087, 'eval_runtime': 184.4576, 'eval_samples_per_second': 37.407, 'eval_steps_per_second': 9.352, 'epoch': 22.0}
{'loss': 0.0054, 'learning_rate': 5.314009661835749e-07, 'epoch': 22.03}
{'loss': 0.011, 'learning_rate': 5.120772946859903e-07, 'epoch': 22.32}
{'loss': 0.0058, 'learning_rate': 4.927536231884058e-07, 'epoch': 22.61}
{'loss': 0.0036, 'learning_rate': 4.7342995169082123e-07, 'epoch': 22.9}
{'eval_loss': 0.0013618345838040113, 'eval_f1': 0.9995446038097059, 'eval_roc_auc': 0.9995740904139293, 'eval_accuracy': 0.9994202898550725, 'eval_runtime': 184.5393, 'eval_samples_per_second': 37.39, 'eval_steps_per_second': 9.348, 'epoch': 23.0}
{'loss': 0.0005, 'learning_rate': 4.5410628019323674e-07, 'epoch': 23.19}
{'loss': 0.0043, 'learning_rate': 4.3478260869565214e-07, 'epoch': 23.48}
{'loss': 0.0013, 'learning_rate': 4.1545893719806764e-07, 'epoch': 23.77}
{'eval_loss': 0.0007147823343984783, 'eval_f1': 0.9997723119044651, 'eval_roc_auc': 0.9997724687144482, 'eval_accuracy': 0.9997101449275362, 'eval_runtime': 184.4229, 'eval_samples_per_second': 37.414, 'eval_steps_per_second': 9.354, 'epoch': 24.0}
{'train_runtime': 18899.6256, 'train_samples_per_second': 10.953, 'train_steps_per_second': 2.738, 'train_loss': 0.07115613506324049, 'epoch': 24.0}
