Model Name: AIMH/mental-bert-large-cased
Text Column: text
Max Length: 512
Batch Size: 8
Learning Rate: 2e-05
Number of Epochs: 30
Metric Name: eval_loss
Random State: 2
{'loss': 0.2736, 'learning_rate': 1.96137504828119e-05, 'epoch': 0.58}
{'eval_loss': 0.14880774915218353, 'eval_f1': 0.9167095244081019, 'eval_roc_auc': 0.9399935507864238, 'eval_accuracy': 0.9033333333333333, 'eval_runtime': 180.3146, 'eval_samples_per_second': 38.266, 'eval_steps_per_second': 4.786, 'epoch': 1.0}
{'loss': 0.227, 'learning_rate': 1.9227500965623796e-05, 'epoch': 1.16}
{'loss': 0.163, 'learning_rate': 1.884125144843569e-05, 'epoch': 1.74}
{'eval_loss': 0.09887958317995071, 'eval_f1': 0.9521838334296033, 'eval_roc_auc': 0.961414838826826, 'eval_accuracy': 0.9459420289855073, 'eval_runtime': 180.189, 'eval_samples_per_second': 38.293, 'eval_steps_per_second': 4.789, 'epoch': 2.0}
{'loss': 0.1235, 'learning_rate': 1.8455001931247587e-05, 'epoch': 2.32}
{'loss': 0.1111, 'learning_rate': 1.8068752414059484e-05, 'epoch': 2.9}
{'eval_loss': 0.05063773691654205, 'eval_f1': 0.9782462441103638, 'eval_roc_auc': 0.9834633588914572, 'eval_accuracy': 0.9740579710144928, 'eval_runtime': 180.2761, 'eval_samples_per_second': 38.275, 'eval_steps_per_second': 4.787, 'epoch': 3.0}
{'loss': 0.0671, 'learning_rate': 1.768250289687138e-05, 'epoch': 3.48}
{'eval_loss': 0.027949752286076546, 'eval_f1': 0.9895907531555831, 'eval_roc_auc': 0.9913534045894054, 'eval_accuracy': 0.9871014492753624, 'eval_runtime': 180.211, 'eval_samples_per_second': 38.288, 'eval_steps_per_second': 4.789, 'epoch': 4.0}
{'loss': 0.0698, 'learning_rate': 1.7296253379683278e-05, 'epoch': 4.06}
{'loss': 0.0359, 'learning_rate': 1.6910003862495172e-05, 'epoch': 4.63}
{'eval_loss': 0.03227173909544945, 'eval_f1': 0.9893302000960302, 'eval_roc_auc': 0.9902833966439764, 'eval_accuracy': 0.9865217391304347, 'eval_runtime': 180.0569, 'eval_samples_per_second': 38.321, 'eval_steps_per_second': 4.793, 'epoch': 5.0}
{'loss': 0.0372, 'learning_rate': 1.652375434530707e-05, 'epoch': 5.21}
{'loss': 0.0323, 'learning_rate': 1.6137504828118966e-05, 'epoch': 5.79}
{'eval_loss': 0.021035322919487953, 'eval_f1': 0.9940510187477748, 'eval_roc_auc': 0.9943345211067844, 'eval_accuracy': 0.9926086956521739, 'eval_runtime': 180.1732, 'eval_samples_per_second': 38.296, 'eval_steps_per_second': 4.79, 'epoch': 6.0}
{'loss': 0.0318, 'learning_rate': 1.5751255310930863e-05, 'epoch': 6.37}
{'loss': 0.0182, 'learning_rate': 1.536500579374276e-05, 'epoch': 6.95}
{'eval_loss': 0.012213102541863918, 'eval_f1': 0.9961149767802188, 'eval_roc_auc': 0.9963320249294613, 'eval_accuracy': 0.9953623188405797, 'eval_runtime': 180.1127, 'eval_samples_per_second': 38.309, 'eval_steps_per_second': 4.791, 'epoch': 7.0}
{'loss': 0.0124, 'learning_rate': 1.4978756276554656e-05, 'epoch': 7.53}
{'eval_loss': 0.01034469623118639, 'eval_f1': 0.9973777025596676, 'eval_roc_auc': 0.9975794328886077, 'eval_accuracy': 0.9968115942028986, 'eval_runtime': 180.0017, 'eval_samples_per_second': 38.333, 'eval_steps_per_second': 4.794, 'epoch': 8.0}
{'loss': 0.0228, 'learning_rate': 1.4592506759366551e-05, 'epoch': 8.11}
{'loss': 0.0157, 'learning_rate': 1.420625724217845e-05, 'epoch': 8.69}
{'eval_loss': 0.010171595960855484, 'eval_f1': 0.9972539485822101, 'eval_roc_auc': 0.9974113753871546, 'eval_accuracy': 0.9966666666666667, 'eval_runtime': 179.912, 'eval_samples_per_second': 38.352, 'eval_steps_per_second': 4.797, 'epoch': 9.0}
{'loss': 0.0163, 'learning_rate': 1.3820007724990345e-05, 'epoch': 9.27}
{'loss': 0.0093, 'learning_rate': 1.343375820780224e-05, 'epoch': 9.85}
{'eval_loss': 0.007358654402196407, 'eval_f1': 0.9978309578561917, 'eval_roc_auc': 0.9980636484447439, 'eval_accuracy': 0.9972463768115942, 'eval_runtime': 179.9713, 'eval_samples_per_second': 38.339, 'eval_steps_per_second': 4.795, 'epoch': 10.0}
{'loss': 0.0118, 'learning_rate': 1.3047508690614136e-05, 'epoch': 10.43}
{'eval_loss': 0.021773602813482285, 'eval_f1': 0.9937844117853151, 'eval_roc_auc': 0.9952799696312878, 'eval_accuracy': 0.9921739130434782, 'eval_runtime': 179.8649, 'eval_samples_per_second': 38.362, 'eval_steps_per_second': 4.798, 'epoch': 11.0}
{'loss': 0.0153, 'learning_rate': 1.2661259173426035e-05, 'epoch': 11.01}
{'loss': 0.0182, 'learning_rate': 1.227500965623793e-05, 'epoch': 11.59}
{'eval_loss': 0.006595691200345755, 'eval_f1': 0.9978322732932945, 'eval_roc_auc': 0.9981219544148096, 'eval_accuracy': 0.9972463768115942, 'eval_runtime': 179.8365, 'eval_samples_per_second': 38.368, 'eval_steps_per_second': 4.799, 'epoch': 12.0}
{'loss': 0.0209, 'learning_rate': 1.1888760139049826e-05, 'epoch': 12.17}
{'loss': 0.0192, 'learning_rate': 1.1502510621861725e-05, 'epoch': 12.75}
{'eval_loss': 0.0005783445667475462, 'eval_f1': 0.9994307415030551, 'eval_roc_auc': 0.9994311717861206, 'eval_accuracy': 0.9992753623188406, 'eval_runtime': 179.767, 'eval_samples_per_second': 38.383, 'eval_steps_per_second': 4.801, 'epoch': 13.0}
{'loss': 0.0137, 'learning_rate': 1.111626110467362e-05, 'epoch': 13.33}
{'loss': 0.0108, 'learning_rate': 1.0730011587485515e-05, 'epoch': 13.9}
{'eval_loss': 0.001160108600743115, 'eval_f1': 0.9994313456510866, 'eval_roc_auc': 0.999602075584929, 'eval_accuracy': 0.9992753623188406, 'eval_runtime': 179.3052, 'eval_samples_per_second': 38.482, 'eval_steps_per_second': 4.813, 'epoch': 14.0}
{'loss': 0.0119, 'learning_rate': 1.0343762070297414e-05, 'epoch': 14.48}
{'eval_loss': 0.0021482885349541903, 'eval_f1': 0.999431367596177, 'eval_roc_auc': 0.9996815063172508, 'eval_accuracy': 0.9992753623188406, 'eval_runtime': 179.7113, 'eval_samples_per_second': 38.395, 'eval_steps_per_second': 4.802, 'epoch': 15.0}
{'loss': 0.0047, 'learning_rate': 9.95751255310931e-06, 'epoch': 15.06}
{'loss': 0.013, 'learning_rate': 9.571263035921205e-06, 'epoch': 15.64}
{'eval_loss': 0.0027269565034657717, 'eval_f1': 0.9989785902273541, 'eval_roc_auc': 0.9996436679646976, 'eval_accuracy': 0.9986956521739131, 'eval_runtime': 179.6882, 'eval_samples_per_second': 38.4, 'eval_steps_per_second': 4.803, 'epoch': 16.0}
{'train_runtime': 11656.9234, 'train_samples_per_second': 17.758, 'train_steps_per_second': 2.221, 'train_loss': 0.05094297484064157, 'epoch': 16.0}
