Model Name: AIMH/mental-roberta-large
Text Column: text
Max Length: 512
Batch Size: 8
Learning Rate: 2e-05
Number of Epochs: 30
Metric Name: eval_loss
Random State: 1
{'loss': 0.2786, 'learning_rate': 1.96137504828119e-05, 'epoch': 0.58}
{'eval_loss': 0.1468835473060608, 'eval_f1': 0.9242280246421896, 'eval_roc_auc': 0.9399924633344106, 'eval_accuracy': 0.9160869565217391, 'eval_runtime': 233.1857, 'eval_samples_per_second': 29.59, 'eval_steps_per_second': 3.701, 'epoch': 1.0}
{'loss': 0.2159, 'learning_rate': 1.9227500965623796e-05, 'epoch': 1.16}
{'loss': 0.1664, 'learning_rate': 1.884125144843569e-05, 'epoch': 1.74}
{'eval_loss': 0.08573205769062042, 'eval_f1': 0.9582331223664067, 'eval_roc_auc': 0.9684323186528339, 'eval_accuracy': 0.9520289855072464, 'eval_runtime': 231.7156, 'eval_samples_per_second': 29.778, 'eval_steps_per_second': 3.724, 'epoch': 2.0}
{'loss': 0.1317, 'learning_rate': 1.8455001931247587e-05, 'epoch': 2.32}
{'loss': 0.1041, 'learning_rate': 1.8068752414059484e-05, 'epoch': 2.9}
{'eval_loss': 0.03968138247728348, 'eval_f1': 0.9839596477653901, 'eval_roc_auc': 0.9866494635329824, 'eval_accuracy': 0.9810144927536232, 'eval_runtime': 233.2118, 'eval_samples_per_second': 29.587, 'eval_steps_per_second': 3.7, 'epoch': 3.0}
{'loss': 0.0753, 'learning_rate': 1.768250289687138e-05, 'epoch': 3.48}
{'eval_loss': 0.04031003266572952, 'eval_f1': 0.9850429862962173, 'eval_roc_auc': 0.9877265919713282, 'eval_accuracy': 0.981304347826087, 'eval_runtime': 229.2097, 'eval_samples_per_second': 30.103, 'eval_steps_per_second': 3.765, 'epoch': 4.0}
{'loss': 0.0576, 'learning_rate': 1.7296253379683278e-05, 'epoch': 4.06}
{'loss': 0.0465, 'learning_rate': 1.6910003862495172e-05, 'epoch': 4.63}
{'eval_loss': 0.021968074142932892, 'eval_f1': 0.9926964084721631, 'eval_roc_auc': 0.9938198382761276, 'eval_accuracy': 0.9910144927536232, 'eval_runtime': 233.7704, 'eval_samples_per_second': 29.516, 'eval_steps_per_second': 3.692, 'epoch': 5.0}
{'loss': 0.0413, 'learning_rate': 1.652375434530707e-05, 'epoch': 5.21}
{'loss': 0.039, 'learning_rate': 1.6137504828118966e-05, 'epoch': 5.79}
{'eval_loss': 0.014986391179263592, 'eval_f1': 0.9951125295818317, 'eval_roc_auc': 0.9966010021193269, 'eval_accuracy': 0.9940579710144928, 'eval_runtime': 233.3487, 'eval_samples_per_second': 29.569, 'eval_steps_per_second': 3.698, 'epoch': 6.0}
{'loss': 0.0254, 'learning_rate': 1.5751255310930863e-05, 'epoch': 6.37}
{'loss': 0.032, 'learning_rate': 1.536500579374276e-05, 'epoch': 6.95}
{'eval_loss': 0.008840415626764297, 'eval_f1': 0.9971477838979921, 'eval_roc_auc': 0.9974102075731215, 'eval_accuracy': 0.9966666666666667, 'eval_runtime': 230.6012, 'eval_samples_per_second': 29.922, 'eval_steps_per_second': 3.742, 'epoch': 7.0}
{'loss': 0.0203, 'learning_rate': 1.4978756276554656e-05, 'epoch': 7.53}
{'eval_loss': 0.005984473507851362, 'eval_f1': 0.9982930233926774, 'eval_roc_auc': 0.9986604618296232, 'eval_accuracy': 0.9979710144927536, 'eval_runtime': 232.9044, 'eval_samples_per_second': 29.626, 'eval_steps_per_second': 3.705, 'epoch': 8.0}
{'loss': 0.0194, 'learning_rate': 1.4592506759366551e-05, 'epoch': 8.11}
{'loss': 0.0251, 'learning_rate': 1.420625724217845e-05, 'epoch': 8.69}
{'eval_loss': 0.006892022211104631, 'eval_f1': 0.9979481530383013, 'eval_roc_auc': 0.99834430377494, 'eval_accuracy': 0.9973913043478261, 'eval_runtime': 231.8273, 'eval_samples_per_second': 29.764, 'eval_steps_per_second': 3.723, 'epoch': 9.0}
{'loss': 0.0176, 'learning_rate': 1.3820007724990345e-05, 'epoch': 9.27}
{'loss': 0.0185, 'learning_rate': 1.343375820780224e-05, 'epoch': 9.85}
{'eval_loss': 0.011890110559761524, 'eval_f1': 0.99726534337179, 'eval_roc_auc': 0.9975531262009302, 'eval_accuracy': 0.9966666666666667, 'eval_runtime': 231.0712, 'eval_samples_per_second': 29.861, 'eval_steps_per_second': 3.735, 'epoch': 10.0}
{'loss': 0.0177, 'learning_rate': 1.3047508690614136e-05, 'epoch': 10.43}
{'eval_loss': 0.005331708583980799, 'eval_f1': 0.9985211641299474, 'eval_roc_auc': 0.9988337012564975, 'eval_accuracy': 0.9981159420289855, 'eval_runtime': 232.6249, 'eval_samples_per_second': 29.661, 'eval_steps_per_second': 3.71, 'epoch': 11.0}
{'loss': 0.0256, 'learning_rate': 1.2661259173426035e-05, 'epoch': 11.01}
{'loss': 0.0096, 'learning_rate': 1.227500965623793e-05, 'epoch': 11.59}
{'eval_loss': 0.004670851863920689, 'eval_f1': 0.9988620451070461, 'eval_roc_auc': 0.9990624003560824, 'eval_accuracy': 0.9985507246376811, 'eval_runtime': 234.1772, 'eval_samples_per_second': 29.465, 'eval_steps_per_second': 3.685, 'epoch': 12.0}
{'loss': 0.0117, 'learning_rate': 1.1888760139049826e-05, 'epoch': 12.17}
{'loss': 0.0168, 'learning_rate': 1.1502510621861725e-05, 'epoch': 12.75}
{'eval_loss': 0.010207791812717915, 'eval_f1': 0.9969116205140912, 'eval_roc_auc': 0.9971032455552478, 'eval_accuracy': 0.9960869565217392, 'eval_runtime': 232.6528, 'eval_samples_per_second': 29.658, 'eval_steps_per_second': 3.709, 'epoch': 13.0}
{'loss': 0.0125, 'learning_rate': 1.111626110467362e-05, 'epoch': 13.33}
{'loss': 0.0126, 'learning_rate': 1.0730011587485515e-05, 'epoch': 13.9}
{'eval_loss': 0.011004410684108734, 'eval_f1': 0.9968367368648707, 'eval_roc_auc': 0.9988172382513167, 'eval_accuracy': 0.996231884057971, 'eval_runtime': 230.9038, 'eval_samples_per_second': 29.883, 'eval_steps_per_second': 3.737, 'epoch': 14.0}
{'loss': 0.0091, 'learning_rate': 1.0343762070297414e-05, 'epoch': 14.48}
{'eval_loss': 0.007316566538065672, 'eval_f1': 0.9976054357162601, 'eval_roc_auc': 0.9976943663454165, 'eval_accuracy': 0.9971014492753624, 'eval_runtime': 230.4574, 'eval_samples_per_second': 29.94, 'eval_steps_per_second': 3.745, 'epoch': 15.0}
{'train_runtime': 14234.9191, 'train_samples_per_second': 14.542, 'train_steps_per_second': 1.819, 'train_loss': 0.0555215452480795, 'epoch': 15.0}
