Model Name: AIMH/mental-roberta-large
Text Column: text
Max Length: 512
Batch Size: 16
Learning Rate: 2e-06
Number of Epochs: 30
Metric Name: eval_loss
Random State: 3
{'eval_loss': 0.23371939361095428, 'eval_f1': 0.8568808554522857, 'eval_roc_auc': 0.8879907968350983, 'eval_accuracy': 0.8553623188405797, 'eval_runtime': 165.0124, 'eval_samples_per_second': 41.815, 'eval_steps_per_second': 2.618, 'epoch': 1.0}
{'loss': 0.4, 'learning_rate': 1.9228395061728396e-06, 'epoch': 1.16}
{'eval_loss': 0.15490306913852692, 'eval_f1': 0.9142010671541888, 'eval_roc_auc': 0.9386022657446453, 'eval_accuracy': 0.9014492753623189, 'eval_runtime': 165.0264, 'eval_samples_per_second': 41.811, 'eval_steps_per_second': 2.618, 'epoch': 2.0}
{'loss': 0.18, 'learning_rate': 1.8456790123456789e-06, 'epoch': 2.31}
{'eval_loss': 0.11040569096803665, 'eval_f1': 0.9419368179476917, 'eval_roc_auc': 0.9564395893220372, 'eval_accuracy': 0.9328985507246377, 'eval_runtime': 165.0625, 'eval_samples_per_second': 41.802, 'eval_steps_per_second': 2.617, 'epoch': 3.0}
{'loss': 0.1481, 'learning_rate': 1.7685185185185186e-06, 'epoch': 3.47}
{'eval_loss': 0.09068835526704788, 'eval_f1': 0.9528449009609704, 'eval_roc_auc': 0.967393260154044, 'eval_accuracy': 0.9452173913043478, 'eval_runtime': 165.1675, 'eval_samples_per_second': 41.776, 'eval_steps_per_second': 2.616, 'epoch': 4.0}
{'loss': 0.1204, 'learning_rate': 1.6913580246913578e-06, 'epoch': 4.63}
{'eval_loss': 0.07325489073991776, 'eval_f1': 0.9653034754545619, 'eval_roc_auc': 0.9730279689428112, 'eval_accuracy': 0.96, 'eval_runtime': 165.232, 'eval_samples_per_second': 41.759, 'eval_steps_per_second': 2.615, 'epoch': 5.0}
{'loss': 0.0917, 'learning_rate': 1.6141975308641975e-06, 'epoch': 5.79}
{'eval_loss': 0.060365963727235794, 'eval_f1': 0.9714462179518509, 'eval_roc_auc': 0.9802663139963278, 'eval_accuracy': 0.9671014492753623, 'eval_runtime': 165.2463, 'eval_samples_per_second': 41.756, 'eval_steps_per_second': 2.614, 'epoch': 6.0}
{'loss': 0.0839, 'learning_rate': 1.537037037037037e-06, 'epoch': 6.94}
{'eval_loss': 0.0518171489238739, 'eval_f1': 0.976389187500456, 'eval_roc_auc': 0.9825868786482242, 'eval_accuracy': 0.9723188405797102, 'eval_runtime': 165.5138, 'eval_samples_per_second': 41.688, 'eval_steps_per_second': 2.61, 'epoch': 7.0}
{'eval_loss': 0.037597037851810455, 'eval_f1': 0.9843917919088505, 'eval_roc_auc': 0.9883641133737952, 'eval_accuracy': 0.9815942028985507, 'eval_runtime': 165.4391, 'eval_samples_per_second': 41.707, 'eval_steps_per_second': 2.611, 'epoch': 8.0}
{'loss': 0.0666, 'learning_rate': 1.4598765432098765e-06, 'epoch': 8.1}
{'eval_loss': 0.03321798890829086, 'eval_f1': 0.9871521803531804, 'eval_roc_auc': 0.9905887514214531, 'eval_accuracy': 0.984927536231884, 'eval_runtime': 165.2583, 'eval_samples_per_second': 41.753, 'eval_steps_per_second': 2.614, 'epoch': 9.0}
{'loss': 0.0533, 'learning_rate': 1.382716049382716e-06, 'epoch': 9.26}
{'eval_loss': 0.039126940071582794, 'eval_f1': 0.9841878916166558, 'eval_roc_auc': 0.9872829145896457, 'eval_accuracy': 0.9810144927536232, 'eval_runtime': 165.5116, 'eval_samples_per_second': 41.689, 'eval_steps_per_second': 2.61, 'epoch': 10.0}
{'loss': 0.0468, 'learning_rate': 1.3055555555555554e-06, 'epoch': 10.42}
{'eval_loss': 0.02039002999663353, 'eval_f1': 0.9930559361291273, 'eval_roc_auc': 0.9947241243481696, 'eval_accuracy': 0.9921739130434782, 'eval_runtime': 165.4911, 'eval_samples_per_second': 41.694, 'eval_steps_per_second': 2.61, 'epoch': 11.0}
{'loss': 0.0379, 'learning_rate': 1.228395061728395e-06, 'epoch': 11.57}
{'eval_loss': 0.020460287109017372, 'eval_f1': 0.9926857078759682, 'eval_roc_auc': 0.9938821583575815, 'eval_accuracy': 0.9914492753623189, 'eval_runtime': 165.5055, 'eval_samples_per_second': 41.69, 'eval_steps_per_second': 2.61, 'epoch': 12.0}
{'loss': 0.0298, 'learning_rate': 1.1512345679012346e-06, 'epoch': 12.73}
{'eval_loss': 0.012452762573957443, 'eval_f1': 0.9954389984593376, 'eval_roc_auc': 0.9960746835141329, 'eval_accuracy': 0.9946376811594203, 'eval_runtime': 165.4476, 'eval_samples_per_second': 41.705, 'eval_steps_per_second': 2.611, 'epoch': 13.0}
{'loss': 0.027, 'learning_rate': 1.074074074074074e-06, 'epoch': 13.89}
{'eval_loss': 0.011775384657084942, 'eval_f1': 0.9961229819177648, 'eval_roc_auc': 0.9967572773707882, 'eval_accuracy': 0.9955072463768115, 'eval_runtime': 165.6117, 'eval_samples_per_second': 41.664, 'eval_steps_per_second': 2.609, 'epoch': 14.0}
{'eval_loss': 0.008889756165444851, 'eval_f1': 0.9972653272238272, 'eval_roc_auc': 0.9977200158883501, 'eval_accuracy': 0.9968115942028986, 'eval_runtime': 165.5247, 'eval_samples_per_second': 41.686, 'eval_steps_per_second': 2.61, 'epoch': 15.0}
{'loss': 0.0213, 'learning_rate': 9.969135802469136e-07, 'epoch': 15.05}
{'eval_loss': 0.00739810848608613, 'eval_f1': 0.9976072616964887, 'eval_roc_auc': 0.9980904658017107, 'eval_accuracy': 0.9972463768115942, 'eval_runtime': 165.5395, 'eval_samples_per_second': 41.682, 'eval_steps_per_second': 2.61, 'epoch': 16.0}
{'loss': 0.0164, 'learning_rate': 9.19753086419753e-07, 'epoch': 16.2}
{'eval_loss': 0.0066699739545583725, 'eval_f1': 0.9978344839937319, 'eval_roc_auc': 0.9982596911171967, 'eval_accuracy': 0.9972463768115942, 'eval_runtime': 165.6459, 'eval_samples_per_second': 41.655, 'eval_steps_per_second': 2.608, 'epoch': 17.0}
{'loss': 0.0142, 'learning_rate': 8.425925925925925e-07, 'epoch': 17.36}
{'eval_loss': 0.005141338799148798, 'eval_f1': 0.9984068316429121, 'eval_roc_auc': 0.9987993663460435, 'eval_accuracy': 0.9979710144927536, 'eval_runtime': 165.5173, 'eval_samples_per_second': 41.687, 'eval_steps_per_second': 2.61, 'epoch': 18.0}
{'loss': 0.0138, 'learning_rate': 7.65432098765432e-07, 'epoch': 18.52}
{'eval_loss': 0.004829147830605507, 'eval_f1': 0.9985197525156091, 'eval_roc_auc': 0.9988839790037866, 'eval_accuracy': 0.9981159420289855, 'eval_runtime': 165.7644, 'eval_samples_per_second': 41.625, 'eval_steps_per_second': 2.606, 'epoch': 19.0}
{'loss': 0.0127, 'learning_rate': 6.882716049382715e-07, 'epoch': 19.68}
{'eval_loss': 0.0037666591815650463, 'eval_f1': 0.9988619715398561, 'eval_roc_auc': 0.9991961229470816, 'eval_accuracy': 0.9985507246376811, 'eval_runtime': 165.5015, 'eval_samples_per_second': 41.691, 'eval_steps_per_second': 2.61, 'epoch': 20.0}
{'loss': 0.0073, 'learning_rate': 6.111111111111112e-07, 'epoch': 20.83}
{'eval_loss': 0.003194032236933708, 'eval_f1': 0.9988619715398561, 'eval_roc_auc': 0.9991961229470816, 'eval_accuracy': 0.9985507246376811, 'eval_runtime': 165.6681, 'eval_samples_per_second': 41.65, 'eval_steps_per_second': 2.608, 'epoch': 21.0}
{'loss': 0.0085, 'learning_rate': 5.339506172839506e-07, 'epoch': 21.99}
{'eval_loss': 0.002557601546868682, 'eval_f1': 0.9989754626436244, 'eval_roc_auc': 0.9992264437461473, 'eval_accuracy': 0.9986956521739131, 'eval_runtime': 165.9423, 'eval_samples_per_second': 41.581, 'eval_steps_per_second': 2.603, 'epoch': 22.0}
{'eval_loss': 0.0023441105149686337, 'eval_f1': 0.9992028169643751, 'eval_roc_auc': 0.999370530187989, 'eval_accuracy': 0.9989855072463768, 'eval_runtime': 165.7779, 'eval_samples_per_second': 41.622, 'eval_steps_per_second': 2.606, 'epoch': 23.0}
{'loss': 0.0067, 'learning_rate': 4.5679012345679007e-07, 'epoch': 23.15}
{'eval_loss': 0.0015228461707010865, 'eval_f1': 0.9992033672166283, 'eval_roc_auc': 0.999370530187989, 'eval_accuracy': 0.9989855072463768, 'eval_runtime': 165.73, 'eval_samples_per_second': 41.634, 'eval_steps_per_second': 2.607, 'epoch': 24.0}
{'loss': 0.0061, 'learning_rate': 3.7962962962962966e-07, 'epoch': 24.31}
{'eval_loss': 0.001273820293135941, 'eval_f1': 0.9994308774910469, 'eval_roc_auc': 0.9995437696148636, 'eval_accuracy': 0.9992753623188406, 'eval_runtime': 165.6454, 'eval_samples_per_second': 41.655, 'eval_steps_per_second': 2.608, 'epoch': 25.0}
{'loss': 0.0052, 'learning_rate': 3.0246913580246913e-07, 'epoch': 25.46}
{'eval_loss': 0.0010076066246256232, 'eval_f1': 0.9995446238089303, 'eval_roc_auc': 0.9996283822726065, 'eval_accuracy': 0.9994202898550725, 'eval_runtime': 165.6152, 'eval_samples_per_second': 41.663, 'eval_steps_per_second': 2.608, 'epoch': 26.0}
{'loss': 0.0036, 'learning_rate': 2.2530864197530864e-07, 'epoch': 26.62}
{'eval_loss': 0.000988755957223475, 'eval_f1': 0.9995446238089303, 'eval_roc_auc': 0.9996283822726065, 'eval_accuracy': 0.9994202898550725, 'eval_runtime': 165.6028, 'eval_samples_per_second': 41.666, 'eval_steps_per_second': 2.609, 'epoch': 27.0}
{'loss': 0.0039, 'learning_rate': 1.4814814814814815e-07, 'epoch': 27.78}
{'eval_loss': 0.0009028768981806934, 'eval_f1': 0.9995446238089303, 'eval_roc_auc': 0.9996283822726065, 'eval_accuracy': 0.9994202898550725, 'eval_runtime': 165.608, 'eval_samples_per_second': 41.665, 'eval_steps_per_second': 2.609, 'epoch': 28.0}
{'loss': 0.0043, 'learning_rate': 7.098765432098765e-08, 'epoch': 28.94}
{'eval_loss': 0.0008012898033484817, 'eval_f1': 0.9995446238089303, 'eval_roc_auc': 0.9996283822726065, 'eval_accuracy': 0.9994202898550725, 'eval_runtime': 165.4773, 'eval_samples_per_second': 41.698, 'eval_steps_per_second': 2.611, 'epoch': 29.0}
{'eval_loss': 0.0008036487270146608, 'eval_f1': 0.9995446238089303, 'eval_roc_auc': 0.9996283822726065, 'eval_accuracy': 0.9994202898550725, 'eval_runtime': 165.5198, 'eval_samples_per_second': 41.687, 'eval_steps_per_second': 2.61, 'epoch': 30.0}
{'train_runtime': 19939.003, 'train_samples_per_second': 10.382, 'train_steps_per_second': 0.65, 'train_loss': 0.05451154104537434, 'epoch': 30.0}
