Model Name: AIMH/mental-bert-large-cased
Text Column: text
Max Length: 384
Batch Size: 32
Learning Rate: 2e-05
Number of Epochs: 30
Metric Name: eval_loss
Random State: 1
{'eval_loss': 0.15294967591762543, 'eval_f1': 0.9058661370629916, 'eval_roc_auc': 0.9260505376338817, 'eval_accuracy': 0.8994202898550725, 'eval_runtime': 121.8319, 'eval_samples_per_second': 56.635, 'eval_steps_per_second': 1.773, 'epoch': 1.0}
{'eval_loss': 0.08405759185552597, 'eval_f1': 0.953441210062564, 'eval_roc_auc': 0.9655774879149487, 'eval_accuracy': 0.9460869565217391, 'eval_runtime': 121.8176, 'eval_samples_per_second': 56.642, 'eval_steps_per_second': 1.773, 'epoch': 2.0}
{'loss': 0.194, 'learning_rate': 1.8456790123456792e-05, 'epoch': 2.31}
{'eval_loss': 0.04577476531267166, 'eval_f1': 0.9785983262372941, 'eval_roc_auc': 0.9853688694793017, 'eval_accuracy': 0.9740579710144928, 'eval_runtime': 121.6254, 'eval_samples_per_second': 56.732, 'eval_steps_per_second': 1.776, 'epoch': 3.0}
{'eval_loss': 0.03211156278848648, 'eval_f1': 0.9843309927799159, 'eval_roc_auc': 0.990368468106159, 'eval_accuracy': 0.9802898550724638, 'eval_runtime': 121.2488, 'eval_samples_per_second': 56.908, 'eval_steps_per_second': 1.781, 'epoch': 4.0}
{'loss': 0.0645, 'learning_rate': 1.6913580246913582e-05, 'epoch': 4.63}
{'eval_loss': 0.022972460836172104, 'eval_f1': 0.9896140956556511, 'eval_roc_auc': 0.9902486646729515, 'eval_accuracy': 0.9873913043478261, 'eval_runtime': 121.4499, 'eval_samples_per_second': 56.814, 'eval_steps_per_second': 1.779, 'epoch': 5.0}
{'eval_loss': 0.015388338826596737, 'eval_f1': 0.9932424817721585, 'eval_roc_auc': 0.9935170368450971, 'eval_accuracy': 0.9918840579710145, 'eval_runtime': 121.5051, 'eval_samples_per_second': 56.788, 'eval_steps_per_second': 1.778, 'epoch': 6.0}
{'loss': 0.0236, 'learning_rate': 1.537037037037037e-05, 'epoch': 6.94}
{'eval_loss': 0.006912183482199907, 'eval_f1': 0.9965936780544016, 'eval_roc_auc': 0.9978970093424401, 'eval_accuracy': 0.9957971014492754, 'eval_runtime': 121.7554, 'eval_samples_per_second': 56.671, 'eval_steps_per_second': 1.774, 'epoch': 7.0}
{'eval_loss': 0.004324565175920725, 'eval_f1': 0.99840419454544, 'eval_roc_auc': 0.9984947399562359, 'eval_accuracy': 0.9982608695652174, 'eval_runtime': 121.9125, 'eval_samples_per_second': 56.598, 'eval_steps_per_second': 1.772, 'epoch': 8.0}
{'eval_loss': 0.002508453791961074, 'eval_f1': 0.9986350500521631, 'eval_roc_auc': 0.9990268976315952, 'eval_accuracy': 0.9984057971014493, 'eval_runtime': 121.8732, 'eval_samples_per_second': 56.616, 'eval_steps_per_second': 1.772, 'epoch': 9.0}
{'loss': 0.0092, 'learning_rate': 1.3827160493827162e-05, 'epoch': 9.26}
{'eval_loss': 0.0017078034579753876, 'eval_f1': 0.9993168833391398, 'eval_roc_auc': 0.9993174061433447, 'eval_accuracy': 0.9991304347826087, 'eval_runtime': 121.8213, 'eval_samples_per_second': 56.64, 'eval_steps_per_second': 1.773, 'epoch': 10.0}
{'eval_loss': 0.0014187849592417479, 'eval_f1': 0.9995449374288965, 'eval_roc_auc': 0.9996575352576392, 'eval_accuracy': 0.9994202898550725, 'eval_runtime': 121.1576, 'eval_samples_per_second': 56.951, 'eval_steps_per_second': 1.783, 'epoch': 11.0}
{'loss': 0.004, 'learning_rate': 1.228395061728395e-05, 'epoch': 11.57}
{'eval_loss': 0.002198659349232912, 'eval_f1': 0.9990891783334493, 'eval_roc_auc': 0.999173319701503, 'eval_accuracy': 0.998840579710145, 'eval_runtime': 121.1588, 'eval_samples_per_second': 56.95, 'eval_steps_per_second': 1.783, 'epoch': 12.0}
{'eval_loss': 0.0014476237120106816, 'eval_f1': 0.9995447032799311, 'eval_roc_auc': 0.9995449374288965, 'eval_accuracy': 0.9994202898550725, 'eval_runtime': 121.6568, 'eval_samples_per_second': 56.717, 'eval_steps_per_second': 1.775, 'epoch': 13.0}
{'loss': 0.004, 'learning_rate': 1.0740740740740742e-05, 'epoch': 13.89}
{'eval_loss': 0.0006037316634319723, 'eval_f1': 0.999886215025764, 'eval_roc_auc': 0.9998862343572241, 'eval_accuracy': 0.9998550724637681, 'eval_runtime': 121.8816, 'eval_samples_per_second': 56.612, 'eval_steps_per_second': 1.772, 'epoch': 14.0}
{'eval_loss': 0.0003538891323842108, 'eval_f1': 0.999886215025764, 'eval_roc_auc': 0.9998862343572241, 'eval_accuracy': 0.9998550724637681, 'eval_runtime': 121.6914, 'eval_samples_per_second': 56.701, 'eval_steps_per_second': 1.775, 'epoch': 15.0}
{'eval_loss': 0.00013999166549183428, 'eval_f1': 0.999886215025764, 'eval_roc_auc': 0.9998862343572241, 'eval_accuracy': 0.9998550724637681, 'eval_runtime': 121.0964, 'eval_samples_per_second': 56.979, 'eval_steps_per_second': 1.784, 'epoch': 16.0}
{'loss': 0.0023, 'learning_rate': 9.197530864197531e-06, 'epoch': 16.2}
{'eval_loss': 0.00048832967877388, 'eval_f1': 0.9997723119044651, 'eval_roc_auc': 0.9997724687144482, 'eval_accuracy': 0.9997101449275362, 'eval_runtime': 121.4083, 'eval_samples_per_second': 56.833, 'eval_steps_per_second': 1.779, 'epoch': 17.0}
{'eval_loss': 5.95566671108827e-05, 'eval_f1': 1.0, 'eval_roc_auc': 1.0, 'eval_accuracy': 1.0, 'eval_runtime': 121.7888, 'eval_samples_per_second': 56.655, 'eval_steps_per_second': 1.774, 'epoch': 18.0}
{'loss': 0.0011, 'learning_rate': 7.654320987654322e-06, 'epoch': 18.52}
{'eval_loss': 4.8961319407681e-05, 'eval_f1': 1.0, 'eval_roc_auc': 1.0, 'eval_accuracy': 1.0, 'eval_runtime': 121.8591, 'eval_samples_per_second': 56.623, 'eval_steps_per_second': 1.773, 'epoch': 19.0}
{'eval_loss': 7.066889520501718e-05, 'eval_f1': 1.0, 'eval_roc_auc': 1.0, 'eval_accuracy': 1.0, 'eval_runtime': 121.6755, 'eval_samples_per_second': 56.708, 'eval_steps_per_second': 1.775, 'epoch': 20.0}
{'loss': 0.0011, 'learning_rate': 6.111111111111112e-06, 'epoch': 20.83}
{'eval_loss': 6.652253796346486e-05, 'eval_f1': 1.0, 'eval_roc_auc': 1.0, 'eval_accuracy': 1.0, 'eval_runtime': 121.1674, 'eval_samples_per_second': 56.946, 'eval_steps_per_second': 1.783, 'epoch': 21.0}
{'eval_loss': 4.242291834088974e-05, 'eval_f1': 1.0, 'eval_roc_auc': 1.0, 'eval_accuracy': 1.0, 'eval_runtime': 121.4608, 'eval_samples_per_second': 56.808, 'eval_steps_per_second': 1.778, 'epoch': 22.0}
{'eval_loss': 3.921289317077026e-05, 'eval_f1': 1.0, 'eval_roc_auc': 1.0, 'eval_accuracy': 1.0, 'eval_runtime': 121.8524, 'eval_samples_per_second': 56.626, 'eval_steps_per_second': 1.773, 'epoch': 23.0}
{'loss': 0.0005, 'learning_rate': 4.567901234567902e-06, 'epoch': 23.15}
{'eval_loss': 3.500058301142417e-05, 'eval_f1': 1.0, 'eval_roc_auc': 1.0, 'eval_accuracy': 1.0, 'eval_runtime': 121.6954, 'eval_samples_per_second': 56.699, 'eval_steps_per_second': 1.775, 'epoch': 24.0}
{'eval_loss': 3.3138498110929504e-05, 'eval_f1': 1.0, 'eval_roc_auc': 1.0, 'eval_accuracy': 1.0, 'eval_runtime': 121.6958, 'eval_samples_per_second': 56.699, 'eval_steps_per_second': 1.775, 'epoch': 25.0}
{'loss': 0.0006, 'learning_rate': 3.0246913580246917e-06, 'epoch': 25.46}
{'eval_loss': 3.212875162716955e-05, 'eval_f1': 1.0, 'eval_roc_auc': 1.0, 'eval_accuracy': 1.0, 'eval_runtime': 121.8976, 'eval_samples_per_second': 56.605, 'eval_steps_per_second': 1.772, 'epoch': 26.0}
{'eval_loss': 3.0734827305423096e-05, 'eval_f1': 1.0, 'eval_roc_auc': 1.0, 'eval_accuracy': 1.0, 'eval_runtime': 121.7962, 'eval_samples_per_second': 56.652, 'eval_steps_per_second': 1.773, 'epoch': 27.0}
{'loss': 0.0001, 'learning_rate': 1.4814814814814815e-06, 'epoch': 27.78}
{'eval_loss': 2.9364169677137397e-05, 'eval_f1': 1.0, 'eval_roc_auc': 1.0, 'eval_accuracy': 1.0, 'eval_runtime': 121.431, 'eval_samples_per_second': 56.822, 'eval_steps_per_second': 1.779, 'epoch': 28.0}
{'eval_loss': 2.875274913094472e-05, 'eval_f1': 1.0, 'eval_roc_auc': 1.0, 'eval_accuracy': 1.0, 'eval_runtime': 121.2398, 'eval_samples_per_second': 56.912, 'eval_steps_per_second': 1.782, 'epoch': 29.0}
{'eval_loss': 2.8573003874043934e-05, 'eval_f1': 1.0, 'eval_roc_auc': 1.0, 'eval_accuracy': 1.0, 'eval_runtime': 121.5909, 'eval_samples_per_second': 56.748, 'eval_steps_per_second': 1.776, 'epoch': 30.0}
{'train_runtime': 14105.7496, 'train_samples_per_second': 14.675, 'train_steps_per_second': 0.459, 'train_loss': 0.02352709472898026, 'epoch': 30.0}
