Model Name: AIMH/mental-bert-base-cased
Text Column: text
Max Length: 512
Batch Size: 4
Learning Rate: 2e-06
Number of Epochs: 30
Metric Name: eval_loss
Random State: 2
{'loss': 0.5211, 'learning_rate': 1.980676328502415e-06, 'epoch': 0.29}
{'loss': 0.3857, 'learning_rate': 1.9613526570048307e-06, 'epoch': 0.58}
{'loss': 0.3188, 'learning_rate': 1.9420289855072463e-06, 'epoch': 0.87}
{'eval_loss': 0.24950942397117615, 'eval_f1': 0.8453471608894132, 'eval_roc_auc': 0.8799635195945991, 'eval_accuracy': 0.8452173913043478, 'eval_runtime': 61.2431, 'eval_samples_per_second': 112.666, 'eval_steps_per_second': 28.166, 'epoch': 1.0}
{'loss': 0.2542, 'learning_rate': 1.922705314009662e-06, 'epoch': 1.16}
{'loss': 0.2578, 'learning_rate': 1.9033816425120771e-06, 'epoch': 1.45}
{'loss': 0.2379, 'learning_rate': 1.8840579710144925e-06, 'epoch': 1.74}
{'eval_loss': 0.2228909432888031, 'eval_f1': 0.887630451058747, 'eval_roc_auc': 0.9170071860022113, 'eval_accuracy': 0.8765217391304347, 'eval_runtime': 61.2735, 'eval_samples_per_second': 112.61, 'eval_steps_per_second': 28.152, 'epoch': 2.0}
{'loss': 0.2517, 'learning_rate': 1.8647342995169081e-06, 'epoch': 2.03}
{'loss': 0.2231, 'learning_rate': 1.8454106280193235e-06, 'epoch': 2.32}
{'loss': 0.2298, 'learning_rate': 1.826086956521739e-06, 'epoch': 2.61}
{'loss': 0.2356, 'learning_rate': 1.8067632850241545e-06, 'epoch': 2.9}
{'eval_loss': 0.1998990923166275, 'eval_f1': 0.9067499415049135, 'eval_roc_auc': 0.9320288029865885, 'eval_accuracy': 0.8965217391304348, 'eval_runtime': 61.2625, 'eval_samples_per_second': 112.63, 'eval_steps_per_second': 28.158, 'epoch': 3.0}
{'loss': 0.2291, 'learning_rate': 1.78743961352657e-06, 'epoch': 3.19}
{'loss': 0.2118, 'learning_rate': 1.7681159420289855e-06, 'epoch': 3.48}
{'loss': 0.1986, 'learning_rate': 1.748792270531401e-06, 'epoch': 3.77}
{'eval_loss': 0.17624621093273163, 'eval_f1': 0.9204686169442223, 'eval_roc_auc': 0.9393744404556893, 'eval_accuracy': 0.9115942028985508, 'eval_runtime': 61.2321, 'eval_samples_per_second': 112.686, 'eval_steps_per_second': 28.172, 'epoch': 4.0}
{'loss': 0.2287, 'learning_rate': 1.7294685990338163e-06, 'epoch': 4.06}
{'loss': 0.1953, 'learning_rate': 1.7101449275362317e-06, 'epoch': 4.35}
{'loss': 0.207, 'learning_rate': 1.6908212560386471e-06, 'epoch': 4.64}
{'loss': 0.1982, 'learning_rate': 1.6714975845410628e-06, 'epoch': 4.93}
{'eval_loss': 0.17133845388889313, 'eval_f1': 0.9269951259612464, 'eval_roc_auc': 0.9429342150008215, 'eval_accuracy': 0.9210144927536232, 'eval_runtime': 61.227, 'eval_samples_per_second': 112.695, 'eval_steps_per_second': 28.174, 'epoch': 5.0}
{'loss': 0.1614, 'learning_rate': 1.6521739130434782e-06, 'epoch': 5.22}
{'loss': 0.1787, 'learning_rate': 1.6328502415458936e-06, 'epoch': 5.51}
{'loss': 0.192, 'learning_rate': 1.6135265700483092e-06, 'epoch': 5.8}
{'eval_loss': 0.17433583736419678, 'eval_f1': 0.9318214421759135, 'eval_roc_auc': 0.9509349064713567, 'eval_accuracy': 0.9243478260869565, 'eval_runtime': 61.2137, 'eval_samples_per_second': 112.72, 'eval_steps_per_second': 28.18, 'epoch': 6.0}
{'loss': 0.1722, 'learning_rate': 1.5942028985507246e-06, 'epoch': 6.09}
{'loss': 0.1599, 'learning_rate': 1.5748792270531402e-06, 'epoch': 6.38}
{'loss': 0.1821, 'learning_rate': 1.5555555555555556e-06, 'epoch': 6.67}
{'loss': 0.1468, 'learning_rate': 1.536231884057971e-06, 'epoch': 6.96}
{'eval_loss': 0.12497983127832413, 'eval_f1': 0.9530771224678193, 'eval_roc_auc': 0.9636426299913711, 'eval_accuracy': 0.9471014492753623, 'eval_runtime': 61.2329, 'eval_samples_per_second': 112.684, 'eval_steps_per_second': 28.171, 'epoch': 7.0}
{'loss': 0.1626, 'learning_rate': 1.5169082125603864e-06, 'epoch': 7.25}
{'loss': 0.1421, 'learning_rate': 1.4975845410628018e-06, 'epoch': 7.54}
{'loss': 0.1556, 'learning_rate': 1.4782608695652172e-06, 'epoch': 7.83}
{'eval_loss': 0.11924730986356735, 'eval_f1': 0.9552215895881561, 'eval_roc_auc': 0.9667054705033449, 'eval_accuracy': 0.9510144927536232, 'eval_runtime': 61.2466, 'eval_samples_per_second': 112.659, 'eval_steps_per_second': 28.165, 'epoch': 8.0}
{'loss': 0.1085, 'learning_rate': 1.4589371980676328e-06, 'epoch': 8.12}
{'loss': 0.1087, 'learning_rate': 1.4396135265700482e-06, 'epoch': 8.41}
{'loss': 0.1564, 'learning_rate': 1.4202898550724638e-06, 'epoch': 8.7}
{'loss': 0.1327, 'learning_rate': 1.4009661835748792e-06, 'epoch': 8.99}
{'eval_loss': 0.10542047023773193, 'eval_f1': 0.9629225941908145, 'eval_roc_auc': 0.9730045797954144, 'eval_accuracy': 0.9582608695652174, 'eval_runtime': 61.3055, 'eval_samples_per_second': 112.551, 'eval_steps_per_second': 28.138, 'epoch': 9.0}
{'loss': 0.104, 'learning_rate': 1.3816425120772946e-06, 'epoch': 9.28}
{'loss': 0.1225, 'learning_rate': 1.3623188405797102e-06, 'epoch': 9.57}
{'loss': 0.116, 'learning_rate': 1.3429951690821256e-06, 'epoch': 9.86}
{'eval_loss': 0.08424320071935654, 'eval_f1': 0.9711173712807013, 'eval_roc_auc': 0.9773085632586662, 'eval_accuracy': 0.9671014492753623, 'eval_runtime': 61.3245, 'eval_samples_per_second': 112.516, 'eval_steps_per_second': 28.129, 'epoch': 10.0}
{'loss': 0.1023, 'learning_rate': 1.323671497584541e-06, 'epoch': 10.14}
{'loss': 0.0839, 'learning_rate': 1.3043478260869564e-06, 'epoch': 10.43}
{'loss': 0.1163, 'learning_rate': 1.2850241545893718e-06, 'epoch': 10.72}
{'eval_loss': 0.0868079662322998, 'eval_f1': 0.9704127310462936, 'eval_roc_auc': 0.9768238041665043, 'eval_accuracy': 0.9671014492753623, 'eval_runtime': 61.3112, 'eval_samples_per_second': 112.541, 'eval_steps_per_second': 28.135, 'epoch': 11.0}
{'loss': 0.0918, 'learning_rate': 1.2657004830917874e-06, 'epoch': 11.01}
{'loss': 0.0991, 'learning_rate': 1.2463768115942028e-06, 'epoch': 11.3}
{'loss': 0.075, 'learning_rate': 1.2270531400966182e-06, 'epoch': 11.59}
{'loss': 0.0991, 'learning_rate': 1.2077294685990338e-06, 'epoch': 11.88}
{'eval_loss': 0.06052904576063156, 'eval_f1': 0.9791115854965984, 'eval_roc_auc': 0.9836133980121827, 'eval_accuracy': 0.9760869565217392, 'eval_runtime': 61.2116, 'eval_samples_per_second': 112.724, 'eval_steps_per_second': 28.181, 'epoch': 12.0}
{'loss': 0.0784, 'learning_rate': 1.1884057971014492e-06, 'epoch': 12.17}
{'loss': 0.0872, 'learning_rate': 1.1690821256038648e-06, 'epoch': 12.46}
{'loss': 0.0801, 'learning_rate': 1.1497584541062802e-06, 'epoch': 12.75}
{'eval_loss': 0.049394525587558746, 'eval_f1': 0.9843592479177513, 'eval_roc_auc': 0.9875708602558924, 'eval_accuracy': 0.9820289855072464, 'eval_runtime': 61.213, 'eval_samples_per_second': 112.721, 'eval_steps_per_second': 28.18, 'epoch': 13.0}
{'loss': 0.0713, 'learning_rate': 1.1304347826086954e-06, 'epoch': 13.04}
{'loss': 0.0817, 'learning_rate': 1.111111111111111e-06, 'epoch': 13.33}
{'loss': 0.0555, 'learning_rate': 1.0917874396135264e-06, 'epoch': 13.62}
{'loss': 0.0692, 'learning_rate': 1.072463768115942e-06, 'epoch': 13.91}
{'eval_loss': 0.045129891484975815, 'eval_f1': 0.985876071225835, 'eval_roc_auc': 0.9891915644257544, 'eval_accuracy': 0.983768115942029, 'eval_runtime': 61.2373, 'eval_samples_per_second': 112.676, 'eval_steps_per_second': 28.169, 'epoch': 14.0}
{'loss': 0.0531, 'learning_rate': 1.0531400966183574e-06, 'epoch': 14.2}
{'loss': 0.0533, 'learning_rate': 1.0338164251207728e-06, 'epoch': 14.49}
{'loss': 0.0633, 'learning_rate': 1.0144927536231885e-06, 'epoch': 14.78}
{'eval_loss': 0.03778268024325371, 'eval_f1': 0.988577273974294, 'eval_roc_auc': 0.9906542107511717, 'eval_accuracy': 0.9871014492753624, 'eval_runtime': 61.2435, 'eval_samples_per_second': 112.665, 'eval_steps_per_second': 28.166, 'epoch': 15.0}
{'loss': 0.0726, 'learning_rate': 9.951690821256039e-07, 'epoch': 15.07}
{'loss': 0.0575, 'learning_rate': 9.758454106280193e-07, 'epoch': 15.36}
{'loss': 0.0598, 'learning_rate': 9.565217391304349e-07, 'epoch': 15.65}
{'loss': 0.0603, 'learning_rate': 9.371980676328503e-07, 'epoch': 15.94}
{'eval_loss': 0.04105856269598007, 'eval_f1': 0.9870603262428552, 'eval_roc_auc': 0.9892456056993155, 'eval_accuracy': 0.985072463768116, 'eval_runtime': 61.251, 'eval_samples_per_second': 112.651, 'eval_steps_per_second': 28.163, 'epoch': 16.0}
{'loss': 0.039, 'learning_rate': 9.178743961352657e-07, 'epoch': 16.23}
{'loss': 0.0443, 'learning_rate': 8.985507246376811e-07, 'epoch': 16.52}
{'loss': 0.0699, 'learning_rate': 8.792270531400966e-07, 'epoch': 16.81}
{'eval_loss': 0.03428352251648903, 'eval_f1': 0.9899473037718601, 'eval_roc_auc': 0.9917982169183845, 'eval_accuracy': 0.9886956521739131, 'eval_runtime': 61.253, 'eval_samples_per_second': 112.648, 'eval_steps_per_second': 28.162, 'epoch': 17.0}
{'loss': 0.0472, 'learning_rate': 8.599033816425121e-07, 'epoch': 17.1}
{'loss': 0.0396, 'learning_rate': 8.405797101449275e-07, 'epoch': 17.39}
{'loss': 0.0457, 'learning_rate': 8.21256038647343e-07, 'epoch': 17.68}
{'loss': 0.0426, 'learning_rate': 8.019323671497584e-07, 'epoch': 17.97}
{'eval_loss': 0.02765572816133499, 'eval_f1': 0.9913300378001739, 'eval_roc_auc': 0.993013625595143, 'eval_accuracy': 0.9898550724637681, 'eval_runtime': 61.2151, 'eval_samples_per_second': 112.717, 'eval_steps_per_second': 28.179, 'epoch': 18.0}
{'loss': 0.0379, 'learning_rate': 7.826086956521739e-07, 'epoch': 18.26}
{'loss': 0.0378, 'learning_rate': 7.632850241545893e-07, 'epoch': 18.55}
{'loss': 0.04, 'learning_rate': 7.439613526570048e-07, 'epoch': 18.84}
{'eval_loss': 0.02450854703783989, 'eval_f1': 0.9920294758158315, 'eval_roc_auc': 0.9939425398715401, 'eval_accuracy': 0.9902898550724638, 'eval_runtime': 61.1807, 'eval_samples_per_second': 112.781, 'eval_steps_per_second': 28.195, 'epoch': 19.0}
{'loss': 0.0456, 'learning_rate': 7.246376811594203e-07, 'epoch': 19.13}
{'loss': 0.0301, 'learning_rate': 7.053140096618357e-07, 'epoch': 19.42}
{'loss': 0.0475, 'learning_rate': 6.859903381642512e-07, 'epoch': 19.71}
{'loss': 0.0275, 'learning_rate': 6.666666666666666e-07, 'epoch': 20.0}
{'eval_loss': 0.02371513471007347, 'eval_f1': 0.9923509463041417, 'eval_roc_auc': 0.9936454310352202, 'eval_accuracy': 0.9908695652173913, 'eval_runtime': 61.1449, 'eval_samples_per_second': 112.847, 'eval_steps_per_second': 28.212, 'epoch': 20.0}
{'loss': 0.0341, 'learning_rate': 6.473429951690821e-07, 'epoch': 20.29}
{'loss': 0.0295, 'learning_rate': 6.280193236714976e-07, 'epoch': 20.58}
{'loss': 0.0347, 'learning_rate': 6.08695652173913e-07, 'epoch': 20.87}
{'eval_loss': 0.019791916012763977, 'eval_f1': 0.9940750728263282, 'eval_roc_auc': 0.9952353037367271, 'eval_accuracy': 0.9928985507246377, 'eval_runtime': 61.2206, 'eval_samples_per_second': 112.707, 'eval_steps_per_second': 28.177, 'epoch': 21.0}
{'loss': 0.0394, 'learning_rate': 5.893719806763284e-07, 'epoch': 21.16}
{'loss': 0.0318, 'learning_rate': 5.700483091787439e-07, 'epoch': 21.45}
{'loss': 0.0253, 'learning_rate': 5.507246376811594e-07, 'epoch': 21.74}
{'eval_loss': 0.019217519089579582, 'eval_f1': 0.9941845425799279, 'eval_roc_auc': 0.9953239305058585, 'eval_accuracy': 0.9931884057971014, 'eval_runtime': 61.2093, 'eval_samples_per_second': 112.728, 'eval_steps_per_second': 28.182, 'epoch': 22.0}
{'loss': 0.0319, 'learning_rate': 5.314009661835749e-07, 'epoch': 22.03}
{'loss': 0.0257, 'learning_rate': 5.120772946859903e-07, 'epoch': 22.32}
{'loss': 0.0263, 'learning_rate': 4.927536231884058e-07, 'epoch': 22.61}
{'loss': 0.0276, 'learning_rate': 4.7342995169082123e-07, 'epoch': 22.9}
{'eval_loss': 0.015778720378875732, 'eval_f1': 0.9953298359332141, 'eval_roc_auc': 0.9962112524024873, 'eval_accuracy': 0.9944927536231885, 'eval_runtime': 61.2169, 'eval_samples_per_second': 112.714, 'eval_steps_per_second': 28.179, 'epoch': 23.0}
{'loss': 0.0185, 'learning_rate': 4.5410628019323674e-07, 'epoch': 23.19}
{'loss': 0.0289, 'learning_rate': 4.3478260869565214e-07, 'epoch': 23.48}
{'loss': 0.0227, 'learning_rate': 4.1545893719806764e-07, 'epoch': 23.77}
{'eval_loss': 0.014803526923060417, 'eval_f1': 0.9952123846324755, 'eval_roc_auc': 0.9959557359459354, 'eval_accuracy': 0.9942028985507246, 'eval_runtime': 61.1662, 'eval_samples_per_second': 112.807, 'eval_steps_per_second': 28.202, 'epoch': 24.0}
{'loss': 0.0274, 'learning_rate': 3.9613526570048304e-07, 'epoch': 24.06}
{'loss': 0.0199, 'learning_rate': 3.7681159420289855e-07, 'epoch': 24.35}
{'loss': 0.023, 'learning_rate': 3.5748792270531395e-07, 'epoch': 24.64}
{'loss': 0.021, 'learning_rate': 3.3816425120772945e-07, 'epoch': 24.93}
{'eval_loss': 0.014337653294205666, 'eval_f1': 0.9957776743695959, 'eval_roc_auc': 0.9963033826137176, 'eval_accuracy': 0.9947826086956522, 'eval_runtime': 61.2179, 'eval_samples_per_second': 112.712, 'eval_steps_per_second': 28.178, 'epoch': 25.0}
{'loss': 0.0253, 'learning_rate': 3.188405797101449e-07, 'epoch': 25.22}
{'loss': 0.0198, 'learning_rate': 2.9951690821256036e-07, 'epoch': 25.51}
{'loss': 0.0234, 'learning_rate': 2.8019323671497586e-07, 'epoch': 25.8}
{'eval_loss': 0.012894855812191963, 'eval_f1': 0.9964654221963014, 'eval_roc_auc': 0.9968442256565974, 'eval_accuracy': 0.9956521739130435, 'eval_runtime': 61.2435, 'eval_samples_per_second': 112.665, 'eval_steps_per_second': 28.166, 'epoch': 26.0}
{'loss': 0.0208, 'learning_rate': 2.6086956521739126e-07, 'epoch': 26.09}
{'loss': 0.0144, 'learning_rate': 2.4154589371980677e-07, 'epoch': 26.38}
{'loss': 0.0235, 'learning_rate': 2.222222222222222e-07, 'epoch': 26.67}
{'loss': 0.0232, 'learning_rate': 2.028985507246377e-07, 'epoch': 26.96}
{'eval_loss': 0.012733927927911282, 'eval_f1': 0.9965782128952765, 'eval_roc_auc': 0.9968745464556631, 'eval_accuracy': 0.9957971014492754, 'eval_runtime': 61.1605, 'eval_samples_per_second': 112.818, 'eval_steps_per_second': 28.204, 'epoch': 27.0}
{'loss': 0.0178, 'learning_rate': 1.8357487922705315e-07, 'epoch': 27.25}
{'loss': 0.0192, 'learning_rate': 1.642512077294686e-07, 'epoch': 27.54}
{'loss': 0.0244, 'learning_rate': 1.4492753623188405e-07, 'epoch': 27.83}
{'eval_loss': 0.013027527369558811, 'eval_f1': 0.9963470224585108, 'eval_roc_auc': 0.9966470151701111, 'eval_accuracy': 0.9955072463768115, 'eval_runtime': 61.2517, 'eval_samples_per_second': 112.65, 'eval_steps_per_second': 28.162, 'epoch': 28.0}
{'loss': 0.0173, 'learning_rate': 1.256038647342995e-07, 'epoch': 28.12}
{'loss': 0.0176, 'learning_rate': 1.0628019323671497e-07, 'epoch': 28.41}
{'loss': 0.0234, 'learning_rate': 8.695652173913042e-08, 'epoch': 28.7}
{'loss': 0.0191, 'learning_rate': 6.763285024154589e-08, 'epoch': 28.99}
{'eval_loss': 0.011771023273468018, 'eval_f1': 0.9968057441808282, 'eval_roc_auc': 0.997072924756182, 'eval_accuracy': 0.9960869565217392, 'eval_runtime': 61.2452, 'eval_samples_per_second': 112.662, 'eval_steps_per_second': 28.165, 'epoch': 29.0}
{'loss': 0.0212, 'learning_rate': 4.830917874396135e-08, 'epoch': 29.28}
{'loss': 0.0141, 'learning_rate': 2.898550724637681e-08, 'epoch': 29.57}
{'loss': 0.0223, 'learning_rate': 9.661835748792269e-09, 'epoch': 29.86}
{'eval_loss': 0.012232223525643349, 'eval_f1': 0.9966907547399397, 'eval_roc_auc': 0.9969591591134062, 'eval_accuracy': 0.9959420289855072, 'eval_runtime': 61.2088, 'eval_samples_per_second': 112.729, 'eval_steps_per_second': 28.182, 'epoch': 30.0}
{'train_runtime': 7843.6502, 'train_samples_per_second': 26.391, 'train_steps_per_second': 6.598, 'train_loss': 0.09578581693437364, 'epoch': 30.0}
