Model Name: AIMH/mental-roberta-large
Text Column: text
Max Length: 512
Batch Size: 16
Learning Rate: 2e-05
Number of Epochs: 30
Metric Name: eval_loss
Random State: 3
{'eval_loss': 0.14156843721866608, 'eval_f1': 0.9175365226599383, 'eval_roc_auc': 0.936474353551859, 'eval_accuracy': 0.9078260869565218, 'eval_runtime': 167.1735, 'eval_samples_per_second': 41.274, 'eval_steps_per_second': 2.584, 'epoch': 1.0}
{'loss': 0.2353, 'learning_rate': 1.9228395061728397e-05, 'epoch': 1.16}
{'eval_loss': 0.0670909658074379, 'eval_f1': 0.9662986785055037, 'eval_roc_auc': 0.9748395009929688, 'eval_accuracy': 0.9595652173913043, 'eval_runtime': 167.1322, 'eval_samples_per_second': 41.285, 'eval_steps_per_second': 2.585, 'epoch': 2.0}
{'loss': 0.1233, 'learning_rate': 1.8456790123456792e-05, 'epoch': 2.31}
{'eval_loss': 0.05530085787177086, 'eval_f1': 0.9708089918123284, 'eval_roc_auc': 0.974136524250387, 'eval_accuracy': 0.965072463768116, 'eval_runtime': 167.3941, 'eval_samples_per_second': 41.22, 'eval_steps_per_second': 2.581, 'epoch': 3.0}
{'loss': 0.0791, 'learning_rate': 1.7685185185185187e-05, 'epoch': 3.47}
{'eval_loss': 0.03162408992648125, 'eval_f1': 0.9851767615367099, 'eval_roc_auc': 0.9916534543336857, 'eval_accuracy': 0.9814492753623189, 'eval_runtime': 167.6775, 'eval_samples_per_second': 41.15, 'eval_steps_per_second': 2.576, 'epoch': 4.0}
{'loss': 0.0449, 'learning_rate': 1.6913580246913582e-05, 'epoch': 4.63}
{'eval_loss': 0.013022528029978275, 'eval_f1': 0.9947519120559318, 'eval_roc_auc': 0.9956464382999959, 'eval_accuracy': 0.9936231884057971, 'eval_runtime': 167.2623, 'eval_samples_per_second': 41.253, 'eval_steps_per_second': 2.583, 'epoch': 5.0}
{'loss': 0.0215, 'learning_rate': 1.6141975308641978e-05, 'epoch': 5.79}
{'eval_loss': 0.006576186511665583, 'eval_f1': 0.9977223387935247, 'eval_roc_auc': 0.9979538969133565, 'eval_accuracy': 0.9972463768115942, 'eval_runtime': 167.2604, 'eval_samples_per_second': 41.253, 'eval_steps_per_second': 2.583, 'epoch': 6.0}
{'loss': 0.0156, 'learning_rate': 1.537037037037037e-05, 'epoch': 6.94}
{'eval_loss': 0.007741442881524563, 'eval_f1': 0.9976049090169588, 'eval_roc_auc': 0.9980030068466124, 'eval_accuracy': 0.9969565217391304, 'eval_runtime': 167.2688, 'eval_samples_per_second': 41.251, 'eval_steps_per_second': 2.583, 'epoch': 7.0}
{'eval_loss': 0.0070900400169193745, 'eval_f1': 0.9976065894516277, 'eval_roc_auc': 0.9977526723154823, 'eval_accuracy': 0.9969565217391304, 'eval_runtime': 166.9946, 'eval_samples_per_second': 41.319, 'eval_steps_per_second': 2.587, 'epoch': 8.0}
{'loss': 0.014, 'learning_rate': 1.4598765432098766e-05, 'epoch': 8.1}
{'eval_loss': 0.0032197379041463137, 'eval_f1': 0.9987470020486704, 'eval_roc_auc': 0.9987485779294653, 'eval_accuracy': 0.9984057971014493, 'eval_runtime': 167.2122, 'eval_samples_per_second': 41.265, 'eval_steps_per_second': 2.584, 'epoch': 9.0}
{'loss': 0.0082, 'learning_rate': 1.3827160493827162e-05, 'epoch': 9.26}
{'eval_loss': 0.0018881222931668162, 'eval_f1': 0.9994309779191645, 'eval_roc_auc': 0.9994603247711532, 'eval_accuracy': 0.9992753623188406, 'eval_runtime': 167.2917, 'eval_samples_per_second': 41.245, 'eval_steps_per_second': 2.582, 'epoch': 10.0}
{'loss': 0.0087, 'learning_rate': 1.3055555555555557e-05, 'epoch': 10.42}
{'eval_loss': 0.002929231384769082, 'eval_f1': 0.9992028387857682, 'eval_roc_auc': 0.9992036405005689, 'eval_accuracy': 0.9989855072463768, 'eval_runtime': 167.6779, 'eval_samples_per_second': 41.15, 'eval_steps_per_second': 2.576, 'epoch': 11.0}
{'loss': 0.0043, 'learning_rate': 1.228395061728395e-05, 'epoch': 11.57}
{'eval_loss': 0.0014842847594991326, 'eval_f1': 0.9993176212782937, 'eval_roc_auc': 0.9995968936595077, 'eval_accuracy': 0.9991304347826087, 'eval_runtime': 167.1183, 'eval_samples_per_second': 41.288, 'eval_steps_per_second': 2.585, 'epoch': 12.0}
{'loss': 0.0078, 'learning_rate': 1.1512345679012347e-05, 'epoch': 12.73}
{'eval_loss': 0.000727097678463906, 'eval_f1': 0.9997724101939964, 'eval_roc_auc': 0.9997724687144482, 'eval_accuracy': 0.9997101449275362, 'eval_runtime': 167.4672, 'eval_samples_per_second': 41.202, 'eval_steps_per_second': 2.58, 'epoch': 13.0}
{'loss': 0.0044, 'learning_rate': 1.0740740740740742e-05, 'epoch': 13.89}
{'eval_loss': 0.0006384148728102446, 'eval_f1': 0.9996588789907052, 'eval_roc_auc': 0.9998547457441254, 'eval_accuracy': 0.9995652173913043, 'eval_runtime': 167.4888, 'eval_samples_per_second': 41.197, 'eval_steps_per_second': 2.579, 'epoch': 14.0}
{'eval_loss': 0.0023755293805152178, 'eval_f1': 0.9995450940230365, 'eval_roc_auc': 0.9997409801013493, 'eval_accuracy': 0.9994202898550725, 'eval_runtime': 167.726, 'eval_samples_per_second': 41.139, 'eval_steps_per_second': 2.576, 'epoch': 15.0}
{'loss': 0.0041, 'learning_rate': 9.969135802469136e-06, 'epoch': 15.05}
{'eval_loss': 0.0013548654969781637, 'eval_f1': 0.9995449374288965, 'eval_roc_auc': 0.9996575352576392, 'eval_accuracy': 0.9994202898550725, 'eval_runtime': 168.0845, 'eval_samples_per_second': 41.051, 'eval_steps_per_second': 2.57, 'epoch': 16.0}
{'loss': 0.0055, 'learning_rate': 9.197530864197531e-06, 'epoch': 16.2}
{'eval_loss': 0.005622535943984985, 'eval_f1': 0.9986325341768005, 'eval_roc_auc': 0.9988600079441753, 'eval_accuracy': 0.9982608695652174, 'eval_runtime': 167.9493, 'eval_samples_per_second': 41.084, 'eval_steps_per_second': 2.572, 'epoch': 17.0}
{'train_runtime': 11372.0726, 'train_samples_per_second': 18.202, 'train_steps_per_second': 1.14, 'train_loss': 0.0394016908631865, 'epoch': 17.0}
