Model Name: AIMH/mental-bert-base-cased
Text Column: text
Max Length: 512
Batch Size: 8
Learning Rate: 2e-06
Number of Epochs: 30
Metric Name: eval_loss
Random State: 3
{'loss': 0.4808, 'learning_rate': 1.9613750482811896e-06, 'epoch': 0.58}
{'eval_loss': 0.2780110239982605, 'eval_f1': 0.7939620135210992, 'eval_roc_auc': 0.847481405662966, 'eval_accuracy': 0.8134782608695652, 'eval_runtime': 58.8602, 'eval_samples_per_second': 117.227, 'eval_steps_per_second': 14.662, 'epoch': 1.0}
{'loss': 0.3056, 'learning_rate': 1.9227500965623793e-06, 'epoch': 1.16}
{'loss': 0.227, 'learning_rate': 1.8841251448435688e-06, 'epoch': 1.74}
{'eval_loss': 0.19473561644554138, 'eval_f1': 0.8893958081926069, 'eval_roc_auc': 0.9185586618066302, 'eval_accuracy': 0.8785507246376811, 'eval_runtime': 58.8529, 'eval_samples_per_second': 117.241, 'eval_steps_per_second': 14.664, 'epoch': 2.0}
{'loss': 0.2081, 'learning_rate': 1.8455001931247585e-06, 'epoch': 2.32}
{'loss': 0.1983, 'learning_rate': 1.8068752414059483e-06, 'epoch': 2.9}
{'eval_loss': 0.1738661676645279, 'eval_f1': 0.9033410281146886, 'eval_roc_auc': 0.9285583313534448, 'eval_accuracy': 0.8923188405797101, 'eval_runtime': 58.8459, 'eval_samples_per_second': 117.255, 'eval_steps_per_second': 14.665, 'epoch': 3.0}
{'loss': 0.1911, 'learning_rate': 1.7682502896871378e-06, 'epoch': 3.48}
{'eval_loss': 0.15909190475940704, 'eval_f1': 0.9125559306572231, 'eval_roc_auc': 0.9337057087054907, 'eval_accuracy': 0.9018840579710145, 'eval_runtime': 58.8397, 'eval_samples_per_second': 117.268, 'eval_steps_per_second': 14.667, 'epoch': 4.0}
{'loss': 0.1744, 'learning_rate': 1.7296253379683275e-06, 'epoch': 4.06}
{'loss': 0.1763, 'learning_rate': 1.691000386249517e-06, 'epoch': 4.63}
{'eval_loss': 0.1443655639886856, 'eval_f1': 0.9239976980105138, 'eval_roc_auc': 0.9421634955452671, 'eval_accuracy': 0.9166666666666666, 'eval_runtime': 58.7783, 'eval_samples_per_second': 117.39, 'eval_steps_per_second': 14.682, 'epoch': 5.0}
{'loss': 0.1562, 'learning_rate': 1.6523754345307069e-06, 'epoch': 5.21}
{'loss': 0.1585, 'learning_rate': 1.6137504828118964e-06, 'epoch': 5.79}
{'eval_loss': 0.1320205181837082, 'eval_f1': 0.9366266488104098, 'eval_roc_auc': 0.956016838362307, 'eval_accuracy': 0.9278260869565217, 'eval_runtime': 58.8465, 'eval_samples_per_second': 117.254, 'eval_steps_per_second': 14.665, 'epoch': 6.0}
{'loss': 0.1494, 'learning_rate': 1.5751255310930859e-06, 'epoch': 6.37}
{'loss': 0.1399, 'learning_rate': 1.5365005793742758e-06, 'epoch': 6.95}
{'eval_loss': 0.11130468547344208, 'eval_f1': 0.9470631690660785, 'eval_roc_auc': 0.9601678417968732, 'eval_accuracy': 0.9404347826086956, 'eval_runtime': 58.809, 'eval_samples_per_second': 117.329, 'eval_steps_per_second': 14.675, 'epoch': 7.0}
{'loss': 0.1337, 'learning_rate': 1.4978756276554653e-06, 'epoch': 7.53}
{'eval_loss': 0.10548514872789383, 'eval_f1': 0.9528155192245473, 'eval_roc_auc': 0.9668715799382461, 'eval_accuracy': 0.9466666666666667, 'eval_runtime': 58.7857, 'eval_samples_per_second': 117.376, 'eval_steps_per_second': 14.68, 'epoch': 8.0}
{'loss': 0.1251, 'learning_rate': 1.459250675936655e-06, 'epoch': 8.11}
{'loss': 0.1192, 'learning_rate': 1.4206257242178447e-06, 'epoch': 8.69}
{'eval_loss': 0.0961851105093956, 'eval_f1': 0.9568234891135872, 'eval_roc_auc': 0.9687856484162696, 'eval_accuracy': 0.9504347826086956, 'eval_runtime': 58.824, 'eval_samples_per_second': 117.299, 'eval_steps_per_second': 14.671, 'epoch': 9.0}
{'loss': 0.1114, 'learning_rate': 1.3820007724990344e-06, 'epoch': 9.27}
{'loss': 0.1105, 'learning_rate': 1.343375820780224e-06, 'epoch': 9.85}
{'eval_loss': 0.09019806981086731, 'eval_f1': 0.9613236692913778, 'eval_roc_auc': 0.9698282337248378, 'eval_accuracy': 0.9560869565217391, 'eval_runtime': 58.8329, 'eval_samples_per_second': 117.281, 'eval_steps_per_second': 14.669, 'epoch': 10.0}
{'loss': 0.0975, 'learning_rate': 1.3047508690614134e-06, 'epoch': 10.43}
{'eval_loss': 0.07617253810167313, 'eval_f1': 0.9684919206846264, 'eval_roc_auc': 0.9776353262502516, 'eval_accuracy': 0.9631884057971014, 'eval_runtime': 58.8322, 'eval_samples_per_second': 117.283, 'eval_steps_per_second': 14.669, 'epoch': 11.0}
{'loss': 0.1001, 'learning_rate': 1.2661259173426034e-06, 'epoch': 11.01}
{'loss': 0.086, 'learning_rate': 1.2275009656237929e-06, 'epoch': 11.59}
{'eval_loss': 0.0629221573472023, 'eval_f1': 0.9752066238032027, 'eval_roc_auc': 0.9813285961689461, 'eval_accuracy': 0.9708695652173913, 'eval_runtime': 58.8283, 'eval_samples_per_second': 117.291, 'eval_steps_per_second': 14.67, 'epoch': 12.0}
{'loss': 0.0862, 'learning_rate': 1.1888760139049826e-06, 'epoch': 12.17}
{'loss': 0.0778, 'learning_rate': 1.1502510621861723e-06, 'epoch': 12.75}
