Model Name: AIMH/mental-longformer-base-4096
Text Column: text
Max Length: 512
Batch Size: 32
Learning Rate: 2e-06
Number of Epochs: 30
Metric Name: eval_loss
Random State: 2
{'eval_loss': 0.4106294512748718, 'eval_f1': 0.5572400295949784, 'eval_roc_auc': 0.7353943976242905, 'eval_accuracy': 0.7333333333333333, 'eval_runtime': 101.1836, 'eval_samples_per_second': 68.193, 'eval_steps_per_second': 2.135, 'epoch': 1.0}
{'eval_loss': 0.24727186560630798, 'eval_f1': 0.8663375608043853, 'eval_roc_auc': 0.8995154799041053, 'eval_accuracy': 0.8568115942028985, 'eval_runtime': 101.6891, 'eval_samples_per_second': 67.854, 'eval_steps_per_second': 2.124, 'epoch': 2.0}
{'loss': 0.422, 'learning_rate': 1.8456790123456789e-06, 'epoch': 2.31}
{'eval_loss': 0.2036566287279129, 'eval_f1': 0.8904271012350921, 'eval_roc_auc': 0.9217394424168454, 'eval_accuracy': 0.8768115942028986, 'eval_runtime': 101.6937, 'eval_samples_per_second': 67.851, 'eval_steps_per_second': 2.124, 'epoch': 3.0}
{'eval_loss': 0.1885942816734314, 'eval_f1': 0.8963046804658393, 'eval_roc_auc': 0.9303887091521705, 'eval_accuracy': 0.8794202898550725, 'eval_runtime': 101.5956, 'eval_samples_per_second': 67.916, 'eval_steps_per_second': 2.126, 'epoch': 4.0}
{'loss': 0.2142, 'learning_rate': 1.6913580246913578e-06, 'epoch': 4.63}
{'eval_loss': 0.16980479657649994, 'eval_f1': 0.9080432352623649, 'eval_roc_auc': 0.9381421625940848, 'eval_accuracy': 0.8921739130434783, 'eval_runtime': 101.5881, 'eval_samples_per_second': 67.921, 'eval_steps_per_second': 2.126, 'epoch': 5.0}
{'eval_loss': 0.16477641463279724, 'eval_f1': 0.9078062282445876, 'eval_roc_auc': 0.9370502028985216, 'eval_accuracy': 0.8936231884057971, 'eval_runtime': 101.5686, 'eval_samples_per_second': 67.934, 'eval_steps_per_second': 2.127, 'epoch': 6.0}
{'loss': 0.1745, 'learning_rate': 1.537037037037037e-06, 'epoch': 6.94}
{'eval_loss': 0.1461794525384903, 'eval_f1': 0.921107444756085, 'eval_roc_auc': 0.9444963958622004, 'eval_accuracy': 0.9091304347826087, 'eval_runtime': 101.5096, 'eval_samples_per_second': 67.974, 'eval_steps_per_second': 2.128, 'epoch': 7.0}
{'eval_loss': 0.13898423314094543, 'eval_f1': 0.9244665239050686, 'eval_roc_auc': 0.9471218046222843, 'eval_accuracy': 0.9130434782608695, 'eval_runtime': 101.4956, 'eval_samples_per_second': 67.983, 'eval_steps_per_second': 2.128, 'epoch': 8.0}
{'eval_loss': 0.12513627111911774, 'eval_f1': 0.9333854202170447, 'eval_roc_auc': 0.9527365703314511, 'eval_accuracy': 0.9240579710144927, 'eval_runtime': 101.5422, 'eval_samples_per_second': 67.952, 'eval_steps_per_second': 2.127, 'epoch': 9.0}
{'loss': 0.1509, 'learning_rate': 1.382716049382716e-06, 'epoch': 9.26}
{'eval_loss': 0.12072845548391342, 'eval_f1': 0.9378131288605447, 'eval_roc_auc': 0.9565938412744174, 'eval_accuracy': 0.9281159420289855, 'eval_runtime': 101.5534, 'eval_samples_per_second': 67.945, 'eval_steps_per_second': 2.127, 'epoch': 10.0}
{'eval_loss': 0.11222079396247864, 'eval_f1': 0.9422609372763313, 'eval_roc_auc': 0.96013615484347, 'eval_accuracy': 0.9328985507246377, 'eval_runtime': 101.583, 'eval_samples_per_second': 67.925, 'eval_steps_per_second': 2.126, 'epoch': 11.0}
{'loss': 0.1365, 'learning_rate': 1.228395061728395e-06, 'epoch': 11.57}
{'eval_loss': 0.1071992814540863, 'eval_f1': 0.9458401705984452, 'eval_roc_auc': 0.965544055604864, 'eval_accuracy': 0.9350724637681159, 'eval_runtime': 101.5003, 'eval_samples_per_second': 67.98, 'eval_steps_per_second': 2.128, 'epoch': 12.0}
{'eval_loss': 0.1085684522986412, 'eval_f1': 0.9445838416586433, 'eval_roc_auc': 0.9671425946757779, 'eval_accuracy': 0.9317391304347826, 'eval_runtime': 101.499, 'eval_samples_per_second': 67.981, 'eval_steps_per_second': 2.128, 'epoch': 13.0}
{'loss': 0.1218, 'learning_rate': 1.074074074074074e-06, 'epoch': 13.89}
{'eval_loss': 0.09385330975055695, 'eval_f1': 0.953691859170828, 'eval_roc_auc': 0.9705926929220517, 'eval_accuracy': 0.9446376811594203, 'eval_runtime': 101.546, 'eval_samples_per_second': 67.95, 'eval_steps_per_second': 2.127, 'epoch': 14.0}
{'eval_loss': 0.09288385510444641, 'eval_f1': 0.9536443756947963, 'eval_roc_auc': 0.972022640454544, 'eval_accuracy': 0.9436231884057971, 'eval_runtime': 101.4604, 'eval_samples_per_second': 68.007, 'eval_steps_per_second': 2.129, 'epoch': 15.0}
{'eval_loss': 0.0882834643125534, 'eval_f1': 0.9551860068286858, 'eval_roc_auc': 0.9681999601366388, 'eval_accuracy': 0.9479710144927537, 'eval_runtime': 101.5525, 'eval_samples_per_second': 67.945, 'eval_steps_per_second': 2.127, 'epoch': 16.0}
{'loss': 0.1073, 'learning_rate': 9.19753086419753e-07, 'epoch': 16.2}
{'eval_loss': 0.08412105590105057, 'eval_f1': 0.9586459422268578, 'eval_roc_auc': 0.9739536826070373, 'eval_accuracy': 0.9504347826086956, 'eval_runtime': 101.5452, 'eval_samples_per_second': 67.95, 'eval_steps_per_second': 2.127, 'epoch': 17.0}
{'eval_loss': 0.07499577850103378, 'eval_f1': 0.9646198699191446, 'eval_roc_auc': 0.9765728168601965, 'eval_accuracy': 0.9581159420289855, 'eval_runtime': 101.5408, 'eval_samples_per_second': 67.953, 'eval_steps_per_second': 2.127, 'epoch': 18.0}
{'loss': 0.099, 'learning_rate': 7.65432098765432e-07, 'epoch': 18.52}
{'eval_loss': 0.07247582077980042, 'eval_f1': 0.9663778569724619, 'eval_roc_auc': 0.9783135228035704, 'eval_accuracy': 0.9598550724637681, 'eval_runtime': 101.5711, 'eval_samples_per_second': 67.933, 'eval_steps_per_second': 2.127, 'epoch': 19.0}
{'eval_loss': 0.06818991154432297, 'eval_f1': 0.96872409907597, 'eval_roc_auc': 0.9784920672636415, 'eval_accuracy': 0.9631884057971014, 'eval_runtime': 101.6512, 'eval_samples_per_second': 67.879, 'eval_steps_per_second': 2.125, 'epoch': 20.0}
{'loss': 0.0893, 'learning_rate': 6.111111111111112e-07, 'epoch': 20.83}
{'eval_loss': 0.06577146053314209, 'eval_f1': 0.9712316828321967, 'eval_roc_auc': 0.9814331467767989, 'eval_accuracy': 0.9656521739130435, 'eval_runtime': 101.6815, 'eval_samples_per_second': 67.859, 'eval_steps_per_second': 2.124, 'epoch': 21.0}
{'eval_loss': 0.06657358258962631, 'eval_f1': 0.9703383344913863, 'eval_roc_auc': 0.9815523449301122, 'eval_accuracy': 0.9646376811594203, 'eval_runtime': 101.6417, 'eval_samples_per_second': 67.886, 'eval_steps_per_second': 2.125, 'epoch': 22.0}
{'eval_loss': 0.061711523681879044, 'eval_f1': 0.9726857049365419, 'eval_roc_auc': 0.981669623514044, 'eval_accuracy': 0.9681159420289855, 'eval_runtime': 101.6118, 'eval_samples_per_second': 67.906, 'eval_steps_per_second': 2.126, 'epoch': 23.0}
{'loss': 0.0859, 'learning_rate': 4.5679012345679007e-07, 'epoch': 23.15}
{'eval_loss': 0.06312963366508484, 'eval_f1': 0.9707064112621443, 'eval_roc_auc': 0.9812433073683455, 'eval_accuracy': 0.9649275362318841, 'eval_runtime': 101.5768, 'eval_samples_per_second': 67.929, 'eval_steps_per_second': 2.126, 'epoch': 24.0}
{'eval_loss': 0.06244821846485138, 'eval_f1': 0.9720162580729346, 'eval_roc_auc': 0.9827209793016809, 'eval_accuracy': 0.9665217391304348, 'eval_runtime': 101.5292, 'eval_samples_per_second': 67.961, 'eval_steps_per_second': 2.127, 'epoch': 25.0}
{'loss': 0.0787, 'learning_rate': 3.0246913580246913e-07, 'epoch': 25.46}
{'eval_loss': 0.05797562748193741, 'eval_f1': 0.9755637246315865, 'eval_roc_auc': 0.9832089678831458, 'eval_accuracy': 0.9715942028985507, 'eval_runtime': 101.8341, 'eval_samples_per_second': 67.757, 'eval_steps_per_second': 2.121, 'epoch': 26.0}
{'eval_loss': 0.05829082801938057, 'eval_f1': 0.9749825654362037, 'eval_roc_auc': 0.9836534065192338, 'eval_accuracy': 0.9704347826086956, 'eval_runtime': 101.5685, 'eval_samples_per_second': 67.934, 'eval_steps_per_second': 2.127, 'epoch': 27.0}
{'loss': 0.0774, 'learning_rate': 1.4814814814814815e-07, 'epoch': 27.78}
{'eval_loss': 0.0574602372944355, 'eval_f1': 0.9750685008021873, 'eval_roc_auc': 0.9834957128686234, 'eval_accuracy': 0.9707246376811595, 'eval_runtime': 100.8038, 'eval_samples_per_second': 68.45, 'eval_steps_per_second': 2.143, 'epoch': 28.0}
{'eval_loss': 0.05655365437269211, 'eval_f1': 0.9762939450334306, 'eval_roc_auc': 0.9842927295127983, 'eval_accuracy': 0.9720289855072464, 'eval_runtime': 100.7488, 'eval_samples_per_second': 68.487, 'eval_steps_per_second': 2.144, 'epoch': 29.0}
{'eval_loss': 0.05718669667840004, 'eval_f1': 0.9755125783964342, 'eval_roc_auc': 0.9837547327672739, 'eval_accuracy': 0.971304347826087, 'eval_runtime': 100.8082, 'eval_samples_per_second': 68.447, 'eval_steps_per_second': 2.143, 'epoch': 30.0}
{'train_runtime': 16553.0647, 'train_samples_per_second': 12.505, 'train_steps_per_second': 0.391, 'train_loss': 0.14113112555609808, 'epoch': 30.0}
