Model Name: AIMH/mental-bert-large-cased
Text Column: text
Max Length: 384
Batch Size: 32
Learning Rate: 2e-06
Number of Epochs: 30
Metric Name: eval_loss
Random State: 3
{'eval_loss': 0.3464008569717407, 'eval_f1': 0.6747309082556514, 'eval_roc_auc': 0.7897469265868479, 'eval_accuracy': 0.7639130434782608, 'eval_runtime': 121.2121, 'eval_samples_per_second': 56.925, 'eval_steps_per_second': 1.782, 'epoch': 1.0}
{'eval_loss': 0.21125230193138123, 'eval_f1': 0.8772070557081524, 'eval_roc_auc': 0.9076812017166984, 'eval_accuracy': 0.8673913043478261, 'eval_runtime': 121.1327, 'eval_samples_per_second': 56.962, 'eval_steps_per_second': 1.783, 'epoch': 2.0}
{'loss': 0.3625, 'learning_rate': 1.8456790123456789e-06, 'epoch': 2.31}
{'eval_loss': 0.1785181760787964, 'eval_f1': 0.8965214200239199, 'eval_roc_auc': 0.9219754698487078, 'eval_accuracy': 0.8865217391304347, 'eval_runtime': 120.9668, 'eval_samples_per_second': 57.04, 'eval_steps_per_second': 1.786, 'epoch': 3.0}
{'eval_loss': 0.16300782561302185, 'eval_f1': 0.9127049708132035, 'eval_roc_auc': 0.9385589937416681, 'eval_accuracy': 0.898695652173913, 'eval_runtime': 120.6281, 'eval_samples_per_second': 57.201, 'eval_steps_per_second': 1.791, 'epoch': 4.0}
{'loss': 0.1899, 'learning_rate': 1.6913580246913578e-06, 'epoch': 4.63}
{'eval_loss': 0.14204800128936768, 'eval_f1': 0.9239082085498469, 'eval_roc_auc': 0.9452533945002674, 'eval_accuracy': 0.9139130434782609, 'eval_runtime': 120.6222, 'eval_samples_per_second': 57.203, 'eval_steps_per_second': 1.791, 'epoch': 5.0}
{'eval_loss': 0.13270922005176544, 'eval_f1': 0.9286919457931997, 'eval_roc_auc': 0.9486113914124431, 'eval_accuracy': 0.9179710144927536, 'eval_runtime': 120.9682, 'eval_samples_per_second': 57.04, 'eval_steps_per_second': 1.786, 'epoch': 6.0}
{'loss': 0.1484, 'learning_rate': 1.537037037037037e-06, 'epoch': 6.94}
{'eval_loss': 0.11086168140172958, 'eval_f1': 0.9465739214181961, 'eval_roc_auc': 0.9637344387545222, 'eval_accuracy': 0.9368115942028985, 'eval_runtime': 121.1395, 'eval_samples_per_second': 56.959, 'eval_steps_per_second': 1.783, 'epoch': 7.0}
{'eval_loss': 0.09999066591262817, 'eval_f1': 0.9522603595970419, 'eval_roc_auc': 0.9663039195383994, 'eval_accuracy': 0.9442028985507246, 'eval_runtime': 120.9542, 'eval_samples_per_second': 57.046, 'eval_steps_per_second': 1.786, 'epoch': 8.0}
{'eval_loss': 0.08710097521543503, 'eval_f1': 0.9603231140013955, 'eval_roc_auc': 0.9709645992307884, 'eval_accuracy': 0.953768115942029, 'eval_runtime': 121.0833, 'eval_samples_per_second': 56.986, 'eval_steps_per_second': 1.784, 'epoch': 9.0}
{'loss': 0.1171, 'learning_rate': 1.382716049382716e-06, 'epoch': 9.26}
{'eval_loss': 0.07788737863302231, 'eval_f1': 0.965163245997553, 'eval_roc_auc': 0.9744790412375595, 'eval_accuracy': 0.9598550724637681, 'eval_runtime': 120.9505, 'eval_samples_per_second': 57.048, 'eval_steps_per_second': 1.786, 'epoch': 10.0}
{'eval_loss': 0.07406950742006302, 'eval_f1': 0.9672102773571559, 'eval_roc_auc': 0.9756792778309453, 'eval_accuracy': 0.9618840579710145, 'eval_runtime': 120.4449, 'eval_samples_per_second': 57.288, 'eval_steps_per_second': 1.793, 'epoch': 11.0}
{'loss': 0.0961, 'learning_rate': 1.228395061728395e-06, 'epoch': 11.57}
{'eval_loss': 0.06203961744904518, 'eval_f1': 0.9738837787524158, 'eval_roc_auc': 0.982199194976221, 'eval_accuracy': 0.9688405797101449, 'eval_runtime': 120.6214, 'eval_samples_per_second': 57.204, 'eval_steps_per_second': 1.791, 'epoch': 12.0}
{'eval_loss': 0.053178440779447556, 'eval_f1': 0.9780313532681097, 'eval_roc_auc': 0.9839697205484284, 'eval_accuracy': 0.9739130434782609, 'eval_runtime': 121.1441, 'eval_samples_per_second': 56.957, 'eval_steps_per_second': 1.783, 'epoch': 13.0}
{'loss': 0.0772, 'learning_rate': 1.074074074074074e-06, 'epoch': 13.89}
{'eval_loss': 0.04934637248516083, 'eval_f1': 0.9799245668562853, 'eval_roc_auc': 0.984877259477453, 'eval_accuracy': 0.9763768115942029, 'eval_runtime': 121.0238, 'eval_samples_per_second': 57.014, 'eval_steps_per_second': 1.785, 'epoch': 14.0}
{'eval_loss': 0.04441314563155174, 'eval_f1': 0.982985506327663, 'eval_roc_auc': 0.9870189962174261, 'eval_accuracy': 0.9798550724637681, 'eval_runtime': 120.4606, 'eval_samples_per_second': 57.28, 'eval_steps_per_second': 1.793, 'epoch': 15.0}
{'eval_loss': 0.04269515350461006, 'eval_f1': 0.9832157351634536, 'eval_roc_auc': 0.9871379437856234, 'eval_accuracy': 0.9801449275362318, 'eval_runtime': 120.8397, 'eval_samples_per_second': 57.1, 'eval_steps_per_second': 1.787, 'epoch': 16.0}
{'loss': 0.0608, 'learning_rate': 9.19753086419753e-07, 'epoch': 16.2}
{'eval_loss': 0.037123166024684906, 'eval_f1': 0.9860718370228384, 'eval_roc_auc': 0.9890561633514331, 'eval_accuracy': 0.9836231884057971, 'eval_runtime': 121.0795, 'eval_samples_per_second': 56.987, 'eval_steps_per_second': 1.784, 'epoch': 17.0}
{'eval_loss': 0.03483764827251434, 'eval_f1': 0.9870031991181787, 'eval_roc_auc': 0.9901754277055728, 'eval_accuracy': 0.9846376811594203, 'eval_runtime': 120.7584, 'eval_samples_per_second': 57.139, 'eval_steps_per_second': 1.789, 'epoch': 18.0}
{'loss': 0.054, 'learning_rate': 7.65432098765432e-07, 'epoch': 18.52}
{'eval_loss': 0.03296924754977226, 'eval_f1': 0.9878905529236638, 'eval_roc_auc': 0.9903134244921331, 'eval_accuracy': 0.9856521739130435, 'eval_runtime': 120.4576, 'eval_samples_per_second': 57.282, 'eval_steps_per_second': 1.793, 'epoch': 19.0}
{'eval_loss': 0.03091566078364849, 'eval_f1': 0.9892957752471703, 'eval_roc_auc': 0.9920043633575073, 'eval_accuracy': 0.9875362318840579, 'eval_runtime': 120.867, 'eval_samples_per_second': 57.088, 'eval_steps_per_second': 1.787, 'epoch': 20.0}
{'loss': 0.044, 'learning_rate': 6.111111111111112e-07, 'epoch': 20.83}
{'eval_loss': 0.028679275885224342, 'eval_f1': 0.9901992806560242, 'eval_roc_auc': 0.9924681112961312, 'eval_accuracy': 0.9886956521739131, 'eval_runtime': 121.0385, 'eval_samples_per_second': 57.007, 'eval_steps_per_second': 1.785, 'epoch': 21.0}
{'eval_loss': 0.027845703065395355, 'eval_f1': 0.9899767483245075, 'eval_roc_auc': 0.9924074696979996, 'eval_accuracy': 0.9884057971014493, 'eval_runtime': 120.7451, 'eval_samples_per_second': 57.145, 'eval_steps_per_second': 1.789, 'epoch': 22.0}
{'eval_loss': 0.025775309652090073, 'eval_f1': 0.9913332912144948, 'eval_roc_auc': 0.9930759456765968, 'eval_accuracy': 0.9901449275362318, 'eval_runtime': 120.4654, 'eval_samples_per_second': 57.278, 'eval_steps_per_second': 1.793, 'epoch': 23.0}
{'loss': 0.0382, 'learning_rate': 4.5679012345679007e-07, 'epoch': 23.15}
{'eval_loss': 0.024278046563267708, 'eval_f1': 0.9920136909271249, 'eval_roc_auc': 0.9934498990320566, 'eval_accuracy': 0.9910144927536232, 'eval_runtime': 120.8898, 'eval_samples_per_second': 57.077, 'eval_steps_per_second': 1.787, 'epoch': 24.0}
{'eval_loss': 0.023687809705734253, 'eval_f1': 0.9925876785692992, 'eval_roc_auc': 0.9940147131345476, 'eval_accuracy': 0.9917391304347826, 'eval_runtime': 121.0523, 'eval_samples_per_second': 57.0, 'eval_steps_per_second': 1.784, 'epoch': 25.0}
{'loss': 0.0348, 'learning_rate': 3.0246913580246913e-07, 'epoch': 25.46}
{'eval_loss': 0.023298954591155052, 'eval_f1': 0.992803840592174, 'eval_roc_auc': 0.9938793120602261, 'eval_accuracy': 0.9917391304347826, 'eval_runtime': 120.6958, 'eval_samples_per_second': 57.169, 'eval_steps_per_second': 1.79, 'epoch': 26.0}
{'eval_loss': 0.022826772183179855, 'eval_f1': 0.9927002609917688, 'eval_roc_auc': 0.9939907420749361, 'eval_accuracy': 0.9918840579710145, 'eval_runtime': 120.4487, 'eval_samples_per_second': 57.286, 'eval_steps_per_second': 1.793, 'epoch': 27.0}
{'loss': 0.0332, 'learning_rate': 1.4814814814814815e-07, 'epoch': 27.78}
{'eval_loss': 0.022529495880007744, 'eval_f1': 0.9924685792210648, 'eval_roc_auc': 0.9936546270720298, 'eval_accuracy': 0.9914492753623189, 'eval_runtime': 120.9163, 'eval_samples_per_second': 57.064, 'eval_steps_per_second': 1.786, 'epoch': 28.0}
{'eval_loss': 0.021949024870991707, 'eval_f1': 0.9931576421029997, 'eval_roc_auc': 0.9943332068172969, 'eval_accuracy': 0.9924637681159421, 'eval_runtime': 120.9596, 'eval_samples_per_second': 57.044, 'eval_steps_per_second': 1.786, 'epoch': 29.0}
{'eval_loss': 0.021880293264985085, 'eval_f1': 0.9931576421029997, 'eval_roc_auc': 0.9943332068172969, 'eval_accuracy': 0.9924637681159421, 'eval_runtime': 120.4877, 'eval_samples_per_second': 57.267, 'eval_steps_per_second': 1.793, 'epoch': 30.0}
{'train_runtime': 14082.5303, 'train_samples_per_second': 14.699, 'train_steps_per_second': 0.46, 'train_loss': 0.0992398045681141, 'epoch': 30.0}
