Model Name: AIMH/mental-xlnet-base-cased
Text Column: text
Max Length: 512
Batch Size: 16
Learning Rate: 2e-06
Number of Epochs: 30
Metric Name: eval_loss
Random State: 2
{'eval_loss': 0.23548343777656555, 'eval_f1': 0.8509376484632819, 'eval_roc_auc': 0.8843306461375788, 'eval_accuracy': 0.8463768115942029, 'eval_runtime': 174.1749, 'eval_samples_per_second': 39.615, 'eval_steps_per_second': 2.48, 'epoch': 1.0}
{'loss': 0.4028, 'learning_rate': 1.9228395061728396e-06, 'epoch': 1.16}
{'eval_loss': 0.1884121149778366, 'eval_f1': 0.8868530562706899, 'eval_roc_auc': 0.91649763722173, 'eval_accuracy': 0.8755072463768115, 'eval_runtime': 174.0211, 'eval_samples_per_second': 39.65, 'eval_steps_per_second': 2.482, 'epoch': 2.0}
{'loss': 0.2111, 'learning_rate': 1.8456790123456789e-06, 'epoch': 2.31}
{'eval_loss': 0.16138356924057007, 'eval_f1': 0.9021243539357864, 'eval_roc_auc': 0.9268707823214515, 'eval_accuracy': 0.8910144927536232, 'eval_runtime': 174.0656, 'eval_samples_per_second': 39.64, 'eval_steps_per_second': 2.482, 'epoch': 3.0}
{'loss': 0.1882, 'learning_rate': 1.7685185185185186e-06, 'epoch': 3.47}
{'eval_loss': 0.14666496217250824, 'eval_f1': 0.9130517151523786, 'eval_roc_auc': 0.9367551830947553, 'eval_accuracy': 0.9013043478260869, 'eval_runtime': 174.0312, 'eval_samples_per_second': 39.648, 'eval_steps_per_second': 2.482, 'epoch': 4.0}
{'loss': 0.1661, 'learning_rate': 1.6913580246913578e-06, 'epoch': 4.63}
{'eval_loss': 0.13065843284130096, 'eval_f1': 0.9257058770188105, 'eval_roc_auc': 0.9459791551103518, 'eval_accuracy': 0.9152173913043479, 'eval_runtime': 174.099, 'eval_samples_per_second': 39.633, 'eval_steps_per_second': 2.481, 'epoch': 5.0}
{'loss': 0.1476, 'learning_rate': 1.6141975308641975e-06, 'epoch': 5.79}
{'eval_loss': 0.12072546780109406, 'eval_f1': 0.9319755861145194, 'eval_roc_auc': 0.9525389532853374, 'eval_accuracy': 0.921304347826087, 'eval_runtime': 174.0886, 'eval_samples_per_second': 39.635, 'eval_steps_per_second': 2.481, 'epoch': 6.0}
{'loss': 0.1362, 'learning_rate': 1.537037037037037e-06, 'epoch': 6.94}
{'eval_loss': 0.11642498522996902, 'eval_f1': 0.9353615307209863, 'eval_roc_auc': 0.9497570238181666, 'eval_accuracy': 0.9273913043478261, 'eval_runtime': 173.9384, 'eval_samples_per_second': 39.669, 'eval_steps_per_second': 2.484, 'epoch': 7.0}
{'eval_loss': 0.0995701476931572, 'eval_f1': 0.9464275377635903, 'eval_roc_auc': 0.9600706104022034, 'eval_accuracy': 0.9384057971014492, 'eval_runtime': 173.6961, 'eval_samples_per_second': 39.725, 'eval_steps_per_second': 2.487, 'epoch': 8.0}
{'loss': 0.1249, 'learning_rate': 1.4598765432098765e-06, 'epoch': 8.1}
{'eval_loss': 0.08430864661931992, 'eval_f1': 0.9558509921933029, 'eval_roc_auc': 0.9682154251709204, 'eval_accuracy': 0.9484057971014492, 'eval_runtime': 173.5318, 'eval_samples_per_second': 39.762, 'eval_steps_per_second': 2.489, 'epoch': 9.0}
{'loss': 0.1127, 'learning_rate': 1.382716049382716e-06, 'epoch': 9.26}
{'eval_loss': 0.08701011538505554, 'eval_f1': 0.9531477714271067, 'eval_roc_auc': 0.9631158814588698, 'eval_accuracy': 0.9466666666666667, 'eval_runtime': 173.8668, 'eval_samples_per_second': 39.686, 'eval_steps_per_second': 2.485, 'epoch': 10.0}
{'loss': 0.1004, 'learning_rate': 1.3055555555555554e-06, 'epoch': 10.42}
{'eval_loss': 0.07076357305049896, 'eval_f1': 0.9630288572351681, 'eval_roc_auc': 0.9732120405240248, 'eval_accuracy': 0.9569565217391305, 'eval_runtime': 173.9887, 'eval_samples_per_second': 39.658, 'eval_steps_per_second': 2.483, 'epoch': 11.0}
{'loss': 0.0921, 'learning_rate': 1.228395061728395e-06, 'epoch': 11.57}
{'eval_loss': 0.06082503870129585, 'eval_f1': 0.9700428397126724, 'eval_roc_auc': 0.9768167165403241, 'eval_accuracy': 0.9646376811594203, 'eval_runtime': 173.9366, 'eval_samples_per_second': 39.67, 'eval_steps_per_second': 2.484, 'epoch': 12.0}
{'loss': 0.0889, 'learning_rate': 1.1512345679012346e-06, 'epoch': 12.73}
{'eval_loss': 0.05789841711521149, 'eval_f1': 0.9723274387691286, 'eval_roc_auc': 0.9800807816501721, 'eval_accuracy': 0.9672463768115942, 'eval_runtime': 174.0041, 'eval_samples_per_second': 39.654, 'eval_steps_per_second': 2.483, 'epoch': 13.0}
{'loss': 0.0775, 'learning_rate': 1.074074074074074e-06, 'epoch': 13.89}
{'eval_loss': 0.04926211014389992, 'eval_f1': 0.9768587492451556, 'eval_roc_auc': 0.9819313950994449, 'eval_accuracy': 0.972463768115942, 'eval_runtime': 174.0117, 'eval_samples_per_second': 39.653, 'eval_steps_per_second': 2.483, 'epoch': 14.0}
{'eval_loss': 0.0447300560772419, 'eval_f1': 0.9793479423730481, 'eval_roc_auc': 0.9855137266746056, 'eval_accuracy': 0.9752173913043478, 'eval_runtime': 174.043, 'eval_samples_per_second': 39.645, 'eval_steps_per_second': 2.482, 'epoch': 15.0}
{'loss': 0.0725, 'learning_rate': 9.969135802469136e-07, 'epoch': 15.05}
{'eval_loss': 0.043376125395298004, 'eval_f1': 0.9804675833300642, 'eval_roc_auc': 0.9847905712758167, 'eval_accuracy': 0.9771014492753624, 'eval_runtime': 174.0257, 'eval_samples_per_second': 39.649, 'eval_steps_per_second': 2.482, 'epoch': 16.0}
{'loss': 0.0651, 'learning_rate': 9.19753086419753e-07, 'epoch': 16.2}
{'eval_loss': 0.04023854061961174, 'eval_f1': 0.9830585287486283, 'eval_roc_auc': 0.9863314805195225, 'eval_accuracy': 0.9798550724637681, 'eval_runtime': 174.0521, 'eval_samples_per_second': 39.643, 'eval_steps_per_second': 2.482, 'epoch': 17.0}
{'loss': 0.0614, 'learning_rate': 8.425925925925925e-07, 'epoch': 17.36}
{'eval_loss': 0.03543989732861519, 'eval_f1': 0.985007144851923, 'eval_roc_auc': 0.9879156606263192, 'eval_accuracy': 0.9826086956521739, 'eval_runtime': 174.0156, 'eval_samples_per_second': 39.652, 'eval_steps_per_second': 2.483, 'epoch': 18.0}
{'loss': 0.06, 'learning_rate': 7.65432098765432e-07, 'epoch': 18.52}
{'eval_loss': 0.035173431038856506, 'eval_f1': 0.9860293067207337, 'eval_roc_auc': 0.988476063556851, 'eval_accuracy': 0.9834782608695652, 'eval_runtime': 174.098, 'eval_samples_per_second': 39.633, 'eval_steps_per_second': 2.481, 'epoch': 19.0}
{'loss': 0.0524, 'learning_rate': 6.882716049382715e-07, 'epoch': 19.68}
{'eval_loss': 0.03468114510178566, 'eval_f1': 0.9853746290751045, 'eval_roc_auc': 0.9880598606768791, 'eval_accuracy': 0.9826086956521739, 'eval_runtime': 174.1692, 'eval_samples_per_second': 39.617, 'eval_steps_per_second': 2.48, 'epoch': 20.0}
{'loss': 0.0486, 'learning_rate': 6.111111111111112e-07, 'epoch': 20.83}
{'eval_loss': 0.029625514522194862, 'eval_f1': 0.9891519076153946, 'eval_roc_auc': 0.991339650905182, 'eval_accuracy': 0.9872463768115942, 'eval_runtime': 174.1359, 'eval_samples_per_second': 39.624, 'eval_steps_per_second': 2.481, 'epoch': 21.0}
{'loss': 0.0471, 'learning_rate': 5.339506172839506e-07, 'epoch': 21.99}
{'eval_loss': 0.02873559109866619, 'eval_f1': 0.9892736266354523, 'eval_roc_auc': 0.9915911532503452, 'eval_accuracy': 0.9873913043478261, 'eval_runtime': 174.2177, 'eval_samples_per_second': 39.606, 'eval_steps_per_second': 2.48, 'epoch': 22.0}
{'eval_loss': 0.027358930557966232, 'eval_f1': 0.9899649250332004, 'eval_roc_auc': 0.9921611492782576, 'eval_accuracy': 0.9881159420289856, 'eval_runtime': 174.1899, 'eval_samples_per_second': 39.612, 'eval_steps_per_second': 2.48, 'epoch': 23.0}
{'loss': 0.0477, 'learning_rate': 4.5679012345679007e-07, 'epoch': 23.15}
{'eval_loss': 0.027804866433143616, 'eval_f1': 0.9895670608016222, 'eval_roc_auc': 0.9911985572361502, 'eval_accuracy': 0.9878260869565217, 'eval_runtime': 174.1897, 'eval_samples_per_second': 39.612, 'eval_steps_per_second': 2.48, 'epoch': 24.0}
{'loss': 0.0422, 'learning_rate': 3.7962962962962966e-07, 'epoch': 24.31}
{'eval_loss': 0.02619975432753563, 'eval_f1': 0.9909788341680609, 'eval_roc_auc': 0.9927346487482692, 'eval_accuracy': 0.9894202898550725, 'eval_runtime': 174.2066, 'eval_samples_per_second': 39.608, 'eval_steps_per_second': 2.48, 'epoch': 25.0}
{'loss': 0.0382, 'learning_rate': 3.0246913580246913e-07, 'epoch': 25.46}
{'eval_loss': 0.025279080495238304, 'eval_f1': 0.9913055604551974, 'eval_roc_auc': 0.9927089992053354, 'eval_accuracy': 0.9897101449275363, 'eval_runtime': 174.1613, 'eval_samples_per_second': 39.618, 'eval_steps_per_second': 2.48, 'epoch': 26.0}
{'loss': 0.0466, 'learning_rate': 2.2530864197530864e-07, 'epoch': 26.62}
{'eval_loss': 0.024898774921894073, 'eval_f1': 0.9914323587553766, 'eval_roc_auc': 0.9929102238032096, 'eval_accuracy': 0.99, 'eval_runtime': 174.0883, 'eval_samples_per_second': 39.635, 'eval_steps_per_second': 2.481, 'epoch': 27.0}
{'loss': 0.0396, 'learning_rate': 1.4814814814814815e-07, 'epoch': 27.78}
{'eval_loss': 0.02479313127696514, 'eval_f1': 0.9913101804318006, 'eval_roc_auc': 0.9927673051754012, 'eval_accuracy': 0.9898550724637681, 'eval_runtime': 174.0743, 'eval_samples_per_second': 39.638, 'eval_steps_per_second': 2.482, 'epoch': 28.0}
{'loss': 0.0394, 'learning_rate': 7.098765432098765e-08, 'epoch': 28.94}
{'eval_loss': 0.024009661749005318, 'eval_f1': 0.9916593384516269, 'eval_roc_auc': 0.9931880328360504, 'eval_accuracy': 0.9902898550724638, 'eval_runtime': 174.0547, 'eval_samples_per_second': 39.643, 'eval_steps_per_second': 2.482, 'epoch': 29.0}
{'eval_loss': 0.024094367399811745, 'eval_f1': 0.9916593384516269, 'eval_roc_auc': 0.9931880328360504, 'eval_accuracy': 0.9902898550724638, 'eval_runtime': 174.0733, 'eval_samples_per_second': 39.638, 'eval_steps_per_second': 2.482, 'epoch': 30.0}
{'train_runtime': 16734.5446, 'train_samples_per_second': 12.37, 'train_steps_per_second': 0.774, 'train_loss': 0.09821722198415686, 'epoch': 30.0}
