Model Name: AIMH/mental-bert-large-cased
Text Column: text
Max Length: 512
Batch Size: 4
Learning Rate: 2e-06
Number of Epochs: 30
Metric Name: eval_loss
Random State: 2
{'loss': 0.482, 'learning_rate': 1.980676328502415e-06, 'epoch': 0.29}
{'loss': 0.3053, 'learning_rate': 1.9613526570048307e-06, 'epoch': 0.58}
{'loss': 0.25, 'learning_rate': 1.9420289855072463e-06, 'epoch': 0.87}
{'eval_loss': 0.24899235367774963, 'eval_f1': 0.8732481061817088, 'eval_roc_auc': 0.9035216495110473, 'eval_accuracy': 0.8652173913043478, 'eval_runtime': 185.5181, 'eval_samples_per_second': 37.193, 'eval_steps_per_second': 9.298, 'epoch': 1.0}
{'loss': 0.2376, 'learning_rate': 1.922705314009662e-06, 'epoch': 1.16}
{'loss': 0.2375, 'learning_rate': 1.9033816425120771e-06, 'epoch': 1.45}
{'loss': 0.2255, 'learning_rate': 1.8840579710144925e-06, 'epoch': 1.74}
{'eval_loss': 0.19901561737060547, 'eval_f1': 0.9116314957775241, 'eval_roc_auc': 0.9381423280676529, 'eval_accuracy': 0.9002898550724637, 'eval_runtime': 185.3882, 'eval_samples_per_second': 37.219, 'eval_steps_per_second': 9.305, 'epoch': 2.0}
{'loss': 0.2332, 'learning_rate': 1.8647342995169081e-06, 'epoch': 2.03}
{'loss': 0.1922, 'learning_rate': 1.8454106280193235e-06, 'epoch': 2.32}
{'loss': 0.1945, 'learning_rate': 1.826086956521739e-06, 'epoch': 2.61}
{'loss': 0.2127, 'learning_rate': 1.8067632850241545e-06, 'epoch': 2.9}
{'eval_loss': 0.14730559289455414, 'eval_f1': 0.9360627074136652, 'eval_roc_auc': 0.9524676026406419, 'eval_accuracy': 0.9284057971014493, 'eval_runtime': 185.3114, 'eval_samples_per_second': 37.235, 'eval_steps_per_second': 9.309, 'epoch': 3.0}
{'loss': 0.1947, 'learning_rate': 1.78743961352657e-06, 'epoch': 3.19}
{'loss': 0.1806, 'learning_rate': 1.7681159420289855e-06, 'epoch': 3.48}
{'loss': 0.1486, 'learning_rate': 1.748792270531401e-06, 'epoch': 3.77}
{'eval_loss': 0.14034971594810486, 'eval_f1': 0.9437750935571968, 'eval_roc_auc': 0.9584602934508638, 'eval_accuracy': 0.9363768115942029, 'eval_runtime': 185.2054, 'eval_samples_per_second': 37.256, 'eval_steps_per_second': 9.314, 'epoch': 4.0}
{'loss': 0.1587, 'learning_rate': 1.7294685990338163e-06, 'epoch': 4.06}
{'loss': 0.1477, 'learning_rate': 1.7101449275362317e-06, 'epoch': 4.35}
{'loss': 0.1608, 'learning_rate': 1.6908212560386471e-06, 'epoch': 4.64}
{'loss': 0.1471, 'learning_rate': 1.6714975845410628e-06, 'epoch': 4.93}
{'eval_loss': 0.09594251215457916, 'eval_f1': 0.9658861873396991, 'eval_roc_auc': 0.9746672021626905, 'eval_accuracy': 0.9608695652173913, 'eval_runtime': 185.2912, 'eval_samples_per_second': 37.239, 'eval_steps_per_second': 9.31, 'epoch': 5.0}
{'loss': 0.0984, 'learning_rate': 1.6521739130434782e-06, 'epoch': 5.22}
{'loss': 0.1094, 'learning_rate': 1.6328502415458936e-06, 'epoch': 5.51}
{'loss': 0.125, 'learning_rate': 1.6135265700483092e-06, 'epoch': 5.8}
{'eval_loss': 0.0687061995267868, 'eval_f1': 0.9759733697208439, 'eval_roc_auc': 0.9820003155054694, 'eval_accuracy': 0.9727536231884057, 'eval_runtime': 185.1268, 'eval_samples_per_second': 37.272, 'eval_steps_per_second': 9.318, 'epoch': 6.0}
{'loss': 0.0968, 'learning_rate': 1.5942028985507246e-06, 'epoch': 6.09}
{'loss': 0.0989, 'learning_rate': 1.5748792270531402e-06, 'epoch': 6.38}
{'loss': 0.103, 'learning_rate': 1.5555555555555556e-06, 'epoch': 6.67}
{'loss': 0.085, 'learning_rate': 1.536231884057971e-06, 'epoch': 6.96}
{'eval_loss': 0.04884115606546402, 'eval_f1': 0.9830019689903168, 'eval_roc_auc': 0.9866983133820655, 'eval_accuracy': 0.9802898550724638, 'eval_runtime': 185.1331, 'eval_samples_per_second': 37.27, 'eval_steps_per_second': 9.318, 'epoch': 7.0}
{'loss': 0.0791, 'learning_rate': 1.5169082125603864e-06, 'epoch': 7.25}
{'loss': 0.0729, 'learning_rate': 1.4975845410628018e-06, 'epoch': 7.54}
{'loss': 0.0625, 'learning_rate': 1.4782608695652172e-06, 'epoch': 7.83}
{'eval_loss': 0.05395675450563431, 'eval_f1': 0.982446625133284, 'eval_roc_auc': 0.986065056676103, 'eval_accuracy': 0.9805797101449275, 'eval_runtime': 185.0943, 'eval_samples_per_second': 37.278, 'eval_steps_per_second': 9.32, 'epoch': 8.0}
{'loss': 0.0601, 'learning_rate': 1.4589371980676328e-06, 'epoch': 8.12}
{'loss': 0.056, 'learning_rate': 1.4396135265700482e-06, 'epoch': 8.41}
{'loss': 0.0626, 'learning_rate': 1.4202898550724638e-06, 'epoch': 8.7}
{'loss': 0.0601, 'learning_rate': 1.4009661835748792e-06, 'epoch': 8.99}
{'eval_loss': 0.03247017413377762, 'eval_f1': 0.9896402564006217, 'eval_roc_auc': 0.9921707423756381, 'eval_accuracy': 0.9872463768115942, 'eval_runtime': 185.1266, 'eval_samples_per_second': 37.272, 'eval_steps_per_second': 9.318, 'epoch': 9.0}
{'loss': 0.0409, 'learning_rate': 1.3816425120772946e-06, 'epoch': 9.28}
{'loss': 0.0478, 'learning_rate': 1.3623188405797102e-06, 'epoch': 9.57}
{'loss': 0.0478, 'learning_rate': 1.3429951690821256e-06, 'epoch': 9.86}
{'eval_loss': 0.021726960316300392, 'eval_f1': 0.9937262421838733, 'eval_roc_auc': 0.9947522559946237, 'eval_accuracy': 0.9924637681159421, 'eval_runtime': 185.1427, 'eval_samples_per_second': 37.269, 'eval_steps_per_second': 9.317, 'epoch': 10.0}
{'loss': 0.0416, 'learning_rate': 1.323671497584541e-06, 'epoch': 10.14}
{'loss': 0.0368, 'learning_rate': 1.3043478260869564e-06, 'epoch': 10.43}
{'loss': 0.0358, 'learning_rate': 1.2850241545893718e-06, 'epoch': 10.72}
{'eval_loss': 0.01936289481818676, 'eval_f1': 0.9932628916452797, 'eval_roc_auc': 0.9945012643187499, 'eval_accuracy': 0.9918840579710145, 'eval_runtime': 185.0443, 'eval_samples_per_second': 37.288, 'eval_steps_per_second': 9.322, 'epoch': 11.0}
{'loss': 0.0326, 'learning_rate': 1.2657004830917874e-06, 'epoch': 11.01}
{'loss': 0.0347, 'learning_rate': 1.2463768115942028e-06, 'epoch': 11.3}
{'loss': 0.0185, 'learning_rate': 1.2270531400966182e-06, 'epoch': 11.59}
{'loss': 0.0265, 'learning_rate': 1.2077294685990338e-06, 'epoch': 11.88}
{'eval_loss': 0.014662153087556362, 'eval_f1': 0.9949804851772337, 'eval_roc_auc': 0.9955904679579965, 'eval_accuracy': 0.9939130434782608, 'eval_runtime': 185.0647, 'eval_samples_per_second': 37.284, 'eval_steps_per_second': 9.321, 'epoch': 12.0}
{'loss': 0.0257, 'learning_rate': 1.1884057971014492e-06, 'epoch': 12.17}
{'loss': 0.0348, 'learning_rate': 1.1690821256038648e-06, 'epoch': 12.46}
{'loss': 0.02, 'learning_rate': 1.1497584541062802e-06, 'epoch': 12.75}
{'eval_loss': 0.011778165586292744, 'eval_f1': 0.9960114159737883, 'eval_roc_auc': 0.9968315261776884, 'eval_accuracy': 0.995072463768116, 'eval_runtime': 185.1252, 'eval_samples_per_second': 37.272, 'eval_steps_per_second': 9.318, 'epoch': 13.0}
{'loss': 0.0192, 'learning_rate': 1.1304347826086954e-06, 'epoch': 13.04}
{'loss': 0.0244, 'learning_rate': 1.111111111111111e-06, 'epoch': 13.33}
{'loss': 0.0169, 'learning_rate': 1.0917874396135264e-06, 'epoch': 13.62}
{'loss': 0.0215, 'learning_rate': 1.072463768115942e-06, 'epoch': 13.91}
{'eval_loss': 0.0101621700450778, 'eval_f1': 0.996920726915947, 'eval_roc_auc': 0.9974370249300882, 'eval_accuracy': 0.996231884057971, 'eval_runtime': 185.2984, 'eval_samples_per_second': 37.237, 'eval_steps_per_second': 9.309, 'epoch': 14.0}
{'loss': 0.0131, 'learning_rate': 1.0531400966183574e-06, 'epoch': 14.2}
{'loss': 0.012, 'learning_rate': 1.0338164251207728e-06, 'epoch': 14.49}
{'loss': 0.0168, 'learning_rate': 1.0144927536231885e-06, 'epoch': 14.78}
{'eval_loss': 0.006757797207683325, 'eval_f1': 0.9976110520850457, 'eval_roc_auc': 0.9982533413777425, 'eval_accuracy': 0.9971014492753624, 'eval_runtime': 185.5324, 'eval_samples_per_second': 37.19, 'eval_steps_per_second': 9.298, 'epoch': 15.0}
{'loss': 0.0184, 'learning_rate': 9.951690821256039e-07, 'epoch': 15.07}
{'loss': 0.0236, 'learning_rate': 9.758454106280193e-07, 'epoch': 15.36}
{'loss': 0.0092, 'learning_rate': 9.565217391304349e-07, 'epoch': 15.65}
{'loss': 0.0102, 'learning_rate': 9.371980676328503e-07, 'epoch': 15.94}
{'eval_loss': 0.0068019782193005085, 'eval_f1': 0.9974966508665561, 'eval_roc_auc': 0.9981395757349666, 'eval_accuracy': 0.9971014492753624, 'eval_runtime': 185.3775, 'eval_samples_per_second': 37.221, 'eval_steps_per_second': 9.305, 'epoch': 16.0}
{'loss': 0.011, 'learning_rate': 9.178743961352657e-07, 'epoch': 16.23}
{'loss': 0.0142, 'learning_rate': 8.985507246376811e-07, 'epoch': 16.52}
{'loss': 0.0079, 'learning_rate': 8.792270531400966e-07, 'epoch': 16.81}
{'eval_loss': 0.004891101270914078, 'eval_f1': 0.9985202317767232, 'eval_roc_auc': 0.9987462423013992, 'eval_accuracy': 0.9981159420289855, 'eval_runtime': 185.4577, 'eval_samples_per_second': 37.205, 'eval_steps_per_second': 9.301, 'epoch': 17.0}
{'loss': 0.01, 'learning_rate': 8.599033816425121e-07, 'epoch': 17.1}
{'loss': 0.005, 'learning_rate': 8.405797101449275e-07, 'epoch': 17.39}
{'loss': 0.0115, 'learning_rate': 8.21256038647343e-07, 'epoch': 17.68}
{'loss': 0.0081, 'learning_rate': 8.019323671497584e-07, 'epoch': 17.97}
{'eval_loss': 0.003320480464026332, 'eval_f1': 0.9989755209748786, 'eval_roc_auc': 0.9991178600287927, 'eval_accuracy': 0.9986956521739131, 'eval_runtime': 185.4253, 'eval_samples_per_second': 37.212, 'eval_steps_per_second': 9.303, 'epoch': 18.0}
{'loss': 0.0075, 'learning_rate': 7.826086956521739e-07, 'epoch': 18.26}
{'loss': 0.0145, 'learning_rate': 7.632850241545893e-07, 'epoch': 18.55}
{'loss': 0.0132, 'learning_rate': 7.439613526570048e-07, 'epoch': 18.84}
{'eval_loss': 0.0019743116572499275, 'eval_f1': 0.9994312297607983, 'eval_roc_auc': 0.9995729225998962, 'eval_accuracy': 0.9992753623188406, 'eval_runtime': 185.4875, 'eval_samples_per_second': 37.199, 'eval_steps_per_second': 9.3, 'epoch': 19.0}
{'loss': 0.0021, 'learning_rate': 7.246376811594203e-07, 'epoch': 19.13}
{'loss': 0.007, 'learning_rate': 7.053140096618357e-07, 'epoch': 19.42}
{'loss': 0.0125, 'learning_rate': 6.859903381642512e-07, 'epoch': 19.71}
{'loss': 0.0026, 'learning_rate': 6.666666666666666e-07, 'epoch': 20.0}
{'eval_loss': 0.0012178049655631185, 'eval_f1': 0.9995450721048709, 'eval_roc_auc': 0.9996323963839948, 'eval_accuracy': 0.9994202898550725, 'eval_runtime': 185.5452, 'eval_samples_per_second': 37.188, 'eval_steps_per_second': 9.297, 'epoch': 20.0}
{'loss': 0.0024, 'learning_rate': 6.473429951690821e-07, 'epoch': 20.29}
{'loss': 0.0074, 'learning_rate': 6.280193236714976e-07, 'epoch': 20.58}
{'loss': 0.003, 'learning_rate': 6.08695652173913e-07, 'epoch': 20.87}
{'eval_loss': 0.0025042989291250706, 'eval_f1': 0.9992033682556295, 'eval_roc_auc': 0.9993162383293116, 'eval_accuracy': 0.9989855072463768, 'eval_runtime': 185.5115, 'eval_samples_per_second': 37.194, 'eval_steps_per_second': 9.299, 'epoch': 21.0}
{'loss': 0.0094, 'learning_rate': 5.893719806763284e-07, 'epoch': 21.16}
{'loss': 0.0069, 'learning_rate': 5.700483091787439e-07, 'epoch': 21.45}
{'loss': 0.0046, 'learning_rate': 5.507246376811594e-07, 'epoch': 21.74}
{'eval_loss': 0.0007368838996626437, 'eval_f1': 0.9997724687144482, 'eval_roc_auc': 0.9998016216994808, 'eval_accuracy': 0.9997101449275362, 'eval_runtime': 185.3649, 'eval_samples_per_second': 37.224, 'eval_steps_per_second': 9.306, 'epoch': 22.0}
{'loss': 0.007, 'learning_rate': 5.314009661835749e-07, 'epoch': 22.03}
{'loss': 0.0052, 'learning_rate': 5.120772946859903e-07, 'epoch': 22.32}
{'loss': 0.0021, 'learning_rate': 4.927536231884058e-07, 'epoch': 22.61}
{'loss': 0.0001, 'learning_rate': 4.7342995169082123e-07, 'epoch': 22.9}
{'eval_loss': 0.0006264009280130267, 'eval_f1': 0.9996586638826808, 'eval_roc_auc': 0.999687856056705, 'eval_accuracy': 0.9995652173913043, 'eval_runtime': 185.3728, 'eval_samples_per_second': 37.222, 'eval_steps_per_second': 9.306, 'epoch': 23.0}
{'loss': 0.002, 'learning_rate': 4.5410628019323674e-07, 'epoch': 23.19}
{'loss': 0.0023, 'learning_rate': 4.3478260869565214e-07, 'epoch': 23.48}
{'loss': 0.0051, 'learning_rate': 4.1545893719806764e-07, 'epoch': 23.77}
{'eval_loss': 0.00012378218525554985, 'eval_f1': 0.9998861951682325, 'eval_roc_auc': 0.9998862343572241, 'eval_accuracy': 0.9998550724637681, 'eval_runtime': 185.4568, 'eval_samples_per_second': 37.205, 'eval_steps_per_second': 9.301, 'epoch': 24.0}
{'loss': 0.0034, 'learning_rate': 3.9613526570048304e-07, 'epoch': 24.06}
{'loss': 0.0028, 'learning_rate': 3.7681159420289855e-07, 'epoch': 24.35}
{'loss': 0.001, 'learning_rate': 3.5748792270531395e-07, 'epoch': 24.64}
{'loss': 0.0029, 'learning_rate': 3.3816425120772945e-07, 'epoch': 24.93}
{'eval_loss': 6.147270323708653e-05, 'eval_f1': 1.0, 'eval_roc_auc': 1.0, 'eval_accuracy': 1.0, 'eval_runtime': 185.4698, 'eval_samples_per_second': 37.203, 'eval_steps_per_second': 9.301, 'epoch': 25.0}
{'loss': 0.0037, 'learning_rate': 3.188405797101449e-07, 'epoch': 25.22}
{'loss': 0.0029, 'learning_rate': 2.9951690821256036e-07, 'epoch': 25.51}
{'loss': 0.0001, 'learning_rate': 2.8019323671497586e-07, 'epoch': 25.8}
{'eval_loss': 4.985962368664332e-05, 'eval_f1': 1.0, 'eval_roc_auc': 1.0, 'eval_accuracy': 1.0, 'eval_runtime': 185.4393, 'eval_samples_per_second': 37.209, 'eval_steps_per_second': 9.302, 'epoch': 26.0}
{'loss': 0.0019, 'learning_rate': 2.6086956521739126e-07, 'epoch': 26.09}
{'loss': 0.0002, 'learning_rate': 2.4154589371980677e-07, 'epoch': 26.38}
{'loss': 0.002, 'learning_rate': 2.222222222222222e-07, 'epoch': 26.67}
{'loss': 0.0022, 'learning_rate': 2.028985507246377e-07, 'epoch': 26.96}
{'eval_loss': 2.2770613213651814e-05, 'eval_f1': 1.0, 'eval_roc_auc': 1.0, 'eval_accuracy': 1.0, 'eval_runtime': 185.3771, 'eval_samples_per_second': 37.221, 'eval_steps_per_second': 9.305, 'epoch': 27.0}
{'loss': 0.0012, 'learning_rate': 1.8357487922705315e-07, 'epoch': 27.25}
{'loss': 0.001, 'learning_rate': 1.642512077294686e-07, 'epoch': 27.54}
{'loss': 0.0003, 'learning_rate': 1.4492753623188405e-07, 'epoch': 27.83}
{'eval_loss': 3.9054670196492225e-05, 'eval_f1': 1.0, 'eval_roc_auc': 1.0, 'eval_accuracy': 1.0, 'eval_runtime': 185.3998, 'eval_samples_per_second': 37.217, 'eval_steps_per_second': 9.304, 'epoch': 28.0}
{'loss': 0.0002, 'learning_rate': 1.256038647342995e-07, 'epoch': 28.12}
{'loss': 0.0, 'learning_rate': 1.0628019323671497e-07, 'epoch': 28.41}
{'loss': 0.0, 'learning_rate': 8.695652173913042e-08, 'epoch': 28.7}
{'loss': 0.0017, 'learning_rate': 6.763285024154589e-08, 'epoch': 28.99}
{'eval_loss': 1.9141301891067997e-05, 'eval_f1': 1.0, 'eval_roc_auc': 1.0, 'eval_accuracy': 1.0, 'eval_runtime': 185.3923, 'eval_samples_per_second': 37.218, 'eval_steps_per_second': 9.305, 'epoch': 29.0}
{'loss': 0.0, 'learning_rate': 4.830917874396135e-08, 'epoch': 29.28}
{'loss': 0.0008, 'learning_rate': 2.898550724637681e-08, 'epoch': 29.57}
{'loss': 0.0001, 'learning_rate': 9.661835748792269e-09, 'epoch': 29.86}
{'eval_loss': 1.7206270058522932e-05, 'eval_f1': 1.0, 'eval_roc_auc': 1.0, 'eval_accuracy': 1.0, 'eval_runtime': 185.3654, 'eval_samples_per_second': 37.224, 'eval_steps_per_second': 9.306, 'epoch': 30.0}
{'train_runtime': 23668.3986, 'train_samples_per_second': 8.746, 'train_steps_per_second': 2.186, 'train_loss': 0.055271745057821564, 'epoch': 30.0}
