Model Name: AIMH/mental-bert-base-cased
Text Column: text
Max Length: 512
Batch Size: 16
Learning Rate: 2e-05
Number of Epochs: 30
Metric Name: eval_loss
Random State: 2
{'eval_loss': 0.17502442002296448, 'eval_f1': 0.8970974415635576, 'eval_roc_auc': 0.9192513356823132, 'eval_accuracy': 0.8907246376811594, 'eval_runtime': 55.4718, 'eval_samples_per_second': 124.387, 'eval_steps_per_second': 7.788, 'epoch': 1.0}
{'loss': 0.2692, 'learning_rate': 1.9228395061728397e-05, 'epoch': 1.16}
{'eval_loss': 0.0940617248415947, 'eval_f1': 0.951780925347818, 'eval_roc_auc': 0.9640468946468395, 'eval_accuracy': 0.9442028985507246, 'eval_runtime': 55.5638, 'eval_samples_per_second': 124.181, 'eval_steps_per_second': 7.775, 'epoch': 2.0}
{'loss': 0.1535, 'learning_rate': 1.8456790123456792e-05, 'epoch': 2.31}
{'eval_loss': 0.06252933293581009, 'eval_f1': 0.9704321535543238, 'eval_roc_auc': 0.9761716775843694, 'eval_accuracy': 0.965072463768116, 'eval_runtime': 55.5522, 'eval_samples_per_second': 124.208, 'eval_steps_per_second': 7.776, 'epoch': 3.0}
{'loss': 0.1048, 'learning_rate': 1.7685185185185187e-05, 'epoch': 3.47}
{'eval_loss': 0.03921245038509369, 'eval_f1': 0.9834267540222975, 'eval_roc_auc': 0.9881324215014006, 'eval_accuracy': 0.98, 'eval_runtime': 55.6398, 'eval_samples_per_second': 124.012, 'eval_steps_per_second': 7.764, 'epoch': 4.0}
{'loss': 0.0639, 'learning_rate': 1.6913580246913582e-05, 'epoch': 4.63}
{'eval_loss': 0.027777180075645447, 'eval_f1': 0.9893835658013048, 'eval_roc_auc': 0.9913379724218596, 'eval_accuracy': 0.9871014492753624, 'eval_runtime': 55.5901, 'eval_samples_per_second': 124.123, 'eval_steps_per_second': 7.771, 'epoch': 5.0}
{'loss': 0.0386, 'learning_rate': 1.6141975308641978e-05, 'epoch': 5.79}
{'eval_loss': 0.01588280126452446, 'eval_f1': 0.9935224607908832, 'eval_roc_auc': 0.994778019146276, 'eval_accuracy': 0.9923188405797101, 'eval_runtime': 55.6253, 'eval_samples_per_second': 124.044, 'eval_steps_per_second': 7.766, 'epoch': 6.0}
{'loss': 0.026, 'learning_rate': 1.537037037037037e-05, 'epoch': 6.94}
{'eval_loss': 0.012346836738288403, 'eval_f1': 0.9954372312125873, 'eval_roc_auc': 0.9960083493212906, 'eval_accuracy': 0.9947826086956522, 'eval_runtime': 55.5824, 'eval_samples_per_second': 124.14, 'eval_steps_per_second': 7.772, 'epoch': 7.0}
{'eval_loss': 0.006698284763842821, 'eval_f1': 0.9979519090741055, 'eval_roc_auc': 0.998456901603683, 'eval_accuracy': 0.9976811594202899, 'eval_runtime': 55.5735, 'eval_samples_per_second': 124.16, 'eval_steps_per_second': 7.773, 'epoch': 8.0}
{'loss': 0.0165, 'learning_rate': 1.4598765432098766e-05, 'epoch': 8.1}
{'eval_loss': 0.0048845065757632256, 'eval_f1': 0.998634102637248, 'eval_roc_auc': 0.9988348690705307, 'eval_accuracy': 0.9985507246376811, 'eval_runtime': 55.6366, 'eval_samples_per_second': 124.019, 'eval_steps_per_second': 7.765, 'epoch': 9.0}
{'loss': 0.01, 'learning_rate': 1.3827160493827162e-05, 'epoch': 9.26}
{'eval_loss': 0.003761216066777706, 'eval_f1': 0.9988618731422917, 'eval_roc_auc': 0.999087539229727, 'eval_accuracy': 0.998840579710145, 'eval_runtime': 55.5528, 'eval_samples_per_second': 124.206, 'eval_steps_per_second': 7.776, 'epoch': 10.0}
{'loss': 0.0081, 'learning_rate': 1.3055555555555557e-05, 'epoch': 10.42}
{'eval_loss': 0.00278717209585011, 'eval_f1': 0.9988625754315676, 'eval_roc_auc': 0.9991458451997925, 'eval_accuracy': 0.9986956521739131, 'eval_runtime': 55.3987, 'eval_samples_per_second': 124.552, 'eval_steps_per_second': 7.798, 'epoch': 11.0}
{'loss': 0.0079, 'learning_rate': 1.228395061728395e-05, 'epoch': 11.57}
{'eval_loss': 0.001638744375668466, 'eval_f1': 0.9995447032799311, 'eval_roc_auc': 0.9995449374288965, 'eval_accuracy': 0.9994202898550725, 'eval_runtime': 55.4145, 'eval_samples_per_second': 124.516, 'eval_steps_per_second': 7.796, 'epoch': 12.0}
{'loss': 0.0053, 'learning_rate': 1.1512345679012347e-05, 'epoch': 12.73}
{'eval_loss': 0.0007902458310127258, 'eval_f1': 0.9998862735192353, 'eval_roc_auc': 0.9999696792009343, 'eval_accuracy': 0.9998550724637681, 'eval_runtime': 55.422, 'eval_samples_per_second': 124.499, 'eval_steps_per_second': 7.795, 'epoch': 13.0}
{'loss': 0.0048, 'learning_rate': 1.0740740740740742e-05, 'epoch': 13.89}
{'eval_loss': 0.0010355355916544795, 'eval_f1': 0.9996588789907052, 'eval_roc_auc': 0.9998547457441254, 'eval_accuracy': 0.9995652173913043, 'eval_runtime': 55.4329, 'eval_samples_per_second': 124.475, 'eval_steps_per_second': 7.793, 'epoch': 14.0}
{'eval_loss': 0.0007407536031678319, 'eval_f1': 0.9996588789907052, 'eval_roc_auc': 0.9998547457441254, 'eval_accuracy': 0.9995652173913043, 'eval_runtime': 55.4139, 'eval_samples_per_second': 124.518, 'eval_steps_per_second': 7.796, 'epoch': 15.0}
{'loss': 0.0053, 'learning_rate': 9.969135802469136e-06, 'epoch': 15.05}
{'eval_loss': 0.0008012535399757326, 'eval_f1': 0.9996585655865817, 'eval_roc_auc': 0.9996878560567052, 'eval_accuracy': 0.9995652173913043, 'eval_runtime': 55.4066, 'eval_samples_per_second': 124.534, 'eval_steps_per_second': 7.797, 'epoch': 16.0}
{'loss': 0.0033, 'learning_rate': 9.197530864197531e-06, 'epoch': 16.2}
{'eval_loss': 0.0006996128940954804, 'eval_f1': 0.9998862735192353, 'eval_roc_auc': 0.9999696792009343, 'eval_accuracy': 0.9998550724637681, 'eval_runtime': 55.4018, 'eval_samples_per_second': 124.545, 'eval_steps_per_second': 7.798, 'epoch': 17.0}
{'loss': 0.003, 'learning_rate': 8.425925925925926e-06, 'epoch': 17.36}
{'eval_loss': 0.0008232332766056061, 'eval_f1': 0.9997726253085882, 'eval_roc_auc': 0.9999393584018684, 'eval_accuracy': 0.9997101449275362, 'eval_runtime': 55.4124, 'eval_samples_per_second': 124.521, 'eval_steps_per_second': 7.796, 'epoch': 18.0}
{'loss': 0.0024, 'learning_rate': 7.654320987654322e-06, 'epoch': 18.52}
{'eval_loss': 0.00022269331384450197, 'eval_f1': 0.9997724488503493, 'eval_roc_auc': 0.9998016216994811, 'eval_accuracy': 0.9997101449275362, 'eval_runtime': 55.3896, 'eval_samples_per_second': 124.572, 'eval_steps_per_second': 7.799, 'epoch': 19.0}
{'loss': 0.0023, 'learning_rate': 6.882716049382716e-06, 'epoch': 19.68}
{'eval_loss': 0.0002201659808633849, 'eval_f1': 0.9998861951682325, 'eval_roc_auc': 0.9998862343572241, 'eval_accuracy': 0.9998550724637681, 'eval_runtime': 55.4057, 'eval_samples_per_second': 124.536, 'eval_steps_per_second': 7.797, 'epoch': 20.0}
{'loss': 0.0016, 'learning_rate': 6.111111111111112e-06, 'epoch': 20.83}
{'eval_loss': 0.0008168822969309986, 'eval_f1': 0.9996583501275893, 'eval_roc_auc': 0.9996587030716724, 'eval_accuracy': 0.9995652173913043, 'eval_runtime': 55.3972, 'eval_samples_per_second': 124.555, 'eval_steps_per_second': 7.798, 'epoch': 21.0}
{'loss': 0.0012, 'learning_rate': 5.339506172839507e-06, 'epoch': 21.99}
{'eval_loss': 0.0005401582457125187, 'eval_f1': 0.9998862735192353, 'eval_roc_auc': 0.9999696792009343, 'eval_accuracy': 0.9998550724637681, 'eval_runtime': 55.4065, 'eval_samples_per_second': 124.534, 'eval_steps_per_second': 7.797, 'epoch': 22.0}
{'eval_loss': 2.840996785380412e-05, 'eval_f1': 1.0, 'eval_roc_auc': 1.0, 'eval_accuracy': 1.0, 'eval_runtime': 55.3942, 'eval_samples_per_second': 124.562, 'eval_steps_per_second': 7.799, 'epoch': 23.0}
{'loss': 0.0022, 'learning_rate': 4.567901234567902e-06, 'epoch': 23.15}
{'eval_loss': 2.6106681616511196e-05, 'eval_f1': 1.0, 'eval_roc_auc': 1.0, 'eval_accuracy': 1.0, 'eval_runtime': 55.3926, 'eval_samples_per_second': 124.565, 'eval_steps_per_second': 7.799, 'epoch': 24.0}
{'loss': 0.0012, 'learning_rate': 3.796296296296297e-06, 'epoch': 24.31}
{'eval_loss': 2.3689788577030413e-05, 'eval_f1': 1.0, 'eval_roc_auc': 1.0, 'eval_accuracy': 1.0, 'eval_runtime': 55.4223, 'eval_samples_per_second': 124.499, 'eval_steps_per_second': 7.795, 'epoch': 25.0}
{'loss': 0.0011, 'learning_rate': 3.0246913580246917e-06, 'epoch': 25.46}
{'eval_loss': 2.13404928217642e-05, 'eval_f1': 1.0, 'eval_roc_auc': 1.0, 'eval_accuracy': 1.0, 'eval_runtime': 55.4114, 'eval_samples_per_second': 124.523, 'eval_steps_per_second': 7.796, 'epoch': 26.0}
{'loss': 0.0006, 'learning_rate': 2.2530864197530865e-06, 'epoch': 26.62}
{'eval_loss': 1.9617293219198473e-05, 'eval_f1': 1.0, 'eval_roc_auc': 1.0, 'eval_accuracy': 1.0, 'eval_runtime': 55.4086, 'eval_samples_per_second': 124.529, 'eval_steps_per_second': 7.797, 'epoch': 27.0}
{'loss': 0.0001, 'learning_rate': 1.4814814814814815e-06, 'epoch': 27.78}
{'eval_loss': 1.8357617591391318e-05, 'eval_f1': 1.0, 'eval_roc_auc': 1.0, 'eval_accuracy': 1.0, 'eval_runtime': 55.4157, 'eval_samples_per_second': 124.513, 'eval_steps_per_second': 7.796, 'epoch': 28.0}
{'loss': 0.0, 'learning_rate': 7.098765432098766e-07, 'epoch': 28.94}
{'eval_loss': 1.7598840713617392e-05, 'eval_f1': 1.0, 'eval_roc_auc': 1.0, 'eval_accuracy': 1.0, 'eval_runtime': 55.4273, 'eval_samples_per_second': 124.487, 'eval_steps_per_second': 7.794, 'epoch': 29.0}
{'eval_loss': 1.7314896467723884e-05, 'eval_f1': 1.0, 'eval_roc_auc': 1.0, 'eval_accuracy': 1.0, 'eval_runtime': 55.4126, 'eval_samples_per_second': 124.52, 'eval_steps_per_second': 7.796, 'epoch': 30.0}
{'train_runtime': 6584.6323, 'train_samples_per_second': 31.437, 'train_steps_per_second': 1.968, 'train_loss': 0.02826882830905774, 'epoch': 30.0}
