Model Name: AIMH/mental-xlnet-base-cased
Text Column: text
Max Length: 512
Batch Size: 16
Learning Rate: 2e-05
Number of Epochs: 30
Metric Name: eval_loss
Random State: 2
{'eval_loss': 0.15138286352157593, 'eval_f1': 0.9046205494935273, 'eval_roc_auc': 0.9239427332343388, 'eval_accuracy': 0.9015942028985507, 'eval_runtime': 174.6133, 'eval_samples_per_second': 39.516, 'eval_steps_per_second': 2.474, 'epoch': 1.0}
{'loss': 0.2381, 'learning_rate': 1.9228395061728397e-05, 'epoch': 1.16}
{'eval_loss': 0.06415048986673355, 'eval_f1': 0.964398787197122, 'eval_roc_auc': 0.9753514650036114, 'eval_accuracy': 0.9579710144927536, 'eval_runtime': 174.3444, 'eval_samples_per_second': 39.577, 'eval_steps_per_second': 2.478, 'epoch': 2.0}
{'loss': 0.134, 'learning_rate': 1.8456790123456792e-05, 'epoch': 2.31}
{'eval_loss': 0.04220438748598099, 'eval_f1': 0.980597160106431, 'eval_roc_auc': 0.9842842096188458, 'eval_accuracy': 0.9771014492753624, 'eval_runtime': 174.5936, 'eval_samples_per_second': 39.52, 'eval_steps_per_second': 2.474, 'epoch': 3.0}
{'loss': 0.0825, 'learning_rate': 1.7685185185185187e-05, 'epoch': 3.47}
{'eval_loss': 0.021857405081391335, 'eval_f1': 0.9894554621119469, 'eval_roc_auc': 0.9929737021996399, 'eval_accuracy': 0.9868115942028985, 'eval_runtime': 174.4841, 'eval_samples_per_second': 39.545, 'eval_steps_per_second': 2.476, 'epoch': 4.0}
{'loss': 0.054, 'learning_rate': 1.6913580246913582e-05, 'epoch': 4.63}
{'eval_loss': 0.013549226336181164, 'eval_f1': 0.9950908034762385, 'eval_roc_auc': 0.9956419135193185, 'eval_accuracy': 0.993768115942029, 'eval_runtime': 174.5268, 'eval_samples_per_second': 39.535, 'eval_steps_per_second': 2.475, 'epoch': 5.0}
{'loss': 0.026, 'learning_rate': 1.6141975308641978e-05, 'epoch': 5.79}
{'eval_loss': 0.009729042649269104, 'eval_f1': 0.9958967197011251, 'eval_roc_auc': 0.9966091768175581, 'eval_accuracy': 0.994927536231884, 'eval_runtime': 174.5109, 'eval_samples_per_second': 39.539, 'eval_steps_per_second': 2.475, 'epoch': 6.0}
{'loss': 0.0179, 'learning_rate': 1.537037037037037e-05, 'epoch': 6.94}
{'eval_loss': 0.01129851769655943, 'eval_f1': 0.9965699831070061, 'eval_roc_auc': 0.9968162404855976, 'eval_accuracy': 0.9956521739130435, 'eval_runtime': 174.5226, 'eval_samples_per_second': 39.536, 'eval_steps_per_second': 2.475, 'epoch': 7.0}
{'eval_loss': 0.007110951002687216, 'eval_f1': 0.9976112630247865, 'eval_roc_auc': 0.9982322166154862, 'eval_accuracy': 0.9971014492753624, 'eval_runtime': 174.5132, 'eval_samples_per_second': 39.539, 'eval_steps_per_second': 2.475, 'epoch': 8.0}
{'loss': 0.0133, 'learning_rate': 1.4598765432098766e-05, 'epoch': 8.1}
{'eval_loss': 0.005313398782163858, 'eval_f1': 0.9982923824662393, 'eval_roc_auc': 0.9985478640008802, 'eval_accuracy': 0.9981159420289855, 'eval_runtime': 174.4811, 'eval_samples_per_second': 39.546, 'eval_steps_per_second': 2.476, 'epoch': 9.0}
{'loss': 0.0102, 'learning_rate': 1.3827160493827162e-05, 'epoch': 9.26}
{'eval_loss': 0.0021356618963181973, 'eval_f1': 0.9992035007455684, 'eval_roc_auc': 0.9993745442993772, 'eval_accuracy': 0.9989855072463768, 'eval_runtime': 174.3329, 'eval_samples_per_second': 39.579, 'eval_steps_per_second': 2.478, 'epoch': 10.0}
{'loss': 0.0064, 'learning_rate': 1.3055555555555557e-05, 'epoch': 10.42}
{'eval_loss': 0.0022252399940043688, 'eval_f1': 0.9992033848552802, 'eval_roc_auc': 0.9993453913143444, 'eval_accuracy': 0.9991304347826087, 'eval_runtime': 174.4499, 'eval_samples_per_second': 39.553, 'eval_steps_per_second': 2.476, 'epoch': 11.0}
{'loss': 0.0057, 'learning_rate': 1.228395061728395e-05, 'epoch': 11.57}
{'eval_loss': 0.0012418192345649004, 'eval_f1': 0.9996588789907052, 'eval_roc_auc': 0.9998547457441254, 'eval_accuracy': 0.9995652173913043, 'eval_runtime': 174.4138, 'eval_samples_per_second': 39.561, 'eval_steps_per_second': 2.477, 'epoch': 12.0}
{'loss': 0.003, 'learning_rate': 1.1512345679012347e-05, 'epoch': 12.73}
{'eval_loss': 0.0008914712816476822, 'eval_f1': 0.9996586837402123, 'eval_roc_auc': 0.9997421479153824, 'eval_accuracy': 0.9995652173913043, 'eval_runtime': 174.5053, 'eval_samples_per_second': 39.54, 'eval_steps_per_second': 2.476, 'epoch': 13.0}
{'loss': 0.0046, 'learning_rate': 1.0740740740740742e-05, 'epoch': 13.89}
{'eval_loss': 0.0033525186590850353, 'eval_f1': 0.9985257689913495, 'eval_roc_auc': 0.999468092909757, 'eval_accuracy': 0.9981159420289855, 'eval_runtime': 174.4482, 'eval_samples_per_second': 39.553, 'eval_steps_per_second': 2.476, 'epoch': 14.0}
{'eval_loss': 0.0012272881576791406, 'eval_f1': 0.9995450355834702, 'eval_roc_auc': 0.9997118271163167, 'eval_accuracy': 0.9994202898550725, 'eval_runtime': 174.3847, 'eval_samples_per_second': 39.568, 'eval_steps_per_second': 2.477, 'epoch': 15.0}
{'loss': 0.0064, 'learning_rate': 9.969135802469136e-06, 'epoch': 15.05}
{'eval_loss': 0.0018620651680976152, 'eval_f1': 0.9993180320891096, 'eval_roc_auc': 0.9996803385032177, 'eval_accuracy': 0.9991304347826087, 'eval_runtime': 174.4134, 'eval_samples_per_second': 39.561, 'eval_steps_per_second': 2.477, 'epoch': 16.0}
{'train_runtime': 8960.1587, 'train_samples_per_second': 23.102, 'train_steps_per_second': 1.446, 'train_loss': 0.04381654699574466, 'epoch': 16.0}
