Model Name: AIMH/mental-xlnet-base-cased
Text Column: text
Max Length: 512
Batch Size: 8
Learning Rate: 2e-06
Number of Epochs: 30
Metric Name: eval_loss
Random State: 2
{'loss': 0.5041, 'learning_rate': 1.9613750482811896e-06, 'epoch': 0.58}
{'eval_loss': 0.22372901439666748, 'eval_f1': 0.860824453479384, 'eval_roc_auc': 0.8919775245326724, 'eval_accuracy': 0.8565217391304348, 'eval_runtime': 162.3162, 'eval_samples_per_second': 42.51, 'eval_steps_per_second': 5.317, 'epoch': 1.0}
{'loss': 0.2646, 'learning_rate': 1.9227500965623793e-06, 'epoch': 1.16}
{'loss': 0.2184, 'learning_rate': 1.8841251448435688e-06, 'epoch': 1.74}
{'eval_loss': 0.1906561255455017, 'eval_f1': 0.8966276736676548, 'eval_roc_auc': 0.9267563789120074, 'eval_accuracy': 0.883768115942029, 'eval_runtime': 161.959, 'eval_samples_per_second': 42.603, 'eval_steps_per_second': 5.329, 'epoch': 2.0}
{'loss': 0.1968, 'learning_rate': 1.8455001931247585e-06, 'epoch': 2.32}
{'loss': 0.1924, 'learning_rate': 1.8068752414059483e-06, 'epoch': 2.9}
{'eval_loss': 0.16342411935329437, 'eval_f1': 0.9114185012315283, 'eval_roc_auc': 0.9351487432784057, 'eval_accuracy': 0.9002898550724637, 'eval_runtime': 162.2387, 'eval_samples_per_second': 42.53, 'eval_steps_per_second': 5.319, 'epoch': 3.0}
{'loss': 0.1888, 'learning_rate': 1.7682502896871378e-06, 'epoch': 3.48}
{'eval_loss': 0.15298356115818024, 'eval_f1': 0.9240115013197522, 'eval_roc_auc': 0.9415913103647431, 'eval_accuracy': 0.9146376811594202, 'eval_runtime': 161.9986, 'eval_samples_per_second': 42.593, 'eval_steps_per_second': 5.327, 'epoch': 4.0}
{'loss': 0.1619, 'learning_rate': 1.7296253379683275e-06, 'epoch': 4.06}
{'loss': 0.1628, 'learning_rate': 1.691000386249517e-06, 'epoch': 4.63}
{'eval_loss': 0.13068857789039612, 'eval_f1': 0.9357822662623122, 'eval_roc_auc': 0.9519331422039529, 'eval_accuracy': 0.9265217391304348, 'eval_runtime': 162.0161, 'eval_samples_per_second': 42.588, 'eval_steps_per_second': 5.327, 'epoch': 5.0}
{'loss': 0.1436, 'learning_rate': 1.6523754345307069e-06, 'epoch': 5.21}
{'loss': 0.1492, 'learning_rate': 1.6137504828118964e-06, 'epoch': 5.79}
{'eval_loss': 0.11491420865058899, 'eval_f1': 0.9458617369280587, 'eval_roc_auc': 0.9615734117101261, 'eval_accuracy': 0.9378260869565217, 'eval_runtime': 161.9071, 'eval_samples_per_second': 42.617, 'eval_steps_per_second': 5.33, 'epoch': 6.0}
{'loss': 0.1373, 'learning_rate': 1.5751255310930859e-06, 'epoch': 6.37}
{'loss': 0.1283, 'learning_rate': 1.5365005793742758e-06, 'epoch': 6.95}
{'eval_loss': 0.11158829182386398, 'eval_f1': 0.9501484197063069, 'eval_roc_auc': 0.9612821609420849, 'eval_accuracy': 0.9440579710144927, 'eval_runtime': 161.8966, 'eval_samples_per_second': 42.62, 'eval_steps_per_second': 5.331, 'epoch': 7.0}
{'loss': 0.1289, 'learning_rate': 1.4978756276554653e-06, 'epoch': 7.53}
{'eval_loss': 0.09298533201217651, 'eval_f1': 0.9601427367619855, 'eval_roc_auc': 0.9719138346492433, 'eval_accuracy': 0.9528985507246377, 'eval_runtime': 161.7998, 'eval_samples_per_second': 42.645, 'eval_steps_per_second': 5.334, 'epoch': 8.0}
{'loss': 0.1179, 'learning_rate': 1.459250675936655e-06, 'epoch': 8.11}
{'loss': 0.1116, 'learning_rate': 1.4206257242178447e-06, 'epoch': 8.69}
{'eval_loss': 0.08467405289411545, 'eval_f1': 0.9650524140775641, 'eval_roc_auc': 0.9741830673485362, 'eval_accuracy': 0.9595652173913043, 'eval_runtime': 162.0444, 'eval_samples_per_second': 42.581, 'eval_steps_per_second': 5.326, 'epoch': 9.0}
{'loss': 0.108, 'learning_rate': 1.3820007724990344e-06, 'epoch': 9.27}
{'loss': 0.0968, 'learning_rate': 1.343375820780224e-06, 'epoch': 9.85}
{'eval_loss': 0.07737879455089569, 'eval_f1': 0.9682305576731975, 'eval_roc_auc': 0.9752686634360224, 'eval_accuracy': 0.9640579710144928, 'eval_runtime': 161.6228, 'eval_samples_per_second': 42.692, 'eval_steps_per_second': 5.34, 'epoch': 10.0}
{'loss': 0.0928, 'learning_rate': 1.3047508690614134e-06, 'epoch': 10.43}
{'eval_loss': 0.05991513282060623, 'eval_f1': 0.9767389467710916, 'eval_roc_auc': 0.9824880345037048, 'eval_accuracy': 0.9730434782608696, 'eval_runtime': 162.065, 'eval_samples_per_second': 42.576, 'eval_steps_per_second': 5.325, 'epoch': 11.0}
{'loss': 0.0823, 'learning_rate': 1.2661259173426034e-06, 'epoch': 11.01}
{'loss': 0.0791, 'learning_rate': 1.2275009656237929e-06, 'epoch': 11.59}
{'eval_loss': 0.05057903006672859, 'eval_f1': 0.9813276842807266, 'eval_roc_auc': 0.9861178070278558, 'eval_accuracy': 0.9785507246376811, 'eval_runtime': 161.9002, 'eval_samples_per_second': 42.619, 'eval_steps_per_second': 5.33, 'epoch': 12.0}
{'loss': 0.085, 'learning_rate': 1.1888760139049826e-06, 'epoch': 12.17}
{'loss': 0.0785, 'learning_rate': 1.1502510621861723e-06, 'epoch': 12.75}
{'eval_loss': 0.0486278235912323, 'eval_f1': 0.9823709085616052, 'eval_roc_auc': 0.9868320031063282, 'eval_accuracy': 0.9797101449275363, 'eval_runtime': 161.9302, 'eval_samples_per_second': 42.611, 'eval_steps_per_second': 5.329, 'epoch': 13.0}
{'loss': 0.0664, 'learning_rate': 1.1116261104673618e-06, 'epoch': 13.33}
{'loss': 0.0619, 'learning_rate': 1.0730011587485515e-06, 'epoch': 13.9}
{'eval_loss': 0.047599129378795624, 'eval_f1': 0.9832770976503413, 'eval_roc_auc': 0.9873872241114389, 'eval_accuracy': 0.9805797101449275, 'eval_runtime': 161.8172, 'eval_samples_per_second': 42.641, 'eval_steps_per_second': 5.333, 'epoch': 14.0}
{'loss': 0.0568, 'learning_rate': 1.0343762070297412e-06, 'epoch': 14.48}
{'eval_loss': 0.03630951792001724, 'eval_f1': 0.9879125857525551, 'eval_roc_auc': 0.9905346060382304, 'eval_accuracy': 0.9860869565217392, 'eval_runtime': 162.0566, 'eval_samples_per_second': 42.578, 'eval_steps_per_second': 5.325, 'epoch': 15.0}
{'loss': 0.0667, 'learning_rate': 9.95751255310931e-07, 'epoch': 15.06}
{'loss': 0.0625, 'learning_rate': 9.571263035921204e-07, 'epoch': 15.64}
{'eval_loss': 0.03638794645667076, 'eval_f1': 0.9888112049174618, 'eval_roc_auc': 0.9910355351846638, 'eval_accuracy': 0.9871014492753624, 'eval_runtime': 161.9555, 'eval_samples_per_second': 42.604, 'eval_steps_per_second': 5.329, 'epoch': 16.0}
{'loss': 0.0489, 'learning_rate': 9.185013518733101e-07, 'epoch': 16.22}
{'loss': 0.0569, 'learning_rate': 8.798764001544998e-07, 'epoch': 16.8}
{'eval_loss': 0.032860442996025085, 'eval_f1': 0.9901917797183243, 'eval_roc_auc': 0.9923092498314878, 'eval_accuracy': 0.9885507246376811, 'eval_runtime': 162.1036, 'eval_samples_per_second': 42.565, 'eval_steps_per_second': 5.324, 'epoch': 17.0}
{'loss': 0.0404, 'learning_rate': 8.412514484356895e-07, 'epoch': 17.38}
{'loss': 0.0542, 'learning_rate': 8.026264967168791e-07, 'epoch': 17.96}
{'eval_loss': 0.029619118198752403, 'eval_f1': 0.9907597466742034, 'eval_roc_auc': 0.9927574519938475, 'eval_accuracy': 0.9891304347826086, 'eval_runtime': 162.079, 'eval_samples_per_second': 42.572, 'eval_steps_per_second': 5.325, 'epoch': 18.0}
{'loss': 0.0446, 'learning_rate': 7.640015449980687e-07, 'epoch': 18.54}
{'eval_loss': 0.027385571971535683, 'eval_f1': 0.9915375185996427, 'eval_roc_auc': 0.9929656834759202, 'eval_accuracy': 0.9901449275362318, 'eval_runtime': 161.9875, 'eval_samples_per_second': 42.596, 'eval_steps_per_second': 5.328, 'epoch': 19.0}
{'loss': 0.0418, 'learning_rate': 7.253765932792584e-07, 'epoch': 19.12}
{'loss': 0.0436, 'learning_rate': 6.867516415604481e-07, 'epoch': 19.7}
{'eval_loss': 0.026528488844633102, 'eval_f1': 0.9920075930164587, 'eval_roc_auc': 0.9934790520170892, 'eval_accuracy': 0.9908695652173913, 'eval_runtime': 162.0153, 'eval_samples_per_second': 42.589, 'eval_steps_per_second': 5.327, 'epoch': 20.0}
{'loss': 0.0326, 'learning_rate': 6.481266898416377e-07, 'epoch': 20.28}
{'loss': 0.0346, 'learning_rate': 6.095017381228273e-07, 'epoch': 20.86}
{'eval_loss': 0.023662665858864784, 'eval_f1': 0.9929244337310302, 'eval_roc_auc': 0.9942725652191651, 'eval_accuracy': 0.9920289855072464, 'eval_runtime': 162.0645, 'eval_samples_per_second': 42.576, 'eval_steps_per_second': 5.325, 'epoch': 21.0}
{'loss': 0.0432, 'learning_rate': 5.708767864040169e-07, 'epoch': 21.44}
{'eval_loss': 0.022556791082024574, 'eval_f1': 0.9929198475913276, 'eval_roc_auc': 0.9942434122341323, 'eval_accuracy': 0.9920289855072464, 'eval_runtime': 162.1327, 'eval_samples_per_second': 42.558, 'eval_steps_per_second': 5.323, 'epoch': 22.0}
{'loss': 0.0263, 'learning_rate': 5.322518346852066e-07, 'epoch': 22.02}
{'loss': 0.0333, 'learning_rate': 4.936268829663962e-07, 'epoch': 22.6}
{'eval_loss': 0.022648794576525688, 'eval_f1': 0.9928121933965907, 'eval_roc_auc': 0.9942754115165203, 'eval_accuracy': 0.9918840579710145, 'eval_runtime': 162.0232, 'eval_samples_per_second': 42.586, 'eval_steps_per_second': 5.326, 'epoch': 23.0}
{'loss': 0.037, 'learning_rate': 4.550019312475859e-07, 'epoch': 23.17}
{'loss': 0.0234, 'learning_rate': 4.163769795287756e-07, 'epoch': 23.75}
{'eval_loss': 0.019098294898867607, 'eval_f1': 0.993845909036206, 'eval_roc_auc': 0.9951203702799181, 'eval_accuracy': 0.9928985507246377, 'eval_runtime': 161.9336, 'eval_samples_per_second': 42.61, 'eval_steps_per_second': 5.329, 'epoch': 24.0}
{'loss': 0.0312, 'learning_rate': 3.7775202780996525e-07, 'epoch': 24.33}
{'loss': 0.0302, 'learning_rate': 3.3912707609115485e-07, 'epoch': 24.91}
{'eval_loss': 0.01921839825809002, 'eval_f1': 0.9947544723493995, 'eval_roc_auc': 0.9958384668610605, 'eval_accuracy': 0.9940579710144928, 'eval_runtime': 162.0326, 'eval_samples_per_second': 42.584, 'eval_steps_per_second': 5.326, 'epoch': 25.0}
{'loss': 0.0268, 'learning_rate': 3.005021243723445e-07, 'epoch': 25.49}
{'eval_loss': 0.017595414072275162, 'eval_f1': 0.9947493385685309, 'eval_roc_auc': 0.9956967160472849, 'eval_accuracy': 0.9940579710144928, 'eval_runtime': 161.8354, 'eval_samples_per_second': 42.636, 'eval_steps_per_second': 5.333, 'epoch': 26.0}
{'loss': 0.0319, 'learning_rate': 2.6187717265353417e-07, 'epoch': 26.07}
{'loss': 0.0313, 'learning_rate': 2.2325222093472383e-07, 'epoch': 26.65}
{'eval_loss': 0.017696009948849678, 'eval_f1': 0.9946381228748531, 'eval_roc_auc': 0.9956412563745747, 'eval_accuracy': 0.9939130434782608, 'eval_runtime': 161.9755, 'eval_samples_per_second': 42.599, 'eval_steps_per_second': 5.328, 'epoch': 27.0}
{'loss': 0.025, 'learning_rate': 1.846272692159135e-07, 'epoch': 27.23}
{'loss': 0.0264, 'learning_rate': 1.4600231749710312e-07, 'epoch': 27.81}
{'eval_loss': 0.01678488217294216, 'eval_f1': 0.9950937827907312, 'eval_roc_auc': 0.99600885999058, 'eval_accuracy': 0.9944927536231885, 'eval_runtime': 161.5102, 'eval_samples_per_second': 42.722, 'eval_steps_per_second': 5.343, 'epoch': 28.0}
{'loss': 0.02, 'learning_rate': 1.0737736577829278e-07, 'epoch': 28.39}
{'loss': 0.0306, 'learning_rate': 6.875241405948242e-08, 'epoch': 28.97}
{'eval_loss': 0.01607363112270832, 'eval_f1': 0.9950937827907312, 'eval_roc_auc': 0.99600885999058, 'eval_accuracy': 0.9944927536231885, 'eval_runtime': 161.5329, 'eval_samples_per_second': 42.716, 'eval_steps_per_second': 5.343, 'epoch': 29.0}
{'loss': 0.023, 'learning_rate': 3.0127462340672076e-08, 'epoch': 29.55}
{'eval_loss': 0.01649393141269684, 'eval_f1': 0.9950937827907312, 'eval_roc_auc': 0.99600885999058, 'eval_accuracy': 0.9944927536231885, 'eval_runtime': 161.8234, 'eval_samples_per_second': 42.639, 'eval_steps_per_second': 5.333, 'epoch': 30.0}
{'train_runtime': 16272.8349, 'train_samples_per_second': 12.721, 'train_steps_per_second': 1.591, 'train_loss': 0.0888017770082806, 'epoch': 30.0}
