Model Name: AIMH/mental-bert-base-cased
Text Column: text
Max Length: 512
Batch Size: 4
Learning Rate: 2e-05
Number of Epochs: 30
Metric Name: eval_loss
Random State: 3
{'loss': 0.3812, 'learning_rate': 1.9806763285024154e-05, 'epoch': 0.29}
{'loss': 0.282, 'learning_rate': 1.961352657004831e-05, 'epoch': 0.58}
{'loss': 0.2907, 'learning_rate': 1.9420289855072467e-05, 'epoch': 0.87}
{'eval_loss': 0.18452753126621246, 'eval_f1': 0.9001251963765917, 'eval_roc_auc': 0.9224516199457652, 'eval_accuracy': 0.8928985507246376, 'eval_runtime': 61.3537, 'eval_samples_per_second': 112.463, 'eval_steps_per_second': 28.116, 'epoch': 1.0}
{'loss': 0.2359, 'learning_rate': 1.922705314009662e-05, 'epoch': 1.16}
{'loss': 0.2259, 'learning_rate': 1.9033816425120775e-05, 'epoch': 1.45}
{'loss': 0.2071, 'learning_rate': 1.8840579710144928e-05, 'epoch': 1.74}
{'eval_loss': 0.11717767268419266, 'eval_f1': 0.949208759194548, 'eval_roc_auc': 0.9598085359868744, 'eval_accuracy': 0.942463768115942, 'eval_runtime': 61.3554, 'eval_samples_per_second': 112.459, 'eval_steps_per_second': 28.115, 'epoch': 2.0}
{'loss': 0.2005, 'learning_rate': 1.8647342995169084e-05, 'epoch': 2.03}
{'loss': 0.1318, 'learning_rate': 1.8454106280193237e-05, 'epoch': 2.32}
{'loss': 0.1506, 'learning_rate': 1.8260869565217393e-05, 'epoch': 2.61}
{'loss': 0.146, 'learning_rate': 1.806763285024155e-05, 'epoch': 2.9}
{'eval_loss': 0.0726742371916771, 'eval_f1': 0.96911233934652, 'eval_roc_auc': 0.979089821245117, 'eval_accuracy': 0.9634782608695652, 'eval_runtime': 61.2618, 'eval_samples_per_second': 112.631, 'eval_steps_per_second': 28.158, 'epoch': 3.0}
{'loss': 0.1173, 'learning_rate': 1.7874396135265702e-05, 'epoch': 3.19}
{'loss': 0.1028, 'learning_rate': 1.7681159420289858e-05, 'epoch': 3.48}
{'loss': 0.0874, 'learning_rate': 1.748792270531401e-05, 'epoch': 3.77}
{'eval_loss': 0.05543790012598038, 'eval_f1': 0.9826243565890349, 'eval_roc_auc': 0.9868795481649805, 'eval_accuracy': 0.9797101449275363, 'eval_runtime': 61.2817, 'eval_samples_per_second': 112.595, 'eval_steps_per_second': 28.149, 'epoch': 4.0}
{'loss': 0.0845, 'learning_rate': 1.7294685990338163e-05, 'epoch': 4.06}
{'loss': 0.0562, 'learning_rate': 1.710144927536232e-05, 'epoch': 4.35}
{'loss': 0.0931, 'learning_rate': 1.6908212560386476e-05, 'epoch': 4.64}
{'loss': 0.088, 'learning_rate': 1.6714975845410632e-05, 'epoch': 4.93}
{'eval_loss': 0.03474906086921692, 'eval_f1': 0.9890911742241555, 'eval_roc_auc': 0.9904760494830486, 'eval_accuracy': 0.9873913043478261, 'eval_runtime': 61.3051, 'eval_samples_per_second': 112.552, 'eval_steps_per_second': 28.138, 'epoch': 5.0}
{'loss': 0.0374, 'learning_rate': 1.6521739130434785e-05, 'epoch': 5.22}
{'loss': 0.0438, 'learning_rate': 1.6328502415458937e-05, 'epoch': 5.51}
{'loss': 0.0666, 'learning_rate': 1.6135265700483093e-05, 'epoch': 5.8}
{'eval_loss': 0.01970815099775791, 'eval_f1': 0.9940821388089823, 'eval_roc_auc': 0.9956856950516986, 'eval_accuracy': 0.9927536231884058, 'eval_runtime': 61.3285, 'eval_samples_per_second': 112.509, 'eval_steps_per_second': 28.127, 'epoch': 6.0}
{'loss': 0.0406, 'learning_rate': 1.5942028985507246e-05, 'epoch': 6.09}
{'loss': 0.0435, 'learning_rate': 1.5748792270531402e-05, 'epoch': 6.38}
{'loss': 0.0299, 'learning_rate': 1.555555555555556e-05, 'epoch': 6.67}
{'loss': 0.0519, 'learning_rate': 1.536231884057971e-05, 'epoch': 6.96}
{'eval_loss': 0.01236459705978632, 'eval_f1': 0.9955549778841362, 'eval_roc_auc': 0.9966016592640708, 'eval_accuracy': 0.9947826086956522, 'eval_runtime': 61.2758, 'eval_samples_per_second': 112.606, 'eval_steps_per_second': 28.151, 'epoch': 7.0}
{'loss': 0.0343, 'learning_rate': 1.5169082125603867e-05, 'epoch': 7.25}
{'loss': 0.038, 'learning_rate': 1.497584541062802e-05, 'epoch': 7.54}
{'loss': 0.0212, 'learning_rate': 1.4782608695652174e-05, 'epoch': 7.83}
{'eval_loss': 0.014256374910473824, 'eval_f1': 0.9960025443821635, 'eval_roc_auc': 0.996297690019007, 'eval_accuracy': 0.995072463768116, 'eval_runtime': 61.2917, 'eval_samples_per_second': 112.576, 'eval_steps_per_second': 28.144, 'epoch': 8.0}
{'loss': 0.0274, 'learning_rate': 1.458937198067633e-05, 'epoch': 8.12}
{'loss': 0.0135, 'learning_rate': 1.4396135265700483e-05, 'epoch': 8.41}
{'loss': 0.0303, 'learning_rate': 1.420289855072464e-05, 'epoch': 8.7}
{'loss': 0.0175, 'learning_rate': 1.4009661835748794e-05, 'epoch': 8.99}
{'eval_loss': 0.007004978135228157, 'eval_f1': 0.9978387136310923, 'eval_roc_auc': 0.9984265808046171, 'eval_accuracy': 0.9973913043478261, 'eval_runtime': 61.2565, 'eval_samples_per_second': 112.641, 'eval_steps_per_second': 28.16, 'epoch': 9.0}
{'loss': 0.0107, 'learning_rate': 1.3816425120772946e-05, 'epoch': 9.28}
{'loss': 0.0239, 'learning_rate': 1.3623188405797103e-05, 'epoch': 9.57}
{'loss': 0.0251, 'learning_rate': 1.3429951690821257e-05, 'epoch': 9.86}
{'eval_loss': 0.008316613733768463, 'eval_f1': 0.9980685657223853, 'eval_roc_auc': 0.9985827095806237, 'eval_accuracy': 0.9976811594202899, 'eval_runtime': 61.2669, 'eval_samples_per_second': 112.622, 'eval_steps_per_second': 28.155, 'epoch': 10.0}
{'loss': 0.0175, 'learning_rate': 1.3236714975845413e-05, 'epoch': 10.14}
{'loss': 0.0122, 'learning_rate': 1.3043478260869566e-05, 'epoch': 10.43}
{'loss': 0.0112, 'learning_rate': 1.285024154589372e-05, 'epoch': 10.72}
{'eval_loss': 0.00447001401335001, 'eval_f1': 0.9988612393752382, 'eval_roc_auc': 0.9989789555123724, 'eval_accuracy': 0.998840579710145, 'eval_runtime': 61.302, 'eval_samples_per_second': 112.557, 'eval_steps_per_second': 28.139, 'epoch': 11.0}
{'loss': 0.0151, 'learning_rate': 1.2657004830917876e-05, 'epoch': 11.01}
{'loss': 0.0177, 'learning_rate': 1.2463768115942029e-05, 'epoch': 11.3}
{'loss': 0.014, 'learning_rate': 1.2270531400966183e-05, 'epoch': 11.59}
{'loss': 0.025, 'learning_rate': 1.207729468599034e-05, 'epoch': 11.88}
{'eval_loss': 0.004266918171197176, 'eval_f1': 0.9987486745539284, 'eval_roc_auc': 0.9990863714156939, 'eval_accuracy': 0.9984057971014493, 'eval_runtime': 61.2994, 'eval_samples_per_second': 112.562, 'eval_steps_per_second': 28.141, 'epoch': 12.0}
{'loss': 0.0073, 'learning_rate': 1.1884057971014494e-05, 'epoch': 12.17}
{'loss': 0.0163, 'learning_rate': 1.1690821256038648e-05, 'epoch': 12.46}
{'loss': 0.0237, 'learning_rate': 1.1497584541062803e-05, 'epoch': 12.75}
{'eval_loss': 0.003991297446191311, 'eval_f1': 0.998859200874927, 'eval_roc_auc': 0.9989457884159513, 'eval_accuracy': 0.9985507246376811, 'eval_runtime': 61.3207, 'eval_samples_per_second': 112.523, 'eval_steps_per_second': 28.131, 'epoch': 13.0}
{'loss': 0.0146, 'learning_rate': 1.1304347826086957e-05, 'epoch': 13.04}
{'loss': 0.005, 'learning_rate': 1.1111111111111113e-05, 'epoch': 13.33}
{'loss': 0.0053, 'learning_rate': 1.0917874396135266e-05, 'epoch': 13.62}
{'loss': 0.0126, 'learning_rate': 1.0724637681159422e-05, 'epoch': 13.91}
{'eval_loss': 0.0016926951939240098, 'eval_f1': 0.9996590552872847, 'eval_roc_auc': 0.9999090376028027, 'eval_accuracy': 0.9995652173913043, 'eval_runtime': 61.3374, 'eval_samples_per_second': 112.493, 'eval_steps_per_second': 28.123, 'epoch': 14.0}
{'loss': 0.0105, 'learning_rate': 1.0531400966183577e-05, 'epoch': 14.2}
{'loss': 0.0052, 'learning_rate': 1.033816425120773e-05, 'epoch': 14.49}
{'loss': 0.014, 'learning_rate': 1.0144927536231885e-05, 'epoch': 14.78}
{'eval_loss': 0.0037817955017089844, 'eval_f1': 0.9992044403112997, 'eval_roc_auc': 0.9996248788305075, 'eval_accuracy': 0.9989855072463768, 'eval_runtime': 61.2006, 'eval_samples_per_second': 112.744, 'eval_steps_per_second': 28.186, 'epoch': 15.0}
{'loss': 0.0077, 'learning_rate': 9.95169082125604e-06, 'epoch': 15.07}
{'loss': 0.0143, 'learning_rate': 9.758454106280194e-06, 'epoch': 15.36}
{'loss': 0.0119, 'learning_rate': 9.565217391304349e-06, 'epoch': 15.65}
{'loss': 0.0018, 'learning_rate': 9.371980676328503e-06, 'epoch': 15.94}
{'eval_loss': 0.010553975589573383, 'eval_f1': 0.9971330864705877, 'eval_roc_auc': 0.997155858930603, 'eval_accuracy': 0.9965217391304347, 'eval_runtime': 61.248, 'eval_samples_per_second': 112.657, 'eval_steps_per_second': 28.164, 'epoch': 16.0}
{'loss': 0.0138, 'learning_rate': 9.178743961352658e-06, 'epoch': 16.23}
{'loss': 0.0036, 'learning_rate': 8.985507246376812e-06, 'epoch': 16.52}
{'loss': 0.0068, 'learning_rate': 8.792270531400966e-06, 'epoch': 16.81}
{'eval_loss': 0.0020962595008313656, 'eval_f1': 0.999545246469692, 'eval_roc_auc': 0.9996615493690276, 'eval_accuracy': 0.9994202898550725, 'eval_runtime': 61.2661, 'eval_samples_per_second': 112.623, 'eval_steps_per_second': 28.156, 'epoch': 17.0}
{'train_runtime': 4466.2836, 'train_samples_per_second': 46.347, 'train_steps_per_second': 11.587, 'train_loss': 0.06365074513208531, 'epoch': 17.0}
