Model Name: AIMH/mental-longformer-base-4096
Text Column: text
Max Length: 1024
Batch Size: 4
Learning Rate: 2e-05
Number of Epochs: 30
Metric Name: eval_loss
Random State: 2
{'loss': 0.3789, 'learning_rate': 1.9806763285024154e-05, 'epoch': 0.29}
{'loss': 0.2732, 'learning_rate': 1.961352657004831e-05, 'epoch': 0.58}
{'loss': 0.2997, 'learning_rate': 1.9420289855072467e-05, 'epoch': 0.87}
{'eval_loss': 0.21065375208854675, 'eval_f1': 0.8972603637469548, 'eval_roc_auc': 0.921541240228838, 'eval_accuracy': 0.8885507246376811, 'eval_runtime': 232.447, 'eval_samples_per_second': 29.684, 'eval_steps_per_second': 7.421, 'epoch': 1.0}
{'loss': 0.2486, 'learning_rate': 1.922705314009662e-05, 'epoch': 1.16}
{'loss': 0.2175, 'learning_rate': 1.9033816425120775e-05, 'epoch': 1.45}
{'loss': 0.2041, 'learning_rate': 1.8840579710144928e-05, 'epoch': 1.74}
{'eval_loss': 0.14204499125480652, 'eval_f1': 0.9399140565792821, 'eval_roc_auc': 0.9521364379761541, 'eval_accuracy': 0.9346376811594203, 'eval_runtime': 231.0734, 'eval_samples_per_second': 29.861, 'eval_steps_per_second': 7.465, 'epoch': 2.0}
{'loss': 0.2175, 'learning_rate': 1.8647342995169084e-05, 'epoch': 2.03}
{'loss': 0.1619, 'learning_rate': 1.8454106280193237e-05, 'epoch': 2.32}
{'loss': 0.148, 'learning_rate': 1.8260869565217393e-05, 'epoch': 2.61}
{'loss': 0.1718, 'learning_rate': 1.806763285024155e-05, 'epoch': 2.9}
{'eval_loss': 0.07728487253189087, 'eval_f1': 0.968799878336898, 'eval_roc_auc': 0.9790983601371827, 'eval_accuracy': 0.9633333333333334, 'eval_runtime': 231.0112, 'eval_samples_per_second': 29.869, 'eval_steps_per_second': 7.467, 'epoch': 3.0}
{'loss': 0.1398, 'learning_rate': 1.7874396135265702e-05, 'epoch': 3.19}
{'loss': 0.1046, 'learning_rate': 1.7681159420289858e-05, 'epoch': 3.48}
{'loss': 0.1039, 'learning_rate': 1.748792270531401e-05, 'epoch': 3.77}
{'eval_loss': 0.050636712461709976, 'eval_f1': 0.9823408849915226, 'eval_roc_auc': 0.9865193484937442, 'eval_accuracy': 0.9791304347826087, 'eval_runtime': 230.605, 'eval_samples_per_second': 29.921, 'eval_steps_per_second': 7.48, 'epoch': 4.0}
{'loss': 0.0998, 'learning_rate': 1.7294685990338163e-05, 'epoch': 4.06}
{'loss': 0.0628, 'learning_rate': 1.710144927536232e-05, 'epoch': 4.35}
{'loss': 0.0819, 'learning_rate': 1.6908212560386476e-05, 'epoch': 4.64}
{'loss': 0.0867, 'learning_rate': 1.6714975845410632e-05, 'epoch': 4.93}
{'eval_loss': 0.03305157646536827, 'eval_f1': 0.9900631384815886, 'eval_roc_auc': 0.9918707872419628, 'eval_accuracy': 0.9878260869565217, 'eval_runtime': 231.0346, 'eval_samples_per_second': 29.866, 'eval_steps_per_second': 7.466, 'epoch': 5.0}
{'loss': 0.0505, 'learning_rate': 1.6521739130434785e-05, 'epoch': 5.22}
{'loss': 0.047, 'learning_rate': 1.6328502415458937e-05, 'epoch': 5.51}
{'loss': 0.0573, 'learning_rate': 1.6135265700483093e-05, 'epoch': 5.8}
{'eval_loss': 0.024177495390176773, 'eval_f1': 0.9925863352489217, 'eval_roc_auc': 0.9940569626590597, 'eval_accuracy': 0.9908695652173913, 'eval_runtime': 231.0387, 'eval_samples_per_second': 29.865, 'eval_steps_per_second': 7.466, 'epoch': 6.0}
{'loss': 0.0477, 'learning_rate': 1.5942028985507246e-05, 'epoch': 6.09}
{'loss': 0.0572, 'learning_rate': 1.5748792270531402e-05, 'epoch': 6.38}
{'loss': 0.0526, 'learning_rate': 1.555555555555556e-05, 'epoch': 6.67}
{'loss': 0.0467, 'learning_rate': 1.536231884057971e-05, 'epoch': 6.96}
{'eval_loss': 0.018941376358270645, 'eval_f1': 0.9945461791009578, 'eval_roc_auc': 0.9961739247192232, 'eval_accuracy': 0.9931884057971014, 'eval_runtime': 230.5993, 'eval_samples_per_second': 29.922, 'eval_steps_per_second': 7.481, 'epoch': 7.0}
{'loss': 0.0404, 'learning_rate': 1.5169082125603867e-05, 'epoch': 7.25}
{'loss': 0.0392, 'learning_rate': 1.497584541062802e-05, 'epoch': 7.54}
{'loss': 0.041, 'learning_rate': 1.4782608695652174e-05, 'epoch': 7.83}
{'eval_loss': 0.03723621368408203, 'eval_f1': 0.9897133956964379, 'eval_roc_auc': 0.9937149990869316, 'eval_accuracy': 0.9869565217391304, 'eval_runtime': 230.913, 'eval_samples_per_second': 29.881, 'eval_steps_per_second': 7.47, 'epoch': 8.0}
{'loss': 0.0237, 'learning_rate': 1.458937198067633e-05, 'epoch': 8.12}
{'loss': 0.0321, 'learning_rate': 1.4396135265700483e-05, 'epoch': 8.41}
{'loss': 0.0309, 'learning_rate': 1.420289855072464e-05, 'epoch': 8.7}
{'loss': 0.0444, 'learning_rate': 1.4009661835748794e-05, 'epoch': 8.99}
{'eval_loss': 0.011319873854517937, 'eval_f1': 0.9966966032253581, 'eval_roc_auc': 0.9970717569421493, 'eval_accuracy': 0.9957971014492754, 'eval_runtime': 230.8592, 'eval_samples_per_second': 29.888, 'eval_steps_per_second': 7.472, 'epoch': 9.0}
{'loss': 0.0299, 'learning_rate': 1.3816425120772946e-05, 'epoch': 9.28}
{'loss': 0.0252, 'learning_rate': 1.3623188405797103e-05, 'epoch': 9.57}
{'loss': 0.0427, 'learning_rate': 1.3429951690821257e-05, 'epoch': 9.86}
{'eval_loss': 0.012793047353625298, 'eval_f1': 0.9963470349517783, 'eval_roc_auc': 0.9963886524162044, 'eval_accuracy': 0.9953623188405797, 'eval_runtime': 230.8946, 'eval_samples_per_second': 29.884, 'eval_steps_per_second': 7.471, 'epoch': 10.0}
{'loss': 0.0184, 'learning_rate': 1.3236714975845413e-05, 'epoch': 10.14}
{'loss': 0.0168, 'learning_rate': 1.3043478260869566e-05, 'epoch': 10.43}
{'loss': 0.0292, 'learning_rate': 1.285024154589372e-05, 'epoch': 10.72}
{'eval_loss': 0.0130422692745924, 'eval_f1': 0.9962273207409457, 'eval_roc_auc': 0.9965875413860127, 'eval_accuracy': 0.9955072463768115, 'eval_runtime': 230.7606, 'eval_samples_per_second': 29.901, 'eval_steps_per_second': 7.475, 'epoch': 11.0}
{'loss': 0.0215, 'learning_rate': 1.2657004830917876e-05, 'epoch': 11.01}
{'loss': 0.0172, 'learning_rate': 1.2463768115942029e-05, 'epoch': 11.3}
{'loss': 0.0242, 'learning_rate': 1.2270531400966183e-05, 'epoch': 11.59}
{'loss': 0.017, 'learning_rate': 1.207729468599034e-05, 'epoch': 11.88}
{'eval_loss': 0.0035849749110639095, 'eval_f1': 0.9993175627374847, 'eval_roc_auc': 0.9995426018008303, 'eval_accuracy': 0.9991304347826087, 'eval_runtime': 230.6582, 'eval_samples_per_second': 29.914, 'eval_steps_per_second': 7.479, 'epoch': 12.0}
{'loss': 0.0162, 'learning_rate': 1.1884057971014494e-05, 'epoch': 12.17}
{'loss': 0.0032, 'learning_rate': 1.1690821256038648e-05, 'epoch': 12.46}
{'loss': 0.0114, 'learning_rate': 1.1497584541062803e-05, 'epoch': 12.75}
{'eval_loss': 0.0036332965828478336, 'eval_f1': 0.9990901838985885, 'eval_roc_auc': 0.9993733764853443, 'eval_accuracy': 0.998840579710145, 'eval_runtime': 230.8203, 'eval_samples_per_second': 29.893, 'eval_steps_per_second': 7.473, 'epoch': 13.0}
{'loss': 0.0259, 'learning_rate': 1.1304347826086957e-05, 'epoch': 13.04}
{'loss': 0.021, 'learning_rate': 1.1111111111111113e-05, 'epoch': 13.33}
{'loss': 0.0265, 'learning_rate': 1.0917874396135266e-05, 'epoch': 13.62}
{'loss': 0.008, 'learning_rate': 1.0724637681159422e-05, 'epoch': 13.91}
{'eval_loss': 0.006133920978754759, 'eval_f1': 0.9981897236897471, 'eval_roc_auc': 0.999514867214947, 'eval_accuracy': 0.9976811594202899, 'eval_runtime': 230.2356, 'eval_samples_per_second': 29.969, 'eval_steps_per_second': 7.492, 'epoch': 14.0}
{'loss': 0.0127, 'learning_rate': 1.0531400966183577e-05, 'epoch': 14.2}
{'loss': 0.0115, 'learning_rate': 1.033816425120773e-05, 'epoch': 14.49}
{'loss': 0.0201, 'learning_rate': 1.0144927536231885e-05, 'epoch': 14.78}
{'eval_loss': 0.006173804868012667, 'eval_f1': 0.99795909935809, 'eval_roc_auc': 0.9991536133383961, 'eval_accuracy': 0.9973913043478261, 'eval_runtime': 230.6474, 'eval_samples_per_second': 29.916, 'eval_steps_per_second': 7.479, 'epoch': 15.0}
{'train_runtime': 18706.5435, 'train_samples_per_second': 11.066, 'train_steps_per_second': 2.766, 'train_loss': 0.077828223168562, 'epoch': 15.0}
