Model Name: AIMH/mental-bert-base-cased
Text Column: text
Max Length: 512
Batch Size: 32
Learning Rate: 2e-05
Number of Epochs: 30
Metric Name: eval_loss
Random State: 3
{'eval_loss': 0.2223997563123703, 'eval_f1': 0.8609212157587778, 'eval_roc_auc': 0.8903500747026719, 'eval_accuracy': 0.8615942028985507, 'eval_runtime': 52.9258, 'eval_samples_per_second': 130.371, 'eval_steps_per_second': 4.081, 'epoch': 1.0}
{'eval_loss': 0.13444770872592926, 'eval_f1': 0.9235420567926521, 'eval_roc_auc': 0.9430229842558037, 'eval_accuracy': 0.9147826086956522, 'eval_runtime': 53.0117, 'eval_samples_per_second': 130.16, 'eval_steps_per_second': 4.075, 'epoch': 2.0}
{'loss': 0.2269, 'learning_rate': 1.8456790123456792e-05, 'epoch': 2.31}
{'eval_loss': 0.06979165226221085, 'eval_f1': 0.9679111286091744, 'eval_roc_auc': 0.9778756939911099, 'eval_accuracy': 0.961304347826087, 'eval_runtime': 52.9885, 'eval_samples_per_second': 130.217, 'eval_steps_per_second': 4.076, 'epoch': 3.0}
{'eval_loss': 0.04755725711584091, 'eval_f1': 0.9797369277881932, 'eval_roc_auc': 0.9849554087870235, 'eval_accuracy': 0.9753623188405797, 'eval_runtime': 53.0548, 'eval_samples_per_second': 130.054, 'eval_steps_per_second': 4.071, 'epoch': 4.0}
{'loss': 0.0945, 'learning_rate': 1.6913580246913582e-05, 'epoch': 4.63}
{'eval_loss': 0.029031146317720413, 'eval_f1': 0.9890540873794911, 'eval_roc_auc': 0.9912841912324718, 'eval_accuracy': 0.9868115942028985, 'eval_runtime': 53.0283, 'eval_samples_per_second': 130.119, 'eval_steps_per_second': 4.073, 'epoch': 5.0}
{'eval_loss': 0.021976392716169357, 'eval_f1': 0.99039869159223, 'eval_roc_auc': 0.9916531091379646, 'eval_accuracy': 0.9882608695652174, 'eval_runtime': 53.0099, 'eval_samples_per_second': 130.164, 'eval_steps_per_second': 4.075, 'epoch': 6.0}
{'loss': 0.0383, 'learning_rate': 1.537037037037037e-05, 'epoch': 6.94}
{'eval_loss': 0.014726253226399422, 'eval_f1': 0.9940648274268381, 'eval_roc_auc': 0.9947386487858552, 'eval_accuracy': 0.9928985507246377, 'eval_runtime': 52.9832, 'eval_samples_per_second': 130.23, 'eval_steps_per_second': 4.077, 'epoch': 7.0}
{'eval_loss': 0.01268276572227478, 'eval_f1': 0.9953164380954854, 'eval_roc_auc': 0.9958985977899031, 'eval_accuracy': 0.9946376811594203, 'eval_runtime': 52.9957, 'eval_samples_per_second': 130.199, 'eval_steps_per_second': 4.076, 'epoch': 8.0}
{'eval_loss': 0.008653894066810608, 'eval_f1': 0.99692288786985, 'eval_roc_auc': 0.9972661211312798, 'eval_accuracy': 0.9965217391304347, 'eval_runtime': 53.0288, 'eval_samples_per_second': 130.118, 'eval_steps_per_second': 4.073, 'epoch': 9.0}
{'loss': 0.0177, 'learning_rate': 1.3827160493827162e-05, 'epoch': 9.26}
{'eval_loss': 0.005367399659007788, 'eval_f1': 0.998178826157585, 'eval_roc_auc': 0.9985466961868473, 'eval_accuracy': 0.9979710144927536, 'eval_runtime': 53.0, 'eval_samples_per_second': 130.189, 'eval_steps_per_second': 4.075, 'epoch': 10.0}
{'eval_loss': 0.005247233901172876, 'eval_f1': 0.9984055013952209, 'eval_roc_auc': 0.9985490318149132, 'eval_accuracy': 0.9981159420289855, 'eval_runtime': 52.9862, 'eval_samples_per_second': 130.222, 'eval_steps_per_second': 4.077, 'epoch': 11.0}
{'loss': 0.0104, 'learning_rate': 1.228395061728395e-05, 'epoch': 11.57}
{'eval_loss': 0.0026355732697993517, 'eval_f1': 0.9993164443916351, 'eval_roc_auc': 0.9993465591283776, 'eval_accuracy': 0.9992753623188406, 'eval_runtime': 52.9691, 'eval_samples_per_second': 130.265, 'eval_steps_per_second': 4.078, 'epoch': 12.0}
{'eval_loss': 0.0025579328648746014, 'eval_f1': 0.9989762830799831, 'eval_roc_auc': 0.9993139027012456, 'eval_accuracy': 0.998840579710145, 'eval_runtime': 52.9935, 'eval_samples_per_second': 130.205, 'eval_steps_per_second': 4.076, 'epoch': 13.0}
{'loss': 0.005, 'learning_rate': 1.0740740740740742e-05, 'epoch': 13.89}
{'eval_loss': 0.001453059958294034, 'eval_f1': 0.9995448402455245, 'eval_roc_auc': 0.9995740904139293, 'eval_accuracy': 0.9994202898550725, 'eval_runtime': 52.9667, 'eval_samples_per_second': 130.271, 'eval_steps_per_second': 4.078, 'epoch': 14.0}
{'eval_loss': 0.0006120945909060538, 'eval_f1': 0.9997725460008902, 'eval_roc_auc': 0.9998307746845139, 'eval_accuracy': 0.9997101449275362, 'eval_runtime': 52.9772, 'eval_samples_per_second': 130.245, 'eval_steps_per_second': 4.077, 'epoch': 15.0}
{'eval_loss': 0.00031816502450965345, 'eval_f1': 1.0, 'eval_roc_auc': 1.0, 'eval_accuracy': 1.0, 'eval_runtime': 52.9886, 'eval_samples_per_second': 130.217, 'eval_steps_per_second': 4.076, 'epoch': 16.0}
{'loss': 0.0023, 'learning_rate': 9.197530864197531e-06, 'epoch': 16.2}
{'eval_loss': 0.0002979530254378915, 'eval_f1': 0.9998862735192353, 'eval_roc_auc': 0.9999696792009343, 'eval_accuracy': 0.9998550724637681, 'eval_runtime': 53.0151, 'eval_samples_per_second': 130.152, 'eval_steps_per_second': 4.074, 'epoch': 17.0}
{'eval_loss': 0.0001913604501169175, 'eval_f1': 1.0, 'eval_roc_auc': 1.0, 'eval_accuracy': 1.0, 'eval_runtime': 52.9587, 'eval_samples_per_second': 130.29, 'eval_steps_per_second': 4.079, 'epoch': 18.0}
{'loss': 0.0013, 'learning_rate': 7.654320987654322e-06, 'epoch': 18.52}
{'eval_loss': 0.00015186610107775778, 'eval_f1': 1.0, 'eval_roc_auc': 1.0, 'eval_accuracy': 1.0, 'eval_runtime': 52.9508, 'eval_samples_per_second': 130.31, 'eval_steps_per_second': 4.079, 'epoch': 19.0}
{'eval_loss': 0.00013579134247265756, 'eval_f1': 1.0, 'eval_roc_auc': 1.0, 'eval_accuracy': 1.0, 'eval_runtime': 52.9655, 'eval_samples_per_second': 130.274, 'eval_steps_per_second': 4.078, 'epoch': 20.0}
{'loss': 0.0009, 'learning_rate': 6.111111111111112e-06, 'epoch': 20.83}
{'eval_loss': 0.0001231229689437896, 'eval_f1': 1.0, 'eval_roc_auc': 1.0, 'eval_accuracy': 1.0, 'eval_runtime': 52.9519, 'eval_samples_per_second': 130.307, 'eval_steps_per_second': 4.079, 'epoch': 21.0}
{'eval_loss': 0.00011377163900760934, 'eval_f1': 1.0, 'eval_roc_auc': 1.0, 'eval_accuracy': 1.0, 'eval_runtime': 52.987, 'eval_samples_per_second': 130.221, 'eval_steps_per_second': 4.076, 'epoch': 22.0}
{'eval_loss': 0.00010568892321316525, 'eval_f1': 1.0, 'eval_roc_auc': 1.0, 'eval_accuracy': 1.0, 'eval_runtime': 52.9844, 'eval_samples_per_second': 130.227, 'eval_steps_per_second': 4.077, 'epoch': 23.0}
{'loss': 0.0002, 'learning_rate': 4.567901234567902e-06, 'epoch': 23.15}
{'eval_loss': 9.858986595645547e-05, 'eval_f1': 1.0, 'eval_roc_auc': 1.0, 'eval_accuracy': 1.0, 'eval_runtime': 52.9747, 'eval_samples_per_second': 130.251, 'eval_steps_per_second': 4.077, 'epoch': 24.0}
{'eval_loss': 9.417993715032935e-05, 'eval_f1': 1.0, 'eval_roc_auc': 1.0, 'eval_accuracy': 1.0, 'eval_runtime': 52.9423, 'eval_samples_per_second': 130.331, 'eval_steps_per_second': 4.08, 'epoch': 25.0}
{'loss': 0.0005, 'learning_rate': 3.0246913580246917e-06, 'epoch': 25.46}
{'eval_loss': 8.885691204341128e-05, 'eval_f1': 1.0, 'eval_roc_auc': 1.0, 'eval_accuracy': 1.0, 'eval_runtime': 52.9581, 'eval_samples_per_second': 130.292, 'eval_steps_per_second': 4.079, 'epoch': 26.0}
{'eval_loss': 8.460682875011116e-05, 'eval_f1': 1.0, 'eval_roc_auc': 1.0, 'eval_accuracy': 1.0, 'eval_runtime': 52.9686, 'eval_samples_per_second': 130.266, 'eval_steps_per_second': 4.078, 'epoch': 27.0}
{'loss': 0.0003, 'learning_rate': 1.4814814814814815e-06, 'epoch': 27.78}
{'eval_loss': 8.213716500904411e-05, 'eval_f1': 1.0, 'eval_roc_auc': 1.0, 'eval_accuracy': 1.0, 'eval_runtime': 52.9831, 'eval_samples_per_second': 130.23, 'eval_steps_per_second': 4.077, 'epoch': 28.0}
{'eval_loss': 8.031064498936757e-05, 'eval_f1': 1.0, 'eval_roc_auc': 1.0, 'eval_accuracy': 1.0, 'eval_runtime': 52.9691, 'eval_samples_per_second': 130.265, 'eval_steps_per_second': 4.078, 'epoch': 29.0}
{'eval_loss': 7.974747859407216e-05, 'eval_f1': 1.0, 'eval_roc_auc': 1.0, 'eval_accuracy': 1.0, 'eval_runtime': 52.9842, 'eval_samples_per_second': 130.228, 'eval_steps_per_second': 4.077, 'epoch': 30.0}
{'train_runtime': 6221.9846, 'train_samples_per_second': 33.269, 'train_steps_per_second': 1.041, 'train_loss': 0.03074655723585575, 'epoch': 30.0}
