Model Name: AIMH/mental-bert-base-cased
Text Column: text
Max Length: 512
Batch Size: 16
Learning Rate: 2e-06
Number of Epochs: 30
Metric Name: eval_loss
Random State: 1
{'eval_loss': 0.3606410324573517, 'eval_f1': 0.6997615614140581, 'eval_roc_auc': 0.7897275764383681, 'eval_accuracy': 0.753768115942029, 'eval_runtime': 55.1649, 'eval_samples_per_second': 125.079, 'eval_steps_per_second': 7.831, 'epoch': 1.0}
{'loss': 0.4538, 'learning_rate': 1.9228395061728396e-06, 'epoch': 1.16}
{'eval_loss': 0.22418223321437836, 'eval_f1': 0.8687938358648064, 'eval_roc_auc': 0.9010096805760937, 'eval_accuracy': 0.8598550724637681, 'eval_runtime': 55.1887, 'eval_samples_per_second': 125.026, 'eval_steps_per_second': 7.828, 'epoch': 2.0}
{'loss': 0.2736, 'learning_rate': 1.8456790123456789e-06, 'epoch': 2.31}
{'eval_loss': 0.19720645248889923, 'eval_f1': 0.885327779581226, 'eval_roc_auc': 0.9154590605150973, 'eval_accuracy': 0.8731884057971014, 'eval_runtime': 55.1796, 'eval_samples_per_second': 125.046, 'eval_steps_per_second': 7.829, 'epoch': 3.0}
{'loss': 0.2161, 'learning_rate': 1.7685185185185186e-06, 'epoch': 3.47}
{'eval_loss': 0.17580726742744446, 'eval_f1': 0.9000594341746955, 'eval_roc_auc': 0.9258992119609144, 'eval_accuracy': 0.888840579710145, 'eval_runtime': 55.1848, 'eval_samples_per_second': 125.034, 'eval_steps_per_second': 7.828, 'epoch': 4.0}
{'loss': 0.1914, 'learning_rate': 1.6913580246913578e-06, 'epoch': 4.63}
{'eval_loss': 0.15964294970035553, 'eval_f1': 0.9099598596974743, 'eval_roc_auc': 0.9314510906849222, 'eval_accuracy': 0.9015942028985507, 'eval_runtime': 55.1866, 'eval_samples_per_second': 125.03, 'eval_steps_per_second': 7.828, 'epoch': 5.0}
{'loss': 0.1733, 'learning_rate': 1.6141975308641975e-06, 'epoch': 5.79}
{'eval_loss': 0.15481671690940857, 'eval_f1': 0.9155689220470112, 'eval_roc_auc': 0.9396839846971412, 'eval_accuracy': 0.9050724637681159, 'eval_runtime': 55.1855, 'eval_samples_per_second': 125.033, 'eval_steps_per_second': 7.828, 'epoch': 6.0}
{'loss': 0.161, 'learning_rate': 1.537037037037037e-06, 'epoch': 6.94}
{'eval_loss': 0.14204451441764832, 'eval_f1': 0.923028028819359, 'eval_roc_auc': 0.9408580088334919, 'eval_accuracy': 0.9168115942028986, 'eval_runtime': 55.1771, 'eval_samples_per_second': 125.052, 'eval_steps_per_second': 7.829, 'epoch': 7.0}
{'eval_loss': 0.1280101090669632, 'eval_f1': 0.9342211444647179, 'eval_roc_auc': 0.9544071785557107, 'eval_accuracy': 0.9227536231884058, 'eval_runtime': 55.1386, 'eval_samples_per_second': 125.139, 'eval_steps_per_second': 7.835, 'epoch': 8.0}
{'loss': 0.1477, 'learning_rate': 1.4598765432098765e-06, 'epoch': 8.1}
{'eval_loss': 0.11599119007587433, 'eval_f1': 0.9427019707327935, 'eval_roc_auc': 0.9581382963260154, 'eval_accuracy': 0.9344927536231884, 'eval_runtime': 55.1932, 'eval_samples_per_second': 125.015, 'eval_steps_per_second': 7.827, 'epoch': 9.0}
{'loss': 0.1364, 'learning_rate': 1.382716049382716e-06, 'epoch': 9.26}
{'eval_loss': 0.11626222729682922, 'eval_f1': 0.9410454956812158, 'eval_roc_auc': 0.9567046331424971, 'eval_accuracy': 0.9333333333333333, 'eval_runtime': 55.1388, 'eval_samples_per_second': 125.139, 'eval_steps_per_second': 7.835, 'epoch': 10.0}
{'loss': 0.1289, 'learning_rate': 1.3055555555555554e-06, 'epoch': 10.42}
{'eval_loss': 0.10732678323984146, 'eval_f1': 0.9470547200240034, 'eval_roc_auc': 0.9603691471367295, 'eval_accuracy': 0.9401449275362319, 'eval_runtime': 55.0915, 'eval_samples_per_second': 125.246, 'eval_steps_per_second': 7.841, 'epoch': 11.0}
{'loss': 0.117, 'learning_rate': 1.228395061728395e-06, 'epoch': 11.57}
{'eval_loss': 0.0944373831152916, 'eval_f1': 0.9552172542372324, 'eval_roc_auc': 0.9654412448442397, 'eval_accuracy': 0.9494202898550724, 'eval_runtime': 55.0958, 'eval_samples_per_second': 125.236, 'eval_steps_per_second': 7.841, 'epoch': 12.0}
{'loss': 0.1116, 'learning_rate': 1.1512345679012346e-06, 'epoch': 12.73}
{'eval_loss': 0.08655324578285217, 'eval_f1': 0.961288150225905, 'eval_roc_auc': 0.9722433493275789, 'eval_accuracy': 0.9557971014492753, 'eval_runtime': 55.0947, 'eval_samples_per_second': 125.239, 'eval_steps_per_second': 7.841, 'epoch': 13.0}
{'loss': 0.1035, 'learning_rate': 1.074074074074074e-06, 'epoch': 13.89}
{'eval_loss': 0.0801604688167572, 'eval_f1': 0.9662391710419933, 'eval_roc_auc': 0.9757480846282514, 'eval_accuracy': 0.9618840579710145, 'eval_runtime': 55.0754, 'eval_samples_per_second': 125.283, 'eval_steps_per_second': 7.844, 'epoch': 14.0}
{'eval_loss': 0.07627033442258835, 'eval_f1': 0.9694895475684517, 'eval_roc_auc': 0.9782561435614785, 'eval_accuracy': 0.9656521739130435, 'eval_runtime': 55.0813, 'eval_samples_per_second': 125.269, 'eval_steps_per_second': 7.843, 'epoch': 15.0}
{'loss': 0.0922, 'learning_rate': 9.969135802469136e-07, 'epoch': 15.05}
{'eval_loss': 0.07081732153892517, 'eval_f1': 0.9699874673208585, 'eval_roc_auc': 0.9778094829060427, 'eval_accuracy': 0.9657971014492753, 'eval_runtime': 55.0699, 'eval_samples_per_second': 125.295, 'eval_steps_per_second': 7.845, 'epoch': 16.0}
{'loss': 0.0882, 'learning_rate': 9.19753086419753e-07, 'epoch': 16.2}
{'eval_loss': 0.06604874134063721, 'eval_f1': 0.971479419023045, 'eval_roc_auc': 0.978971767538157, 'eval_accuracy': 0.967391304347826, 'eval_runtime': 55.0652, 'eval_samples_per_second': 125.306, 'eval_steps_per_second': 7.845, 'epoch': 17.0}
{'loss': 0.084, 'learning_rate': 8.425925925925925e-07, 'epoch': 17.36}
{'eval_loss': 0.06133764609694481, 'eval_f1': 0.974337982194481, 'eval_roc_auc': 0.9815083223116727, 'eval_accuracy': 0.9707246376811595, 'eval_runtime': 55.0729, 'eval_samples_per_second': 125.288, 'eval_steps_per_second': 7.844, 'epoch': 18.0}
{'loss': 0.0799, 'learning_rate': 7.65432098765432e-07, 'epoch': 18.52}
{'eval_loss': 0.05705493688583374, 'eval_f1': 0.9773848155025884, 'eval_roc_auc': 0.9825453191351922, 'eval_accuracy': 0.9743478260869565, 'eval_runtime': 55.0787, 'eval_samples_per_second': 125.275, 'eval_steps_per_second': 7.843, 'epoch': 19.0}
{'loss': 0.0751, 'learning_rate': 6.882716049382715e-07, 'epoch': 19.68}
{'eval_loss': 0.05727877840399742, 'eval_f1': 0.9768735892874727, 'eval_roc_auc': 0.982309216090838, 'eval_accuracy': 0.973768115942029, 'eval_runtime': 55.0838, 'eval_samples_per_second': 125.264, 'eval_steps_per_second': 7.843, 'epoch': 20.0}
{'loss': 0.0717, 'learning_rate': 6.111111111111112e-07, 'epoch': 20.83}
{'eval_loss': 0.051591094583272934, 'eval_f1': 0.9801564357289847, 'eval_roc_auc': 0.9849047339791634, 'eval_accuracy': 0.9772463768115942, 'eval_runtime': 55.0808, 'eval_samples_per_second': 125.27, 'eval_steps_per_second': 7.843, 'epoch': 21.0}
{'loss': 0.0675, 'learning_rate': 5.339506172839506e-07, 'epoch': 21.99}
{'eval_loss': 0.051089487969875336, 'eval_f1': 0.9810054458914411, 'eval_roc_auc': 0.9861143035857569, 'eval_accuracy': 0.9781159420289856, 'eval_runtime': 55.1011, 'eval_samples_per_second': 125.224, 'eval_steps_per_second': 7.84, 'epoch': 22.0}
{'eval_loss': 0.049269143491983414, 'eval_f1': 0.9815304001520377, 'eval_roc_auc': 0.9860075448271791, 'eval_accuracy': 0.9785507246376811, 'eval_runtime': 55.0905, 'eval_samples_per_second': 125.249, 'eval_steps_per_second': 7.842, 'epoch': 23.0}
{'loss': 0.0665, 'learning_rate': 4.5679012345679007e-07, 'epoch': 23.15}
{'eval_loss': 0.04726048558950424, 'eval_f1': 0.9825249065877291, 'eval_roc_auc': 0.9862301542714826, 'eval_accuracy': 0.9797101449275363, 'eval_runtime': 55.093, 'eval_samples_per_second': 125.243, 'eval_steps_per_second': 7.841, 'epoch': 24.0}
{'loss': 0.0609, 'learning_rate': 3.7962962962962966e-07, 'epoch': 24.31}
{'eval_loss': 0.04687628149986267, 'eval_f1': 0.9822158129826704, 'eval_roc_auc': 0.9864226935018362, 'eval_accuracy': 0.9795652173913043, 'eval_runtime': 55.0914, 'eval_samples_per_second': 125.246, 'eval_steps_per_second': 7.842, 'epoch': 25.0}
{'loss': 0.0554, 'learning_rate': 3.0246913580246913e-07, 'epoch': 25.46}
{'eval_loss': 0.044760044664144516, 'eval_f1': 0.9841325954555792, 'eval_roc_auc': 0.987564510516438, 'eval_accuracy': 0.9815942028985507, 'eval_runtime': 55.1213, 'eval_samples_per_second': 125.178, 'eval_steps_per_second': 7.837, 'epoch': 26.0}
{'loss': 0.0618, 'learning_rate': 2.2530864197530864e-07, 'epoch': 26.62}
{'eval_loss': 0.04522883892059326, 'eval_f1': 0.9835719089176307, 'eval_roc_auc': 0.9872580591678537, 'eval_accuracy': 0.981304347826087, 'eval_runtime': 55.1224, 'eval_samples_per_second': 125.176, 'eval_steps_per_second': 7.837, 'epoch': 27.0}
{'loss': 0.058, 'learning_rate': 1.4814814814814815e-07, 'epoch': 27.78}
{'eval_loss': 0.04465358704328537, 'eval_f1': 0.9834452290288, 'eval_roc_auc': 0.987031695696335, 'eval_accuracy': 0.9810144927536232, 'eval_runtime': 55.1021, 'eval_samples_per_second': 125.222, 'eval_steps_per_second': 7.84, 'epoch': 28.0}
{'loss': 0.0566, 'learning_rate': 7.098765432098765e-08, 'epoch': 28.94}
{'eval_loss': 0.04393130913376808, 'eval_f1': 0.9840284882437408, 'eval_roc_auc': 0.9875713709251817, 'eval_accuracy': 0.9817391304347826, 'eval_runtime': 55.1077, 'eval_samples_per_second': 125.209, 'eval_steps_per_second': 7.839, 'epoch': 29.0}
{'eval_loss': 0.043718528002500534, 'eval_f1': 0.9838022823301209, 'eval_roc_auc': 0.98742728448334, 'eval_accuracy': 0.9814492753623189, 'eval_runtime': 55.2126, 'eval_samples_per_second': 124.971, 'eval_steps_per_second': 7.824, 'epoch': 30.0}
{'train_runtime': 6530.9426, 'train_samples_per_second': 31.695, 'train_steps_per_second': 1.984, 'train_loss': 0.12277941527190032, 'epoch': 30.0}
