Model Name: AIMH/mental-longformer-base-4096
Text Column: text
Max Length: 512
Batch Size: 32
Learning Rate: 2e-05
Number of Epochs: 30
Metric Name: eval_loss
Random State: 3
{'eval_loss': 0.1684364676475525, 'eval_f1': 0.9035478278874525, 'eval_roc_auc': 0.9244923233886074, 'eval_accuracy': 0.8976811594202898, 'eval_runtime': 100.9248, 'eval_samples_per_second': 68.368, 'eval_steps_per_second': 2.14, 'epoch': 1.0}
{'eval_loss': 0.11302337795495987, 'eval_f1': 0.93925973889586, 'eval_roc_auc': 0.9570688045593284, 'eval_accuracy': 0.9284057971014493, 'eval_runtime': 100.8611, 'eval_samples_per_second': 68.411, 'eval_steps_per_second': 2.142, 'epoch': 2.0}
{'loss': 0.2181, 'learning_rate': 1.8456790123456792e-05, 'epoch': 2.31}
{'eval_loss': 0.06282337009906769, 'eval_f1': 0.9701252461729479, 'eval_roc_auc': 0.9785918615038138, 'eval_accuracy': 0.9642028985507246, 'eval_runtime': 100.9059, 'eval_samples_per_second': 68.381, 'eval_steps_per_second': 2.141, 'epoch': 3.0}
{'eval_loss': 0.04596317932009697, 'eval_f1': 0.9780234395213986, 'eval_roc_auc': 0.9867249652654642, 'eval_accuracy': 0.972463768115942, 'eval_runtime': 100.8928, 'eval_samples_per_second': 68.389, 'eval_steps_per_second': 2.141, 'epoch': 4.0}
{'loss': 0.0904, 'learning_rate': 1.6913580246913582e-05, 'epoch': 4.63}
{'eval_loss': 0.04198354482650757, 'eval_f1': 0.9795428160023149, 'eval_roc_auc': 0.9823847886862831, 'eval_accuracy': 0.9769565217391304, 'eval_runtime': 100.9119, 'eval_samples_per_second': 68.376, 'eval_steps_per_second': 2.14, 'epoch': 5.0}
{'eval_loss': 0.02131643146276474, 'eval_f1': 0.991070550670343, 'eval_roc_auc': 0.9920562154784569, 'eval_accuracy': 0.9891304347826086, 'eval_runtime': 100.9342, 'eval_samples_per_second': 68.361, 'eval_steps_per_second': 2.14, 'epoch': 6.0}
{'loss': 0.0383, 'learning_rate': 1.537037037037037e-05, 'epoch': 6.94}
{'eval_loss': 0.0187063105404377, 'eval_f1': 0.9922495175789554, 'eval_roc_auc': 0.9935014582020968, 'eval_accuracy': 0.9908695652173913, 'eval_runtime': 100.9188, 'eval_samples_per_second': 68.372, 'eval_steps_per_second': 2.14, 'epoch': 7.0}
{'eval_loss': 0.008278110064566135, 'eval_f1': 0.9972676250748997, 'eval_roc_auc': 0.9978285996057049, 'eval_accuracy': 0.9966666666666667, 'eval_runtime': 100.8987, 'eval_samples_per_second': 68.385, 'eval_steps_per_second': 2.141, 'epoch': 8.0}
{'eval_loss': 0.00709730526432395, 'eval_f1': 0.9977216657428686, 'eval_roc_auc': 0.998012202883422, 'eval_accuracy': 0.9972463768115942, 'eval_runtime': 100.9295, 'eval_samples_per_second': 68.365, 'eval_steps_per_second': 2.14, 'epoch': 9.0}
{'loss': 0.0184, 'learning_rate': 1.3827160493827162e-05, 'epoch': 9.26}
{'eval_loss': 0.00517761567607522, 'eval_f1': 0.9984056285433994, 'eval_roc_auc': 0.9986073377849789, 'eval_accuracy': 0.9981159420289855, 'eval_runtime': 100.9453, 'eval_samples_per_second': 68.354, 'eval_steps_per_second': 2.14, 'epoch': 10.0}
{'eval_loss': 0.0032467995770275593, 'eval_f1': 0.9992022465876631, 'eval_roc_auc': 0.9992327934856017, 'eval_accuracy': 0.9991304347826087, 'eval_runtime': 101.0736, 'eval_samples_per_second': 68.267, 'eval_steps_per_second': 2.137, 'epoch': 11.0}
{'loss': 0.0114, 'learning_rate': 1.228395061728395e-05, 'epoch': 11.57}
{'eval_loss': 0.002419431461021304, 'eval_f1': 0.9994311911110131, 'eval_roc_auc': 0.9996272144585736, 'eval_accuracy': 0.9994202898550725, 'eval_runtime': 100.9775, 'eval_samples_per_second': 68.332, 'eval_steps_per_second': 2.139, 'epoch': 12.0}
{'eval_loss': 0.0019039480248466134, 'eval_f1': 0.9994308188420374, 'eval_roc_auc': 0.9994603247711532, 'eval_accuracy': 0.9994202898550725, 'eval_runtime': 100.8998, 'eval_samples_per_second': 68.385, 'eval_steps_per_second': 2.141, 'epoch': 13.0}
{'loss': 0.0055, 'learning_rate': 1.0740740740740742e-05, 'epoch': 13.89}
{'eval_loss': 0.0009764889837242663, 'eval_f1': 0.9997724687144482, 'eval_roc_auc': 0.9998559135581583, 'eval_accuracy': 0.9997101449275362, 'eval_runtime': 100.9364, 'eval_samples_per_second': 68.36, 'eval_steps_per_second': 2.14, 'epoch': 14.0}
{'eval_loss': 0.0002908800379373133, 'eval_f1': 1.0, 'eval_roc_auc': 1.0, 'eval_accuracy': 1.0, 'eval_runtime': 100.9323, 'eval_samples_per_second': 68.363, 'eval_steps_per_second': 2.14, 'epoch': 15.0}
{'eval_loss': 0.0006564550567418337, 'eval_f1': 0.9996585290293835, 'eval_roc_auc': 0.9996587030716724, 'eval_accuracy': 0.9995652173913043, 'eval_runtime': 100.9069, 'eval_samples_per_second': 68.38, 'eval_steps_per_second': 2.141, 'epoch': 16.0}
{'loss': 0.003, 'learning_rate': 9.197530864197531e-06, 'epoch': 16.2}
{'eval_loss': 0.0006373965297825634, 'eval_f1': 0.9997724687144482, 'eval_roc_auc': 0.9998559135581583, 'eval_accuracy': 0.9997101449275362, 'eval_runtime': 100.8971, 'eval_samples_per_second': 68.387, 'eval_steps_per_second': 2.141, 'epoch': 17.0}
{'eval_loss': 0.00016454672731924802, 'eval_f1': 1.0, 'eval_roc_auc': 1.0, 'eval_accuracy': 1.0, 'eval_runtime': 100.8571, 'eval_samples_per_second': 68.414, 'eval_steps_per_second': 2.142, 'epoch': 18.0}
{'loss': 0.0029, 'learning_rate': 7.654320987654322e-06, 'epoch': 18.52}
{'eval_loss': 0.0001437353203073144, 'eval_f1': 1.0, 'eval_roc_auc': 1.0, 'eval_accuracy': 1.0, 'eval_runtime': 100.9454, 'eval_samples_per_second': 68.354, 'eval_steps_per_second': 2.14, 'epoch': 19.0}
{'eval_loss': 0.0002230721729574725, 'eval_f1': 0.9998862536821166, 'eval_roc_auc': 0.9999153873422569, 'eval_accuracy': 0.9998550724637681, 'eval_runtime': 100.663, 'eval_samples_per_second': 68.546, 'eval_steps_per_second': 2.146, 'epoch': 20.0}
{'loss': 0.0018, 'learning_rate': 6.111111111111112e-06, 'epoch': 20.83}
{'eval_loss': 0.00011614133836701512, 'eval_f1': 1.0, 'eval_roc_auc': 1.0, 'eval_accuracy': 1.0, 'eval_runtime': 100.7518, 'eval_samples_per_second': 68.485, 'eval_steps_per_second': 2.144, 'epoch': 21.0}
{'eval_loss': 0.00010471152199897915, 'eval_f1': 1.0, 'eval_roc_auc': 1.0, 'eval_accuracy': 1.0, 'eval_runtime': 100.7079, 'eval_samples_per_second': 68.515, 'eval_steps_per_second': 2.145, 'epoch': 22.0}
{'eval_loss': 9.724069241201505e-05, 'eval_f1': 1.0, 'eval_roc_auc': 1.0, 'eval_accuracy': 1.0, 'eval_runtime': 100.7571, 'eval_samples_per_second': 68.482, 'eval_steps_per_second': 2.144, 'epoch': 23.0}
{'loss': 0.0012, 'learning_rate': 4.567901234567902e-06, 'epoch': 23.15}
{'eval_loss': 9.215684985974804e-05, 'eval_f1': 1.0, 'eval_roc_auc': 1.0, 'eval_accuracy': 1.0, 'eval_runtime': 100.7312, 'eval_samples_per_second': 68.499, 'eval_steps_per_second': 2.144, 'epoch': 24.0}
{'eval_loss': 8.584388706367463e-05, 'eval_f1': 1.0, 'eval_roc_auc': 1.0, 'eval_accuracy': 1.0, 'eval_runtime': 100.7465, 'eval_samples_per_second': 68.489, 'eval_steps_per_second': 2.144, 'epoch': 25.0}
{'loss': 0.0005, 'learning_rate': 3.0246913580246917e-06, 'epoch': 25.46}
{'eval_loss': 8.244558557635173e-05, 'eval_f1': 1.0, 'eval_roc_auc': 1.0, 'eval_accuracy': 1.0, 'eval_runtime': 100.722, 'eval_samples_per_second': 68.505, 'eval_steps_per_second': 2.145, 'epoch': 26.0}
{'eval_loss': 7.82733695814386e-05, 'eval_f1': 1.0, 'eval_roc_auc': 1.0, 'eval_accuracy': 1.0, 'eval_runtime': 100.7216, 'eval_samples_per_second': 68.506, 'eval_steps_per_second': 2.145, 'epoch': 27.0}
{'loss': 0.0005, 'learning_rate': 1.4814814814814815e-06, 'epoch': 27.78}
{'eval_loss': 7.601383549626917e-05, 'eval_f1': 1.0, 'eval_roc_auc': 1.0, 'eval_accuracy': 1.0, 'eval_runtime': 100.7121, 'eval_samples_per_second': 68.512, 'eval_steps_per_second': 2.145, 'epoch': 28.0}
{'eval_loss': 7.496708713006228e-05, 'eval_f1': 1.0, 'eval_roc_auc': 1.0, 'eval_accuracy': 1.0, 'eval_runtime': 100.7165, 'eval_samples_per_second': 68.509, 'eval_steps_per_second': 2.145, 'epoch': 29.0}
{'eval_loss': 7.43782366043888e-05, 'eval_f1': 1.0, 'eval_roc_auc': 1.0, 'eval_accuracy': 1.0, 'eval_runtime': 100.6874, 'eval_samples_per_second': 68.529, 'eval_steps_per_second': 2.145, 'epoch': 30.0}
{'train_runtime': 16501.2322, 'train_samples_per_second': 12.545, 'train_steps_per_second': 0.393, 'train_loss': 0.030262049001262142, 'epoch': 30.0}
