Model Name: AIMH/mental-bert-base-cased
Text Column: text
Max Length: 512
Batch Size: 8
Learning Rate: 2e-05
Number of Epochs: 30
Metric Name: eval_loss
Random State: 1
{'loss': 0.2947, 'learning_rate': 1.96137504828119e-05, 'epoch': 0.58}
{'eval_loss': 0.17979183793067932, 'eval_f1': 0.8940072898956114, 'eval_roc_auc': 0.919284223696448, 'eval_accuracy': 0.8846376811594203, 'eval_runtime': 57.7206, 'eval_samples_per_second': 119.541, 'eval_steps_per_second': 14.951, 'epoch': 1.0}
{'loss': 0.2298, 'learning_rate': 1.9227500965623796e-05, 'epoch': 1.16}
{'loss': 0.1831, 'learning_rate': 1.884125144843569e-05, 'epoch': 1.74}
{'eval_loss': 0.11310497671365738, 'eval_f1': 0.9411733310546218, 'eval_roc_auc': 0.9571480833067426, 'eval_accuracy': 0.9315942028985508, 'eval_runtime': 57.63, 'eval_samples_per_second': 119.729, 'eval_steps_per_second': 14.975, 'epoch': 2.0}
{'loss': 0.1418, 'learning_rate': 1.8455001931247587e-05, 'epoch': 2.32}
{'loss': 0.1268, 'learning_rate': 1.8068752414059484e-05, 'epoch': 2.9}
{'eval_loss': 0.05585213750600815, 'eval_f1': 0.9749054389635585, 'eval_roc_auc': 0.981877093741711, 'eval_accuracy': 0.97, 'eval_runtime': 57.7058, 'eval_samples_per_second': 119.572, 'eval_steps_per_second': 14.955, 'epoch': 3.0}
{'loss': 0.0947, 'learning_rate': 1.768250289687138e-05, 'epoch': 3.48}
{'eval_loss': 0.05298770219087601, 'eval_f1': 0.9773599311116796, 'eval_roc_auc': 0.9809680089361958, 'eval_accuracy': 0.9744927536231884, 'eval_runtime': 57.6375, 'eval_samples_per_second': 119.714, 'eval_steps_per_second': 14.973, 'epoch': 4.0}
{'loss': 0.0769, 'learning_rate': 1.7296253379683278e-05, 'epoch': 4.06}
{'loss': 0.054, 'learning_rate': 1.6910003862495172e-05, 'epoch': 4.63}
{'eval_loss': 0.03213158994913101, 'eval_f1': 0.9884198214489106, 'eval_roc_auc': 0.9898185945000377, 'eval_accuracy': 0.9859420289855072, 'eval_runtime': 57.6344, 'eval_samples_per_second': 119.72, 'eval_steps_per_second': 14.974, 'epoch': 5.0}
{'loss': 0.0385, 'learning_rate': 1.652375434530707e-05, 'epoch': 5.21}
{'loss': 0.038, 'learning_rate': 1.6137504828118966e-05, 'epoch': 5.79}
{'eval_loss': 0.017479561269283295, 'eval_f1': 0.9938632581813006, 'eval_roc_auc': 0.9957256089481449, 'eval_accuracy': 0.9924637681159421, 'eval_runtime': 57.616, 'eval_samples_per_second': 119.759, 'eval_steps_per_second': 14.978, 'epoch': 6.0}
{'loss': 0.0286, 'learning_rate': 1.5751255310930863e-05, 'epoch': 6.37}
{'loss': 0.0218, 'learning_rate': 1.536500579374276e-05, 'epoch': 6.95}
{'eval_loss': 0.013550229370594025, 'eval_f1': 0.9949730250071546, 'eval_roc_auc': 0.995699051675351, 'eval_accuracy': 0.9940579710144928, 'eval_runtime': 57.6013, 'eval_samples_per_second': 119.789, 'eval_steps_per_second': 14.982, 'epoch': 7.0}
{'loss': 0.0179, 'learning_rate': 1.4978756276554656e-05, 'epoch': 7.53}
{'eval_loss': 0.006254774518311024, 'eval_f1': 0.9972686436379378, 'eval_roc_auc': 0.9979120444494147, 'eval_accuracy': 0.9968115942028986, 'eval_runtime': 57.5856, 'eval_samples_per_second': 119.822, 'eval_steps_per_second': 14.986, 'epoch': 8.0}
{'loss': 0.0214, 'learning_rate': 1.4592506759366551e-05, 'epoch': 8.11}
{'loss': 0.0089, 'learning_rate': 1.420625724217845e-05, 'epoch': 8.69}
{'eval_loss': 0.006787041202187538, 'eval_f1': 0.9976091495653923, 'eval_roc_auc': 0.9980361739430333, 'eval_accuracy': 0.9973913043478261, 'eval_runtime': 57.5736, 'eval_samples_per_second': 119.847, 'eval_steps_per_second': 14.99, 'epoch': 9.0}
{'loss': 0.012, 'learning_rate': 1.3820007724990345e-05, 'epoch': 9.27}
{'loss': 0.0193, 'learning_rate': 1.343375820780224e-05, 'epoch': 9.85}
{'eval_loss': 0.005639168433845043, 'eval_f1': 0.9981782216513642, 'eval_roc_auc': 0.9984672654545255, 'eval_accuracy': 0.9976811594202899, 'eval_runtime': 57.5886, 'eval_samples_per_second': 119.815, 'eval_steps_per_second': 14.986, 'epoch': 10.0}
{'loss': 0.0097, 'learning_rate': 1.3047508690614136e-05, 'epoch': 10.43}
{'eval_loss': 0.006774052046239376, 'eval_f1': 0.997621378270142, 'eval_roc_auc': 0.9990918039262316, 'eval_accuracy': 0.9969565217391304, 'eval_runtime': 57.6124, 'eval_samples_per_second': 119.766, 'eval_steps_per_second': 14.979, 'epoch': 11.0}
{'loss': 0.0093, 'learning_rate': 1.2661259173426035e-05, 'epoch': 11.01}
{'loss': 0.0074, 'learning_rate': 1.227500965623793e-05, 'epoch': 11.59}
{'eval_loss': 0.002021331340074539, 'eval_f1': 0.9993174039062458, 'eval_roc_auc': 0.9994048650984431, 'eval_accuracy': 0.9991304347826087, 'eval_runtime': 57.6102, 'eval_samples_per_second': 119.77, 'eval_steps_per_second': 14.98, 'epoch': 12.0}
{'loss': 0.0101, 'learning_rate': 1.1888760139049826e-05, 'epoch': 12.17}
{'loss': 0.0119, 'learning_rate': 1.1502510621861725e-05, 'epoch': 12.75}
{'eval_loss': 0.003010408254340291, 'eval_f1': 0.9992032875564857, 'eval_roc_auc': 0.9992619464706345, 'eval_accuracy': 0.9991304347826087, 'eval_runtime': 57.6281, 'eval_samples_per_second': 119.733, 'eval_steps_per_second': 14.975, 'epoch': 13.0}
{'loss': 0.0072, 'learning_rate': 1.111626110467362e-05, 'epoch': 13.33}
{'loss': 0.0117, 'learning_rate': 1.0730011587485515e-05, 'epoch': 13.9}
{'eval_loss': 0.0012066661147400737, 'eval_f1': 0.9996583501275893, 'eval_roc_auc': 0.9996587030716724, 'eval_accuracy': 0.9995652173913043, 'eval_runtime': 57.5968, 'eval_samples_per_second': 119.798, 'eval_steps_per_second': 14.983, 'epoch': 14.0}
{'loss': 0.0079, 'learning_rate': 1.0343762070297414e-05, 'epoch': 14.48}
{'eval_loss': 0.0004912705044262111, 'eval_f1': 0.9997726253085882, 'eval_roc_auc': 0.9999393584018684, 'eval_accuracy': 0.9997101449275362, 'eval_runtime': 57.594, 'eval_samples_per_second': 119.804, 'eval_steps_per_second': 14.984, 'epoch': 15.0}
{'loss': 0.0029, 'learning_rate': 9.95751255310931e-06, 'epoch': 15.06}
{'loss': 0.0044, 'learning_rate': 9.571263035921205e-06, 'epoch': 15.64}
{'eval_loss': 0.0011344307567924261, 'eval_f1': 0.9996585655865817, 'eval_roc_auc': 0.9996878560567052, 'eval_accuracy': 0.9997101449275362, 'eval_runtime': 57.5817, 'eval_samples_per_second': 119.83, 'eval_steps_per_second': 14.987, 'epoch': 16.0}
{'loss': 0.0065, 'learning_rate': 9.185013518733102e-06, 'epoch': 16.22}
{'loss': 0.0045, 'learning_rate': 8.798764001545e-06, 'epoch': 16.8}
{'eval_loss': 0.0006260225782170892, 'eval_f1': 0.9998861951682325, 'eval_roc_auc': 0.9998862343572241, 'eval_accuracy': 0.9998550724637681, 'eval_runtime': 57.6185, 'eval_samples_per_second': 119.753, 'eval_steps_per_second': 14.978, 'epoch': 17.0}
{'loss': 0.0042, 'learning_rate': 8.412514484356895e-06, 'epoch': 17.38}
{'loss': 0.0114, 'learning_rate': 8.026264967168792e-06, 'epoch': 17.96}
{'eval_loss': 0.0016927868127822876, 'eval_f1': 0.9996585855046974, 'eval_roc_auc': 0.9997421479153824, 'eval_accuracy': 0.9995652173913043, 'eval_runtime': 57.6095, 'eval_samples_per_second': 119.772, 'eval_steps_per_second': 14.98, 'epoch': 18.0}
{'train_runtime': 4202.333, 'train_samples_per_second': 49.258, 'train_steps_per_second': 6.161, 'train_loss': 0.04883396239390745, 'epoch': 18.0}
