Model Name: AIMH/mental-longformer-base-4096
Text Column: text
Max Length: 512
Batch Size: 32
Learning Rate: 2e-06
Number of Epochs: 30
Metric Name: eval_loss
Random State: 1
{'eval_loss': 0.3712781071662903, 'eval_f1': 0.6068402776297391, 'eval_roc_auc': 0.7622766808336738, 'eval_accuracy': 0.7501449275362319, 'eval_runtime': 101.3523, 'eval_samples_per_second': 68.079, 'eval_steps_per_second': 2.131, 'epoch': 1.0}
{'eval_loss': 0.2290305197238922, 'eval_f1': 0.8739513127587881, 'eval_roc_auc': 0.9055379808441033, 'eval_accuracy': 0.8634782608695653, 'eval_runtime': 101.3191, 'eval_samples_per_second': 68.102, 'eval_steps_per_second': 2.132, 'epoch': 2.0}
{'loss': 0.3895, 'learning_rate': 1.8456790123456789e-06, 'epoch': 2.31}
{'eval_loss': 0.19300997257232666, 'eval_f1': 0.8929513892153339, 'eval_roc_auc': 0.9210445746390223, 'eval_accuracy': 0.8824637681159421, 'eval_runtime': 101.334, 'eval_samples_per_second': 68.092, 'eval_steps_per_second': 2.132, 'epoch': 3.0}
{'eval_loss': 0.17604437470436096, 'eval_f1': 0.902584373510954, 'eval_roc_auc': 0.9316409633400738, 'eval_accuracy': 0.888840579710145, 'eval_runtime': 101.0612, 'eval_samples_per_second': 68.275, 'eval_steps_per_second': 2.137, 'epoch': 4.0}
{'loss': 0.2029, 'learning_rate': 1.6913580246913578e-06, 'epoch': 4.63}
{'eval_loss': 0.15978208184242249, 'eval_f1': 0.9111779577463286, 'eval_roc_auc': 0.935971854401331, 'eval_accuracy': 0.8994202898550725, 'eval_runtime': 101.1544, 'eval_samples_per_second': 68.213, 'eval_steps_per_second': 2.135, 'epoch': 5.0}
{'eval_loss': 0.1566917896270752, 'eval_f1': 0.9109456189520013, 'eval_roc_auc': 0.9356056129500595, 'eval_accuracy': 0.8995652173913044, 'eval_runtime': 101.1179, 'eval_samples_per_second': 68.237, 'eval_steps_per_second': 2.136, 'epoch': 6.0}
{'loss': 0.1658, 'learning_rate': 1.537037037037037e-06, 'epoch': 6.94}
{'eval_loss': 0.13806605339050293, 'eval_f1': 0.9239682954271112, 'eval_roc_auc': 0.9446145916750488, 'eval_accuracy': 0.9130434782608695, 'eval_runtime': 101.0344, 'eval_samples_per_second': 68.294, 'eval_steps_per_second': 2.138, 'epoch': 7.0}
{'eval_loss': 0.12834399938583374, 'eval_f1': 0.9300287920400684, 'eval_roc_auc': 0.9494655790793869, 'eval_accuracy': 0.9194202898550725, 'eval_runtime': 101.0743, 'eval_samples_per_second': 68.267, 'eval_steps_per_second': 2.137, 'epoch': 8.0}
{'eval_loss': 0.1172284483909607, 'eval_f1': 0.9375341592438974, 'eval_roc_auc': 0.954530669902699, 'eval_accuracy': 0.9276811594202898, 'eval_runtime': 100.9969, 'eval_samples_per_second': 68.319, 'eval_steps_per_second': 2.139, 'epoch': 9.0}
{'loss': 0.1416, 'learning_rate': 1.382716049382716e-06, 'epoch': 9.26}
{'eval_loss': 0.11618991941213608, 'eval_f1': 0.9371819823382818, 'eval_roc_auc': 0.9532122331268987, 'eval_accuracy': 0.9281159420289855, 'eval_runtime': 101.2193, 'eval_samples_per_second': 68.169, 'eval_steps_per_second': 2.134, 'epoch': 10.0}
{'eval_loss': 0.10681232064962387, 'eval_f1': 0.9442204790430513, 'eval_roc_auc': 0.9605665987092751, 'eval_accuracy': 0.9347826086956522, 'eval_runtime': 101.2639, 'eval_samples_per_second': 68.139, 'eval_steps_per_second': 2.133, 'epoch': 11.0}
{'loss': 0.1271, 'learning_rate': 1.228395061728395e-06, 'epoch': 11.57}
{'eval_loss': 0.09589185565710068, 'eval_f1': 0.9510512522585797, 'eval_roc_auc': 0.9669270301118996, 'eval_accuracy': 0.9417391304347826, 'eval_runtime': 101.1267, 'eval_samples_per_second': 68.231, 'eval_steps_per_second': 2.136, 'epoch': 12.0}
{'eval_loss': 0.09528467059135437, 'eval_f1': 0.9521957941616077, 'eval_roc_auc': 0.970282591655914, 'eval_accuracy': 0.9421739130434783, 'eval_runtime': 101.064, 'eval_samples_per_second': 68.274, 'eval_steps_per_second': 2.137, 'epoch': 13.0}
{'loss': 0.1124, 'learning_rate': 1.074074074074074e-06, 'epoch': 13.89}
{'eval_loss': 0.08439253270626068, 'eval_f1': 0.956069780070235, 'eval_roc_auc': 0.9704198366871254, 'eval_accuracy': 0.9478260869565217, 'eval_runtime': 101.0584, 'eval_samples_per_second': 68.277, 'eval_steps_per_second': 2.137, 'epoch': 14.0}
{'eval_loss': 0.07946328073740005, 'eval_f1': 0.9627373115527647, 'eval_roc_auc': 0.9755949296269413, 'eval_accuracy': 0.9552173913043478, 'eval_runtime': 101.1168, 'eval_samples_per_second': 68.238, 'eval_steps_per_second': 2.136, 'epoch': 15.0}
{'eval_loss': 0.08418116718530655, 'eval_f1': 0.9564599637067801, 'eval_roc_auc': 0.968901603211657, 'eval_accuracy': 0.9494202898550724, 'eval_runtime': 101.0043, 'eval_samples_per_second': 68.314, 'eval_steps_per_second': 2.139, 'epoch': 16.0}
{'loss': 0.0975, 'learning_rate': 9.19753086419753e-07, 'epoch': 16.2}
{'eval_loss': 0.07521723210811615, 'eval_f1': 0.9622474693604374, 'eval_roc_auc': 0.9722871403590158, 'eval_accuracy': 0.9557971014492753, 'eval_runtime': 101.1161, 'eval_samples_per_second': 68.238, 'eval_steps_per_second': 2.136, 'epoch': 17.0}
{'eval_loss': 0.06636414676904678, 'eval_f1': 0.9690709821050238, 'eval_roc_auc': 0.9779057642050593, 'eval_accuracy': 0.9637681159420289, 'eval_runtime': 101.0709, 'eval_samples_per_second': 68.269, 'eval_steps_per_second': 2.137, 'epoch': 18.0}
{'loss': 0.0908, 'learning_rate': 7.65432098765432e-07, 'epoch': 18.52}
{'eval_loss': 0.06255971640348434, 'eval_f1': 0.9719148903944662, 'eval_roc_auc': 0.9808080976358036, 'eval_accuracy': 0.9668115942028985, 'eval_runtime': 101.1116, 'eval_samples_per_second': 68.241, 'eval_steps_per_second': 2.136, 'epoch': 19.0}
{'eval_loss': 0.064760223031044, 'eval_f1': 0.9695201080055993, 'eval_roc_auc': 0.9785214803328471, 'eval_accuracy': 0.9640579710144928, 'eval_runtime': 101.1577, 'eval_samples_per_second': 68.21, 'eval_steps_per_second': 2.135, 'epoch': 20.0}
{'loss': 0.0797, 'learning_rate': 6.111111111111112e-07, 'epoch': 20.83}
{'eval_loss': 0.05693650245666504, 'eval_f1': 0.9757582170568906, 'eval_roc_auc': 0.9826454680701424, 'eval_accuracy': 0.9718840579710145, 'eval_runtime': 101.1824, 'eval_samples_per_second': 68.194, 'eval_steps_per_second': 2.135, 'epoch': 21.0}
{'eval_loss': 0.05822504311800003, 'eval_f1': 0.9729102517422766, 'eval_roc_auc': 0.9820348915019831, 'eval_accuracy': 0.9679710144927536, 'eval_runtime': 101.073, 'eval_samples_per_second': 68.268, 'eval_steps_per_second': 2.137, 'epoch': 22.0}
{'eval_loss': 0.05520470812916756, 'eval_f1': 0.9750575493000314, 'eval_roc_auc': 0.9818914717039421, 'eval_accuracy': 0.971159420289855, 'eval_runtime': 101.1916, 'eval_samples_per_second': 68.188, 'eval_steps_per_second': 2.135, 'epoch': 23.0}
{'loss': 0.078, 'learning_rate': 4.5679012345679007e-07, 'epoch': 23.15}
{'eval_loss': 0.05347922816872597, 'eval_f1': 0.9774779881935819, 'eval_roc_auc': 0.9838804366345532, 'eval_accuracy': 0.9736231884057971, 'eval_runtime': 101.0794, 'eval_samples_per_second': 68.263, 'eval_steps_per_second': 2.137, 'epoch': 24.0}
{'eval_loss': 0.051422975957393646, 'eval_f1': 0.9783265626214653, 'eval_roc_auc': 0.9850528250333369, 'eval_accuracy': 0.9746376811594203, 'eval_runtime': 101.065, 'eval_samples_per_second': 68.273, 'eval_steps_per_second': 2.137, 'epoch': 25.0}
{'loss': 0.0699, 'learning_rate': 3.0246913580246913e-07, 'epoch': 25.46}
{'eval_loss': 0.05168146640062332, 'eval_f1': 0.9774887486992374, 'eval_roc_auc': 0.9830511701228737, 'eval_accuracy': 0.9739130434782609, 'eval_runtime': 101.1306, 'eval_samples_per_second': 68.229, 'eval_steps_per_second': 2.136, 'epoch': 26.0}
{'eval_loss': 0.05028083547949791, 'eval_f1': 0.9788926966776346, 'eval_roc_auc': 0.9854256105747632, 'eval_accuracy': 0.9753623188405797, 'eval_runtime': 101.2217, 'eval_samples_per_second': 68.167, 'eval_steps_per_second': 2.134, 'epoch': 27.0}
{'loss': 0.0679, 'learning_rate': 1.4814814814814815e-07, 'epoch': 27.78}
{'eval_loss': 0.049727633595466614, 'eval_f1': 0.9798368855400211, 'eval_roc_auc': 0.9853395795178711, 'eval_accuracy': 0.9766666666666667, 'eval_runtime': 101.0474, 'eval_samples_per_second': 68.285, 'eval_steps_per_second': 2.138, 'epoch': 28.0}
{'eval_loss': 0.04980762302875519, 'eval_f1': 0.9790622199196788, 'eval_roc_auc': 0.9849644583483782, 'eval_accuracy': 0.9756521739130435, 'eval_runtime': 101.118, 'eval_samples_per_second': 68.237, 'eval_steps_per_second': 2.136, 'epoch': 29.0}
{'eval_loss': 0.04965181648731232, 'eval_f1': 0.9796010342249142, 'eval_roc_auc': 0.9850326174999975, 'eval_accuracy': 0.9763768115942029, 'eval_runtime': 100.9485, 'eval_samples_per_second': 68.352, 'eval_steps_per_second': 2.14, 'epoch': 30.0}
{'train_runtime': 16550.3982, 'train_samples_per_second': 12.507, 'train_steps_per_second': 0.392, 'train_loss': 0.1301548089510129, 'epoch': 30.0}
