Model Name: AIMH/mental-bert-large-cased
Text Column: text
Max Length: 512
Batch Size: 16
Learning Rate: 2e-06
Number of Epochs: 30
Metric Name: eval_loss
Random State: 2
{'eval_loss': 0.25084006786346436, 'eval_f1': 0.8413223877978836, 'eval_roc_auc': 0.8763337237027686, 'eval_accuracy': 0.8442028985507246, 'eval_runtime': 171.0587, 'eval_samples_per_second': 40.337, 'eval_steps_per_second': 2.525, 'epoch': 1.0}
{'loss': 0.3951, 'learning_rate': 1.9228395061728396e-06, 'epoch': 1.16}
{'eval_loss': 0.18597689270973206, 'eval_f1': 0.8917553742178789, 'eval_roc_auc': 0.9217422982132574, 'eval_accuracy': 0.878695652173913, 'eval_runtime': 170.7392, 'eval_samples_per_second': 40.413, 'eval_steps_per_second': 2.53, 'epoch': 2.0}
{'loss': 0.2086, 'learning_rate': 1.8456790123456789e-06, 'epoch': 2.31}
{'eval_loss': 0.15861456096172333, 'eval_f1': 0.9112209660804577, 'eval_roc_auc': 0.9343438777536451, 'eval_accuracy': 0.9002898550724637, 'eval_runtime': 170.7152, 'eval_samples_per_second': 40.418, 'eval_steps_per_second': 2.531, 'epoch': 3.0}
{'loss': 0.1813, 'learning_rate': 1.7685185185185186e-06, 'epoch': 3.47}
{'eval_loss': 0.1302661895751953, 'eval_f1': 0.9302608297090992, 'eval_roc_auc': 0.9489419124208477, 'eval_accuracy': 0.9208695652173913, 'eval_runtime': 170.5796, 'eval_samples_per_second': 40.45, 'eval_steps_per_second': 2.533, 'epoch': 4.0}
{'loss': 0.1502, 'learning_rate': 1.6913580246913578e-06, 'epoch': 4.63}
{'eval_loss': 0.11036942899227142, 'eval_f1': 0.9445624665749897, 'eval_roc_auc': 0.9579697376543296, 'eval_accuracy': 0.9382608695652174, 'eval_runtime': 170.8115, 'eval_samples_per_second': 40.395, 'eval_steps_per_second': 2.529, 'epoch': 5.0}
{'loss': 0.128, 'learning_rate': 1.6141975308641975e-06, 'epoch': 5.79}
{'eval_loss': 0.10105486214160919, 'eval_f1': 0.9506019157072727, 'eval_roc_auc': 0.9664297180162839, 'eval_accuracy': 0.9431884057971015, 'eval_runtime': 170.8269, 'eval_samples_per_second': 40.392, 'eval_steps_per_second': 2.529, 'epoch': 6.0}
{'loss': 0.1113, 'learning_rate': 1.537037037037037e-06, 'epoch': 6.94}
{'eval_loss': 0.07958322763442993, 'eval_f1': 0.96257785212072, 'eval_roc_auc': 0.9710515570156543, 'eval_accuracy': 0.957536231884058, 'eval_runtime': 171.1761, 'eval_samples_per_second': 40.309, 'eval_steps_per_second': 2.524, 'epoch': 7.0}
{'eval_loss': 0.06598719209432602, 'eval_f1': 0.9714042401477977, 'eval_roc_auc': 0.9797055468719612, 'eval_accuracy': 0.9666666666666667, 'eval_runtime': 171.2386, 'eval_samples_per_second': 40.295, 'eval_steps_per_second': 2.523, 'epoch': 8.0}
{'loss': 0.0906, 'learning_rate': 1.4598765432098765e-06, 'epoch': 8.1}
{'eval_loss': 0.06787446141242981, 'eval_f1': 0.9695832110795345, 'eval_roc_auc': 0.9764446688856236, 'eval_accuracy': 0.9653623188405797, 'eval_runtime': 170.8576, 'eval_samples_per_second': 40.385, 'eval_steps_per_second': 2.528, 'epoch': 9.0}
{'loss': 0.0796, 'learning_rate': 1.382716049382716e-06, 'epoch': 9.26}
{'eval_loss': 0.057037416845560074, 'eval_f1': 0.9741231016983616, 'eval_roc_auc': 0.9800744414097745, 'eval_accuracy': 0.9698550724637681, 'eval_runtime': 170.7775, 'eval_samples_per_second': 40.403, 'eval_steps_per_second': 2.53, 'epoch': 10.0}
{'loss': 0.0686, 'learning_rate': 1.3055555555555554e-06, 'epoch': 10.42}
{'eval_loss': 0.0448109395802021, 'eval_f1': 0.9814559451824176, 'eval_roc_auc': 0.9862224902425405, 'eval_accuracy': 0.9779710144927536, 'eval_runtime': 170.8598, 'eval_samples_per_second': 40.384, 'eval_steps_per_second': 2.528, 'epoch': 11.0}
{'loss': 0.0608, 'learning_rate': 1.228395061728395e-06, 'epoch': 11.57}
{'eval_loss': 0.03494180738925934, 'eval_f1': 0.9856321047655707, 'eval_roc_auc': 0.9889600190288144, 'eval_accuracy': 0.9830434782608696, 'eval_runtime': 170.9404, 'eval_samples_per_second': 40.365, 'eval_steps_per_second': 2.527, 'epoch': 12.0}
{'loss': 0.0524, 'learning_rate': 1.1512345679012346e-06, 'epoch': 12.73}
{'eval_loss': 0.03013443388044834, 'eval_f1': 0.9883501908462735, 'eval_roc_auc': 0.9907061669817826, 'eval_accuracy': 0.986231884057971, 'eval_runtime': 171.0003, 'eval_samples_per_second': 40.351, 'eval_steps_per_second': 2.526, 'epoch': 13.0}
{'loss': 0.044, 'learning_rate': 1.074074074074074e-06, 'epoch': 13.89}
{'eval_loss': 0.027227168902754784, 'eval_f1': 0.9885726131728603, 'eval_roc_auc': 0.9905999188924942, 'eval_accuracy': 0.986231884057971, 'eval_runtime': 171.0175, 'eval_samples_per_second': 40.347, 'eval_steps_per_second': 2.526, 'epoch': 14.0}
{'eval_loss': 0.021146005019545555, 'eval_f1': 0.9917667347867948, 'eval_roc_auc': 0.9929388661189532, 'eval_accuracy': 0.9902898550724638, 'eval_runtime': 170.8248, 'eval_samples_per_second': 40.392, 'eval_steps_per_second': 2.529, 'epoch': 15.0}
{'loss': 0.0373, 'learning_rate': 9.969135802469136e-07, 'epoch': 15.05}
{'eval_loss': 0.018323950469493866, 'eval_f1': 0.9932635548708703, 'eval_roc_auc': 0.9942217768025869, 'eval_accuracy': 0.9920289855072464, 'eval_runtime': 170.9201, 'eval_samples_per_second': 40.37, 'eval_steps_per_second': 2.527, 'epoch': 16.0}
{'loss': 0.0324, 'learning_rate': 9.19753086419753e-07, 'epoch': 16.2}
{'eval_loss': 0.016619648784399033, 'eval_f1': 0.9939640617237376, 'eval_roc_auc': 0.9953427196400486, 'eval_accuracy': 0.9928985507246377, 'eval_runtime': 171.0212, 'eval_samples_per_second': 40.346, 'eval_steps_per_second': 2.526, 'epoch': 17.0}
{'loss': 0.0283, 'learning_rate': 8.425925925925925e-07, 'epoch': 17.36}
{'eval_loss': 0.014488916844129562, 'eval_f1': 0.9948642010453983, 'eval_roc_auc': 0.9954767023152207, 'eval_accuracy': 0.9940579710144928, 'eval_runtime': 170.8756, 'eval_samples_per_second': 40.38, 'eval_steps_per_second': 2.528, 'epoch': 18.0}
{'loss': 0.028, 'learning_rate': 7.65432098765432e-07, 'epoch': 18.52}
{'eval_loss': 0.014420364052057266, 'eval_f1': 0.9950900420268938, 'eval_roc_auc': 0.9956499417420953, 'eval_accuracy': 0.9942028985507246, 'eval_runtime': 170.833, 'eval_samples_per_second': 40.39, 'eval_steps_per_second': 2.529, 'epoch': 19.0}
{'loss': 0.0245, 'learning_rate': 6.882716049382715e-07, 'epoch': 19.68}
{'eval_loss': 0.01363773737102747, 'eval_f1': 0.9947563028516382, 'eval_roc_auc': 0.9955378545826415, 'eval_accuracy': 0.9936231884057971, 'eval_runtime': 170.8994, 'eval_samples_per_second': 40.375, 'eval_steps_per_second': 2.528, 'epoch': 20.0}
{'loss': 0.0193, 'learning_rate': 6.111111111111112e-07, 'epoch': 20.83}
{'eval_loss': 0.011711888946592808, 'eval_f1': 0.9958918312486803, 'eval_roc_auc': 0.9963045504277508, 'eval_accuracy': 0.995072463768116, 'eval_runtime': 170.8511, 'eval_samples_per_second': 40.386, 'eval_steps_per_second': 2.529, 'epoch': 21.0}
{'loss': 0.019, 'learning_rate': 5.339506172839506e-07, 'epoch': 21.99}
{'eval_loss': 0.010554652661085129, 'eval_f1': 0.9964640269846929, 'eval_roc_auc': 0.9968150726715644, 'eval_accuracy': 0.9956521739130435, 'eval_runtime': 170.9157, 'eval_samples_per_second': 40.371, 'eval_steps_per_second': 2.528, 'epoch': 22.0}
{'eval_loss': 0.009575411677360535, 'eval_f1': 0.9971503874435736, 'eval_roc_auc': 0.9973850686994771, 'eval_accuracy': 0.9965217391304347, 'eval_runtime': 170.9832, 'eval_samples_per_second': 40.355, 'eval_steps_per_second': 2.527, 'epoch': 23.0}
{'loss': 0.017, 'learning_rate': 4.5679012345679007e-07, 'epoch': 23.15}
{'eval_loss': 0.009107393212616444, 'eval_f1': 0.9970357157077845, 'eval_roc_auc': 0.9972713030567012, 'eval_accuracy': 0.9963768115942029, 'eval_runtime': 170.9393, 'eval_samples_per_second': 40.365, 'eval_steps_per_second': 2.527, 'epoch': 24.0}
{'loss': 0.0137, 'learning_rate': 3.7962962962962966e-07, 'epoch': 24.31}
{'eval_loss': 0.008663143962621689, 'eval_f1': 0.99726497995882, 'eval_roc_auc': 0.9974988343422527, 'eval_accuracy': 0.9966666666666667, 'eval_runtime': 171.0707, 'eval_samples_per_second': 40.334, 'eval_steps_per_second': 2.525, 'epoch': 25.0}
{'loss': 0.0134, 'learning_rate': 3.0246913580246913e-07, 'epoch': 25.46}
{'eval_loss': 0.008323066867887974, 'eval_f1': 0.9973780347573178, 'eval_roc_auc': 0.9975834469999961, 'eval_accuracy': 0.9968115942028986, 'eval_runtime': 171.0244, 'eval_samples_per_second': 40.345, 'eval_steps_per_second': 2.526, 'epoch': 26.0}
{'loss': 0.0143, 'learning_rate': 2.2530864197530864e-07, 'epoch': 26.62}
{'eval_loss': 0.008220815099775791, 'eval_f1': 0.9974929979272426, 'eval_roc_auc': 0.9977806574864819, 'eval_accuracy': 0.9969565217391304, 'eval_runtime': 170.8483, 'eval_samples_per_second': 40.387, 'eval_steps_per_second': 2.529, 'epoch': 27.0}
{'loss': 0.013, 'learning_rate': 1.4814814814814815e-07, 'epoch': 27.78}
{'eval_loss': 0.008015991188585758, 'eval_f1': 0.9977211577522573, 'eval_roc_auc': 0.9979247439283236, 'eval_accuracy': 0.9972463768115942, 'eval_runtime': 170.9672, 'eval_samples_per_second': 40.359, 'eval_steps_per_second': 2.527, 'epoch': 28.0}
{'loss': 0.0125, 'learning_rate': 7.098765432098765e-08, 'epoch': 28.94}
{'eval_loss': 0.0077411639504134655, 'eval_f1': 0.9977215749695771, 'eval_roc_auc': 0.9979247439283236, 'eval_accuracy': 0.9972463768115942, 'eval_runtime': 171.1202, 'eval_samples_per_second': 40.323, 'eval_steps_per_second': 2.525, 'epoch': 29.0}
{'eval_loss': 0.007732890080660582, 'eval_f1': 0.9977215749695771, 'eval_roc_auc': 0.9979247439283236, 'eval_accuracy': 0.9972463768115942, 'eval_runtime': 171.1254, 'eval_samples_per_second': 40.321, 'eval_steps_per_second': 2.524, 'epoch': 30.0}
{'train_runtime': 20161.5876, 'train_samples_per_second': 10.267, 'train_steps_per_second': 0.643, 'train_loss': 0.07153407548680718, 'epoch': 30.0}
