Model Name: AIMH/mental-roberta-large
Text Column: text
Max Length: 512
Batch Size: 4
Learning Rate: 2e-05
Number of Epochs: 30
Metric Name: eval_loss
Random State: 2
{'loss': 0.3973, 'learning_rate': 1.9806763285024154e-05, 'epoch': 0.29}
{'loss': 0.3072, 'learning_rate': 1.961352657004831e-05, 'epoch': 0.58}
{'loss': 0.3045, 'learning_rate': 1.9420289855072467e-05, 'epoch': 0.87}
{'eval_loss': 0.2196473479270935, 'eval_f1': 0.9016974981678493, 'eval_roc_auc': 0.9227761141826438, 'eval_accuracy': 0.893768115942029, 'eval_runtime': 182.072, 'eval_samples_per_second': 37.897, 'eval_steps_per_second': 9.474, 'epoch': 1.0}
{'loss': 0.2444, 'learning_rate': 1.922705314009662e-05, 'epoch': 1.16}
{'loss': 0.2246, 'learning_rate': 1.9033816425120775e-05, 'epoch': 1.45}
{'loss': 0.2064, 'learning_rate': 1.8840579710144928e-05, 'epoch': 1.74}
{'eval_loss': 0.11240176111459732, 'eval_f1': 0.9544276931597896, 'eval_roc_auc': 0.9659091110039137, 'eval_accuracy': 0.9465217391304348, 'eval_runtime': 182.0486, 'eval_samples_per_second': 37.902, 'eval_steps_per_second': 9.475, 'epoch': 2.0}
{'loss': 0.2198, 'learning_rate': 1.8647342995169084e-05, 'epoch': 2.03}
{'loss': 0.1316, 'learning_rate': 1.8454106280193237e-05, 'epoch': 2.32}
{'loss': 0.1629, 'learning_rate': 1.8260869565217393e-05, 'epoch': 2.61}
{'loss': 0.1542, 'learning_rate': 1.806763285024155e-05, 'epoch': 2.9}
{'eval_loss': 0.07685883343219757, 'eval_f1': 0.9687571474987436, 'eval_roc_auc': 0.976352197848238, 'eval_accuracy': 0.9637681159420289, 'eval_runtime': 182.0351, 'eval_samples_per_second': 37.905, 'eval_steps_per_second': 9.476, 'epoch': 3.0}
{'loss': 0.1389, 'learning_rate': 1.7874396135265702e-05, 'epoch': 3.19}
{'loss': 0.1081, 'learning_rate': 1.7681159420289858e-05, 'epoch': 3.48}
{'loss': 0.1002, 'learning_rate': 1.748792270531401e-05, 'epoch': 3.77}
{'eval_loss': 0.05677879601716995, 'eval_f1': 0.980999280759948, 'eval_roc_auc': 0.9873517118878951, 'eval_accuracy': 0.9768115942028985, 'eval_runtime': 182.0576, 'eval_samples_per_second': 37.9, 'eval_steps_per_second': 9.475, 'epoch': 4.0}
{'loss': 0.1112, 'learning_rate': 1.7294685990338163e-05, 'epoch': 4.06}
{'loss': 0.0727, 'learning_rate': 1.710144927536232e-05, 'epoch': 4.35}
{'loss': 0.0964, 'learning_rate': 1.6908212560386476e-05, 'epoch': 4.64}
{'loss': 0.113, 'learning_rate': 1.6714975845410632e-05, 'epoch': 4.93}
{'eval_loss': 0.05128949135541916, 'eval_f1': 0.984931921423561, 'eval_roc_auc': 0.9864227358676293, 'eval_accuracy': 0.9821739130434782, 'eval_runtime': 182.0961, 'eval_samples_per_second': 37.892, 'eval_steps_per_second': 9.473, 'epoch': 5.0}
{'loss': 0.0683, 'learning_rate': 1.6521739130434785e-05, 'epoch': 5.22}
{'loss': 0.061, 'learning_rate': 1.6328502415458937e-05, 'epoch': 5.51}
{'loss': 0.085, 'learning_rate': 1.6135265700483093e-05, 'epoch': 5.8}
{'eval_loss': 0.0574847050011158, 'eval_f1': 0.9823876255126931, 'eval_roc_auc': 0.9838655998678826, 'eval_accuracy': 0.9788405797101449, 'eval_runtime': 182.0451, 'eval_samples_per_second': 37.903, 'eval_steps_per_second': 9.476, 'epoch': 6.0}
{'loss': 0.0505, 'learning_rate': 1.5942028985507246e-05, 'epoch': 6.09}
{'loss': 0.0369, 'learning_rate': 1.5748792270531402e-05, 'epoch': 6.38}
{'loss': 0.0526, 'learning_rate': 1.555555555555556e-05, 'epoch': 6.67}
{'loss': 0.0693, 'learning_rate': 1.536231884057971e-05, 'epoch': 6.96}
{'eval_loss': 0.048098355531692505, 'eval_f1': 0.9860149191431654, 'eval_roc_auc': 0.9879542697323342, 'eval_accuracy': 0.9839130434782609, 'eval_runtime': 181.9854, 'eval_samples_per_second': 37.915, 'eval_steps_per_second': 9.479, 'epoch': 7.0}
{'loss': 0.0391, 'learning_rate': 1.5169082125603867e-05, 'epoch': 7.25}
{'loss': 0.0419, 'learning_rate': 1.497584541062802e-05, 'epoch': 7.54}
{'loss': 0.0307, 'learning_rate': 1.4782608695652174e-05, 'epoch': 7.83}
{'eval_loss': 0.012779357843101025, 'eval_f1': 0.9961378065562709, 'eval_roc_auc': 0.9973996972468241, 'eval_accuracy': 0.9953623188405797, 'eval_runtime': 181.9505, 'eval_samples_per_second': 37.922, 'eval_steps_per_second': 9.481, 'epoch': 8.0}
{'loss': 0.0462, 'learning_rate': 1.458937198067633e-05, 'epoch': 8.12}
{'loss': 0.0435, 'learning_rate': 1.4396135265700483e-05, 'epoch': 8.41}
{'loss': 0.0285, 'learning_rate': 1.420289855072464e-05, 'epoch': 8.7}
{'loss': 0.0358, 'learning_rate': 1.4009661835748794e-05, 'epoch': 8.99}
{'eval_loss': 0.015321971848607063, 'eval_f1': 0.9960233747118662, 'eval_roc_auc': 0.9970727782807274, 'eval_accuracy': 0.9952173913043478, 'eval_runtime': 181.901, 'eval_samples_per_second': 37.933, 'eval_steps_per_second': 9.483, 'epoch': 9.0}
{'loss': 0.028, 'learning_rate': 1.3816425120772946e-05, 'epoch': 9.28}
{'loss': 0.0338, 'learning_rate': 1.3623188405797103e-05, 'epoch': 9.57}
{'loss': 0.044, 'learning_rate': 1.3429951690821257e-05, 'epoch': 9.86}
{'eval_loss': 0.013862756080925465, 'eval_f1': 0.9961310178112548, 'eval_roc_auc': 0.996736152608532, 'eval_accuracy': 0.9955072463768115, 'eval_runtime': 181.9473, 'eval_samples_per_second': 37.923, 'eval_steps_per_second': 9.481, 'epoch': 10.0}
{'loss': 0.0271, 'learning_rate': 1.3236714975845413e-05, 'epoch': 10.14}
{'loss': 0.0275, 'learning_rate': 1.3043478260869566e-05, 'epoch': 10.43}
{'loss': 0.0418, 'learning_rate': 1.285024154589372e-05, 'epoch': 10.72}
{'eval_loss': 0.010843041352927685, 'eval_f1': 0.9972581115163308, 'eval_roc_auc': 0.9974656672458316, 'eval_accuracy': 0.9965217391304347, 'eval_runtime': 181.9385, 'eval_samples_per_second': 37.925, 'eval_steps_per_second': 9.481, 'epoch': 11.0}
{'loss': 0.0178, 'learning_rate': 1.2657004830917876e-05, 'epoch': 11.01}
{'loss': 0.0134, 'learning_rate': 1.2463768115942029e-05, 'epoch': 11.3}
{'loss': 0.0309, 'learning_rate': 1.2270531400966183e-05, 'epoch': 11.59}
{'loss': 0.0313, 'learning_rate': 1.207729468599034e-05, 'epoch': 11.88}
{'eval_loss': 0.01176630798727274, 'eval_f1': 0.9973804734274334, 'eval_roc_auc': 0.9979423652484806, 'eval_accuracy': 0.9968115942028986, 'eval_runtime': 181.9377, 'eval_samples_per_second': 37.925, 'eval_steps_per_second': 9.481, 'epoch': 12.0}
{'loss': 0.0222, 'learning_rate': 1.1884057971014494e-05, 'epoch': 12.17}
{'loss': 0.0164, 'learning_rate': 1.1690821256038648e-05, 'epoch': 12.46}
{'loss': 0.0356, 'learning_rate': 1.1497584541062803e-05, 'epoch': 12.75}
{'eval_loss': 0.009782434441149235, 'eval_f1': 0.9971651137345421, 'eval_roc_auc': 0.9985824494964506, 'eval_accuracy': 0.9966666666666667, 'eval_runtime': 181.9671, 'eval_samples_per_second': 37.919, 'eval_steps_per_second': 9.48, 'epoch': 13.0}
{'loss': 0.0289, 'learning_rate': 1.1304347826086957e-05, 'epoch': 13.04}
{'loss': 0.0086, 'learning_rate': 1.1111111111111113e-05, 'epoch': 13.33}
{'loss': 0.0124, 'learning_rate': 1.0917874396135266e-05, 'epoch': 13.62}
{'loss': 0.0396, 'learning_rate': 1.0724637681159422e-05, 'epoch': 13.91}
{'eval_loss': 0.0036780210211873055, 'eval_f1': 0.9989772219986305, 'eval_roc_auc': 0.9994807923886658, 'eval_accuracy': 0.9986956521739131, 'eval_runtime': 181.9493, 'eval_samples_per_second': 37.923, 'eval_steps_per_second': 9.481, 'epoch': 14.0}
{'loss': 0.0092, 'learning_rate': 1.0531400966183577e-05, 'epoch': 14.2}
{'loss': 0.0164, 'learning_rate': 1.033816425120773e-05, 'epoch': 14.49}
{'loss': 0.0191, 'learning_rate': 1.0144927536231885e-05, 'epoch': 14.78}
{'eval_loss': 0.005658031906932592, 'eval_f1': 0.9986333617929606, 'eval_roc_auc': 0.9988017019741096, 'eval_accuracy': 0.9984057971014493, 'eval_runtime': 182.0284, 'eval_samples_per_second': 37.906, 'eval_steps_per_second': 9.477, 'epoch': 15.0}
{'loss': 0.0039, 'learning_rate': 9.95169082125604e-06, 'epoch': 15.07}
{'loss': 0.0165, 'learning_rate': 9.758454106280194e-06, 'epoch': 15.36}
{'loss': 0.0118, 'learning_rate': 9.565217391304349e-06, 'epoch': 15.65}
{'loss': 0.0163, 'learning_rate': 9.371980676328503e-06, 'epoch': 15.94}
{'eval_loss': 0.0024300774093717337, 'eval_f1': 0.9993180320891096, 'eval_roc_auc': 0.9996803385032177, 'eval_accuracy': 0.9991304347826087, 'eval_runtime': 182.0055, 'eval_samples_per_second': 37.911, 'eval_steps_per_second': 9.478, 'epoch': 16.0}
{'loss': 0.0067, 'learning_rate': 9.178743961352658e-06, 'epoch': 16.23}
{'loss': 0.0129, 'learning_rate': 8.985507246376812e-06, 'epoch': 16.52}
{'loss': 0.0121, 'learning_rate': 8.792270531400966e-06, 'epoch': 16.81}
{'eval_loss': 0.0036023587454110384, 'eval_f1': 0.9986351129294366, 'eval_roc_auc': 0.9990811894902726, 'eval_accuracy': 0.9986956521739131, 'eval_runtime': 181.9718, 'eval_samples_per_second': 37.918, 'eval_steps_per_second': 9.479, 'epoch': 17.0}
{'loss': 0.0176, 'learning_rate': 8.599033816425122e-06, 'epoch': 17.1}
{'loss': 0.0109, 'learning_rate': 8.405797101449275e-06, 'epoch': 17.39}
{'loss': 0.0076, 'learning_rate': 8.212560386473431e-06, 'epoch': 17.68}
{'loss': 0.0089, 'learning_rate': 8.019323671497586e-06, 'epoch': 17.97}
{'eval_loss': 0.0033497002441436052, 'eval_f1': 0.9990892369585056, 'eval_roc_auc': 0.9992024726865357, 'eval_accuracy': 0.998840579710145, 'eval_runtime': 181.9705, 'eval_samples_per_second': 37.918, 'eval_steps_per_second': 9.48, 'epoch': 18.0}
{'loss': 0.0179, 'learning_rate': 7.82608695652174e-06, 'epoch': 18.26}
{'loss': 0.0124, 'learning_rate': 7.632850241545895e-06, 'epoch': 18.55}
{'loss': 0.0008, 'learning_rate': 7.439613526570049e-06, 'epoch': 18.84}
{'eval_loss': 0.009246463887393475, 'eval_f1': 0.9978510481266603, 'eval_roc_auc': 0.9993404599740393, 'eval_accuracy': 0.9972463768115942, 'eval_runtime': 181.8705, 'eval_samples_per_second': 37.939, 'eval_steps_per_second': 9.485, 'epoch': 19.0}
{'train_runtime': 14995.5987, 'train_samples_per_second': 13.804, 'train_steps_per_second': 3.451, 'train_loss': 0.06790023590752771, 'epoch': 19.0}
