Model Name: AIMH/mental-bert-large-cased
Text Column: text
Max Length: 512
Batch Size: 16
Learning Rate: 2e-05
Number of Epochs: 30
Metric Name: eval_loss
Random State: 2
{'eval_loss': 0.18596529960632324, 'eval_f1': 0.8854759737647916, 'eval_roc_auc': 0.908925901114812, 'eval_accuracy': 0.8814492753623189, 'eval_runtime': 170.9587, 'eval_samples_per_second': 40.361, 'eval_steps_per_second': 2.527, 'epoch': 1.0}
{'loss': 0.247, 'learning_rate': 1.9228395061728397e-05, 'epoch': 1.16}
{'eval_loss': 0.08347366005182266, 'eval_f1': 0.9595957170386944, 'eval_roc_auc': 0.9690115435842922, 'eval_accuracy': 0.9533333333333334, 'eval_runtime': 170.9289, 'eval_samples_per_second': 40.368, 'eval_steps_per_second': 2.527, 'epoch': 2.0}
{'loss': 0.1323, 'learning_rate': 1.8456790123456792e-05, 'epoch': 2.31}
{'eval_loss': 0.05008869990706444, 'eval_f1': 0.9772941450446551, 'eval_roc_auc': 0.9813468841329037, 'eval_accuracy': 0.9743478260869565, 'eval_runtime': 171.271, 'eval_samples_per_second': 40.287, 'eval_steps_per_second': 2.522, 'epoch': 3.0}
{'loss': 0.0845, 'learning_rate': 1.7685185185185187e-05, 'epoch': 3.47}
{'eval_loss': 0.027055207639932632, 'eval_f1': 0.9893838385650674, 'eval_roc_auc': 0.991237416927282, 'eval_accuracy': 0.9872463768115942, 'eval_runtime': 171.3299, 'eval_samples_per_second': 40.273, 'eval_steps_per_second': 2.521, 'epoch': 4.0}
{'loss': 0.0501, 'learning_rate': 1.6913580246913582e-05, 'epoch': 4.63}
{'eval_loss': 0.020070023834705353, 'eval_f1': 0.9923476610082667, 'eval_roc_auc': 0.993775139514831, 'eval_accuracy': 0.9908695652173913, 'eval_runtime': 170.9607, 'eval_samples_per_second': 40.36, 'eval_steps_per_second': 2.527, 'epoch': 5.0}
{'loss': 0.0287, 'learning_rate': 1.6141975308641978e-05, 'epoch': 5.79}
{'eval_loss': 0.01103769801557064, 'eval_f1': 0.9940766580642016, 'eval_roc_auc': 0.9952895955954043, 'eval_accuracy': 0.9928985507246377, 'eval_runtime': 171.1241, 'eval_samples_per_second': 40.322, 'eval_steps_per_second': 2.524, 'epoch': 6.0}
{'loss': 0.0173, 'learning_rate': 1.537037037037037e-05, 'epoch': 6.94}
{'eval_loss': 0.005737720988690853, 'eval_f1': 0.9981768695970658, 'eval_roc_auc': 0.9983215005293614, 'eval_accuracy': 0.9978260869565218, 'eval_runtime': 171.0253, 'eval_samples_per_second': 40.345, 'eval_steps_per_second': 2.526, 'epoch': 7.0}
{'eval_loss': 0.0035285220947116613, 'eval_f1': 0.9978343126100255, 'eval_roc_auc': 0.9980133706974551, 'eval_accuracy': 0.9975362318840579, 'eval_runtime': 171.0326, 'eval_samples_per_second': 40.343, 'eval_steps_per_second': 2.526, 'epoch': 8.0}
{'loss': 0.0103, 'learning_rate': 1.4598765432098766e-05, 'epoch': 8.1}
{'eval_loss': 0.004030041396617889, 'eval_f1': 0.9981797629202941, 'eval_roc_auc': 0.9986804187778463, 'eval_accuracy': 0.9979710144927536, 'eval_runtime': 170.7795, 'eval_samples_per_second': 40.403, 'eval_steps_per_second': 2.53, 'epoch': 9.0}
{'loss': 0.0064, 'learning_rate': 1.3827160493827162e-05, 'epoch': 9.26}
{'eval_loss': 0.005207139067351818, 'eval_f1': 0.9974954524514298, 'eval_roc_auc': 0.998030992017612, 'eval_accuracy': 0.9971014492753624, 'eval_runtime': 171.198, 'eval_samples_per_second': 40.304, 'eval_steps_per_second': 2.523, 'epoch': 10.0}
{'loss': 0.0082, 'learning_rate': 1.3055555555555557e-05, 'epoch': 10.42}
{'eval_loss': 0.00361016858369112, 'eval_f1': 0.9984090769378803, 'eval_roc_auc': 0.9987822556951755, 'eval_accuracy': 0.9979710144927536, 'eval_runtime': 170.8709, 'eval_samples_per_second': 40.381, 'eval_steps_per_second': 2.528, 'epoch': 11.0}
{'train_runtime': 7419.069, 'train_samples_per_second': 27.901, 'train_steps_per_second': 1.747, 'train_loss': 0.06224446430150106, 'epoch': 11.0}
