Model Name: AIMH/mental-roberta-large
Text Column: text
Max Length: 384
Batch Size: 32
Learning Rate: 2e-05
Number of Epochs: 30
Metric Name: eval_loss
Random State: 2
{'eval_loss': 0.12587733566761017, 'eval_f1': 0.9249340180218685, 'eval_roc_auc': 0.9405827242699649, 'eval_accuracy': 0.9166666666666666, 'eval_runtime': 117.525, 'eval_samples_per_second': 58.711, 'eval_steps_per_second': 1.838, 'epoch': 1.0}
{'eval_loss': 0.06942407786846161, 'eval_f1': 0.9659275282224387, 'eval_roc_auc': 0.975373304284914, 'eval_accuracy': 0.9592753623188406, 'eval_runtime': 116.9773, 'eval_samples_per_second': 58.986, 'eval_steps_per_second': 1.847, 'epoch': 2.0}
{'loss': 0.1788, 'learning_rate': 1.8456790123456792e-05, 'epoch': 2.31}
{'eval_loss': 0.04735083505511284, 'eval_f1': 0.9764016083820706, 'eval_roc_auc': 0.9785893600222174, 'eval_accuracy': 0.9710144927536232, 'eval_runtime': 117.2061, 'eval_samples_per_second': 58.871, 'eval_steps_per_second': 1.843, 'epoch': 3.0}
{'eval_loss': 0.017488572746515274, 'eval_f1': 0.9930499535541756, 'eval_roc_auc': 0.9944949145792955, 'eval_accuracy': 0.991304347826087, 'eval_runtime': 117.0762, 'eval_samples_per_second': 58.936, 'eval_steps_per_second': 1.845, 'epoch': 4.0}
{'loss': 0.0556, 'learning_rate': 1.6913580246913582e-05, 'epoch': 4.63}
{'eval_loss': 0.0074446010403335094, 'eval_f1': 0.996244631520567, 'eval_roc_auc': 0.9970630715746287, 'eval_accuracy': 0.9952173913043478, 'eval_runtime': 116.6283, 'eval_samples_per_second': 59.162, 'eval_steps_per_second': 1.852, 'epoch': 5.0}
{'eval_loss': 0.005523898173123598, 'eval_f1': 0.9976063237192524, 'eval_roc_auc': 0.9978944231292578, 'eval_accuracy': 0.9969565217391304, 'eval_runtime': 116.8814, 'eval_samples_per_second': 59.034, 'eval_steps_per_second': 1.848, 'epoch': 6.0}
{'loss': 0.0178, 'learning_rate': 1.537037037037037e-05, 'epoch': 6.94}
{'eval_loss': 0.00649039912968874, 'eval_f1': 0.9970213778695481, 'eval_roc_auc': 0.9971295522429254, 'eval_accuracy': 0.996231884057971, 'eval_runtime': 117.051, 'eval_samples_per_second': 58.949, 'eval_steps_per_second': 1.845, 'epoch': 7.0}
{'eval_loss': 0.0017636697739362717, 'eval_f1': 0.9994312119331723, 'eval_roc_auc': 0.9995980614735408, 'eval_accuracy': 0.9992753623188406, 'eval_runtime': 117.0502, 'eval_samples_per_second': 58.949, 'eval_steps_per_second': 1.845, 'epoch': 8.0}
{'eval_loss': 0.0016491980059072375, 'eval_f1': 0.9994308774910469, 'eval_roc_auc': 0.9995437696148636, 'eval_accuracy': 0.9992753623188406, 'eval_runtime': 116.6651, 'eval_samples_per_second': 59.144, 'eval_steps_per_second': 1.851, 'epoch': 9.0}
{'loss': 0.0057, 'learning_rate': 1.3827160493827162e-05, 'epoch': 9.26}
{'eval_loss': 0.0005572683294303715, 'eval_f1': 0.9996588205577062, 'eval_roc_auc': 0.9998255927590926, 'eval_accuracy': 0.9995652173913043, 'eval_runtime': 116.8483, 'eval_samples_per_second': 59.051, 'eval_steps_per_second': 1.849, 'epoch': 10.0}
{'eval_loss': 0.001123789930716157, 'eval_f1': 0.9997724101939964, 'eval_roc_auc': 0.9997724687144482, 'eval_accuracy': 0.9997101449275362, 'eval_runtime': 117.118, 'eval_samples_per_second': 58.915, 'eval_steps_per_second': 1.844, 'epoch': 11.0}
{'loss': 0.0033, 'learning_rate': 1.228395061728395e-05, 'epoch': 11.57}
{'eval_loss': 0.0027705668471753597, 'eval_f1': 0.9989769310514457, 'eval_roc_auc': 0.9994224864186002, 'eval_accuracy': 0.9986956521739131, 'eval_runtime': 116.9863, 'eval_samples_per_second': 58.981, 'eval_steps_per_second': 1.846, 'epoch': 12.0}
{'eval_loss': 0.0007665131706744432, 'eval_f1': 0.9997725272013521, 'eval_roc_auc': 0.9998850665431912, 'eval_accuracy': 0.9997101449275362, 'eval_runtime': 116.6261, 'eval_samples_per_second': 59.163, 'eval_steps_per_second': 1.852, 'epoch': 13.0}
{'train_runtime': 5981.6467, 'train_samples_per_second': 34.606, 'train_steps_per_second': 1.083, 'train_loss': 0.04693095415745705, 'epoch': 13.0}
