Model Name: AIMH/mental-xlnet-base-cased
Text Column: text
Max Length: 512
Batch Size: 4
Learning Rate: 2e-05
Number of Epochs: 30
Metric Name: eval_loss
Random State: 2
{'loss': 0.3404, 'learning_rate': 1.9806763285024154e-05, 'epoch': 0.29}
{'loss': 0.2864, 'learning_rate': 1.961352657004831e-05, 'epoch': 0.58}
{'loss': 0.2922, 'learning_rate': 1.9420289855072467e-05, 'epoch': 0.87}
{'eval_loss': 0.20724895596504211, 'eval_f1': 0.8937685702247696, 'eval_roc_auc': 0.9152386833491227, 'eval_accuracy': 0.8921739130434783, 'eval_runtime': 126.4078, 'eval_samples_per_second': 54.585, 'eval_steps_per_second': 13.646, 'epoch': 1.0}
{'loss': 0.2541, 'learning_rate': 1.922705314009662e-05, 'epoch': 1.16}
{'loss': 0.2143, 'learning_rate': 1.9033816425120775e-05, 'epoch': 1.45}
{'loss': 0.2077, 'learning_rate': 1.8840579710144928e-05, 'epoch': 1.74}
{'eval_loss': 0.12205152213573456, 'eval_f1': 0.9494607376159863, 'eval_roc_auc': 0.9626278928774047, 'eval_accuracy': 0.9436231884057971, 'eval_runtime': 125.8691, 'eval_samples_per_second': 54.819, 'eval_steps_per_second': 13.705, 'epoch': 2.0}
{'loss': 0.2132, 'learning_rate': 1.8647342995169084e-05, 'epoch': 2.03}
{'loss': 0.1325, 'learning_rate': 1.8454106280193237e-05, 'epoch': 2.32}
{'loss': 0.1626, 'learning_rate': 1.8260869565217393e-05, 'epoch': 2.61}
{'loss': 0.1523, 'learning_rate': 1.806763285024155e-05, 'epoch': 2.9}
{'eval_loss': 0.05923936143517494, 'eval_f1': 0.976201063485907, 'eval_roc_auc': 0.9835457400307961, 'eval_accuracy': 0.9710144927536232, 'eval_runtime': 126.2735, 'eval_samples_per_second': 54.643, 'eval_steps_per_second': 13.661, 'epoch': 3.0}
{'loss': 0.1237, 'learning_rate': 1.7874396135265702e-05, 'epoch': 3.19}
{'loss': 0.0901, 'learning_rate': 1.7681159420289858e-05, 'epoch': 3.48}
{'loss': 0.0858, 'learning_rate': 1.748792270531401e-05, 'epoch': 3.77}
{'eval_loss': 0.037269286811351776, 'eval_f1': 0.9865696176081352, 'eval_roc_auc': 0.9899998526506322, 'eval_accuracy': 0.9842028985507246, 'eval_runtime': 126.5026, 'eval_samples_per_second': 54.544, 'eval_steps_per_second': 13.636, 'epoch': 4.0}
{'loss': 0.0969, 'learning_rate': 1.7294685990338163e-05, 'epoch': 4.06}
{'loss': 0.0637, 'learning_rate': 1.710144927536232e-05, 'epoch': 4.35}
{'loss': 0.0633, 'learning_rate': 1.6908212560386476e-05, 'epoch': 4.64}
{'loss': 0.0796, 'learning_rate': 1.6714975845410632e-05, 'epoch': 4.93}
{'eval_loss': 0.04101939499378204, 'eval_f1': 0.9866339461826149, 'eval_roc_auc': 0.9884790563296609, 'eval_accuracy': 0.9840579710144928, 'eval_runtime': 126.8249, 'eval_samples_per_second': 54.406, 'eval_steps_per_second': 13.601, 'epoch': 5.0}
{'loss': 0.0529, 'learning_rate': 1.6521739130434785e-05, 'epoch': 5.22}
{'loss': 0.0391, 'learning_rate': 1.6328502415458937e-05, 'epoch': 5.51}
{'loss': 0.0531, 'learning_rate': 1.6135265700483093e-05, 'epoch': 5.8}
{'eval_loss': 0.025879645720124245, 'eval_f1': 0.9920119671307273, 'eval_roc_auc': 0.9931904820728349, 'eval_accuracy': 0.9902898550724638, 'eval_runtime': 126.3195, 'eval_samples_per_second': 54.623, 'eval_steps_per_second': 13.656, 'epoch': 6.0}
{'loss': 0.0675, 'learning_rate': 1.5942028985507246e-05, 'epoch': 6.09}
{'loss': 0.038, 'learning_rate': 1.5748792270531402e-05, 'epoch': 6.38}
{'loss': 0.0238, 'learning_rate': 1.555555555555556e-05, 'epoch': 6.67}
{'loss': 0.0474, 'learning_rate': 1.536231884057971e-05, 'epoch': 6.96}
{'eval_loss': 0.01919400878250599, 'eval_f1': 0.9942885964389336, 'eval_roc_auc': 0.9951079308851825, 'eval_accuracy': 0.9933333333333333, 'eval_runtime': 126.3104, 'eval_samples_per_second': 54.627, 'eval_steps_per_second': 13.657, 'epoch': 7.0}
{'loss': 0.0128, 'learning_rate': 1.5169082125603867e-05, 'epoch': 7.25}
{'loss': 0.0247, 'learning_rate': 1.497584541062802e-05, 'epoch': 7.54}
{'loss': 0.032, 'learning_rate': 1.4782608695652174e-05, 'epoch': 7.83}
{'eval_loss': 0.013693759217858315, 'eval_f1': 0.9959148197990315, 'eval_roc_auc': 0.9975230559869808, 'eval_accuracy': 0.994927536231884, 'eval_runtime': 126.0811, 'eval_samples_per_second': 54.727, 'eval_steps_per_second': 13.682, 'epoch': 8.0}
{'loss': 0.0336, 'learning_rate': 1.458937198067633e-05, 'epoch': 8.12}
{'loss': 0.0188, 'learning_rate': 1.4396135265700483e-05, 'epoch': 8.41}
{'loss': 0.022, 'learning_rate': 1.420289855072464e-05, 'epoch': 8.7}
{'loss': 0.0295, 'learning_rate': 1.4009661835748794e-05, 'epoch': 8.99}
{'eval_loss': 0.014735781587660313, 'eval_f1': 0.9964706330206469, 'eval_roc_auc': 0.9973117276224366, 'eval_accuracy': 0.9957971014492754, 'eval_runtime': 126.411, 'eval_samples_per_second': 54.584, 'eval_steps_per_second': 13.646, 'epoch': 9.0}
{'loss': 0.0247, 'learning_rate': 1.3816425120772946e-05, 'epoch': 9.28}
{'loss': 0.0267, 'learning_rate': 1.3623188405797103e-05, 'epoch': 9.57}
{'loss': 0.0278, 'learning_rate': 1.3429951690821257e-05, 'epoch': 9.86}
{'eval_loss': 0.018245622515678406, 'eval_f1': 0.9944891638778076, 'eval_roc_auc': 0.9950479464317947, 'eval_accuracy': 0.9931884057971014, 'eval_runtime': 126.3773, 'eval_samples_per_second': 54.598, 'eval_steps_per_second': 13.65, 'epoch': 10.0}
{'loss': 0.0333, 'learning_rate': 1.3236714975845413e-05, 'epoch': 10.14}
{'loss': 0.0161, 'learning_rate': 1.3043478260869566e-05, 'epoch': 10.43}
{'loss': 0.0328, 'learning_rate': 1.285024154589372e-05, 'epoch': 10.72}
{'eval_loss': 0.008008771575987339, 'eval_f1': 0.9971629757797146, 'eval_roc_auc': 0.9978223634749688, 'eval_accuracy': 0.9963768115942029, 'eval_runtime': 126.2079, 'eval_samples_per_second': 54.672, 'eval_steps_per_second': 13.668, 'epoch': 11.0}
{'loss': 0.0114, 'learning_rate': 1.2657004830917876e-05, 'epoch': 11.01}
{'loss': 0.0183, 'learning_rate': 1.2463768115942029e-05, 'epoch': 11.3}
{'loss': 0.0111, 'learning_rate': 1.2270531400966183e-05, 'epoch': 11.59}
{'loss': 0.0179, 'learning_rate': 1.207729468599034e-05, 'epoch': 11.88}
{'eval_loss': 0.00853897724300623, 'eval_f1': 0.9979525616789963, 'eval_roc_auc': 0.9985363323360046, 'eval_accuracy': 0.9975362318840579, 'eval_runtime': 126.1684, 'eval_samples_per_second': 54.689, 'eval_steps_per_second': 13.672, 'epoch': 12.0}
{'loss': 0.0226, 'learning_rate': 1.1884057971014494e-05, 'epoch': 12.17}
{'loss': 0.0099, 'learning_rate': 1.1690821256038648e-05, 'epoch': 12.46}
{'loss': 0.0234, 'learning_rate': 1.1497584541062803e-05, 'epoch': 12.75}
{'eval_loss': 0.002888869494199753, 'eval_f1': 0.9992038363106253, 'eval_roc_auc': 0.9994831280167318, 'eval_accuracy': 0.9989855072463768, 'eval_runtime': 126.7776, 'eval_samples_per_second': 54.426, 'eval_steps_per_second': 13.607, 'epoch': 13.0}
{'loss': 0.0268, 'learning_rate': 1.1304347826086957e-05, 'epoch': 13.04}
{'loss': 0.0179, 'learning_rate': 1.1111111111111113e-05, 'epoch': 13.33}
{'loss': 0.0083, 'learning_rate': 1.0917874396135266e-05, 'epoch': 13.62}
{'loss': 0.0125, 'learning_rate': 1.0724637681159422e-05, 'epoch': 13.91}
{'eval_loss': 0.00420632166787982, 'eval_f1': 0.9989769322410985, 'eval_roc_auc': 0.9994224864186002, 'eval_accuracy': 0.9986956521739131, 'eval_runtime': 126.1946, 'eval_samples_per_second': 54.677, 'eval_steps_per_second': 13.669, 'epoch': 14.0}
{'loss': 0.015, 'learning_rate': 1.0531400966183577e-05, 'epoch': 14.2}
{'loss': 0.0111, 'learning_rate': 1.033816425120773e-05, 'epoch': 14.49}
{'loss': 0.0225, 'learning_rate': 1.0144927536231885e-05, 'epoch': 14.78}
{'eval_loss': 0.004573574755340815, 'eval_f1': 0.9989758300156739, 'eval_roc_auc': 0.9991761659988583, 'eval_accuracy': 0.998840579710145, 'eval_runtime': 126.3814, 'eval_samples_per_second': 54.597, 'eval_steps_per_second': 13.649, 'epoch': 15.0}
{'loss': 0.0184, 'learning_rate': 9.95169082125604e-06, 'epoch': 15.07}
{'loss': 0.0144, 'learning_rate': 9.758454106280194e-06, 'epoch': 15.36}
{'loss': 0.011, 'learning_rate': 9.565217391304349e-06, 'epoch': 15.65}
{'loss': 0.0047, 'learning_rate': 9.371980676328503e-06, 'epoch': 15.94}
{'eval_loss': 0.0032448002602905035, 'eval_f1': 0.9992038319743892, 'eval_roc_auc': 0.99940369728441, 'eval_accuracy': 0.9989855072463768, 'eval_runtime': 126.8198, 'eval_samples_per_second': 54.408, 'eval_steps_per_second': 13.602, 'epoch': 16.0}
{'train_runtime': 8010.8113, 'train_samples_per_second': 25.84, 'train_steps_per_second': 6.46, 'train_loss': 0.06876221512970718, 'epoch': 16.0}
