Model Name: AIMH/mental-roberta-large
Text Column: text
Max Length: 384
Batch Size: 32
Learning Rate: 2e-06
Number of Epochs: 30
Metric Name: eval_loss
Random State: 2
{'eval_loss': 0.2269585281610489, 'eval_f1': 0.8691597887130923, 'eval_roc_auc': 0.8985289452995565, 'eval_accuracy': 0.8633333333333333, 'eval_runtime': 120.4409, 'eval_samples_per_second': 57.29, 'eval_steps_per_second': 1.793, 'epoch': 1.0}
{'eval_loss': 0.16109706461429596, 'eval_f1': 0.9091059394250892, 'eval_roc_auc': 0.9323851445209477, 'eval_accuracy': 0.8981159420289855, 'eval_runtime': 119.6187, 'eval_samples_per_second': 57.683, 'eval_steps_per_second': 1.806, 'epoch': 2.0}
{'loss': 0.3132, 'learning_rate': 1.8456790123456789e-06, 'epoch': 2.31}
{'eval_loss': 0.13114552199840546, 'eval_f1': 0.9277510174491503, 'eval_roc_auc': 0.9482962630555083, 'eval_accuracy': 0.9150724637681159, 'eval_runtime': 120.3596, 'eval_samples_per_second': 57.328, 'eval_steps_per_second': 1.795, 'epoch': 3.0}
{'eval_loss': 0.11302830278873444, 'eval_f1': 0.9404218097714656, 'eval_roc_auc': 0.9583745268477103, 'eval_accuracy': 0.9301449275362319, 'eval_runtime': 120.6575, 'eval_samples_per_second': 57.187, 'eval_steps_per_second': 1.79, 'epoch': 4.0}
{'loss': 0.1478, 'learning_rate': 1.6913580246913578e-06, 'epoch': 4.63}
{'eval_loss': 0.08739647269248962, 'eval_f1': 0.9584766663116998, 'eval_roc_auc': 0.9695523771281149, 'eval_accuracy': 0.9511594202898551, 'eval_runtime': 119.9422, 'eval_samples_per_second': 57.528, 'eval_steps_per_second': 1.801, 'epoch': 5.0}
{'eval_loss': 0.0787314847111702, 'eval_f1': 0.9633673653136503, 'eval_roc_auc': 0.975394702999966, 'eval_accuracy': 0.9560869565217391, 'eval_runtime': 119.5597, 'eval_samples_per_second': 57.712, 'eval_steps_per_second': 1.807, 'epoch': 6.0}
{'loss': 0.1041, 'learning_rate': 1.537037037037037e-06, 'epoch': 6.94}
{'eval_loss': 0.0675395205616951, 'eval_f1': 0.9688553011650826, 'eval_roc_auc': 0.9773371632086167, 'eval_accuracy': 0.9634782608695652, 'eval_runtime': 120.3954, 'eval_samples_per_second': 57.311, 'eval_steps_per_second': 1.794, 'epoch': 7.0}
{'eval_loss': 0.051120612770318985, 'eval_f1': 0.9788074966162706, 'eval_roc_auc': 0.984428286561631, 'eval_accuracy': 0.9755072463768116, 'eval_runtime': 120.5472, 'eval_samples_per_second': 57.239, 'eval_steps_per_second': 1.792, 'epoch': 8.0}
{'eval_loss': 0.04578473046422005, 'eval_f1': 0.9806920370982289, 'eval_roc_auc': 0.9860102446490798, 'eval_accuracy': 0.9775362318840579, 'eval_runtime': 120.0411, 'eval_samples_per_second': 57.48, 'eval_steps_per_second': 1.799, 'epoch': 9.0}
{'loss': 0.0748, 'learning_rate': 1.382716049382716e-06, 'epoch': 9.26}
{'eval_loss': 0.03924426808953285, 'eval_f1': 0.9838029771001456, 'eval_roc_auc': 0.9873558819737948, 'eval_accuracy': 0.9815942028985507, 'eval_runtime': 119.7033, 'eval_samples_per_second': 57.643, 'eval_steps_per_second': 1.804, 'epoch': 10.0}
{'eval_loss': 0.032744526863098145, 'eval_f1': 0.987275385360985, 'eval_roc_auc': 0.9908070866701952, 'eval_accuracy': 0.9853623188405797, 'eval_runtime': 120.3885, 'eval_samples_per_second': 57.314, 'eval_steps_per_second': 1.794, 'epoch': 11.0}
{'loss': 0.0569, 'learning_rate': 1.228395061728395e-06, 'epoch': 11.57}
{'eval_loss': 0.030183997005224228, 'eval_f1': 0.98736598997914, 'eval_roc_auc': 0.9900481684627463, 'eval_accuracy': 0.9853623188405797, 'eval_runtime': 120.5692, 'eval_samples_per_second': 57.229, 'eval_steps_per_second': 1.792, 'epoch': 12.0}
{'eval_loss': 0.02335391938686371, 'eval_f1': 0.991127300078439, 'eval_roc_auc': 0.9934365424084037, 'eval_accuracy': 0.99, 'eval_runtime': 120.0183, 'eval_samples_per_second': 57.491, 'eval_steps_per_second': 1.8, 'epoch': 13.0}
{'loss': 0.0416, 'learning_rate': 1.074074074074074e-06, 'epoch': 13.89}
{'eval_loss': 0.018381625413894653, 'eval_f1': 0.9932803874624974, 'eval_roc_auc': 0.9947264599762354, 'eval_accuracy': 0.9923188405797101, 'eval_runtime': 119.7649, 'eval_samples_per_second': 57.613, 'eval_steps_per_second': 1.804, 'epoch': 14.0}
{'eval_loss': 0.01614907942712307, 'eval_f1': 0.9945322743874939, 'eval_roc_auc': 0.9956652274341862, 'eval_accuracy': 0.9939130434782608, 'eval_runtime': 120.4484, 'eval_samples_per_second': 57.286, 'eval_steps_per_second': 1.793, 'epoch': 15.0}
{'eval_loss': 0.017959902063012123, 'eval_f1': 0.9931638227697834, 'eval_roc_auc': 0.9947835981322682, 'eval_accuracy': 0.9921739130434782, 'eval_runtime': 120.5534, 'eval_samples_per_second': 57.236, 'eval_steps_per_second': 1.792, 'epoch': 16.0}
{'loss': 0.0301, 'learning_rate': 9.19753086419753e-07, 'epoch': 16.2}
{'eval_loss': 0.013834656216204166, 'eval_f1': 0.9949799827580099, 'eval_roc_auc': 0.9957573576454167, 'eval_accuracy': 0.9944927536231885, 'eval_runtime': 119.836, 'eval_samples_per_second': 57.579, 'eval_steps_per_second': 1.802, 'epoch': 17.0}
{'eval_loss': 0.01197140384465456, 'eval_f1': 0.9960190249050811, 'eval_roc_auc': 0.9971401666788843, 'eval_accuracy': 0.9955072463768115, 'eval_runtime': 119.4355, 'eval_samples_per_second': 57.772, 'eval_steps_per_second': 1.809, 'epoch': 18.0}
{'loss': 0.0249, 'learning_rate': 7.65432098765432e-07, 'epoch': 18.52}
{'eval_loss': 0.012415565550327301, 'eval_f1': 0.9955507903743411, 'eval_roc_auc': 0.9961884491569085, 'eval_accuracy': 0.994927536231884, 'eval_runtime': 119.8147, 'eval_samples_per_second': 57.589, 'eval_steps_per_second': 1.803, 'epoch': 19.0}
{'eval_loss': 0.01013110764324665, 'eval_f1': 0.9966952475934043, 'eval_roc_auc': 0.9972386466295691, 'eval_accuracy': 0.9963768115942029, 'eval_runtime': 119.722, 'eval_samples_per_second': 57.634, 'eval_steps_per_second': 1.804, 'epoch': 20.0}
{'loss': 0.0189, 'learning_rate': 6.111111111111112e-07, 'epoch': 20.83}
{'eval_loss': 0.00922719482332468, 'eval_f1': 0.9969235119031671, 'eval_roc_auc': 0.9974370249300882, 'eval_accuracy': 0.9965217391304347, 'eval_runtime': 119.1045, 'eval_samples_per_second': 57.932, 'eval_steps_per_second': 1.814, 'epoch': 21.0}
{'eval_loss': 0.009182644076645374, 'eval_f1': 0.9973784082899787, 'eval_roc_auc': 0.9977251978137716, 'eval_accuracy': 0.9972463768115942, 'eval_runtime': 119.142, 'eval_samples_per_second': 57.914, 'eval_steps_per_second': 1.813, 'epoch': 22.0}
{'eval_loss': 0.007138761226087809, 'eval_f1': 0.9980637639507275, 'eval_roc_auc': 0.9983494857003613, 'eval_accuracy': 0.9978260869565218, 'eval_runtime': 119.9461, 'eval_samples_per_second': 57.526, 'eval_steps_per_second': 1.801, 'epoch': 23.0}
{'loss': 0.0151, 'learning_rate': 4.5679012345679007e-07, 'epoch': 23.15}
{'eval_loss': 0.006863116752356291, 'eval_f1': 0.9979501953357577, 'eval_roc_auc': 0.9983191649012956, 'eval_accuracy': 0.9976811594202899, 'eval_runtime': 119.5594, 'eval_samples_per_second': 57.712, 'eval_steps_per_second': 1.807, 'epoch': 24.0}
{'eval_loss': 0.006808334030210972, 'eval_f1': 0.9981776261785816, 'eval_roc_auc': 0.9984632513431374, 'eval_accuracy': 0.9979710144927536, 'eval_runtime': 119.0039, 'eval_samples_per_second': 57.981, 'eval_steps_per_second': 1.815, 'epoch': 25.0}
{'loss': 0.013, 'learning_rate': 3.0246913580246913e-07, 'epoch': 25.46}
{'eval_loss': 0.006262387149035931, 'eval_f1': 0.9981770156884948, 'eval_roc_auc': 0.9984632513431372, 'eval_accuracy': 0.9979710144927536, 'eval_runtime': 119.2077, 'eval_samples_per_second': 57.882, 'eval_steps_per_second': 1.812, 'epoch': 26.0}
{'eval_loss': 0.0060363574884831905, 'eval_f1': 0.9982914497369744, 'eval_roc_auc': 0.9985770169859132, 'eval_accuracy': 0.9981159420289855, 'eval_runtime': 119.8083, 'eval_samples_per_second': 57.592, 'eval_steps_per_second': 1.803, 'epoch': 27.0}
{'loss': 0.0126, 'learning_rate': 1.4814814814814815e-07, 'epoch': 27.78}
{'eval_loss': 0.006121487822383642, 'eval_f1': 0.9982914497369744, 'eval_roc_auc': 0.9985770169859132, 'eval_accuracy': 0.9981159420289855, 'eval_runtime': 119.2759, 'eval_samples_per_second': 57.849, 'eval_steps_per_second': 1.811, 'epoch': 28.0}
{'eval_loss': 0.005568592809140682, 'eval_f1': 0.9982919812798043, 'eval_roc_auc': 0.9985770169859133, 'eval_accuracy': 0.9981159420289855, 'eval_runtime': 118.9142, 'eval_samples_per_second': 58.025, 'eval_steps_per_second': 1.816, 'epoch': 29.0}
{'eval_loss': 0.005660923197865486, 'eval_f1': 0.9984058048381973, 'eval_roc_auc': 0.998690782628689, 'eval_accuracy': 0.9982608695652174, 'eval_runtime': 119.4273, 'eval_samples_per_second': 57.776, 'eval_steps_per_second': 1.809, 'epoch': 30.0}
{'train_runtime': 14119.6303, 'train_samples_per_second': 14.66, 'train_steps_per_second': 0.459, 'train_loss': 0.06658244361112148, 'epoch': 30.0}
