Model Name: AIMH/mental-longformer-base-4096
Text Column: text
Max Length: 1024
Batch Size: 8
Learning Rate: 2e-05
Number of Epochs: 30
Metric Name: eval_loss
Random State: 2
{'loss': 0.2887, 'learning_rate': 1.96137504828119e-05, 'epoch': 0.58}
{'eval_loss': 0.17126093804836273, 'eval_f1': 0.912711377521639, 'eval_roc_auc': 0.9336280700652094, 'eval_accuracy': 0.9047826086956522, 'eval_runtime': 212.1503, 'eval_samples_per_second': 32.524, 'eval_steps_per_second': 4.068, 'epoch': 1.0}
{'loss': 0.2215, 'learning_rate': 1.9227500965623796e-05, 'epoch': 1.16}
{'loss': 0.1837, 'learning_rate': 1.884125144843569e-05, 'epoch': 1.74}
{'eval_loss': 0.10226526856422424, 'eval_f1': 0.9511702739758505, 'eval_roc_auc': 0.9647069029762966, 'eval_accuracy': 0.9442028985507246, 'eval_runtime': 211.896, 'eval_samples_per_second': 32.563, 'eval_steps_per_second': 4.073, 'epoch': 2.0}
{'loss': 0.1495, 'learning_rate': 1.8455001931247587e-05, 'epoch': 2.32}
{'loss': 0.1318, 'learning_rate': 1.8068752414059484e-05, 'epoch': 2.9}
{'eval_loss': 0.05611497163772583, 'eval_f1': 0.9750758574544648, 'eval_roc_auc': 0.9795522833914234, 'eval_accuracy': 0.971304347826087, 'eval_runtime': 212.0521, 'eval_samples_per_second': 32.539, 'eval_steps_per_second': 4.07, 'epoch': 3.0}
{'loss': 0.0972, 'learning_rate': 1.768250289687138e-05, 'epoch': 3.48}
{'eval_loss': 0.03818917274475098, 'eval_f1': 0.9858890167469939, 'eval_roc_auc': 0.9877701557853281, 'eval_accuracy': 0.9828985507246377, 'eval_runtime': 211.7896, 'eval_samples_per_second': 32.579, 'eval_steps_per_second': 4.075, 'epoch': 4.0}
{'loss': 0.0827, 'learning_rate': 1.7296253379683278e-05, 'epoch': 4.06}
{'loss': 0.0518, 'learning_rate': 1.6910003862495172e-05, 'epoch': 4.63}
{'eval_loss': 0.027520863339304924, 'eval_f1': 0.9901525112141442, 'eval_roc_auc': 0.9912084104177038, 'eval_accuracy': 0.9881159420289856, 'eval_runtime': 211.8082, 'eval_samples_per_second': 32.577, 'eval_steps_per_second': 4.074, 'epoch': 5.0}
{'loss': 0.0497, 'learning_rate': 1.652375434530707e-05, 'epoch': 5.21}
{'loss': 0.0407, 'learning_rate': 1.6137504828118966e-05, 'epoch': 5.79}
{'eval_loss': 0.018522342666983604, 'eval_f1': 0.9927025454119831, 'eval_roc_auc': 0.9938278664989041, 'eval_accuracy': 0.991304347826087, 'eval_runtime': 212.0587, 'eval_samples_per_second': 32.538, 'eval_steps_per_second': 4.07, 'epoch': 6.0}
{'loss': 0.0381, 'learning_rate': 1.5751255310930863e-05, 'epoch': 6.37}
{'loss': 0.0355, 'learning_rate': 1.536500579374276e-05, 'epoch': 6.95}
{'eval_loss': 0.010377103462815285, 'eval_f1': 0.9960112198553306, 'eval_roc_auc': 0.9966435117280121, 'eval_accuracy': 0.994927536231884, 'eval_runtime': 212.0586, 'eval_samples_per_second': 32.538, 'eval_steps_per_second': 4.07, 'epoch': 7.0}
{'loss': 0.0263, 'learning_rate': 1.4978756276554656e-05, 'epoch': 7.53}
{'eval_loss': 0.005278949625790119, 'eval_f1': 0.9981782022252019, 'eval_roc_auc': 0.9983798064994271, 'eval_accuracy': 0.9976811594202899, 'eval_runtime': 211.7615, 'eval_samples_per_second': 32.584, 'eval_steps_per_second': 4.075, 'epoch': 8.0}
{'loss': 0.0251, 'learning_rate': 1.4592506759366551e-05, 'epoch': 8.11}
{'loss': 0.0132, 'learning_rate': 1.420625724217845e-05, 'epoch': 8.69}
{'eval_loss': 0.007930432446300983, 'eval_f1': 0.9976089009832714, 'eval_roc_auc': 0.9979024513520345, 'eval_accuracy': 0.9971014492753624, 'eval_runtime': 211.9722, 'eval_samples_per_second': 32.551, 'eval_steps_per_second': 4.071, 'epoch': 9.0}
{'loss': 0.0154, 'learning_rate': 1.3820007724990345e-05, 'epoch': 9.27}
{'loss': 0.0158, 'learning_rate': 1.343375820780224e-05, 'epoch': 9.85}
{'eval_loss': 0.006117445882409811, 'eval_f1': 0.9979523873240073, 'eval_roc_auc': 0.9984609157150711, 'eval_accuracy': 0.9975362318840579, 'eval_runtime': 211.9334, 'eval_samples_per_second': 32.557, 'eval_steps_per_second': 4.072, 'epoch': 10.0}
{'loss': 0.0159, 'learning_rate': 1.3047508690614136e-05, 'epoch': 10.43}
{'eval_loss': 0.002854043385013938, 'eval_f1': 0.999203215470906, 'eval_roc_auc': 0.9993162383293116, 'eval_accuracy': 0.9989855072463768, 'eval_runtime': 211.8283, 'eval_samples_per_second': 32.574, 'eval_steps_per_second': 4.074, 'epoch': 11.0}
{'loss': 0.0117, 'learning_rate': 1.2661259173426035e-05, 'epoch': 11.01}
{'loss': 0.0129, 'learning_rate': 1.227500965623793e-05, 'epoch': 11.59}
{'eval_loss': 0.009234795346856117, 'eval_f1': 0.997035915056582, 'eval_roc_auc': 0.9974593175063774, 'eval_accuracy': 0.9963768115942029, 'eval_runtime': 212.1477, 'eval_samples_per_second': 32.525, 'eval_steps_per_second': 4.068, 'epoch': 12.0}
{'loss': 0.0145, 'learning_rate': 1.1888760139049826e-05, 'epoch': 12.17}
{'loss': 0.0112, 'learning_rate': 1.1502510621861725e-05, 'epoch': 12.75}
{'eval_loss': 0.02447737567126751, 'eval_f1': 0.9930180507014468, 'eval_roc_auc': 0.9934392845960975, 'eval_accuracy': 0.991159420289855, 'eval_runtime': 211.4548, 'eval_samples_per_second': 32.631, 'eval_steps_per_second': 4.081, 'epoch': 13.0}
{'loss': 0.0143, 'learning_rate': 1.111626110467362e-05, 'epoch': 13.33}
{'loss': 0.0153, 'learning_rate': 1.0730011587485515e-05, 'epoch': 13.9}
{'eval_loss': 0.0037679935339838266, 'eval_f1': 0.9992041296078816, 'eval_roc_auc': 0.9995665728604418, 'eval_accuracy': 0.9989855072463768, 'eval_runtime': 211.4671, 'eval_samples_per_second': 32.629, 'eval_steps_per_second': 4.081, 'epoch': 14.0}
{'train_runtime': 16352.5108, 'train_samples_per_second': 12.659, 'train_steps_per_second': 1.583, 'train_loss': 0.06478004075896363, 'epoch': 14.0}
