Model Name: AIMH/mental-bert-large-cased
Text Column: text
Max Length: 384
Batch Size: 32
Learning Rate: 2e-05
Number of Epochs: 30
Metric Name: eval_loss
Random State: 3
{'eval_loss': 0.16173110902309418, 'eval_f1': 0.8998293304075816, 'eval_roc_auc': 0.9204624946710768, 'eval_accuracy': 0.8953623188405797, 'eval_runtime': 122.2066, 'eval_samples_per_second': 56.462, 'eval_steps_per_second': 1.767, 'epoch': 1.0}
{'eval_loss': 0.09402315318584442, 'eval_f1': 0.9502519807210393, 'eval_roc_auc': 0.9613131867611403, 'eval_accuracy': 0.9427536231884058, 'eval_runtime': 122.5812, 'eval_samples_per_second': 56.289, 'eval_steps_per_second': 1.762, 'epoch': 2.0}
{'loss': 0.1919, 'learning_rate': 1.8456790123456792e-05, 'epoch': 2.31}
{'eval_loss': 0.037363819777965546, 'eval_f1': 0.9830691793992314, 'eval_roc_auc': 0.9881208898365251, 'eval_accuracy': 0.9797101449275363, 'eval_runtime': 123.2096, 'eval_samples_per_second': 56.002, 'eval_steps_per_second': 1.753, 'epoch': 3.0}
{'eval_loss': 0.02586895041167736, 'eval_f1': 0.9885543187379593, 'eval_roc_auc': 0.9924596765137271, 'eval_accuracy': 0.9860869565217392, 'eval_runtime': 123.2453, 'eval_samples_per_second': 55.986, 'eval_steps_per_second': 1.753, 'epoch': 4.0}
{'loss': 0.0606, 'learning_rate': 1.6913580246913582e-05, 'epoch': 4.63}
{'eval_loss': 0.014504648745059967, 'eval_f1': 0.9942685043615378, 'eval_roc_auc': 0.99479126216121, 'eval_accuracy': 0.9930434782608696, 'eval_runtime': 122.4084, 'eval_samples_per_second': 56.369, 'eval_steps_per_second': 1.765, 'epoch': 5.0}
{'eval_loss': 0.00885420199483633, 'eval_f1': 0.9963551161559622, 'eval_roc_auc': 0.9970099475299844, 'eval_accuracy': 0.9957971014492754, 'eval_runtime': 122.1606, 'eval_samples_per_second': 56.483, 'eval_steps_per_second': 1.768, 'epoch': 6.0}
{'loss': 0.0221, 'learning_rate': 1.537037037037037e-05, 'epoch': 6.94}
{'eval_loss': 0.005162716377526522, 'eval_f1': 0.9979514343801185, 'eval_roc_auc': 0.9984026097450055, 'eval_accuracy': 0.9976811594202899, 'eval_runtime': 122.7726, 'eval_samples_per_second': 56.201, 'eval_steps_per_second': 1.759, 'epoch': 7.0}
{'eval_loss': 0.004659190308302641, 'eval_f1': 0.9979503309403711, 'eval_roc_auc': 0.9982065670725526, 'eval_accuracy': 0.9975362318840579, 'eval_runtime': 123.2805, 'eval_samples_per_second': 55.97, 'eval_steps_per_second': 1.752, 'epoch': 8.0}
{'eval_loss': 0.003560746321454644, 'eval_f1': 0.9987479261956409, 'eval_roc_auc': 0.9989486347133065, 'eval_accuracy': 0.9985507246376811, 'eval_runtime': 123.2364, 'eval_samples_per_second': 55.99, 'eval_steps_per_second': 1.753, 'epoch': 9.0}
{'loss': 0.01, 'learning_rate': 1.3827160493827162e-05, 'epoch': 9.26}
{'eval_loss': 0.0028126095421612263, 'eval_f1': 0.9988626567605212, 'eval_roc_auc': 0.9992001370584698, 'eval_accuracy': 0.9986956521739131, 'eval_runtime': 122.8201, 'eval_samples_per_second': 56.18, 'eval_steps_per_second': 1.759, 'epoch': 10.0}
{'eval_loss': 0.001369725214317441, 'eval_f1': 0.9994313863549383, 'eval_roc_auc': 0.9996563674436063, 'eval_accuracy': 0.9992753623188406, 'eval_runtime': 122.3408, 'eval_samples_per_second': 56.4, 'eval_steps_per_second': 1.766, 'epoch': 11.0}
{'loss': 0.0039, 'learning_rate': 1.228395061728395e-05, 'epoch': 11.57}
{'eval_loss': 0.0013628347078338265, 'eval_f1': 0.9990883842810123, 'eval_roc_auc': 0.999089874857793, 'eval_accuracy': 0.998840579710145, 'eval_runtime': 123.1545, 'eval_samples_per_second': 56.027, 'eval_steps_per_second': 1.754, 'epoch': 12.0}
{'eval_loss': 0.000675023184157908, 'eval_f1': 0.9997724885449993, 'eval_roc_auc': 0.9998559135581583, 'eval_accuracy': 0.9997101449275362, 'eval_runtime': 122.7204, 'eval_samples_per_second': 56.225, 'eval_steps_per_second': 1.76, 'epoch': 13.0}
{'loss': 0.002, 'learning_rate': 1.0740740740740742e-05, 'epoch': 13.89}
{'eval_loss': 0.00018248322885483503, 'eval_f1': 1.0, 'eval_roc_auc': 1.0, 'eval_accuracy': 1.0, 'eval_runtime': 122.2681, 'eval_samples_per_second': 56.433, 'eval_steps_per_second': 1.767, 'epoch': 14.0}
{'eval_loss': 0.00028462885529734194, 'eval_f1': 0.9997725460008902, 'eval_roc_auc': 0.9998307746845139, 'eval_accuracy': 0.9997101449275362, 'eval_runtime': 122.7342, 'eval_samples_per_second': 56.219, 'eval_steps_per_second': 1.76, 'epoch': 15.0}
{'eval_loss': 0.0001248125045094639, 'eval_f1': 0.9998861951682325, 'eval_roc_auc': 0.9998862343572241, 'eval_accuracy': 0.9998550724637681, 'eval_runtime': 123.0026, 'eval_samples_per_second': 56.096, 'eval_steps_per_second': 1.756, 'epoch': 16.0}
{'loss': 0.0016, 'learning_rate': 9.197530864197531e-06, 'epoch': 16.2}
{'eval_loss': 0.002517718356102705, 'eval_f1': 0.9995448579053553, 'eval_roc_auc': 0.9996032433989621, 'eval_accuracy': 0.9997101449275362, 'eval_runtime': 123.2485, 'eval_samples_per_second': 55.984, 'eval_steps_per_second': 1.753, 'epoch': 17.0}
{'eval_loss': 6.16313045611605e-05, 'eval_f1': 1.0, 'eval_roc_auc': 1.0, 'eval_accuracy': 1.0, 'eval_runtime': 122.8957, 'eval_samples_per_second': 56.145, 'eval_steps_per_second': 1.758, 'epoch': 18.0}
{'loss': 0.0019, 'learning_rate': 7.654320987654322e-06, 'epoch': 18.52}
{'eval_loss': 4.7388246457558125e-05, 'eval_f1': 1.0, 'eval_roc_auc': 1.0, 'eval_accuracy': 1.0, 'eval_runtime': 122.5042, 'eval_samples_per_second': 56.325, 'eval_steps_per_second': 1.763, 'epoch': 19.0}
{'eval_loss': 4.7608955355826765e-05, 'eval_f1': 1.0, 'eval_roc_auc': 1.0, 'eval_accuracy': 1.0, 'eval_runtime': 122.2756, 'eval_samples_per_second': 56.43, 'eval_steps_per_second': 1.767, 'epoch': 20.0}
{'loss': 0.0005, 'learning_rate': 6.111111111111112e-06, 'epoch': 20.83}
{'eval_loss': 4.0486153011443093e-05, 'eval_f1': 1.0, 'eval_roc_auc': 1.0, 'eval_accuracy': 1.0, 'eval_runtime': 122.7142, 'eval_samples_per_second': 56.228, 'eval_steps_per_second': 1.76, 'epoch': 21.0}
{'eval_loss': 3.94736161979381e-05, 'eval_f1': 1.0, 'eval_roc_auc': 1.0, 'eval_accuracy': 1.0, 'eval_runtime': 122.9956, 'eval_samples_per_second': 56.1, 'eval_steps_per_second': 1.756, 'epoch': 22.0}
{'eval_loss': 3.517216464388184e-05, 'eval_f1': 1.0, 'eval_roc_auc': 1.0, 'eval_accuracy': 1.0, 'eval_runtime': 123.1584, 'eval_samples_per_second': 56.025, 'eval_steps_per_second': 1.754, 'epoch': 23.0}
{'loss': 0.0004, 'learning_rate': 4.567901234567902e-06, 'epoch': 23.15}
{'eval_loss': 3.617664333432913e-05, 'eval_f1': 1.0, 'eval_roc_auc': 1.0, 'eval_accuracy': 1.0, 'eval_runtime': 122.7411, 'eval_samples_per_second': 56.216, 'eval_steps_per_second': 1.76, 'epoch': 24.0}
{'eval_loss': 3.206722249160521e-05, 'eval_f1': 1.0, 'eval_roc_auc': 1.0, 'eval_accuracy': 1.0, 'eval_runtime': 122.2765, 'eval_samples_per_second': 56.429, 'eval_steps_per_second': 1.766, 'epoch': 25.0}
{'loss': 0.0004, 'learning_rate': 3.0246913580246917e-06, 'epoch': 25.46}
{'eval_loss': 3.2079460652312264e-05, 'eval_f1': 1.0, 'eval_roc_auc': 1.0, 'eval_accuracy': 1.0, 'eval_runtime': 122.9288, 'eval_samples_per_second': 56.13, 'eval_steps_per_second': 1.757, 'epoch': 26.0}
{'eval_loss': 0.00015588827955070883, 'eval_f1': 0.999886215025764, 'eval_roc_auc': 0.9998862343572241, 'eval_accuracy': 0.9998550724637681, 'eval_runtime': 122.0801, 'eval_samples_per_second': 56.52, 'eval_steps_per_second': 1.769, 'epoch': 27.0}
{'loss': 0.0009, 'learning_rate': 1.4814814814814815e-06, 'epoch': 27.78}
{'eval_loss': 2.9221475415397435e-05, 'eval_f1': 1.0, 'eval_roc_auc': 1.0, 'eval_accuracy': 1.0, 'eval_runtime': 122.4497, 'eval_samples_per_second': 56.35, 'eval_steps_per_second': 1.764, 'epoch': 28.0}
{'eval_loss': 2.8742382710333914e-05, 'eval_f1': 1.0, 'eval_roc_auc': 1.0, 'eval_accuracy': 1.0, 'eval_runtime': 123.117, 'eval_samples_per_second': 56.044, 'eval_steps_per_second': 1.754, 'epoch': 29.0}
{'eval_loss': 2.8212709366925992e-05, 'eval_f1': 1.0, 'eval_roc_auc': 1.0, 'eval_accuracy': 1.0, 'eval_runtime': 122.9837, 'eval_samples_per_second': 56.105, 'eval_steps_per_second': 1.756, 'epoch': 30.0}
{'train_runtime': 14251.7356, 'train_samples_per_second': 14.525, 'train_steps_per_second': 0.455, 'train_loss': 0.022855667928578675, 'epoch': 30.0}
