Model Name: AIMH/mental-bert-large-cased
Text Column: text
Max Length: 384
Batch Size: 32
Learning Rate: 2e-06
Number of Epochs: 30
Metric Name: eval_loss
Random State: 2
{'eval_loss': 0.36148688197135925, 'eval_f1': 0.6879449533183111, 'eval_roc_auc': 0.7875255279075124, 'eval_accuracy': 0.7553623188405797, 'eval_runtime': 121.4715, 'eval_samples_per_second': 56.803, 'eval_steps_per_second': 1.778, 'epoch': 1.0}
{'eval_loss': 0.20935997366905212, 'eval_f1': 0.8776997957302832, 'eval_roc_auc': 0.9081459709939007, 'eval_accuracy': 0.868840579710145, 'eval_runtime': 121.1051, 'eval_samples_per_second': 56.975, 'eval_steps_per_second': 1.784, 'epoch': 2.0}
{'loss': 0.3594, 'learning_rate': 1.8456790123456789e-06, 'epoch': 2.31}
{'eval_loss': 0.1772417426109314, 'eval_f1': 0.8961218390282972, 'eval_roc_auc': 0.9214609663602419, 'eval_accuracy': 0.8866666666666667, 'eval_runtime': 120.8854, 'eval_samples_per_second': 57.079, 'eval_steps_per_second': 1.787, 'epoch': 3.0}
{'eval_loss': 0.1600050926208496, 'eval_f1': 0.9112782811480802, 'eval_roc_auc': 0.9359886570927801, 'eval_accuracy': 0.8991304347826087, 'eval_runtime': 120.5876, 'eval_samples_per_second': 57.22, 'eval_steps_per_second': 1.791, 'epoch': 4.0}
{'loss': 0.186, 'learning_rate': 1.6913580246913578e-06, 'epoch': 4.63}
{'eval_loss': 0.13718217611312866, 'eval_f1': 0.9240847519346882, 'eval_roc_auc': 0.9442492429451275, 'eval_accuracy': 0.9147826086956522, 'eval_runtime': 120.7607, 'eval_samples_per_second': 57.138, 'eval_steps_per_second': 1.789, 'epoch': 5.0}
{'eval_loss': 0.12667793035507202, 'eval_f1': 0.9325749039353068, 'eval_roc_auc': 0.9532935739295456, 'eval_accuracy': 0.9223188405797101, 'eval_runtime': 120.9843, 'eval_samples_per_second': 57.032, 'eval_steps_per_second': 1.785, 'epoch': 6.0}
{'loss': 0.1433, 'learning_rate': 1.537037037037037e-06, 'epoch': 6.94}
{'eval_loss': 0.10625559836626053, 'eval_f1': 0.947089562065441, 'eval_roc_auc': 0.9607988436167517, 'eval_accuracy': 0.9391304347826087, 'eval_runtime': 121.1276, 'eval_samples_per_second': 56.965, 'eval_steps_per_second': 1.783, 'epoch': 7.0}
{'eval_loss': 0.09459944069385529, 'eval_f1': 0.9539660481522899, 'eval_roc_auc': 0.9665541499598682, 'eval_accuracy': 0.946376811594203, 'eval_runtime': 121.1781, 'eval_samples_per_second': 56.941, 'eval_steps_per_second': 1.782, 'epoch': 8.0}
{'eval_loss': 0.08508042246103287, 'eval_f1': 0.9594430449735483, 'eval_roc_auc': 0.9698465026906818, 'eval_accuracy': 0.9534782608695652, 'eval_runtime': 121.1128, 'eval_samples_per_second': 56.972, 'eval_steps_per_second': 1.783, 'epoch': 9.0}
{'loss': 0.113, 'learning_rate': 1.382716049382716e-06, 'epoch': 9.26}
{'eval_loss': 0.07477915287017822, 'eval_f1': 0.966322303302424, 'eval_roc_auc': 0.97412505432938, 'eval_accuracy': 0.9614492753623188, 'eval_runtime': 120.915, 'eval_samples_per_second': 57.065, 'eval_steps_per_second': 1.786, 'epoch': 10.0}
{'eval_loss': 0.06872937828302383, 'eval_f1': 0.9687466525708243, 'eval_roc_auc': 0.9762809089474112, 'eval_accuracy': 0.9637681159420289, 'eval_runtime': 120.4264, 'eval_samples_per_second': 57.296, 'eval_steps_per_second': 1.794, 'epoch': 11.0}
{'loss': 0.0901, 'learning_rate': 1.228395061728395e-06, 'epoch': 11.57}
{'eval_loss': 0.05553872510790825, 'eval_f1': 0.9767077399086946, 'eval_roc_auc': 0.9832881480303514, 'eval_accuracy': 0.9726086956521739, 'eval_runtime': 120.6748, 'eval_samples_per_second': 57.178, 'eval_steps_per_second': 1.79, 'epoch': 12.0}
{'eval_loss': 0.04936547577381134, 'eval_f1': 0.9809521678604585, 'eval_roc_auc': 0.987010958495593, 'eval_accuracy': 0.9771014492753624, 'eval_runtime': 121.0788, 'eval_samples_per_second': 56.988, 'eval_steps_per_second': 1.784, 'epoch': 13.0}
{'loss': 0.0714, 'learning_rate': 1.074074074074074e-06, 'epoch': 13.89}
{'eval_loss': 0.0435565710067749, 'eval_f1': 0.9836786029830926, 'eval_roc_auc': 0.9877358113758171, 'eval_accuracy': 0.9807246376811595, 'eval_runtime': 121.1364, 'eval_samples_per_second': 56.961, 'eval_steps_per_second': 1.783, 'epoch': 14.0}
{'eval_loss': 0.03894180431962013, 'eval_f1': 0.9852601693658715, 'eval_roc_auc': 0.9885272490340002, 'eval_accuracy': 0.9827536231884058, 'eval_runtime': 120.821, 'eval_samples_per_second': 57.109, 'eval_steps_per_second': 1.788, 'epoch': 15.0}
{'eval_loss': 0.03786372393369675, 'eval_f1': 0.9850989959321496, 'eval_roc_auc': 0.9878585224702865, 'eval_accuracy': 0.982463768115942, 'eval_runtime': 120.5607, 'eval_samples_per_second': 57.233, 'eval_steps_per_second': 1.792, 'epoch': 16.0}
{'loss': 0.0555, 'learning_rate': 9.19753086419753e-07, 'epoch': 16.2}
{'eval_loss': 0.03358340635895729, 'eval_f1': 0.9868535496449584, 'eval_roc_auc': 0.9895318400155036, 'eval_accuracy': 0.9847826086956522, 'eval_runtime': 120.8901, 'eval_samples_per_second': 57.077, 'eval_steps_per_second': 1.787, 'epoch': 17.0}
{'eval_loss': 0.03128042072057724, 'eval_f1': 0.9876518228933481, 'eval_roc_auc': 0.9900658226496397, 'eval_accuracy': 0.9856521739130435, 'eval_runtime': 121.2207, 'eval_samples_per_second': 56.921, 'eval_steps_per_second': 1.782, 'epoch': 18.0}
{'loss': 0.0481, 'learning_rate': 7.65432098765432e-07, 'epoch': 18.52}
{'eval_loss': 0.02937649004161358, 'eval_f1': 0.988325018473072, 'eval_roc_auc': 0.9904518183392643, 'eval_accuracy': 0.9866666666666667, 'eval_runtime': 121.1746, 'eval_samples_per_second': 56.943, 'eval_steps_per_second': 1.783, 'epoch': 19.0}
{'eval_loss': 0.02643785998225212, 'eval_f1': 0.9895993556096762, 'eval_roc_auc': 0.9916117673433122, 'eval_accuracy': 0.9881159420289856, 'eval_runtime': 120.967, 'eval_samples_per_second': 57.04, 'eval_steps_per_second': 1.786, 'epoch': 20.0}
{'loss': 0.0388, 'learning_rate': 6.111111111111112e-07, 'epoch': 20.83}
{'eval_loss': 0.024118291214108467, 'eval_f1': 0.9907411529084951, 'eval_roc_auc': 0.9924699362549082, 'eval_accuracy': 0.9894202898550725, 'eval_runtime': 120.6508, 'eval_samples_per_second': 57.19, 'eval_steps_per_second': 1.79, 'epoch': 21.0}
{'eval_loss': 0.02327393740415573, 'eval_f1': 0.991435187713383, 'eval_roc_auc': 0.9930107792977875, 'eval_accuracy': 0.9901449275362318, 'eval_runtime': 120.8587, 'eval_samples_per_second': 57.091, 'eval_steps_per_second': 1.787, 'epoch': 22.0}
{'eval_loss': 0.02249573916196823, 'eval_f1': 0.9918902030785712, 'eval_roc_auc': 0.9933532440401482, 'eval_accuracy': 0.9905797101449275, 'eval_runtime': 121.1616, 'eval_samples_per_second': 56.949, 'eval_steps_per_second': 1.783, 'epoch': 23.0}
{'loss': 0.0351, 'learning_rate': 4.5679012345679007e-07, 'epoch': 23.15}
{'eval_loss': 0.021382823586463928, 'eval_f1': 0.9921082334845923, 'eval_roc_auc': 0.9933555796682145, 'eval_accuracy': 0.9907246376811594, 'eval_runtime': 121.079, 'eval_samples_per_second': 56.988, 'eval_steps_per_second': 1.784, 'epoch': 24.0}
{'eval_loss': 0.020655181258916855, 'eval_f1': 0.9924712409531045, 'eval_roc_auc': 0.9940598089564152, 'eval_accuracy': 0.9910144927536232, 'eval_runtime': 121.099, 'eval_samples_per_second': 56.978, 'eval_steps_per_second': 1.784, 'epoch': 25.0}
{'loss': 0.0308, 'learning_rate': 3.0246913580246913e-07, 'epoch': 25.46}
{'eval_loss': 0.020051127299666405, 'eval_f1': 0.9933723330632835, 'eval_roc_auc': 0.9943818060812636, 'eval_accuracy': 0.9921739130434782, 'eval_runtime': 121.1392, 'eval_samples_per_second': 56.959, 'eval_steps_per_second': 1.783, 'epoch': 26.0}
{'eval_loss': 0.01893293671309948, 'eval_f1': 0.9935984275598871, 'eval_roc_auc': 0.9944424476793952, 'eval_accuracy': 0.9924637681159421, 'eval_runtime': 120.9152, 'eval_samples_per_second': 57.065, 'eval_steps_per_second': 1.786, 'epoch': 27.0}
{'loss': 0.0289, 'learning_rate': 1.4814814814814815e-07, 'epoch': 27.78}
{'eval_loss': 0.01895175687968731, 'eval_f1': 0.9937111775043052, 'eval_roc_auc': 0.994556213322171, 'eval_accuracy': 0.9926086956521739, 'eval_runtime': 120.6504, 'eval_samples_per_second': 57.19, 'eval_steps_per_second': 1.79, 'epoch': 28.0}
{'eval_loss': 0.018475094810128212, 'eval_f1': 0.9934840220227669, 'eval_roc_auc': 0.9943286820366193, 'eval_accuracy': 0.9923188405797101, 'eval_runtime': 120.7386, 'eval_samples_per_second': 57.148, 'eval_steps_per_second': 1.789, 'epoch': 29.0}
{'eval_loss': 0.018552351742982864, 'eval_f1': 0.9935984275598871, 'eval_roc_auc': 0.9944424476793952, 'eval_accuracy': 0.9924637681159421, 'eval_runtime': 121.0461, 'eval_samples_per_second': 57.003, 'eval_steps_per_second': 1.784, 'epoch': 30.0}
{'train_runtime': 14041.1529, 'train_samples_per_second': 14.742, 'train_steps_per_second': 0.462, 'train_loss': 0.09462500074763357, 'epoch': 30.0}
