Model Name: AIMH/mental-bert-large-cased
Text Column: text
Max Length: 384
Batch Size: 32
Learning Rate: 2e-06
Number of Epochs: 30
Metric Name: eval_loss
Random State: 1
{'eval_loss': 0.33805468678474426, 'eval_f1': 0.7300310845372817, 'eval_roc_auc': 0.8106325008850176, 'eval_accuracy': 0.7726086956521739, 'eval_runtime': 125.1415, 'eval_samples_per_second': 55.138, 'eval_steps_per_second': 1.726, 'epoch': 1.0}
{'eval_loss': 0.20998142659664154, 'eval_f1': 0.8777330495753115, 'eval_roc_auc': 0.9082895138997171, 'eval_accuracy': 0.8679710144927536, 'eval_runtime': 124.9782, 'eval_samples_per_second': 55.21, 'eval_steps_per_second': 1.728, 'epoch': 2.0}
{'loss': 0.348, 'learning_rate': 1.8456790123456789e-06, 'epoch': 2.31}
{'eval_loss': 0.17651666700839996, 'eval_f1': 0.8953482025212293, 'eval_roc_auc': 0.9199358396092936, 'eval_accuracy': 0.8873913043478261, 'eval_runtime': 124.8118, 'eval_samples_per_second': 55.283, 'eval_steps_per_second': 1.731, 'epoch': 3.0}
{'eval_loss': 0.15645810961723328, 'eval_f1': 0.909977119244521, 'eval_roc_auc': 0.9339465447498453, 'eval_accuracy': 0.8982608695652174, 'eval_runtime': 124.3054, 'eval_samples_per_second': 55.508, 'eval_steps_per_second': 1.738, 'epoch': 4.0}
{'loss': 0.1867, 'learning_rate': 1.6913580246913578e-06, 'epoch': 4.63}
{'eval_loss': 0.14077061414718628, 'eval_f1': 0.9215852857517477, 'eval_roc_auc': 0.9428255699195607, 'eval_accuracy': 0.9118840579710145, 'eval_runtime': 124.2853, 'eval_samples_per_second': 55.517, 'eval_steps_per_second': 1.738, 'epoch': 5.0}
{'eval_loss': 0.13204854726791382, 'eval_f1': 0.9285873538516546, 'eval_roc_auc': 0.9486244879519227, 'eval_accuracy': 0.9188405797101449, 'eval_runtime': 124.4733, 'eval_samples_per_second': 55.434, 'eval_steps_per_second': 1.735, 'epoch': 6.0}
{'loss': 0.1476, 'learning_rate': 1.537037037037037e-06, 'epoch': 6.94}
{'eval_loss': 0.11371538043022156, 'eval_f1': 0.9411424253346633, 'eval_roc_auc': 0.9562440244521374, 'eval_accuracy': 0.9326086956521739, 'eval_runtime': 124.7369, 'eval_samples_per_second': 55.316, 'eval_steps_per_second': 1.732, 'epoch': 7.0}
{'eval_loss': 0.10130207985639572, 'eval_f1': 0.9495140084257395, 'eval_roc_auc': 0.9628792816138496, 'eval_accuracy': 0.9421739130434783, 'eval_runtime': 124.958, 'eval_samples_per_second': 55.219, 'eval_steps_per_second': 1.729, 'epoch': 8.0}
{'eval_loss': 0.09086208045482635, 'eval_f1': 0.9548693397175051, 'eval_roc_auc': 0.966172688549978, 'eval_accuracy': 0.948695652173913, 'eval_runtime': 125.0786, 'eval_samples_per_second': 55.165, 'eval_steps_per_second': 1.727, 'epoch': 9.0}
{'loss': 0.1187, 'learning_rate': 1.382716049382716e-06, 'epoch': 9.26}
{'eval_loss': 0.08095530420541763, 'eval_f1': 0.9629233796844591, 'eval_roc_auc': 0.9713928539439819, 'eval_accuracy': 0.9576811594202899, 'eval_runtime': 125.0443, 'eval_samples_per_second': 55.18, 'eval_steps_per_second': 1.727, 'epoch': 10.0}
{'eval_loss': 0.07565464824438095, 'eval_f1': 0.9648554313340457, 'eval_roc_auc': 0.9731045205110415, 'eval_accuracy': 0.9594202898550724, 'eval_runtime': 124.6483, 'eval_samples_per_second': 55.356, 'eval_steps_per_second': 1.733, 'epoch': 11.0}
{'loss': 0.0962, 'learning_rate': 1.228395061728395e-06, 'epoch': 11.57}
{'eval_loss': 0.0608159676194191, 'eval_f1': 0.9740868168959295, 'eval_roc_auc': 0.9812636803752532, 'eval_accuracy': 0.9697101449275363, 'eval_runtime': 123.9538, 'eval_samples_per_second': 55.666, 'eval_steps_per_second': 1.743, 'epoch': 12.0}
{'eval_loss': 0.05356433987617493, 'eval_f1': 0.9775714852682088, 'eval_roc_auc': 0.983681547664745, 'eval_accuracy': 0.9734782608695652, 'eval_runtime': 124.0305, 'eval_samples_per_second': 55.631, 'eval_steps_per_second': 1.742, 'epoch': 13.0}
{'loss': 0.0774, 'learning_rate': 1.074074074074074e-06, 'epoch': 13.89}
{'eval_loss': 0.04883182421326637, 'eval_f1': 0.9806895792987579, 'eval_roc_auc': 0.9853489220301351, 'eval_accuracy': 0.9773913043478261, 'eval_runtime': 124.6412, 'eval_samples_per_second': 55.359, 'eval_steps_per_second': 1.733, 'epoch': 14.0}
{'eval_loss': 0.04373383894562721, 'eval_f1': 0.9831951996096608, 'eval_roc_auc': 0.9869630258754267, 'eval_accuracy': 0.9802898550724638, 'eval_runtime': 124.9869, 'eval_samples_per_second': 55.206, 'eval_steps_per_second': 1.728, 'epoch': 15.0}
{'eval_loss': 0.04314155504107475, 'eval_f1': 0.9825448009634483, 'eval_roc_auc': 0.9857849448819325, 'eval_accuracy': 0.9792753623188406, 'eval_runtime': 124.737, 'eval_samples_per_second': 55.316, 'eval_steps_per_second': 1.732, 'epoch': 16.0}
{'loss': 0.0606, 'learning_rate': 9.19753086419753e-07, 'epoch': 16.2}
{'eval_loss': 0.037585411220788956, 'eval_f1': 0.9860156159833215, 'eval_roc_auc': 0.9885183130813635, 'eval_accuracy': 0.9834782608695652, 'eval_runtime': 124.1076, 'eval_samples_per_second': 55.597, 'eval_steps_per_second': 1.74, 'epoch': 17.0}
{'eval_loss': 0.033285096287727356, 'eval_f1': 0.9873032717823109, 'eval_roc_auc': 0.9898451517728316, 'eval_accuracy': 0.9852173913043478, 'eval_runtime': 123.8075, 'eval_samples_per_second': 55.732, 'eval_steps_per_second': 1.745, 'epoch': 18.0}
{'loss': 0.0534, 'learning_rate': 7.65432098765432e-07, 'epoch': 18.52}
{'eval_loss': 0.03237275406718254, 'eval_f1': 0.9876539844050289, 'eval_roc_auc': 0.9901361709538702, 'eval_accuracy': 0.9857971014492753, 'eval_runtime': 124.5656, 'eval_samples_per_second': 55.393, 'eval_steps_per_second': 1.734, 'epoch': 19.0}
{'eval_loss': 0.029176218435168266, 'eval_f1': 0.9899511407188771, 'eval_roc_auc': 0.9920405232267382, 'eval_accuracy': 0.9882608695652174, 'eval_runtime': 125.041, 'eval_samples_per_second': 55.182, 'eval_steps_per_second': 1.727, 'epoch': 20.0}
{'loss': 0.0429, 'learning_rate': 6.111111111111112e-07, 'epoch': 20.83}
{'eval_loss': 0.027283135801553726, 'eval_f1': 0.9905208162650019, 'eval_roc_auc': 0.9925259065969075, 'eval_accuracy': 0.9889855072463768, 'eval_runtime': 124.9693, 'eval_samples_per_second': 55.214, 'eval_steps_per_second': 1.728, 'epoch': 21.0}
{'eval_loss': 0.026481380686163902, 'eval_f1': 0.990525276131664, 'eval_roc_auc': 0.9925259065969078, 'eval_accuracy': 0.9889855072463768, 'eval_runtime': 124.5431, 'eval_samples_per_second': 55.403, 'eval_steps_per_second': 1.734, 'epoch': 22.0}
{'eval_loss': 0.024445204064249992, 'eval_f1': 0.9915549084521741, 'eval_roc_auc': 0.9932954487393721, 'eval_accuracy': 0.99, 'eval_runtime': 123.9504, 'eval_samples_per_second': 55.667, 'eval_steps_per_second': 1.743, 'epoch': 23.0}
{'loss': 0.0383, 'learning_rate': 4.5679012345679007e-07, 'epoch': 23.15}
{'eval_loss': 0.024230947718024254, 'eval_f1': 0.9907263261188265, 'eval_roc_auc': 0.9922527688201991, 'eval_accuracy': 0.9889855072463768, 'eval_runtime': 124.9174, 'eval_samples_per_second': 55.236, 'eval_steps_per_second': 1.729, 'epoch': 24.0}
{'eval_loss': 0.022868802770972252, 'eval_f1': 0.9920106814258045, 'eval_roc_auc': 0.9936419275931212, 'eval_accuracy': 0.9905797101449275, 'eval_runtime': 124.362, 'eval_samples_per_second': 55.483, 'eval_steps_per_second': 1.737, 'epoch': 25.0}
{'loss': 0.0343, 'learning_rate': 3.0246913580246913e-07, 'epoch': 25.46}
{'eval_loss': 0.02294366993010044, 'eval_f1': 0.9917670256691954, 'eval_roc_auc': 0.9931097699177619, 'eval_accuracy': 0.9902898550724638, 'eval_runtime': 123.8393, 'eval_samples_per_second': 55.717, 'eval_steps_per_second': 1.744, 'epoch': 26.0}
{'eval_loss': 0.021756857633590698, 'eval_f1': 0.9922365792480945, 'eval_roc_auc': 0.99375686104993, 'eval_accuracy': 0.9908695652173913, 'eval_runtime': 124.3231, 'eval_samples_per_second': 55.501, 'eval_steps_per_second': 1.737, 'epoch': 27.0}
{'loss': 0.0323, 'learning_rate': 1.4814814814814815e-07, 'epoch': 27.78}
{'eval_loss': 0.021751897409558296, 'eval_f1': 0.9918801929880602, 'eval_roc_auc': 0.993194382575505, 'eval_accuracy': 0.9904347826086957, 'eval_runtime': 124.7665, 'eval_samples_per_second': 55.303, 'eval_steps_per_second': 1.731, 'epoch': 28.0}
{'eval_loss': 0.02070084773004055, 'eval_f1': 0.9925745145243433, 'eval_roc_auc': 0.9938729623207718, 'eval_accuracy': 0.991304347826087, 'eval_runtime': 124.9737, 'eval_samples_per_second': 55.212, 'eval_steps_per_second': 1.728, 'epoch': 29.0}
{'eval_loss': 0.020839795470237732, 'eval_f1': 0.9924562788979425, 'eval_roc_auc': 0.993759196677996, 'eval_accuracy': 0.991159420289855, 'eval_runtime': 124.7102, 'eval_samples_per_second': 55.328, 'eval_steps_per_second': 1.732, 'epoch': 30.0}
{'train_runtime': 14461.2862, 'train_samples_per_second': 14.314, 'train_steps_per_second': 0.448, 'train_loss': 0.09762371616599, 'epoch': 30.0}
