Model Name: AIMH/mental-bert-large-cased
Text Column: text
Max Length: 512
Batch Size: 4
Learning Rate: 2e-05
Number of Epochs: 30
Metric Name: eval_loss
Random State: 2
{'loss': 0.3478, 'learning_rate': 1.9806763285024154e-05, 'epoch': 0.29}
{'loss': 0.2878, 'learning_rate': 1.961352657004831e-05, 'epoch': 0.58}
{'loss': 0.2893, 'learning_rate': 1.9420289855072467e-05, 'epoch': 0.87}
{'eval_loss': 0.22041815519332886, 'eval_f1': 0.8916000837445093, 'eval_roc_auc': 0.915884309726745, 'eval_accuracy': 0.8860869565217391, 'eval_runtime': 189.0362, 'eval_samples_per_second': 36.501, 'eval_steps_per_second': 9.125, 'epoch': 1.0}
{'loss': 0.2385, 'learning_rate': 1.922705314009662e-05, 'epoch': 1.16}
{'loss': 0.2035, 'learning_rate': 1.9033816425120775e-05, 'epoch': 1.45}
{'loss': 0.2184, 'learning_rate': 1.8840579710144928e-05, 'epoch': 1.74}
{'eval_loss': 0.12218498438596725, 'eval_f1': 0.9490647382221677, 'eval_roc_auc': 0.9594530883137525, 'eval_accuracy': 0.9420289855072463, 'eval_runtime': 189.1739, 'eval_samples_per_second': 36.474, 'eval_steps_per_second': 9.119, 'epoch': 2.0}
{'loss': 0.208, 'learning_rate': 1.8647342995169084e-05, 'epoch': 2.03}
{'loss': 0.1333, 'learning_rate': 1.8454106280193237e-05, 'epoch': 2.32}
{'loss': 0.1379, 'learning_rate': 1.8260869565217393e-05, 'epoch': 2.61}
{'loss': 0.137, 'learning_rate': 1.806763285024155e-05, 'epoch': 2.9}
{'eval_loss': 0.07375825941562653, 'eval_f1': 0.9706912225724901, 'eval_roc_auc': 0.9781977006150148, 'eval_accuracy': 0.9642028985507246, 'eval_runtime': 189.0034, 'eval_samples_per_second': 36.507, 'eval_steps_per_second': 9.127, 'epoch': 3.0}
{'loss': 0.1345, 'learning_rate': 1.7874396135265702e-05, 'epoch': 3.19}
{'loss': 0.0755, 'learning_rate': 1.7681159420289858e-05, 'epoch': 3.48}
{'loss': 0.0839, 'learning_rate': 1.748792270531401e-05, 'epoch': 3.77}
{'eval_loss': 0.04261019453406334, 'eval_f1': 0.9848623468297123, 'eval_roc_auc': 0.9887598157695185, 'eval_accuracy': 0.9814492753623189, 'eval_runtime': 188.9146, 'eval_samples_per_second': 36.524, 'eval_steps_per_second': 9.131, 'epoch': 4.0}
{'loss': 0.0927, 'learning_rate': 1.7294685990338163e-05, 'epoch': 4.06}
{'loss': 0.0727, 'learning_rate': 1.710144927536232e-05, 'epoch': 4.35}
{'loss': 0.0926, 'learning_rate': 1.6908212560386476e-05, 'epoch': 4.64}
{'loss': 0.0747, 'learning_rate': 1.6714975845410632e-05, 'epoch': 4.93}
{'eval_loss': 0.04304850101470947, 'eval_f1': 0.987408954773226, 'eval_roc_auc': 0.9891164407557301, 'eval_accuracy': 0.984927536231884, 'eval_runtime': 189.0141, 'eval_samples_per_second': 36.505, 'eval_steps_per_second': 9.126, 'epoch': 5.0}
{'loss': 0.0506, 'learning_rate': 1.6521739130434785e-05, 'epoch': 5.22}
{'loss': 0.0459, 'learning_rate': 1.6328502415458937e-05, 'epoch': 5.51}
{'loss': 0.0591, 'learning_rate': 1.6135265700483093e-05, 'epoch': 5.8}
{'eval_loss': 0.031802233308553696, 'eval_f1': 0.9894000576805974, 'eval_roc_auc': 0.9916586552572205, 'eval_accuracy': 0.9871014492753624, 'eval_runtime': 188.8963, 'eval_samples_per_second': 36.528, 'eval_steps_per_second': 9.132, 'epoch': 6.0}
{'loss': 0.0666, 'learning_rate': 1.5942028985507246e-05, 'epoch': 6.09}
{'loss': 0.0384, 'learning_rate': 1.5748792270531402e-05, 'epoch': 6.38}
{'loss': 0.0366, 'learning_rate': 1.555555555555556e-05, 'epoch': 6.67}
{'loss': 0.0438, 'learning_rate': 1.536231884057971e-05, 'epoch': 6.96}
{'eval_loss': 0.020741965621709824, 'eval_f1': 0.9932668526426015, 'eval_roc_auc': 0.9947184317534591, 'eval_accuracy': 0.9917391304347826, 'eval_runtime': 189.0533, 'eval_samples_per_second': 36.498, 'eval_steps_per_second': 9.124, 'epoch': 7.0}
{'loss': 0.0396, 'learning_rate': 1.5169082125603867e-05, 'epoch': 7.25}
{'loss': 0.0376, 'learning_rate': 1.497584541062802e-05, 'epoch': 7.54}
{'loss': 0.0373, 'learning_rate': 1.4782608695652174e-05, 'epoch': 7.83}
{'eval_loss': 0.0199170783162117, 'eval_f1': 0.9941821861604835, 'eval_roc_auc': 0.9950112758932744, 'eval_accuracy': 0.9926086956521739, 'eval_runtime': 188.9084, 'eval_samples_per_second': 36.526, 'eval_steps_per_second': 9.131, 'epoch': 8.0}
{'loss': 0.0317, 'learning_rate': 1.458937198067633e-05, 'epoch': 8.12}
{'loss': 0.037, 'learning_rate': 1.4396135265700483e-05, 'epoch': 8.41}
{'loss': 0.0378, 'learning_rate': 1.420289855072464e-05, 'epoch': 8.7}
{'loss': 0.0358, 'learning_rate': 1.4009661835748794e-05, 'epoch': 8.99}
{'eval_loss': 0.019212480634450912, 'eval_f1': 0.9941740276200791, 'eval_roc_auc': 0.9947026353920788, 'eval_accuracy': 0.9926086956521739, 'eval_runtime': 188.8037, 'eval_samples_per_second': 36.546, 'eval_steps_per_second': 9.136, 'epoch': 9.0}
{'loss': 0.0226, 'learning_rate': 1.3816425120772946e-05, 'epoch': 9.28}
{'loss': 0.0273, 'learning_rate': 1.3623188405797103e-05, 'epoch': 9.57}
{'loss': 0.0394, 'learning_rate': 1.3429951690821257e-05, 'epoch': 9.86}
{'eval_loss': 0.013760559260845184, 'eval_f1': 0.9962321295006503, 'eval_roc_auc': 0.9966166943710456, 'eval_accuracy': 0.9953623188405797, 'eval_runtime': 189.2083, 'eval_samples_per_second': 36.468, 'eval_steps_per_second': 9.117, 'epoch': 10.0}
{'loss': 0.0235, 'learning_rate': 1.3236714975845413e-05, 'epoch': 10.14}
{'loss': 0.0357, 'learning_rate': 1.3043478260869566e-05, 'epoch': 10.43}
{'loss': 0.0636, 'learning_rate': 1.285024154589372e-05, 'epoch': 10.72}
{'eval_loss': 0.01327844150364399, 'eval_f1': 0.9955583426765509, 'eval_roc_auc': 0.996338228193461, 'eval_accuracy': 0.9944927536231885, 'eval_runtime': 189.1245, 'eval_samples_per_second': 36.484, 'eval_steps_per_second': 9.121, 'epoch': 11.0}
{'loss': 0.0224, 'learning_rate': 1.2657004830917876e-05, 'epoch': 11.01}
{'loss': 0.0132, 'learning_rate': 1.2463768115942029e-05, 'epoch': 11.3}
{'loss': 0.0206, 'learning_rate': 1.2270531400966183e-05, 'epoch': 11.59}
{'loss': 0.0238, 'learning_rate': 1.207729468599034e-05, 'epoch': 11.88}
{'eval_loss': 0.006589425262063742, 'eval_f1': 0.998177107731848, 'eval_roc_auc': 0.9984300842467162, 'eval_accuracy': 0.9978260869565218, 'eval_runtime': 188.8573, 'eval_samples_per_second': 36.536, 'eval_steps_per_second': 9.134, 'epoch': 12.0}
{'loss': 0.0124, 'learning_rate': 1.1884057971014494e-05, 'epoch': 12.17}
{'loss': 0.0263, 'learning_rate': 1.1690821256038648e-05, 'epoch': 12.46}
{'loss': 0.0227, 'learning_rate': 1.1497584541062803e-05, 'epoch': 12.75}
{'eval_loss': 0.00882326252758503, 'eval_f1': 0.9973801062681238, 'eval_roc_auc': 0.997800614434705, 'eval_accuracy': 0.9968115942028986, 'eval_runtime': 188.8905, 'eval_samples_per_second': 36.529, 'eval_steps_per_second': 9.132, 'epoch': 13.0}
{'loss': 0.0166, 'learning_rate': 1.1304347826086957e-05, 'epoch': 13.04}
{'loss': 0.0108, 'learning_rate': 1.1111111111111113e-05, 'epoch': 13.33}
{'loss': 0.0181, 'learning_rate': 1.0917874396135266e-05, 'epoch': 13.62}
{'loss': 0.0265, 'learning_rate': 1.0724637681159422e-05, 'epoch': 13.91}
{'eval_loss': 0.008584868162870407, 'eval_f1': 0.9978405333476642, 'eval_roc_auc': 0.9986186093656816, 'eval_accuracy': 0.9973913043478261, 'eval_runtime': 188.967, 'eval_samples_per_second': 36.514, 'eval_steps_per_second': 9.129, 'epoch': 14.0}
{'loss': 0.0139, 'learning_rate': 1.0531400966183577e-05, 'epoch': 14.2}
{'loss': 0.0094, 'learning_rate': 1.033816425120773e-05, 'epoch': 14.49}
{'loss': 0.0162, 'learning_rate': 1.0144927536231885e-05, 'epoch': 14.78}
{'eval_loss': 0.02336709573864937, 'eval_f1': 0.9950730886068714, 'eval_roc_auc': 0.9952789811594455, 'eval_accuracy': 0.993768115942029, 'eval_runtime': 188.6659, 'eval_samples_per_second': 36.573, 'eval_steps_per_second': 9.143, 'epoch': 15.0}
{'train_runtime': 12034.9086, 'train_samples_per_second': 17.2, 'train_steps_per_second': 4.3, 'train_loss': 0.07536866695754194, 'epoch': 15.0}
