Model Name: AIMH/mental-roberta-large
Text Column: text
Max Length: 512
Batch Size: 16
Learning Rate: 2e-06
Number of Epochs: 30
Metric Name: eval_loss
Random State: 2
{'eval_loss': 0.2033054530620575, 'eval_f1': 0.8785849941418892, 'eval_roc_auc': 0.9048028116083198, 'eval_accuracy': 0.8733333333333333, 'eval_runtime': 171.5483, 'eval_samples_per_second': 40.222, 'eval_steps_per_second': 2.518, 'epoch': 1.0}
{'loss': 0.3622, 'learning_rate': 1.9228395061728396e-06, 'epoch': 1.16}
{'eval_loss': 0.1486121416091919, 'eval_f1': 0.9146218998809508, 'eval_roc_auc': 0.9389167453160067, 'eval_accuracy': 0.9011594202898551, 'eval_runtime': 171.5739, 'eval_samples_per_second': 40.216, 'eval_steps_per_second': 2.518, 'epoch': 2.0}
{'loss': 0.1747, 'learning_rate': 1.8456790123456789e-06, 'epoch': 2.31}
{'eval_loss': 0.10799553990364075, 'eval_f1': 0.9428497274538195, 'eval_roc_auc': 0.9557009210137208, 'eval_accuracy': 0.9349275362318841, 'eval_runtime': 171.5583, 'eval_samples_per_second': 40.22, 'eval_steps_per_second': 2.518, 'epoch': 3.0}
{'loss': 0.1423, 'learning_rate': 1.7685185185185186e-06, 'epoch': 3.47}
{'eval_loss': 0.08495975285768509, 'eval_f1': 0.9571230987599152, 'eval_roc_auc': 0.9695451101597438, 'eval_accuracy': 0.9495652173913044, 'eval_runtime': 171.5883, 'eval_samples_per_second': 40.213, 'eval_steps_per_second': 2.518, 'epoch': 4.0}
{'loss': 0.116, 'learning_rate': 1.6913580246913578e-06, 'epoch': 4.63}
{'eval_loss': 0.07288139313459396, 'eval_f1': 0.9643561949649456, 'eval_roc_auc': 0.9711789393662555, 'eval_accuracy': 0.9594202898550724, 'eval_runtime': 171.5667, 'eval_samples_per_second': 40.218, 'eval_steps_per_second': 2.518, 'epoch': 5.0}
{'loss': 0.087, 'learning_rate': 1.6141975308641975e-06, 'epoch': 5.79}
{'eval_loss': 0.054471854120492935, 'eval_f1': 0.9762831446326687, 'eval_roc_auc': 0.984004159568544, 'eval_accuracy': 0.9721739130434782, 'eval_runtime': 171.4724, 'eval_samples_per_second': 40.24, 'eval_steps_per_second': 2.519, 'epoch': 6.0}
{'loss': 0.077, 'learning_rate': 1.537037037037037e-06, 'epoch': 6.94}
{'eval_loss': 0.050776407122612, 'eval_f1': 0.9784021965501147, 'eval_roc_auc': 0.9841430735840211, 'eval_accuracy': 0.9746376811594203, 'eval_runtime': 171.5556, 'eval_samples_per_second': 40.22, 'eval_steps_per_second': 2.518, 'epoch': 7.0}
{'eval_loss': 0.037461936473846436, 'eval_f1': 0.9849639311159102, 'eval_roc_auc': 0.9887368989152218, 'eval_accuracy': 0.9826086956521739, 'eval_runtime': 171.4276, 'eval_samples_per_second': 40.25, 'eval_steps_per_second': 2.52, 'epoch': 8.0}
{'loss': 0.0648, 'learning_rate': 1.4598765432098765e-06, 'epoch': 8.1}
{'eval_loss': 0.03215166926383972, 'eval_f1': 0.9875932860905015, 'eval_roc_auc': 0.9906225756626179, 'eval_accuracy': 0.9860869565217392, 'eval_runtime': 171.2237, 'eval_samples_per_second': 40.298, 'eval_steps_per_second': 2.523, 'epoch': 9.0}
{'loss': 0.0515, 'learning_rate': 1.382716049382716e-06, 'epoch': 9.26}
{'eval_loss': 0.030623402446508408, 'eval_f1': 0.9893845069848112, 'eval_roc_auc': 0.991437473711123, 'eval_accuracy': 0.9878260869565217, 'eval_runtime': 171.317, 'eval_samples_per_second': 40.276, 'eval_steps_per_second': 2.522, 'epoch': 10.0}
{'loss': 0.046, 'learning_rate': 1.3055555555555554e-06, 'epoch': 10.42}
{'eval_loss': 0.023036912083625793, 'eval_f1': 0.9913690450258916, 'eval_roc_auc': 0.993897297574218, 'eval_accuracy': 0.99, 'eval_runtime': 171.387, 'eval_samples_per_second': 40.26, 'eval_steps_per_second': 2.521, 'epoch': 11.0}
{'loss': 0.0343, 'learning_rate': 1.228395061728395e-06, 'epoch': 11.57}
{'eval_loss': 0.01772175170481205, 'eval_f1': 0.9945201235902263, 'eval_roc_auc': 0.9954440458880888, 'eval_accuracy': 0.9939130434782608, 'eval_runtime': 171.117, 'eval_samples_per_second': 40.323, 'eval_steps_per_second': 2.525, 'epoch': 12.0}
{'loss': 0.0318, 'learning_rate': 1.1512345679012346e-06, 'epoch': 12.73}
{'eval_loss': 0.01237635500729084, 'eval_f1': 0.9956684598927324, 'eval_roc_auc': 0.9963605207697501, 'eval_accuracy': 0.9953623188405797, 'eval_runtime': 171.3774, 'eval_samples_per_second': 40.262, 'eval_steps_per_second': 2.521, 'epoch': 13.0}
{'loss': 0.0241, 'learning_rate': 1.074074074074074e-06, 'epoch': 13.89}
{'eval_loss': 0.009583983570337296, 'eval_f1': 0.9969249086997318, 'eval_roc_auc': 0.9976582064761856, 'eval_accuracy': 0.9966666666666667, 'eval_runtime': 171.319, 'eval_samples_per_second': 40.276, 'eval_steps_per_second': 2.522, 'epoch': 14.0}
{'eval_loss': 0.007902314886450768, 'eval_f1': 0.9973779558017781, 'eval_roc_auc': 0.9977754755610606, 'eval_accuracy': 0.9968115942028986, 'eval_runtime': 171.2707, 'eval_samples_per_second': 40.287, 'eval_steps_per_second': 2.522, 'epoch': 15.0}
{'loss': 0.0214, 'learning_rate': 9.969135802469136e-07, 'epoch': 15.05}
{'eval_loss': 0.006590642035007477, 'eval_f1': 0.9980634332736447, 'eval_roc_auc': 0.9984580694177159, 'eval_accuracy': 0.9975362318840579, 'eval_runtime': 171.3371, 'eval_samples_per_second': 40.271, 'eval_steps_per_second': 2.521, 'epoch': 16.0}
{'loss': 0.0155, 'learning_rate': 9.19753086419753e-07, 'epoch': 16.2}
{'eval_loss': 0.0054196445271372795, 'eval_f1': 0.9981792219793773, 'eval_roc_auc': 0.9986552799042019, 'eval_accuracy': 0.9976811594202899, 'eval_runtime': 171.4754, 'eval_samples_per_second': 40.239, 'eval_steps_per_second': 2.519, 'epoch': 17.0}
{'loss': 0.0116, 'learning_rate': 8.425925925925925e-07, 'epoch': 17.36}
{'eval_loss': 0.004537706263363361, 'eval_f1': 0.9988612654085319, 'eval_roc_auc': 0.9991126781033715, 'eval_accuracy': 0.9985507246376811, 'eval_runtime': 171.4735, 'eval_samples_per_second': 40.239, 'eval_steps_per_second': 2.519, 'epoch': 18.0}
{'loss': 0.0101, 'learning_rate': 7.65432098765432e-07, 'epoch': 18.52}
{'eval_loss': 0.004031125456094742, 'eval_f1': 0.9988607743909615, 'eval_roc_auc': 0.9991126781033715, 'eval_accuracy': 0.9985507246376811, 'eval_runtime': 171.5687, 'eval_samples_per_second': 40.217, 'eval_steps_per_second': 2.518, 'epoch': 19.0}
{'loss': 0.0109, 'learning_rate': 6.882716049382715e-07, 'epoch': 19.68}
{'eval_loss': 0.002974452218040824, 'eval_f1': 0.9993172295232791, 'eval_roc_auc': 0.9995134488157977, 'eval_accuracy': 0.9991304347826087, 'eval_runtime': 171.4322, 'eval_samples_per_second': 40.249, 'eval_steps_per_second': 2.52, 'epoch': 20.0}
{'loss': 0.0071, 'learning_rate': 6.111111111111112e-07, 'epoch': 20.83}
{'eval_loss': 0.0023543660063296556, 'eval_f1': 0.9993167985717462, 'eval_roc_auc': 0.9994008509870548, 'eval_accuracy': 0.9991304347826087, 'eval_runtime': 171.4393, 'eval_samples_per_second': 40.247, 'eval_steps_per_second': 2.52, 'epoch': 21.0}
{'loss': 0.0062, 'learning_rate': 5.339506172839506e-07, 'epoch': 21.99}
{'eval_loss': 0.0022374142426997423, 'eval_f1': 0.9993171698098204, 'eval_roc_auc': 0.9994591569571203, 'eval_accuracy': 0.9991304347826087, 'eval_runtime': 171.3928, 'eval_samples_per_second': 40.258, 'eval_steps_per_second': 2.521, 'epoch': 22.0}
{'eval_loss': 0.0019385461928322911, 'eval_f1': 0.9992029749214483, 'eval_roc_auc': 0.9992870853442789, 'eval_accuracy': 0.9989855072463768, 'eval_runtime': 171.4388, 'eval_samples_per_second': 40.248, 'eval_steps_per_second': 2.52, 'epoch': 23.0}
{'loss': 0.004, 'learning_rate': 4.5679012345679007e-07, 'epoch': 23.15}
{'eval_loss': 0.002846221439540386, 'eval_f1': 0.9990891125753658, 'eval_roc_auc': 0.999173319701503, 'eval_accuracy': 0.998840579710145, 'eval_runtime': 171.4565, 'eval_samples_per_second': 40.243, 'eval_steps_per_second': 2.52, 'epoch': 24.0}
{'loss': 0.0051, 'learning_rate': 3.7962962962962966e-07, 'epoch': 24.31}
{'eval_loss': 0.0014557130634784698, 'eval_f1': 0.9995448005304615, 'eval_roc_auc': 0.9996283822726065, 'eval_accuracy': 0.9994202898550725, 'eval_runtime': 171.4499, 'eval_samples_per_second': 40.245, 'eval_steps_per_second': 2.52, 'epoch': 25.0}
{'loss': 0.0035, 'learning_rate': 3.0246913580246913e-07, 'epoch': 25.46}
{'eval_loss': 0.0012147377710789442, 'eval_f1': 0.9996585855046974, 'eval_roc_auc': 0.9997421479153824, 'eval_accuracy': 0.9995652173913043, 'eval_runtime': 171.409, 'eval_samples_per_second': 40.255, 'eval_steps_per_second': 2.52, 'epoch': 26.0}
{'loss': 0.004, 'learning_rate': 2.2530864197530864e-07, 'epoch': 26.62}
{'eval_loss': 0.0013174435589462519, 'eval_f1': 0.9995446238089303, 'eval_roc_auc': 0.9996283822726065, 'eval_accuracy': 0.9994202898550725, 'eval_runtime': 171.5672, 'eval_samples_per_second': 40.217, 'eval_steps_per_second': 2.518, 'epoch': 27.0}
{'loss': 0.004, 'learning_rate': 1.4814814814814815e-07, 'epoch': 27.78}
{'eval_loss': 0.001492303446866572, 'eval_f1': 0.9994305835459821, 'eval_roc_auc': 0.9995146166298307, 'eval_accuracy': 0.9992753623188406, 'eval_runtime': 171.4802, 'eval_samples_per_second': 40.238, 'eval_steps_per_second': 2.519, 'epoch': 28.0}
{'loss': 0.0038, 'learning_rate': 7.098765432098765e-08, 'epoch': 28.94}
{'eval_loss': 0.0010707465698942542, 'eval_f1': 0.9997724687144482, 'eval_roc_auc': 0.9998559135581583, 'eval_accuracy': 0.9997101449275362, 'eval_runtime': 171.5712, 'eval_samples_per_second': 40.217, 'eval_steps_per_second': 2.518, 'epoch': 29.0}
{'eval_loss': 0.001048093312419951, 'eval_f1': 0.9997724687144482, 'eval_roc_auc': 0.9998559135581583, 'eval_accuracy': 0.9997101449275362, 'eval_runtime': 171.6585, 'eval_samples_per_second': 40.196, 'eval_steps_per_second': 2.517, 'epoch': 30.0}
{'train_runtime': 20527.4375, 'train_samples_per_second': 10.084, 'train_steps_per_second': 0.631, 'train_loss': 0.05099161622332938, 'epoch': 30.0}
