Model Name: AIMH/mental-longformer-base-4096
Text Column: text
Max Length: 1024
Batch Size: 16
Learning Rate: 2e-06
Number of Epochs: 30
Metric Name: eval_loss
Random State: 2
{'eval_loss': 0.3475205898284912, 'eval_f1': 0.7095374722470266, 'eval_roc_auc': 0.7928330591658589, 'eval_accuracy': 0.7611594202898551, 'eval_runtime': 205.1559, 'eval_samples_per_second': 33.633, 'eval_steps_per_second': 2.106, 'epoch': 1.0}
{'loss': 0.4782, 'learning_rate': 1.9228395061728396e-06, 'epoch': 1.16}
{'eval_loss': 0.22322814166545868, 'eval_f1': 0.8765613141991226, 'eval_roc_auc': 0.9148298895434106, 'eval_accuracy': 0.8586956521739131, 'eval_runtime': 205.191, 'eval_samples_per_second': 33.627, 'eval_steps_per_second': 2.105, 'epoch': 2.0}
{'loss': 0.246, 'learning_rate': 1.8456790123456789e-06, 'epoch': 2.31}
{'eval_loss': 0.17530634999275208, 'eval_f1': 0.9039454599004922, 'eval_roc_auc': 0.9310470386183428, 'eval_accuracy': 0.8915942028985507, 'eval_runtime': 205.1651, 'eval_samples_per_second': 33.631, 'eval_steps_per_second': 2.106, 'epoch': 3.0}
{'loss': 0.204, 'learning_rate': 1.7685185185185186e-06, 'epoch': 3.47}
{'eval_loss': 0.16289392113685608, 'eval_f1': 0.9103364062255802, 'eval_roc_auc': 0.9385680009372301, 'eval_accuracy': 0.8978260869565218, 'eval_runtime': 205.0657, 'eval_samples_per_second': 33.648, 'eval_steps_per_second': 2.107, 'epoch': 4.0}
{'loss': 0.179, 'learning_rate': 1.6913580246913578e-06, 'epoch': 4.63}
{'eval_loss': 0.14219771325588226, 'eval_f1': 0.9222984814022389, 'eval_roc_auc': 0.9429835236543441, 'eval_accuracy': 0.9128985507246377, 'eval_runtime': 204.8628, 'eval_samples_per_second': 33.681, 'eval_steps_per_second': 2.109, 'epoch': 5.0}
{'loss': 0.1585, 'learning_rate': 1.6141975308641975e-06, 'epoch': 5.79}
{'eval_loss': 0.13759258389472961, 'eval_f1': 0.927016339221461, 'eval_roc_auc': 0.9518292301226928, 'eval_accuracy': 0.9143478260869565, 'eval_runtime': 205.0608, 'eval_samples_per_second': 33.649, 'eval_steps_per_second': 2.107, 'epoch': 6.0}
{'loss': 0.1482, 'learning_rate': 1.537037037037037e-06, 'epoch': 6.94}
{'eval_loss': 0.12153617292642593, 'eval_f1': 0.9368392376486251, 'eval_roc_auc': 0.954606450717467, 'eval_accuracy': 0.9278260869565217, 'eval_runtime': 205.0341, 'eval_samples_per_second': 33.653, 'eval_steps_per_second': 2.107, 'epoch': 7.0}
{'eval_loss': 0.1115545928478241, 'eval_f1': 0.9438963683754168, 'eval_roc_auc': 0.9629819977638688, 'eval_accuracy': 0.9342028985507247, 'eval_runtime': 205.1121, 'eval_samples_per_second': 33.64, 'eval_steps_per_second': 2.106, 'epoch': 8.0}
{'loss': 0.1341, 'learning_rate': 1.4598765432098765e-06, 'epoch': 8.1}
{'eval_loss': 0.10920710861682892, 'eval_f1': 0.9457942218840856, 'eval_roc_auc': 0.9652092220247092, 'eval_accuracy': 0.9359420289855073, 'eval_runtime': 205.0371, 'eval_samples_per_second': 33.652, 'eval_steps_per_second': 2.107, 'epoch': 9.0}
{'loss': 0.1247, 'learning_rate': 1.382716049382716e-06, 'epoch': 9.26}
{'eval_loss': 0.09843811392784119, 'eval_f1': 0.9513084872934523, 'eval_roc_auc': 0.9656407390939421, 'eval_accuracy': 0.9444927536231884, 'eval_runtime': 205.0583, 'eval_samples_per_second': 33.649, 'eval_steps_per_second': 2.107, 'epoch': 10.0}
{'loss': 0.1207, 'learning_rate': 1.3055555555555554e-06, 'epoch': 10.42}
{'eval_loss': 0.09021440148353577, 'eval_f1': 0.954973884961927, 'eval_roc_auc': 0.9696800718077012, 'eval_accuracy': 0.9476811594202899, 'eval_runtime': 204.9625, 'eval_samples_per_second': 33.665, 'eval_steps_per_second': 2.108, 'epoch': 11.0}
{'loss': 0.1045, 'learning_rate': 1.228395061728395e-06, 'epoch': 11.57}
{'eval_loss': 0.07833521068096161, 'eval_f1': 0.9632857148250639, 'eval_roc_auc': 0.97497853298673, 'eval_accuracy': 0.957391304347826, 'eval_runtime': 204.9129, 'eval_samples_per_second': 33.673, 'eval_steps_per_second': 2.108, 'epoch': 12.0}
{'loss': 0.1006, 'learning_rate': 1.1512345679012346e-06, 'epoch': 12.73}
{'eval_loss': 0.07727041840553284, 'eval_f1': 0.9635053782924543, 'eval_roc_auc': 0.975407913148164, 'eval_accuracy': 0.9568115942028985, 'eval_runtime': 204.8591, 'eval_samples_per_second': 33.682, 'eval_steps_per_second': 2.109, 'epoch': 13.0}
{'loss': 0.0964, 'learning_rate': 1.074074074074074e-06, 'epoch': 13.89}
{'eval_loss': 0.0673925131559372, 'eval_f1': 0.9703571657638503, 'eval_roc_auc': 0.980093868690595, 'eval_accuracy': 0.9656521739130435, 'eval_runtime': 204.9061, 'eval_samples_per_second': 33.674, 'eval_steps_per_second': 2.108, 'epoch': 14.0}
{'eval_loss': 0.06250177323818207, 'eval_f1': 0.9735022889030757, 'eval_roc_auc': 0.9823916205978563, 'eval_accuracy': 0.9691304347826087, 'eval_runtime': 204.7477, 'eval_samples_per_second': 33.7, 'eval_steps_per_second': 2.11, 'epoch': 15.0}
{'loss': 0.0844, 'learning_rate': 9.969135802469136e-07, 'epoch': 15.05}
{'eval_loss': 0.0647253692150116, 'eval_f1': 0.9705907818456126, 'eval_roc_auc': 0.9780143245547344, 'eval_accuracy': 0.9656521739130435, 'eval_runtime': 204.862, 'eval_samples_per_second': 33.681, 'eval_steps_per_second': 2.109, 'epoch': 16.0}
{'loss': 0.081, 'learning_rate': 9.19753086419753e-07, 'epoch': 16.2}
{'eval_loss': 0.054849445819854736, 'eval_f1': 0.976507531616358, 'eval_roc_auc': 0.9843493569995417, 'eval_accuracy': 0.9720289855072464, 'eval_runtime': 204.9628, 'eval_samples_per_second': 33.665, 'eval_steps_per_second': 2.108, 'epoch': 17.0}
{'loss': 0.0757, 'learning_rate': 8.425925925925925e-07, 'epoch': 17.36}
{'eval_loss': 0.05068402737379074, 'eval_f1': 0.9794227162858767, 'eval_roc_auc': 0.9862647302679962, 'eval_accuracy': 0.9757971014492753, 'eval_runtime': 204.822, 'eval_samples_per_second': 33.688, 'eval_steps_per_second': 2.109, 'epoch': 18.0}
{'loss': 0.0711, 'learning_rate': 7.65432098765432e-07, 'epoch': 18.52}
{'eval_loss': 0.05006978288292885, 'eval_f1': 0.9796887889483573, 'eval_roc_auc': 0.9847040200505784, 'eval_accuracy': 0.9766666666666667, 'eval_runtime': 205.0767, 'eval_samples_per_second': 33.646, 'eval_steps_per_second': 2.107, 'epoch': 19.0}
{'loss': 0.0668, 'learning_rate': 6.882716049382715e-07, 'epoch': 19.68}
{'eval_loss': 0.04915027692914009, 'eval_f1': 0.979354536717938, 'eval_roc_auc': 0.9854543664992254, 'eval_accuracy': 0.9756521739130435, 'eval_runtime': 204.636, 'eval_samples_per_second': 33.718, 'eval_steps_per_second': 2.111, 'epoch': 20.0}
{'loss': 0.0663, 'learning_rate': 6.111111111111112e-07, 'epoch': 20.83}
{'eval_loss': 0.04459983855485916, 'eval_f1': 0.9820470117144672, 'eval_roc_auc': 0.9872176251030615, 'eval_accuracy': 0.9789855072463768, 'eval_runtime': 205.0121, 'eval_samples_per_second': 33.657, 'eval_steps_per_second': 2.107, 'epoch': 21.0}
{'loss': 0.0601, 'learning_rate': 5.339506172839506e-07, 'epoch': 21.99}
{'eval_loss': 0.044491540640592575, 'eval_f1': 0.9818791691128471, 'eval_roc_auc': 0.9877913751581893, 'eval_accuracy': 0.9785507246376811, 'eval_runtime': 204.9222, 'eval_samples_per_second': 33.671, 'eval_steps_per_second': 2.108, 'epoch': 22.0}
{'eval_loss': 0.041208457201719284, 'eval_f1': 0.9836352136893145, 'eval_roc_auc': 0.9883891057719852, 'eval_accuracy': 0.9808695652173913, 'eval_runtime': 205.0675, 'eval_samples_per_second': 33.647, 'eval_steps_per_second': 2.107, 'epoch': 23.0}
{'loss': 0.0588, 'learning_rate': 4.5679012345679007e-07, 'epoch': 23.15}
{'eval_loss': 0.039867714047431946, 'eval_f1': 0.9841781967961359, 'eval_roc_auc': 0.9884069871763154, 'eval_accuracy': 0.9817391304347826, 'eval_runtime': 204.639, 'eval_samples_per_second': 33.718, 'eval_steps_per_second': 2.111, 'epoch': 24.0}
{'loss': 0.056, 'learning_rate': 3.7962962962962966e-07, 'epoch': 24.31}
{'eval_loss': 0.039509255439043045, 'eval_f1': 0.9837822203422508, 'eval_roc_auc': 0.9888658037746338, 'eval_accuracy': 0.981159420289855, 'eval_runtime': 204.6088, 'eval_samples_per_second': 33.723, 'eval_steps_per_second': 2.111, 'epoch': 25.0}
{'loss': 0.0511, 'learning_rate': 3.0246913580246913e-07, 'epoch': 25.46}
{'eval_loss': 0.03693767264485359, 'eval_f1': 0.9855506779761581, 'eval_roc_auc': 0.989480645039298, 'eval_accuracy': 0.9834782608695652, 'eval_runtime': 204.4067, 'eval_samples_per_second': 33.756, 'eval_steps_per_second': 2.113, 'epoch': 26.0}
{'loss': 0.054, 'learning_rate': 2.2530864197530864e-07, 'epoch': 26.62}
{'eval_loss': 0.037467729300260544, 'eval_f1': 0.9853358963148332, 'eval_roc_auc': 0.9895697824777184, 'eval_accuracy': 0.9831884057971014, 'eval_runtime': 204.3976, 'eval_samples_per_second': 33.758, 'eval_steps_per_second': 2.114, 'epoch': 27.0}
{'loss': 0.0516, 'learning_rate': 1.4814814814814815e-07, 'epoch': 27.78}
{'eval_loss': 0.03621147200465202, 'eval_f1': 0.9864358495577331, 'eval_roc_auc': 0.9898689763569885, 'eval_accuracy': 0.9844927536231884, 'eval_runtime': 204.4906, 'eval_samples_per_second': 33.742, 'eval_steps_per_second': 2.113, 'epoch': 28.0}
{'loss': 0.0487, 'learning_rate': 7.098765432098765e-08, 'epoch': 28.94}
{'eval_loss': 0.036027584224939346, 'eval_f1': 0.98635231261999, 'eval_roc_auc': 0.9902267267914401, 'eval_accuracy': 0.9843478260869565, 'eval_runtime': 204.8708, 'eval_samples_per_second': 33.68, 'eval_steps_per_second': 2.109, 'epoch': 29.0}
{'eval_loss': 0.03625783696770668, 'eval_f1': 0.9861341617291761, 'eval_roc_auc': 0.9902495300370184, 'eval_accuracy': 0.9840579710144928, 'eval_runtime': 205.1469, 'eval_samples_per_second': 33.634, 'eval_steps_per_second': 2.106, 'epoch': 30.0}
{'train_runtime': 34126.9097, 'train_samples_per_second': 6.066, 'train_steps_per_second': 0.38, 'train_loss': 0.11450979871514402, 'epoch': 30.0}
