Model Name: AIMH/mental-longformer-base-4096
Text Column: text
Max Length: 1024
Batch Size: 8
Learning Rate: 2e-05
Number of Epochs: 30
Metric Name: eval_loss
Random State: 1
{'loss': 0.2874, 'learning_rate': 1.96137504828119e-05, 'epoch': 0.58}
{'eval_loss': 0.17828860878944397, 'eval_f1': 0.9052606172073486, 'eval_roc_auc': 0.9275184922221743, 'eval_accuracy': 0.8946376811594203, 'eval_runtime': 213.3086, 'eval_samples_per_second': 32.347, 'eval_steps_per_second': 4.046, 'epoch': 1.0}
{'loss': 0.2279, 'learning_rate': 1.9227500965623796e-05, 'epoch': 1.16}
{'loss': 0.176, 'learning_rate': 1.884125144843569e-05, 'epoch': 1.74}
{'eval_loss': 0.10488749295473099, 'eval_f1': 0.9474504521311691, 'eval_roc_auc': 0.9619929481890631, 'eval_accuracy': 0.9389855072463769, 'eval_runtime': 212.472, 'eval_samples_per_second': 32.475, 'eval_steps_per_second': 4.062, 'epoch': 2.0}
{'loss': 0.1435, 'learning_rate': 1.8455001931247587e-05, 'epoch': 2.32}
{'loss': 0.1331, 'learning_rate': 1.8068752414059484e-05, 'epoch': 2.9}
{'eval_loss': 0.06612060219049454, 'eval_f1': 0.9696441686322705, 'eval_roc_auc': 0.9790844694765614, 'eval_accuracy': 0.9636231884057971, 'eval_runtime': 212.2594, 'eval_samples_per_second': 32.507, 'eval_steps_per_second': 4.066, 'epoch': 3.0}
{'loss': 0.0896, 'learning_rate': 1.768250289687138e-05, 'epoch': 3.48}
{'eval_loss': 0.03603462129831314, 'eval_f1': 0.9847956998721386, 'eval_roc_auc': 0.9879264215377327, 'eval_accuracy': 0.9821739130434782, 'eval_runtime': 212.3528, 'eval_samples_per_second': 32.493, 'eval_steps_per_second': 4.064, 'epoch': 4.0}
{'loss': 0.0836, 'learning_rate': 1.7296253379683278e-05, 'epoch': 4.06}
{'loss': 0.0596, 'learning_rate': 1.6910003862495172e-05, 'epoch': 4.63}
{'eval_loss': 0.02452719397842884, 'eval_f1': 0.9902751468241974, 'eval_roc_auc': 0.9917685532640625, 'eval_accuracy': 0.9884057971014493, 'eval_runtime': 212.2001, 'eval_samples_per_second': 32.516, 'eval_steps_per_second': 4.067, 'epoch': 5.0}
{'loss': 0.0557, 'learning_rate': 1.652375434530707e-05, 'epoch': 5.21}
{'loss': 0.0375, 'learning_rate': 1.6137504828118966e-05, 'epoch': 5.79}
{'eval_loss': 0.012715950608253479, 'eval_f1': 0.9956672410688908, 'eval_roc_auc': 0.9962650335918753, 'eval_accuracy': 0.994927536231884, 'eval_runtime': 212.3615, 'eval_samples_per_second': 32.492, 'eval_steps_per_second': 4.064, 'epoch': 6.0}
{'loss': 0.0361, 'learning_rate': 1.5751255310930863e-05, 'epoch': 6.37}
{'loss': 0.0221, 'learning_rate': 1.536500579374276e-05, 'epoch': 6.95}
{'eval_loss': 0.010652735829353333, 'eval_f1': 0.9962459224632959, 'eval_roc_auc': 0.9972882672321143, 'eval_accuracy': 0.9955072463768115, 'eval_runtime': 212.3095, 'eval_samples_per_second': 32.5, 'eval_steps_per_second': 4.065, 'epoch': 7.0}
{'loss': 0.0215, 'learning_rate': 1.4978756276554656e-05, 'epoch': 7.53}
{'eval_loss': 0.01238451898097992, 'eval_f1': 0.9963442756088642, 'eval_roc_auc': 0.9967013070287886, 'eval_accuracy': 0.9955072463768115, 'eval_runtime': 211.4369, 'eval_samples_per_second': 32.634, 'eval_steps_per_second': 4.082, 'epoch': 8.0}
{'loss': 0.0148, 'learning_rate': 1.4592506759366551e-05, 'epoch': 8.11}
{'loss': 0.019, 'learning_rate': 1.420625724217845e-05, 'epoch': 8.69}
{'eval_loss': 0.01046837493777275, 'eval_f1': 0.9967090405162634, 'eval_roc_auc': 0.9981022480517027, 'eval_accuracy': 0.9957971014492754, 'eval_runtime': 211.2229, 'eval_samples_per_second': 32.667, 'eval_steps_per_second': 4.086, 'epoch': 9.0}
{'loss': 0.0189, 'learning_rate': 1.3820007724990345e-05, 'epoch': 9.27}
{'loss': 0.0289, 'learning_rate': 1.343375820780224e-05, 'epoch': 9.85}
{'eval_loss': 0.00831088051199913, 'eval_f1': 0.997167485336455, 'eval_roc_auc': 0.998720186198838, 'eval_accuracy': 0.9965217391304347, 'eval_runtime': 210.9382, 'eval_samples_per_second': 32.711, 'eval_steps_per_second': 4.091, 'epoch': 10.0}
{'loss': 0.0133, 'learning_rate': 1.3047508690614136e-05, 'epoch': 10.43}
{'eval_loss': 0.0020267886575311422, 'eval_f1': 0.9993176567292964, 'eval_roc_auc': 0.9994340180834759, 'eval_accuracy': 0.9991304347826087, 'eval_runtime': 212.6416, 'eval_samples_per_second': 32.449, 'eval_steps_per_second': 4.058, 'epoch': 11.0}
{'loss': 0.0106, 'learning_rate': 1.2661259173426035e-05, 'epoch': 11.01}
{'loss': 0.0083, 'learning_rate': 1.227500965623793e-05, 'epoch': 11.59}
{'eval_loss': 0.0028752931393682957, 'eval_f1': 0.9990905899317881, 'eval_roc_auc': 0.9993482376116997, 'eval_accuracy': 0.998840579710145, 'eval_runtime': 212.6003, 'eval_samples_per_second': 32.455, 'eval_steps_per_second': 4.059, 'epoch': 12.0}
{'loss': 0.0119, 'learning_rate': 1.1888760139049826e-05, 'epoch': 12.17}
{'loss': 0.0124, 'learning_rate': 1.1502510621861725e-05, 'epoch': 12.75}
{'eval_loss': 0.0016702682478353381, 'eval_f1': 0.9995447806189134, 'eval_roc_auc': 0.9995740904139291, 'eval_accuracy': 0.9994202898550725, 'eval_runtime': 212.5857, 'eval_samples_per_second': 32.458, 'eval_steps_per_second': 4.06, 'epoch': 13.0}
{'loss': 0.0094, 'learning_rate': 1.111626110467362e-05, 'epoch': 13.33}
{'loss': 0.0193, 'learning_rate': 1.0730011587485515e-05, 'epoch': 13.9}
{'eval_loss': 0.0016078639309853315, 'eval_f1': 0.9994318170567782, 'eval_roc_auc': 0.9997941041459936, 'eval_accuracy': 0.9992753623188406, 'eval_runtime': 212.6215, 'eval_samples_per_second': 32.452, 'eval_steps_per_second': 4.059, 'epoch': 14.0}
{'loss': 0.007, 'learning_rate': 1.0343762070297414e-05, 'epoch': 14.48}
{'eval_loss': 0.011712655425071716, 'eval_f1': 0.9965784632610082, 'eval_roc_auc': 0.9970203113808271, 'eval_accuracy': 0.9959420289855072, 'eval_runtime': 212.711, 'eval_samples_per_second': 32.438, 'eval_steps_per_second': 4.057, 'epoch': 15.0}
{'loss': 0.0086, 'learning_rate': 9.95751255310931e-06, 'epoch': 15.06}
{'loss': 0.0071, 'learning_rate': 9.571263035921205e-06, 'epoch': 15.64}
{'eval_loss': 0.0015488348435610533, 'eval_f1': 0.9994309977438317, 'eval_roc_auc': 0.9995146166298307, 'eval_accuracy': 0.9992753623188406, 'eval_runtime': 212.7476, 'eval_samples_per_second': 32.433, 'eval_steps_per_second': 4.056, 'epoch': 16.0}
{'loss': 0.0073, 'learning_rate': 9.185013518733102e-06, 'epoch': 16.22}
{'loss': 0.0041, 'learning_rate': 8.798764001545e-06, 'epoch': 16.8}
{'eval_loss': 0.0005757969920523465, 'eval_f1': 0.9997726253085882, 'eval_roc_auc': 0.9999393584018684, 'eval_accuracy': 0.9997101449275362, 'eval_runtime': 212.665, 'eval_samples_per_second': 32.445, 'eval_steps_per_second': 4.058, 'epoch': 17.0}
{'loss': 0.0068, 'learning_rate': 8.412514484356895e-06, 'epoch': 17.38}
{'loss': 0.0134, 'learning_rate': 8.026264967168792e-06, 'epoch': 17.96}
{'eval_loss': 0.01602688431739807, 'eval_f1': 0.9961180705703475, 'eval_roc_auc': 0.9962988578330402, 'eval_accuracy': 0.9953623188405797, 'eval_runtime': 212.8366, 'eval_samples_per_second': 32.419, 'eval_steps_per_second': 4.055, 'epoch': 18.0}
{'loss': 0.008, 'learning_rate': 7.640015449980687e-06, 'epoch': 18.54}
{'eval_loss': 0.00013983635290060192, 'eval_f1': 0.9998862735192353, 'eval_roc_auc': 0.9999696792009343, 'eval_accuracy': 0.9998550724637681, 'eval_runtime': 212.6177, 'eval_samples_per_second': 32.453, 'eval_steps_per_second': 4.059, 'epoch': 19.0}
{'loss': 0.0044, 'learning_rate': 7.253765932792584e-06, 'epoch': 19.12}
{'loss': 0.0024, 'learning_rate': 6.8675164156044815e-06, 'epoch': 19.7}
{'eval_loss': 0.0005499700782820582, 'eval_f1': 0.999886215025764, 'eval_roc_auc': 0.9998862343572241, 'eval_accuracy': 0.9998550724637681, 'eval_runtime': 212.509, 'eval_samples_per_second': 32.469, 'eval_steps_per_second': 4.061, 'epoch': 20.0}
{'loss': 0.0034, 'learning_rate': 6.481266898416378e-06, 'epoch': 20.28}
{'loss': 0.0053, 'learning_rate': 6.095017381228274e-06, 'epoch': 20.86}
{'eval_loss': 0.0016405672067776322, 'eval_f1': 0.9996585865436985, 'eval_roc_auc': 0.9996587030716724, 'eval_accuracy': 0.9995652173913043, 'eval_runtime': 212.633, 'eval_samples_per_second': 32.45, 'eval_steps_per_second': 4.059, 'epoch': 21.0}
{'loss': 0.0042, 'learning_rate': 5.70876786404017e-06, 'epoch': 21.44}
{'eval_loss': 1.5998486560420133e-05, 'eval_f1': 1.0, 'eval_roc_auc': 1.0, 'eval_accuracy': 1.0, 'eval_runtime': 212.6409, 'eval_samples_per_second': 32.449, 'eval_steps_per_second': 4.058, 'epoch': 22.0}
{'loss': 0.0003, 'learning_rate': 5.3225183468520666e-06, 'epoch': 22.02}
{'loss': 0.005, 'learning_rate': 4.936268829663963e-06, 'epoch': 22.6}
{'eval_loss': 1.9142407836625353e-05, 'eval_f1': 1.0, 'eval_roc_auc': 1.0, 'eval_accuracy': 1.0, 'eval_runtime': 212.7945, 'eval_samples_per_second': 32.426, 'eval_steps_per_second': 4.056, 'epoch': 23.0}
{'loss': 0.0015, 'learning_rate': 4.55001931247586e-06, 'epoch': 23.17}
{'loss': 0.0016, 'learning_rate': 4.163769795287756e-06, 'epoch': 23.75}
{'eval_loss': 1.3155684428056702e-05, 'eval_f1': 1.0, 'eval_roc_auc': 1.0, 'eval_accuracy': 1.0, 'eval_runtime': 212.6887, 'eval_samples_per_second': 32.442, 'eval_steps_per_second': 4.058, 'epoch': 24.0}
{'loss': 0.0007, 'learning_rate': 3.777520278099653e-06, 'epoch': 24.33}
{'loss': 0.0012, 'learning_rate': 3.391270760911549e-06, 'epoch': 24.91}
{'eval_loss': 1.215191059600329e-05, 'eval_f1': 1.0, 'eval_roc_auc': 1.0, 'eval_accuracy': 1.0, 'eval_runtime': 212.6806, 'eval_samples_per_second': 32.443, 'eval_steps_per_second': 4.058, 'epoch': 25.0}
{'loss': 0.0021, 'learning_rate': 3.0050212437234454e-06, 'epoch': 25.49}
{'eval_loss': 1.0875402040255722e-05, 'eval_f1': 1.0, 'eval_roc_auc': 1.0, 'eval_accuracy': 1.0, 'eval_runtime': 211.7854, 'eval_samples_per_second': 32.58, 'eval_steps_per_second': 4.075, 'epoch': 26.0}
{'loss': 0.0, 'learning_rate': 2.6187717265353417e-06, 'epoch': 26.07}
{'loss': 0.0034, 'learning_rate': 2.2325222093472384e-06, 'epoch': 26.65}
{'eval_loss': 1.0353071957069915e-05, 'eval_f1': 1.0, 'eval_roc_auc': 1.0, 'eval_accuracy': 1.0, 'eval_runtime': 211.6751, 'eval_samples_per_second': 32.597, 'eval_steps_per_second': 4.077, 'epoch': 27.0}
{'loss': 0.0003, 'learning_rate': 1.846272692159135e-06, 'epoch': 27.23}
{'loss': 0.0003, 'learning_rate': 1.4600231749710314e-06, 'epoch': 27.81}
{'eval_loss': 9.687442798167467e-06, 'eval_f1': 1.0, 'eval_roc_auc': 1.0, 'eval_accuracy': 1.0, 'eval_runtime': 211.7184, 'eval_samples_per_second': 32.59, 'eval_steps_per_second': 4.076, 'epoch': 28.0}
{'loss': 0.0, 'learning_rate': 1.0737736577829278e-06, 'epoch': 28.39}
{'loss': 0.0009, 'learning_rate': 6.875241405948243e-07, 'epoch': 28.97}
{'eval_loss': 9.00343366083689e-06, 'eval_f1': 1.0, 'eval_roc_auc': 1.0, 'eval_accuracy': 1.0, 'eval_runtime': 211.6999, 'eval_samples_per_second': 32.593, 'eval_steps_per_second': 4.077, 'epoch': 29.0}
{'loss': 0.0, 'learning_rate': 3.0127462340672075e-07, 'epoch': 29.55}
{'eval_loss': 8.774666639510542e-06, 'eval_f1': 1.0, 'eval_roc_auc': 1.0, 'eval_accuracy': 1.0, 'eval_runtime': 211.7067, 'eval_samples_per_second': 32.592, 'eval_steps_per_second': 4.076, 'epoch': 30.0}
{'train_runtime': 35049.3446, 'train_samples_per_second': 5.906, 'train_steps_per_second': 0.739, 'train_loss': 0.03166509897688417, 'epoch': 30.0}
