Model Name: AIMH/mental-roberta-large
Text Column: text
Max Length: 512
Batch Size: 4
Learning Rate: 2e-06
Number of Epochs: 30
Metric Name: eval_loss
Random State: 2
{'loss': 0.4804, 'learning_rate': 1.980676328502415e-06, 'epoch': 0.29}
{'loss': 0.2479, 'learning_rate': 1.9613526570048307e-06, 'epoch': 0.58}
{'loss': 0.2646, 'learning_rate': 1.9420289855072463e-06, 'epoch': 0.87}
{'eval_loss': 0.21544843912124634, 'eval_f1': 0.9080124566996337, 'eval_roc_auc': 0.9298453558885624, 'eval_accuracy': 0.9005797101449275, 'eval_runtime': 180.736, 'eval_samples_per_second': 38.177, 'eval_steps_per_second': 9.544, 'epoch': 1.0}
{'loss': 0.2224, 'learning_rate': 1.922705314009662e-06, 'epoch': 1.16}
{'loss': 0.2317, 'learning_rate': 1.9033816425120771e-06, 'epoch': 1.45}
{'loss': 0.2063, 'learning_rate': 1.8840579710144925e-06, 'epoch': 1.74}
{'eval_loss': 0.15859109163284302, 'eval_f1': 0.9375730648715502, 'eval_roc_auc': 0.9573619226519396, 'eval_accuracy': 0.9272463768115942, 'eval_runtime': 180.7329, 'eval_samples_per_second': 38.178, 'eval_steps_per_second': 9.544, 'epoch': 2.0}
{'loss': 0.2209, 'learning_rate': 1.8647342995169081e-06, 'epoch': 2.03}
{'loss': 0.1763, 'learning_rate': 1.8454106280193235e-06, 'epoch': 2.32}
{'loss': 0.169, 'learning_rate': 1.826086956521739e-06, 'epoch': 2.61}
{'loss': 0.1955, 'learning_rate': 1.8067632850241545e-06, 'epoch': 2.9}
{'eval_loss': 0.1168944239616394, 'eval_f1': 0.9585179631402774, 'eval_roc_auc': 0.9708891731107981, 'eval_accuracy': 0.952463768115942, 'eval_runtime': 180.6972, 'eval_samples_per_second': 38.185, 'eval_steps_per_second': 9.546, 'epoch': 3.0}
{'loss': 0.1802, 'learning_rate': 1.78743961352657e-06, 'epoch': 3.19}
{'loss': 0.1292, 'learning_rate': 1.7681159420289855e-06, 'epoch': 3.48}
{'loss': 0.1429, 'learning_rate': 1.748792270531401e-06, 'epoch': 3.77}
{'eval_loss': 0.08241458982229233, 'eval_f1': 0.972424606599825, 'eval_roc_auc': 0.978675859382606, 'eval_accuracy': 0.9685507246376811, 'eval_runtime': 180.6026, 'eval_samples_per_second': 38.205, 'eval_steps_per_second': 9.551, 'epoch': 4.0}
{'loss': 0.1451, 'learning_rate': 1.7294685990338163e-06, 'epoch': 4.06}
{'loss': 0.1073, 'learning_rate': 1.7101449275362317e-06, 'epoch': 4.35}
{'loss': 0.1219, 'learning_rate': 1.6908212560386471e-06, 'epoch': 4.64}
{'loss': 0.1162, 'learning_rate': 1.6714975845410628e-06, 'epoch': 4.93}
{'eval_loss': 0.06230473890900612, 'eval_f1': 0.9810603707894829, 'eval_roc_auc': 0.9852810229626892, 'eval_accuracy': 0.9785507246376811, 'eval_runtime': 180.6038, 'eval_samples_per_second': 38.205, 'eval_steps_per_second': 9.551, 'epoch': 5.0}
{'loss': 0.0798, 'learning_rate': 1.6521739130434782e-06, 'epoch': 5.22}
{'loss': 0.063, 'learning_rate': 1.6328502415458936e-06, 'epoch': 5.51}
{'loss': 0.1129, 'learning_rate': 1.6135265700483092e-06, 'epoch': 5.8}
{'eval_loss': 0.0428256094455719, 'eval_f1': 0.9871188121737732, 'eval_roc_auc': 0.9899463315454171, 'eval_accuracy': 0.985072463768116, 'eval_runtime': 180.6679, 'eval_samples_per_second': 38.192, 'eval_steps_per_second': 9.548, 'epoch': 6.0}
{'loss': 0.0787, 'learning_rate': 1.5942028985507246e-06, 'epoch': 6.09}
{'loss': 0.0562, 'learning_rate': 1.5748792270531402e-06, 'epoch': 6.38}
{'loss': 0.0832, 'learning_rate': 1.5555555555555556e-06, 'epoch': 6.67}
{'loss': 0.0467, 'learning_rate': 1.536231884057971e-06, 'epoch': 6.96}
{'eval_loss': 0.03383732587099075, 'eval_f1': 0.9901041363330109, 'eval_roc_auc': 0.9925041246899076, 'eval_accuracy': 0.9882608695652174, 'eval_runtime': 180.6221, 'eval_samples_per_second': 38.201, 'eval_steps_per_second': 9.55, 'epoch': 7.0}
{'loss': 0.0491, 'learning_rate': 1.5169082125603864e-06, 'epoch': 7.25}
{'loss': 0.0409, 'learning_rate': 1.4975845410628018e-06, 'epoch': 7.54}
{'loss': 0.0523, 'learning_rate': 1.4782608695652172e-06, 'epoch': 7.83}
{'eval_loss': 0.020508717745542526, 'eval_f1': 0.9941832606705288, 'eval_roc_auc': 0.9950735959747282, 'eval_accuracy': 0.9931884057971014, 'eval_runtime': 180.674, 'eval_samples_per_second': 38.19, 'eval_steps_per_second': 9.548, 'epoch': 8.0}
{'loss': 0.0427, 'learning_rate': 1.4589371980676328e-06, 'epoch': 8.12}
{'loss': 0.0278, 'learning_rate': 1.4396135265700482e-06, 'epoch': 8.41}
{'loss': 0.038, 'learning_rate': 1.4202898550724638e-06, 'epoch': 8.7}
{'loss': 0.0406, 'learning_rate': 1.4009661835748792e-06, 'epoch': 8.99}
{'eval_loss': 0.019457263872027397, 'eval_f1': 0.9945210363076549, 'eval_roc_auc': 0.9954148929030561, 'eval_accuracy': 0.9934782608695653, 'eval_runtime': 180.7347, 'eval_samples_per_second': 38.178, 'eval_steps_per_second': 9.544, 'epoch': 9.0}
{'loss': 0.0296, 'learning_rate': 1.3816425120772946e-06, 'epoch': 9.28}
{'loss': 0.0315, 'learning_rate': 1.3623188405797102e-06, 'epoch': 9.57}
{'loss': 0.0219, 'learning_rate': 1.3429951690821256e-06, 'epoch': 9.86}
{'eval_loss': 0.009875910356640816, 'eval_f1': 0.9970337391569113, 'eval_roc_auc': 0.9974633316177658, 'eval_accuracy': 0.9965217391304347, 'eval_runtime': 180.641, 'eval_samples_per_second': 38.197, 'eval_steps_per_second': 9.549, 'epoch': 10.0}
{'loss': 0.0292, 'learning_rate': 1.323671497584541e-06, 'epoch': 10.14}
{'loss': 0.018, 'learning_rate': 1.3043478260869564e-06, 'epoch': 10.43}
{'loss': 0.0232, 'learning_rate': 1.2850241545893718e-06, 'epoch': 10.72}
{'eval_loss': 0.007660374511033297, 'eval_f1': 0.997836849303025, 'eval_roc_auc': 0.9982596911171969, 'eval_accuracy': 0.9972463768115942, 'eval_runtime': 180.6198, 'eval_samples_per_second': 38.202, 'eval_steps_per_second': 9.55, 'epoch': 11.0}
{'loss': 0.0172, 'learning_rate': 1.2657004830917874e-06, 'epoch': 11.01}
{'loss': 0.0202, 'learning_rate': 1.2463768115942028e-06, 'epoch': 11.3}
{'loss': 0.0143, 'learning_rate': 1.2270531400966182e-06, 'epoch': 11.59}
{'loss': 0.0164, 'learning_rate': 1.2077294685990338e-06, 'epoch': 11.88}
{'eval_loss': 0.006186824291944504, 'eval_f1': 0.9985185172052938, 'eval_roc_auc': 0.9986879363313337, 'eval_accuracy': 0.9981159420289855, 'eval_runtime': 180.6328, 'eval_samples_per_second': 38.199, 'eval_steps_per_second': 9.55, 'epoch': 12.0}
{'loss': 0.0185, 'learning_rate': 1.1884057971014492e-06, 'epoch': 12.17}
{'loss': 0.0193, 'learning_rate': 1.1690821256038648e-06, 'epoch': 12.46}
{'loss': 0.0192, 'learning_rate': 1.1497584541062802e-06, 'epoch': 12.75}
{'eval_loss': 0.004087068140506744, 'eval_f1': 0.9988610108882353, 'eval_roc_auc': 0.9990292332596614, 'eval_accuracy': 0.9985507246376811, 'eval_runtime': 180.6777, 'eval_samples_per_second': 38.19, 'eval_steps_per_second': 9.547, 'epoch': 13.0}
{'loss': 0.0093, 'learning_rate': 1.1304347826086954e-06, 'epoch': 13.04}
{'loss': 0.0109, 'learning_rate': 1.111111111111111e-06, 'epoch': 13.33}
{'loss': 0.0122, 'learning_rate': 1.0917874396135264e-06, 'epoch': 13.62}
{'loss': 0.0109, 'learning_rate': 1.072463768115942e-06, 'epoch': 13.91}
{'eval_loss': 0.002931116381660104, 'eval_f1': 0.999317875925765, 'eval_roc_auc': 0.9996511855181851, 'eval_accuracy': 0.9991304347826087, 'eval_runtime': 180.5686, 'eval_samples_per_second': 38.213, 'eval_steps_per_second': 9.553, 'epoch': 14.0}
{'loss': 0.0085, 'learning_rate': 1.0531400966183574e-06, 'epoch': 14.2}
{'loss': 0.0083, 'learning_rate': 1.0338164251207728e-06, 'epoch': 14.49}
{'loss': 0.0109, 'learning_rate': 1.0144927536231885e-06, 'epoch': 14.78}
{'eval_loss': 0.0037608142010867596, 'eval_f1': 0.9988628071334342, 'eval_roc_auc': 0.9991749981848254, 'eval_accuracy': 0.9985507246376811, 'eval_runtime': 180.6252, 'eval_samples_per_second': 38.201, 'eval_steps_per_second': 9.55, 'epoch': 15.0}
{'loss': 0.0165, 'learning_rate': 9.951690821256039e-07, 'epoch': 15.07}
{'loss': 0.009, 'learning_rate': 9.758454106280193e-07, 'epoch': 15.36}
{'loss': 0.0148, 'learning_rate': 9.565217391304349e-07, 'epoch': 15.65}
{'loss': 0.0075, 'learning_rate': 9.371980676328503e-07, 'epoch': 15.94}
{'eval_loss': 0.0019051874987781048, 'eval_f1': 0.9994308774910469, 'eval_roc_auc': 0.9995437696148636, 'eval_accuracy': 0.9992753623188406, 'eval_runtime': 180.6527, 'eval_samples_per_second': 38.195, 'eval_steps_per_second': 9.549, 'epoch': 16.0}
{'loss': 0.0207, 'learning_rate': 9.178743961352657e-07, 'epoch': 16.23}
{'loss': 0.0075, 'learning_rate': 8.985507246376811e-07, 'epoch': 16.52}
{'loss': 0.0151, 'learning_rate': 8.792270531400966e-07, 'epoch': 16.81}
{'eval_loss': 0.0009733574697747827, 'eval_f1': 0.9995450355834702, 'eval_roc_auc': 0.9997118271163167, 'eval_accuracy': 0.9994202898550725, 'eval_runtime': 180.6102, 'eval_samples_per_second': 38.204, 'eval_steps_per_second': 9.551, 'epoch': 17.0}
{'loss': 0.0139, 'learning_rate': 8.599033816425121e-07, 'epoch': 17.1}
{'loss': 0.006, 'learning_rate': 8.405797101449275e-07, 'epoch': 17.39}
{'loss': 0.0067, 'learning_rate': 8.21256038647343e-07, 'epoch': 17.68}
{'loss': 0.0027, 'learning_rate': 8.019323671497584e-07, 'epoch': 17.97}
{'eval_loss': 0.001219358528032899, 'eval_f1': 0.9997724488503493, 'eval_roc_auc': 0.9998016216994811, 'eval_accuracy': 0.9997101449275362, 'eval_runtime': 180.6402, 'eval_samples_per_second': 38.197, 'eval_steps_per_second': 9.549, 'epoch': 18.0}
{'loss': 0.0058, 'learning_rate': 7.826086956521739e-07, 'epoch': 18.26}
{'loss': 0.012, 'learning_rate': 7.632850241545893e-07, 'epoch': 18.55}
{'loss': 0.0093, 'learning_rate': 7.439613526570048e-07, 'epoch': 18.84}
{'eval_loss': 0.0007585024577565491, 'eval_f1': 0.9998862735192353, 'eval_roc_auc': 0.9999696792009343, 'eval_accuracy': 0.9998550724637681, 'eval_runtime': 180.6133, 'eval_samples_per_second': 38.203, 'eval_steps_per_second': 9.551, 'epoch': 19.0}
{'loss': 0.0092, 'learning_rate': 7.246376811594203e-07, 'epoch': 19.13}
{'loss': 0.0016, 'learning_rate': 7.053140096618357e-07, 'epoch': 19.42}
{'loss': 0.0036, 'learning_rate': 6.859903381642512e-07, 'epoch': 19.71}
{'loss': 0.0053, 'learning_rate': 6.666666666666666e-07, 'epoch': 20.0}
{'eval_loss': 0.002772710984572768, 'eval_f1': 0.9993159929055462, 'eval_roc_auc': 0.9993174061433447, 'eval_accuracy': 0.9991304347826087, 'eval_runtime': 180.4888, 'eval_samples_per_second': 38.23, 'eval_steps_per_second': 9.557, 'epoch': 20.0}
{'loss': 0.0022, 'learning_rate': 6.473429951690821e-07, 'epoch': 20.29}
{'loss': 0.005, 'learning_rate': 6.280193236714976e-07, 'epoch': 20.58}
{'loss': 0.0129, 'learning_rate': 6.08695652173913e-07, 'epoch': 20.87}
{'eval_loss': 0.0007876234594732523, 'eval_f1': 0.9998861951682325, 'eval_roc_auc': 0.9998862343572241, 'eval_accuracy': 0.9998550724637681, 'eval_runtime': 180.5244, 'eval_samples_per_second': 38.222, 'eval_steps_per_second': 9.555, 'epoch': 21.0}
{'loss': 0.0, 'learning_rate': 5.893719806763284e-07, 'epoch': 21.16}
{'loss': 0.0042, 'learning_rate': 5.700483091787439e-07, 'epoch': 21.45}
{'loss': 0.0012, 'learning_rate': 5.507246376811594e-07, 'epoch': 21.74}
{'eval_loss': 0.0008198455907404423, 'eval_f1': 0.9998861951682325, 'eval_roc_auc': 0.9998862343572241, 'eval_accuracy': 0.9998550724637681, 'eval_runtime': 180.544, 'eval_samples_per_second': 38.218, 'eval_steps_per_second': 9.554, 'epoch': 22.0}
{'train_runtime': 17281.7129, 'train_samples_per_second': 11.978, 'train_steps_per_second': 2.994, 'train_loss': 0.06212507956952092, 'epoch': 22.0}
