Model Name: AIMH/mental-xlnet-base-cased
Text Column: text
Max Length: 512
Batch Size: 8
Learning Rate: 2e-06
Number of Epochs: 30
Metric Name: eval_loss
Random State: 3
{'loss': 0.4637, 'learning_rate': 1.9613750482811896e-06, 'epoch': 0.58}
{'eval_loss': 0.22124603390693665, 'eval_f1': 0.8651646415359268, 'eval_roc_auc': 0.8955538800612699, 'eval_accuracy': 0.8601449275362318, 'eval_runtime': 160.2497, 'eval_samples_per_second': 43.058, 'eval_steps_per_second': 5.385, 'epoch': 1.0}
{'loss': 0.2475, 'learning_rate': 1.9227500965623793e-06, 'epoch': 1.16}
{'loss': 0.2174, 'learning_rate': 1.8841251448435688e-06, 'epoch': 1.74}
{'eval_loss': 0.18747545778751373, 'eval_f1': 0.8960003221880968, 'eval_roc_auc': 0.9261127583552022, 'eval_accuracy': 0.8830434782608696, 'eval_runtime': 160.0943, 'eval_samples_per_second': 43.1, 'eval_steps_per_second': 5.391, 'epoch': 2.0}
{'loss': 0.1942, 'learning_rate': 1.8455001931247585e-06, 'epoch': 2.32}
{'loss': 0.1903, 'learning_rate': 1.8068752414059483e-06, 'epoch': 2.9}
{'eval_loss': 0.1598953753709793, 'eval_f1': 0.9133471407951812, 'eval_roc_auc': 0.9371347154362071, 'eval_accuracy': 0.9017391304347826, 'eval_runtime': 160.0976, 'eval_samples_per_second': 43.099, 'eval_steps_per_second': 5.39, 'epoch': 3.0}
{'loss': 0.1862, 'learning_rate': 1.7682502896871378e-06, 'epoch': 3.48}
{'eval_loss': 0.14929762482643127, 'eval_f1': 0.9242287723480389, 'eval_roc_auc': 0.9429971732289057, 'eval_accuracy': 0.9139130434782609, 'eval_runtime': 159.6504, 'eval_samples_per_second': 43.219, 'eval_steps_per_second': 5.406, 'epoch': 4.0}
{'loss': 0.1592, 'learning_rate': 1.7296253379683275e-06, 'epoch': 4.06}
{'loss': 0.1642, 'learning_rate': 1.691000386249517e-06, 'epoch': 4.63}
{'eval_loss': 0.12752175331115723, 'eval_f1': 0.9371315869085796, 'eval_roc_auc': 0.9542435512243304, 'eval_accuracy': 0.9278260869565217, 'eval_runtime': 160.2078, 'eval_samples_per_second': 43.069, 'eval_steps_per_second': 5.387, 'epoch': 5.0}
{'loss': 0.1446, 'learning_rate': 1.6523754345307069e-06, 'epoch': 5.21}
{'loss': 0.1485, 'learning_rate': 1.6137504828118964e-06, 'epoch': 5.79}
{'eval_loss': 0.11410815268754959, 'eval_f1': 0.9452933336916814, 'eval_roc_auc': 0.9632316846493119, 'eval_accuracy': 0.9356521739130435, 'eval_runtime': 160.0648, 'eval_samples_per_second': 43.108, 'eval_steps_per_second': 5.392, 'epoch': 6.0}
{'loss': 0.1374, 'learning_rate': 1.5751255310930859e-06, 'epoch': 6.37}
{'loss': 0.1289, 'learning_rate': 1.5365005793742758e-06, 'epoch': 6.95}
{'eval_loss': 0.1072693020105362, 'eval_f1': 0.9497756178068298, 'eval_roc_auc': 0.9616101012467599, 'eval_accuracy': 0.9434782608695652, 'eval_runtime': 160.0407, 'eval_samples_per_second': 43.114, 'eval_steps_per_second': 5.392, 'epoch': 7.0}
{'loss': 0.1266, 'learning_rate': 1.4978756276554653e-06, 'epoch': 7.53}
{'eval_loss': 0.09168827533721924, 'eval_f1': 0.9583028648305465, 'eval_roc_auc': 0.9719922016771936, 'eval_accuracy': 0.9504347826086956, 'eval_runtime': 160.0794, 'eval_samples_per_second': 43.104, 'eval_steps_per_second': 5.391, 'epoch': 8.0}
{'loss': 0.1182, 'learning_rate': 1.459250675936655e-06, 'epoch': 8.11}
{'loss': 0.1091, 'learning_rate': 1.4206257242178447e-06, 'epoch': 8.69}
{'eval_loss': 0.08188173919916153, 'eval_f1': 0.9657505789858234, 'eval_roc_auc': 0.9751290922758014, 'eval_accuracy': 0.9604347826086956, 'eval_runtime': 159.9279, 'eval_samples_per_second': 43.144, 'eval_steps_per_second': 5.396, 'epoch': 9.0}
{'loss': 0.1081, 'learning_rate': 1.3820007724990344e-06, 'epoch': 9.27}
{'loss': 0.0956, 'learning_rate': 1.343375820780224e-06, 'epoch': 9.85}
{'eval_loss': 0.07987037301063538, 'eval_f1': 0.9659718563762584, 'eval_roc_auc': 0.9729894500778346, 'eval_accuracy': 0.9611594202898551, 'eval_runtime': 159.8834, 'eval_samples_per_second': 43.156, 'eval_steps_per_second': 5.398, 'epoch': 10.0}
{'loss': 0.0946, 'learning_rate': 1.3047508690614134e-06, 'epoch': 10.43}
{'eval_loss': 0.06072501838207245, 'eval_f1': 0.9771339615638547, 'eval_roc_auc': 0.982329830183805, 'eval_accuracy': 0.9736231884057971, 'eval_runtime': 159.8698, 'eval_samples_per_second': 43.16, 'eval_steps_per_second': 5.398, 'epoch': 11.0}
{'loss': 0.0855, 'learning_rate': 1.2661259173426034e-06, 'epoch': 11.01}
{'loss': 0.0785, 'learning_rate': 1.2275009656237929e-06, 'epoch': 11.59}
{'eval_loss': 0.05179097503423691, 'eval_f1': 0.9818076675786696, 'eval_roc_auc': 0.9868734818773784, 'eval_accuracy': 0.9788405797101449, 'eval_runtime': 159.9829, 'eval_samples_per_second': 43.13, 'eval_steps_per_second': 5.394, 'epoch': 12.0}
{'loss': 0.0859, 'learning_rate': 1.1888760139049826e-06, 'epoch': 12.17}
{'loss': 0.0798, 'learning_rate': 1.1502510621861723e-06, 'epoch': 12.75}
{'eval_loss': 0.04954176023602486, 'eval_f1': 0.9820502761435101, 'eval_roc_auc': 0.9869330692701955, 'eval_accuracy': 0.9791304347826087, 'eval_runtime': 159.8754, 'eval_samples_per_second': 43.159, 'eval_steps_per_second': 5.398, 'epoch': 13.0}
{'loss': 0.0714, 'learning_rate': 1.1116261104673618e-06, 'epoch': 13.33}
{'loss': 0.0676, 'learning_rate': 1.0730011587485515e-06, 'epoch': 13.9}
{'eval_loss': 0.04742984473705292, 'eval_f1': 0.9828571060289072, 'eval_roc_auc': 0.9874328306025958, 'eval_accuracy': 0.98, 'eval_runtime': 159.8948, 'eval_samples_per_second': 43.153, 'eval_steps_per_second': 5.397, 'epoch': 14.0}
{'loss': 0.0583, 'learning_rate': 1.0343762070297412e-06, 'epoch': 14.48}
{'eval_loss': 0.038705434650182724, 'eval_f1': 0.9875550481260034, 'eval_roc_auc': 0.9900264194224826, 'eval_accuracy': 0.9855072463768116, 'eval_runtime': 159.9215, 'eval_samples_per_second': 43.146, 'eval_steps_per_second': 5.396, 'epoch': 15.0}
{'loss': 0.0665, 'learning_rate': 9.95751255310931e-07, 'epoch': 15.06}
{'loss': 0.0642, 'learning_rate': 9.571263035921204e-07, 'epoch': 15.64}
{'eval_loss': 0.03775358945131302, 'eval_f1': 0.9876588220956283, 'eval_roc_auc': 0.9898727398832604, 'eval_accuracy': 0.9856521739130435, 'eval_runtime': 160.0618, 'eval_samples_per_second': 43.108, 'eval_steps_per_second': 5.392, 'epoch': 16.0}
{'loss': 0.0525, 'learning_rate': 9.185013518733101e-07, 'epoch': 16.22}
{'loss': 0.0587, 'learning_rate': 8.798764001544998e-07, 'epoch': 16.8}
{'eval_loss': 0.0354476198554039, 'eval_f1': 0.988160231844482, 'eval_roc_auc': 0.9906153181933036, 'eval_accuracy': 0.9863768115942029, 'eval_runtime': 159.9142, 'eval_samples_per_second': 43.148, 'eval_steps_per_second': 5.397, 'epoch': 17.0}
{'loss': 0.0446, 'learning_rate': 8.412514484356895e-07, 'epoch': 17.38}
{'loss': 0.0565, 'learning_rate': 8.026264967168791e-07, 'epoch': 17.96}
{'eval_loss': 0.031033294275403023, 'eval_f1': 0.9904174221064245, 'eval_roc_auc': 0.9924744610355856, 'eval_accuracy': 0.9889855072463768, 'eval_runtime': 159.9462, 'eval_samples_per_second': 43.139, 'eval_steps_per_second': 5.396, 'epoch': 18.0}
{'loss': 0.0429, 'learning_rate': 7.640015449980687e-07, 'epoch': 18.54}
{'eval_loss': 0.029736148193478584, 'eval_f1': 0.9911916717794019, 'eval_roc_auc': 0.9927621232499797, 'eval_accuracy': 0.9898550724637681, 'eval_runtime': 160.0198, 'eval_samples_per_second': 43.12, 'eval_steps_per_second': 5.393, 'epoch': 19.0}
{'loss': 0.0456, 'learning_rate': 7.253765932792584e-07, 'epoch': 19.12}
{'loss': 0.0457, 'learning_rate': 6.867516415604481e-07, 'epoch': 19.7}
{'eval_loss': 0.02807001955807209, 'eval_f1': 0.9909730682983231, 'eval_roc_auc': 0.9926471897931709, 'eval_accuracy': 0.9895652173913043, 'eval_runtime': 160.1261, 'eval_samples_per_second': 43.091, 'eval_steps_per_second': 5.39, 'epoch': 20.0}
{'loss': 0.0349, 'learning_rate': 6.481266898416377e-07, 'epoch': 20.28}
{'loss': 0.0358, 'learning_rate': 6.095017381228273e-07, 'epoch': 20.86}
{'eval_loss': 0.025044715031981468, 'eval_f1': 0.9920041382393054, 'eval_roc_auc': 0.9935293297643782, 'eval_accuracy': 0.9908695652173913, 'eval_runtime': 159.8384, 'eval_samples_per_second': 43.169, 'eval_steps_per_second': 5.399, 'epoch': 21.0}
{'loss': 0.0461, 'learning_rate': 5.708767864040169e-07, 'epoch': 21.44}
{'eval_loss': 0.02397351711988449, 'eval_f1': 0.9923503145103981, 'eval_roc_auc': 0.9938163348340286, 'eval_accuracy': 0.9914492753623189, 'eval_runtime': 159.8316, 'eval_samples_per_second': 43.17, 'eval_steps_per_second': 5.399, 'epoch': 22.0}
{'loss': 0.028, 'learning_rate': 5.322518346852066e-07, 'epoch': 22.02}
{'loss': 0.0374, 'learning_rate': 4.936268829663962e-07, 'epoch': 22.6}
{'eval_loss': 0.023404553532600403, 'eval_f1': 0.992686356031582, 'eval_roc_auc': 0.9939324361048704, 'eval_accuracy': 0.9918840579710145, 'eval_runtime': 159.8852, 'eval_samples_per_second': 43.156, 'eval_steps_per_second': 5.398, 'epoch': 23.0}
{'loss': 0.0367, 'learning_rate': 4.550019312475859e-07, 'epoch': 23.17}
{'loss': 0.0267, 'learning_rate': 4.163769795287756e-07, 'epoch': 23.75}
{'eval_loss': 0.02128766104578972, 'eval_f1': 0.993944458256267, 'eval_roc_auc': 0.9948420505777883, 'eval_accuracy': 0.9930434782608696, 'eval_runtime': 159.806, 'eval_samples_per_second': 43.177, 'eval_steps_per_second': 5.4, 'epoch': 24.0}
{'loss': 0.0389, 'learning_rate': 3.7775202780996525e-07, 'epoch': 24.33}
{'loss': 0.0323, 'learning_rate': 3.3912707609115485e-07, 'epoch': 24.91}
{'eval_loss': 0.020905714482069016, 'eval_f1': 0.9934889841342041, 'eval_roc_auc': 0.9945619059168815, 'eval_accuracy': 0.9927536231884058, 'eval_runtime': 160.0286, 'eval_samples_per_second': 43.117, 'eval_steps_per_second': 5.393, 'epoch': 25.0}
{'loss': 0.0302, 'learning_rate': 3.005021243723445e-07, 'epoch': 25.49}
{'eval_loss': 0.021329142153263092, 'eval_f1': 0.9935966206502025, 'eval_roc_auc': 0.9945339207458816, 'eval_accuracy': 0.9926086956521739, 'eval_runtime': 159.4801, 'eval_samples_per_second': 43.266, 'eval_steps_per_second': 5.411, 'epoch': 26.0}
{'loss': 0.0341, 'learning_rate': 2.6187717265353417e-07, 'epoch': 26.07}
{'loss': 0.0333, 'learning_rate': 2.2325222093472383e-07, 'epoch': 26.65}
{'eval_loss': 0.019538166001439095, 'eval_f1': 0.9946328660240068, 'eval_roc_auc': 0.9954995055607991, 'eval_accuracy': 0.993768115942029, 'eval_runtime': 159.7103, 'eval_samples_per_second': 43.203, 'eval_steps_per_second': 5.404, 'epoch': 27.0}
{'loss': 0.0224, 'learning_rate': 1.846272692159135e-07, 'epoch': 27.23}
{'loss': 0.0297, 'learning_rate': 1.4600231749710312e-07, 'epoch': 27.81}
{'eval_loss': 0.01954830065369606, 'eval_f1': 0.9945186580140302, 'eval_roc_auc': 0.995331448059346, 'eval_accuracy': 0.9936231884057971, 'eval_runtime': 159.6028, 'eval_samples_per_second': 43.232, 'eval_steps_per_second': 5.407, 'epoch': 28.0}
{'loss': 0.0226, 'learning_rate': 1.0737736577829278e-07, 'epoch': 28.39}
{'loss': 0.0314, 'learning_rate': 6.875241405948242e-08, 'epoch': 28.97}
{'eval_loss': 0.0187210850417614, 'eval_f1': 0.9946322477324698, 'eval_roc_auc': 0.9954703525757663, 'eval_accuracy': 0.993768115942029, 'eval_runtime': 159.7813, 'eval_samples_per_second': 43.184, 'eval_steps_per_second': 5.401, 'epoch': 29.0}
{'loss': 0.0261, 'learning_rate': 3.0127462340672076e-08, 'epoch': 29.55}
{'eval_loss': 0.018710976466536522, 'eval_f1': 0.9946322477324698, 'eval_roc_auc': 0.9954703525757663, 'eval_accuracy': 0.993768115942029, 'eval_runtime': 159.5878, 'eval_samples_per_second': 43.236, 'eval_steps_per_second': 5.408, 'epoch': 30.0}
{'train_runtime': 16211.107, 'train_samples_per_second': 12.769, 'train_steps_per_second': 1.597, 'train_loss': 0.08896519792452887, 'epoch': 30.0}
