Model Name: AIMH/mental-longformer-base-4096
Text Column: text
Max Length: 1024
Batch Size: 16
Learning Rate: 2e-05
Number of Epochs: 30
Metric Name: eval_loss
Random State: 2
{'eval_loss': 0.1995374709367752, 'eval_f1': 0.8825429939912081, 'eval_roc_auc': 0.9070118421358451, 'eval_accuracy': 0.8821739130434783, 'eval_runtime': 205.621, 'eval_samples_per_second': 33.557, 'eval_steps_per_second': 2.101, 'epoch': 1.0}
{'loss': 0.2683, 'learning_rate': 1.9228395061728397e-05, 'epoch': 1.16}
{'eval_loss': 0.09470519423484802, 'eval_f1': 0.9488904001187098, 'eval_roc_auc': 0.9648609700770329, 'eval_accuracy': 0.9398550724637681, 'eval_runtime': 205.6325, 'eval_samples_per_second': 33.555, 'eval_steps_per_second': 2.101, 'epoch': 2.0}
{'loss': 0.1579, 'learning_rate': 1.8456790123456792e-05, 'epoch': 2.31}
{'eval_loss': 0.07283265143632889, 'eval_f1': 0.9637443635179078, 'eval_roc_auc': 0.9708079459168697, 'eval_accuracy': 0.9594202898550724, 'eval_runtime': 205.7252, 'eval_samples_per_second': 33.54, 'eval_steps_per_second': 2.1, 'epoch': 3.0}
{'loss': 0.1048, 'learning_rate': 1.7685185185185187e-05, 'epoch': 3.47}
{'eval_loss': 0.03677157312631607, 'eval_f1': 0.9840220418410295, 'eval_roc_auc': 0.9873632859185638, 'eval_accuracy': 0.9808695652173913, 'eval_runtime': 205.1848, 'eval_samples_per_second': 33.628, 'eval_steps_per_second': 2.105, 'epoch': 4.0}
{'loss': 0.0735, 'learning_rate': 1.6913580246913582e-05, 'epoch': 4.63}
{'eval_loss': 0.02944841980934143, 'eval_f1': 0.9889309607043179, 'eval_roc_auc': 0.9912035926861168, 'eval_accuracy': 0.9869565217391304, 'eval_runtime': 205.2496, 'eval_samples_per_second': 33.618, 'eval_steps_per_second': 2.105, 'epoch': 5.0}
{'loss': 0.0456, 'learning_rate': 1.6141975308641978e-05, 'epoch': 5.79}
{'eval_loss': 0.018120238557457924, 'eval_f1': 0.9933957843982308, 'eval_roc_auc': 0.9948613503812676, 'eval_accuracy': 0.9921739130434782, 'eval_runtime': 204.9833, 'eval_samples_per_second': 33.661, 'eval_steps_per_second': 2.107, 'epoch': 6.0}
{'loss': 0.0332, 'learning_rate': 1.537037037037037e-05, 'epoch': 6.94}
{'eval_loss': 0.01223766803741455, 'eval_f1': 0.9958887977030237, 'eval_roc_auc': 0.9964171482564935, 'eval_accuracy': 0.995072463768116, 'eval_runtime': 205.7377, 'eval_samples_per_second': 33.538, 'eval_steps_per_second': 2.1, 'epoch': 7.0}
{'eval_loss': 0.00793746393173933, 'eval_f1': 0.9972677112790891, 'eval_roc_auc': 0.9978074748434484, 'eval_accuracy': 0.9968115942028986, 'eval_runtime': 205.5997, 'eval_samples_per_second': 33.56, 'eval_steps_per_second': 2.101, 'epoch': 8.0}
{'loss': 0.02, 'learning_rate': 1.4598765432098766e-05, 'epoch': 8.1}
{'eval_loss': 0.006970949470996857, 'eval_f1': 0.9976127993206668, 'eval_roc_auc': 0.9981276470095202, 'eval_accuracy': 0.9972463768115942, 'eval_runtime': 205.2338, 'eval_samples_per_second': 33.62, 'eval_steps_per_second': 2.105, 'epoch': 9.0}
{'loss': 0.0154, 'learning_rate': 1.3827160493827162e-05, 'epoch': 9.26}
{'eval_loss': 0.009969234466552734, 'eval_f1': 0.9963718592455363, 'eval_roc_auc': 0.9978061605539609, 'eval_accuracy': 0.9955072463768115, 'eval_runtime': 205.6143, 'eval_samples_per_second': 33.558, 'eval_steps_per_second': 2.101, 'epoch': 10.0}
{'loss': 0.0139, 'learning_rate': 1.3055555555555557e-05, 'epoch': 10.42}
{'eval_loss': 0.0032032218296080828, 'eval_f1': 0.9990896428408463, 'eval_roc_auc': 0.9992316256715685, 'eval_accuracy': 0.9989855072463768, 'eval_runtime': 205.3103, 'eval_samples_per_second': 33.608, 'eval_steps_per_second': 2.104, 'epoch': 11.0}
{'loss': 0.0075, 'learning_rate': 1.228395061728395e-05, 'epoch': 11.57}
{'eval_loss': 0.0016866145888343453, 'eval_f1': 0.9994313665585965, 'eval_roc_auc': 0.9996563674436063, 'eval_accuracy': 0.9994202898550725, 'eval_runtime': 205.5435, 'eval_samples_per_second': 33.57, 'eval_steps_per_second': 2.102, 'epoch': 12.0}
{'loss': 0.0088, 'learning_rate': 1.1512345679012347e-05, 'epoch': 12.73}
{'eval_loss': 0.0010969272116199136, 'eval_f1': 0.9996588195201257, 'eval_roc_auc': 0.9998004538854479, 'eval_accuracy': 0.9997101449275362, 'eval_runtime': 205.5859, 'eval_samples_per_second': 33.563, 'eval_steps_per_second': 2.101, 'epoch': 13.0}
{'loss': 0.0059, 'learning_rate': 1.0740740740740742e-05, 'epoch': 13.89}
{'eval_loss': 0.0019120520446449518, 'eval_f1': 0.9994305247821486, 'eval_roc_auc': 0.9994311717861206, 'eval_accuracy': 0.9992753623188406, 'eval_runtime': 205.4658, 'eval_samples_per_second': 33.582, 'eval_steps_per_second': 2.103, 'epoch': 14.0}
{'eval_loss': 0.0012904201867058873, 'eval_f1': 0.9995446038097059, 'eval_roc_auc': 0.9995740904139293, 'eval_accuracy': 0.9994202898550725, 'eval_runtime': 205.5127, 'eval_samples_per_second': 33.575, 'eval_steps_per_second': 2.102, 'epoch': 15.0}
{'loss': 0.008, 'learning_rate': 9.969135802469136e-06, 'epoch': 15.05}
{'eval_loss': 0.00014358674525283277, 'eval_f1': 1.0, 'eval_roc_auc': 1.0, 'eval_accuracy': 1.0, 'eval_runtime': 205.2517, 'eval_samples_per_second': 33.617, 'eval_steps_per_second': 2.105, 'epoch': 16.0}
{'loss': 0.0097, 'learning_rate': 9.197530864197531e-06, 'epoch': 16.2}
{'eval_loss': 0.00027201278135180473, 'eval_f1': 0.9998862536821166, 'eval_roc_auc': 0.9999153873422569, 'eval_accuracy': 0.9998550724637681, 'eval_runtime': 205.1987, 'eval_samples_per_second': 33.626, 'eval_steps_per_second': 2.105, 'epoch': 17.0}
{'loss': 0.0013, 'learning_rate': 8.425925925925926e-06, 'epoch': 17.36}
{'eval_loss': 0.0026959890965372324, 'eval_f1': 0.9985154012894978, 'eval_roc_auc': 0.9985501996289464, 'eval_accuracy': 0.9981159420289855, 'eval_runtime': 205.2266, 'eval_samples_per_second': 33.621, 'eval_steps_per_second': 2.105, 'epoch': 18.0}
{'loss': 0.0057, 'learning_rate': 7.654320987654322e-06, 'epoch': 18.52}
{'eval_loss': 0.0006796297966502607, 'eval_f1': 0.9998861951682325, 'eval_roc_auc': 0.9998862343572241, 'eval_accuracy': 0.9998550724637681, 'eval_runtime': 205.3028, 'eval_samples_per_second': 33.609, 'eval_steps_per_second': 2.104, 'epoch': 19.0}
{'train_runtime': 21648.532, 'train_samples_per_second': 9.562, 'train_steps_per_second': 0.599, 'train_loss': 0.047599051866615026, 'epoch': 19.0}
