Model Name: AIMH/mental-bert-base-cased
Text Column: text
Max Length: 512
Batch Size: 32
Learning Rate: 2e-05
Number of Epochs: 30
Metric Name: eval_loss
Random State: 1
{'eval_loss': 0.21835148334503174, 'eval_f1': 0.8618983453635831, 'eval_roc_auc': 0.8909129926034607, 'eval_accuracy': 0.863768115942029, 'eval_runtime': 53.9374, 'eval_samples_per_second': 127.926, 'eval_steps_per_second': 4.005, 'epoch': 1.0}
{'eval_loss': 0.13276518881320953, 'eval_f1': 0.923474612482562, 'eval_roc_auc': 0.9417965640825154, 'eval_accuracy': 0.9150724637681159, 'eval_runtime': 53.9934, 'eval_samples_per_second': 127.793, 'eval_steps_per_second': 4.0, 'epoch': 2.0}
{'loss': 0.227, 'learning_rate': 1.8456790123456792e-05, 'epoch': 2.31}
{'eval_loss': 0.0719672217965126, 'eval_f1': 0.9691973239574676, 'eval_roc_auc': 0.9797654082175739, 'eval_accuracy': 0.9623188405797102, 'eval_runtime': 54.0015, 'eval_samples_per_second': 127.774, 'eval_steps_per_second': 4.0, 'epoch': 3.0}
{'eval_loss': 0.047685422003269196, 'eval_f1': 0.977799125994602, 'eval_roc_auc': 0.9824785878817791, 'eval_accuracy': 0.9730434782608696, 'eval_runtime': 54.0771, 'eval_samples_per_second': 127.596, 'eval_steps_per_second': 3.994, 'epoch': 4.0}
{'loss': 0.094, 'learning_rate': 1.6913580246913582e-05, 'epoch': 4.63}
{'eval_loss': 0.03425593301653862, 'eval_f1': 0.9845460313785713, 'eval_roc_auc': 0.9880545322760032, 'eval_accuracy': 0.981304347826087, 'eval_runtime': 53.9016, 'eval_samples_per_second': 128.011, 'eval_steps_per_second': 4.007, 'epoch': 5.0}
{'eval_loss': 0.022288791835308075, 'eval_f1': 0.9908720077041568, 'eval_roc_auc': 0.9923122426042975, 'eval_accuracy': 0.9891304347826086, 'eval_runtime': 53.9304, 'eval_samples_per_second': 127.943, 'eval_steps_per_second': 4.005, 'epoch': 6.0}
{'loss': 0.0381, 'learning_rate': 1.537037037037037e-05, 'epoch': 6.94}
{'eval_loss': 0.016906922683119774, 'eval_f1': 0.992323341208669, 'eval_roc_auc': 0.9930030111591841, 'eval_accuracy': 0.9908695652173913, 'eval_runtime': 53.9189, 'eval_samples_per_second': 127.97, 'eval_steps_per_second': 4.006, 'epoch': 7.0}
{'eval_loss': 0.011807279661297798, 'eval_f1': 0.9955586667634883, 'eval_roc_auc': 0.9964599084502951, 'eval_accuracy': 0.995072463768116, 'eval_runtime': 53.9316, 'eval_samples_per_second': 127.94, 'eval_steps_per_second': 4.005, 'epoch': 8.0}
{'eval_loss': 0.009163795039057732, 'eval_f1': 0.9969167953025558, 'eval_roc_auc': 0.9971826762875697, 'eval_accuracy': 0.9963768115942029, 'eval_runtime': 53.9652, 'eval_samples_per_second': 127.86, 'eval_steps_per_second': 4.003, 'epoch': 9.0}
{'loss': 0.0184, 'learning_rate': 1.3827160493827162e-05, 'epoch': 9.26}
{'eval_loss': 0.006232150364667177, 'eval_f1': 0.9976022003047224, 'eval_roc_auc': 0.9977818253005148, 'eval_accuracy': 0.9971014492753624, 'eval_runtime': 53.9398, 'eval_samples_per_second': 127.92, 'eval_steps_per_second': 4.004, 'epoch': 10.0}
{'eval_loss': 0.0030122173484414816, 'eval_f1': 0.9992030522604304, 'eval_roc_auc': 0.9993162383293116, 'eval_accuracy': 0.9991304347826087, 'eval_runtime': 53.909, 'eval_samples_per_second': 127.993, 'eval_steps_per_second': 4.007, 'epoch': 11.0}
{'loss': 0.0093, 'learning_rate': 1.228395061728395e-05, 'epoch': 11.57}
{'eval_loss': 0.0029052537865936756, 'eval_f1': 0.9988614020634734, 'eval_roc_auc': 0.9990040943860168, 'eval_accuracy': 0.9986956521739131, 'eval_runtime': 53.8719, 'eval_samples_per_second': 128.082, 'eval_steps_per_second': 4.01, 'epoch': 12.0}
{'eval_loss': 0.0014420428778976202, 'eval_f1': 0.9996587411691228, 'eval_roc_auc': 0.999717009041738, 'eval_accuracy': 0.9997101449275362, 'eval_runtime': 53.9034, 'eval_samples_per_second': 128.007, 'eval_steps_per_second': 4.007, 'epoch': 13.0}
{'loss': 0.0043, 'learning_rate': 1.0740740740740742e-05, 'epoch': 13.89}
{'eval_loss': 0.0007504482637159526, 'eval_f1': 0.9998862536821166, 'eval_roc_auc': 0.9999153873422569, 'eval_accuracy': 0.9998550724637681, 'eval_runtime': 53.9287, 'eval_samples_per_second': 127.947, 'eval_steps_per_second': 4.005, 'epoch': 14.0}
{'eval_loss': 0.0013811677927151322, 'eval_f1': 0.9996585269302292, 'eval_roc_auc': 0.9996587030716724, 'eval_accuracy': 0.9995652173913043, 'eval_runtime': 53.9707, 'eval_samples_per_second': 127.847, 'eval_steps_per_second': 4.002, 'epoch': 15.0}
{'eval_loss': 0.000931141315959394, 'eval_f1': 0.9997723119044651, 'eval_roc_auc': 0.9997724687144482, 'eval_accuracy': 0.9997101449275362, 'eval_runtime': 53.9877, 'eval_samples_per_second': 127.807, 'eval_steps_per_second': 4.001, 'epoch': 16.0}
{'loss': 0.0025, 'learning_rate': 9.197530864197531e-06, 'epoch': 16.2}
{'eval_loss': 0.0005185359041206539, 'eval_f1': 0.9998861951682325, 'eval_roc_auc': 0.9998862343572241, 'eval_accuracy': 0.9998550724637681, 'eval_runtime': 53.9315, 'eval_samples_per_second': 127.94, 'eval_steps_per_second': 4.005, 'epoch': 17.0}
{'eval_loss': 0.00017192307859659195, 'eval_f1': 1.0, 'eval_roc_auc': 1.0, 'eval_accuracy': 1.0, 'eval_runtime': 53.9858, 'eval_samples_per_second': 127.811, 'eval_steps_per_second': 4.001, 'epoch': 18.0}
{'loss': 0.0008, 'learning_rate': 7.654320987654322e-06, 'epoch': 18.52}
{'eval_loss': 0.0005403372924774885, 'eval_f1': 0.9998861951682325, 'eval_roc_auc': 0.9998862343572241, 'eval_accuracy': 0.9998550724637681, 'eval_runtime': 53.989, 'eval_samples_per_second': 127.804, 'eval_steps_per_second': 4.001, 'epoch': 19.0}
{'eval_loss': 0.0005087449098937213, 'eval_f1': 0.9998861951682325, 'eval_roc_auc': 0.9998862343572241, 'eval_accuracy': 0.9998550724637681, 'eval_runtime': 53.947, 'eval_samples_per_second': 127.903, 'eval_steps_per_second': 4.004, 'epoch': 20.0}
{'loss': 0.0007, 'learning_rate': 6.111111111111112e-06, 'epoch': 20.83}
{'eval_loss': 0.00011673782137222588, 'eval_f1': 1.0, 'eval_roc_auc': 1.0, 'eval_accuracy': 1.0, 'eval_runtime': 53.7757, 'eval_samples_per_second': 128.311, 'eval_steps_per_second': 4.017, 'epoch': 21.0}
{'eval_loss': 0.00011041110701626167, 'eval_f1': 1.0, 'eval_roc_auc': 1.0, 'eval_accuracy': 1.0, 'eval_runtime': 53.7258, 'eval_samples_per_second': 128.43, 'eval_steps_per_second': 4.02, 'epoch': 22.0}
{'eval_loss': 0.00010215085785603151, 'eval_f1': 1.0, 'eval_roc_auc': 1.0, 'eval_accuracy': 1.0, 'eval_runtime': 53.7516, 'eval_samples_per_second': 128.368, 'eval_steps_per_second': 4.018, 'epoch': 23.0}
{'loss': 0.0005, 'learning_rate': 4.567901234567902e-06, 'epoch': 23.15}
{'eval_loss': 9.539381426293403e-05, 'eval_f1': 1.0, 'eval_roc_auc': 1.0, 'eval_accuracy': 1.0, 'eval_runtime': 53.7922, 'eval_samples_per_second': 128.271, 'eval_steps_per_second': 4.015, 'epoch': 24.0}
{'eval_loss': 8.963792788563296e-05, 'eval_f1': 1.0, 'eval_roc_auc': 1.0, 'eval_accuracy': 1.0, 'eval_runtime': 53.7542, 'eval_samples_per_second': 128.362, 'eval_steps_per_second': 4.018, 'epoch': 25.0}
{'loss': 0.0005, 'learning_rate': 3.0246913580246917e-06, 'epoch': 25.46}
{'eval_loss': 8.8221684563905e-05, 'eval_f1': 1.0, 'eval_roc_auc': 1.0, 'eval_accuracy': 1.0, 'eval_runtime': 53.7409, 'eval_samples_per_second': 128.394, 'eval_steps_per_second': 4.019, 'epoch': 26.0}
{'eval_loss': 8.176150731742382e-05, 'eval_f1': 1.0, 'eval_roc_auc': 1.0, 'eval_accuracy': 1.0, 'eval_runtime': 53.7509, 'eval_samples_per_second': 128.37, 'eval_steps_per_second': 4.019, 'epoch': 27.0}
{'loss': 0.0002, 'learning_rate': 1.4814814814814815e-06, 'epoch': 27.78}
{'eval_loss': 7.896091119619086e-05, 'eval_f1': 1.0, 'eval_roc_auc': 1.0, 'eval_accuracy': 1.0, 'eval_runtime': 53.7434, 'eval_samples_per_second': 128.388, 'eval_steps_per_second': 4.019, 'epoch': 28.0}
{'eval_loss': 7.741063745925203e-05, 'eval_f1': 1.0, 'eval_roc_auc': 1.0, 'eval_accuracy': 1.0, 'eval_runtime': 53.7914, 'eval_samples_per_second': 128.273, 'eval_steps_per_second': 4.016, 'epoch': 29.0}
{'eval_loss': 7.681164424866438e-05, 'eval_f1': 1.0, 'eval_roc_auc': 1.0, 'eval_accuracy': 1.0, 'eval_runtime': 53.7581, 'eval_samples_per_second': 128.353, 'eval_steps_per_second': 4.018, 'epoch': 30.0}
{'train_runtime': 6286.4653, 'train_samples_per_second': 32.928, 'train_steps_per_second': 1.031, 'train_loss': 0.03060109317647638, 'epoch': 30.0}
