Model Name: AIMH/mental-longformer-base-4096
Text Column: text
Max Length: 1024
Batch Size: 4
Learning Rate: 2e-06
Number of Epochs: 30
Metric Name: eval_loss
Random State: 1
{'loss': 0.5438, 'learning_rate': 1.980676328502415e-06, 'epoch': 0.29}
{'loss': 0.2889, 'learning_rate': 1.9613526570048307e-06, 'epoch': 0.58}
{'loss': 0.2466, 'learning_rate': 1.9420289855072463e-06, 'epoch': 0.87}
{'eval_loss': 0.2306492179632187, 'eval_f1': 0.8780831946639863, 'eval_roc_auc': 0.9065185061553906, 'eval_accuracy': 0.8724637681159421, 'eval_runtime': 230.1227, 'eval_samples_per_second': 29.984, 'eval_steps_per_second': 7.496, 'epoch': 1.0}
{'loss': 0.2248, 'learning_rate': 1.922705314009662e-06, 'epoch': 1.16}
{'loss': 0.2385, 'learning_rate': 1.9033816425120771e-06, 'epoch': 1.45}
{'loss': 0.2176, 'learning_rate': 1.8840579710144925e-06, 'epoch': 1.74}
{'eval_loss': 0.21098150312900543, 'eval_f1': 0.899921249711071, 'eval_roc_auc': 0.931411531863216, 'eval_accuracy': 0.8865217391304347, 'eval_runtime': 229.9033, 'eval_samples_per_second': 30.013, 'eval_steps_per_second': 7.503, 'epoch': 2.0}
{'loss': 0.2264, 'learning_rate': 1.8647342995169081e-06, 'epoch': 2.03}
{'loss': 0.2084, 'learning_rate': 1.8454106280193235e-06, 'epoch': 2.32}
{'loss': 0.2219, 'learning_rate': 1.826086956521739e-06, 'epoch': 2.61}
{'loss': 0.2197, 'learning_rate': 1.8067632850241545e-06, 'epoch': 2.9}
{'eval_loss': 0.17299538850784302, 'eval_f1': 0.9212883525138152, 'eval_roc_auc': 0.9421385648909459, 'eval_accuracy': 0.9134782608695652, 'eval_runtime': 229.7725, 'eval_samples_per_second': 30.03, 'eval_steps_per_second': 7.507, 'epoch': 3.0}
{'loss': 0.2247, 'learning_rate': 1.78743961352657e-06, 'epoch': 3.19}
{'loss': 0.2018, 'learning_rate': 1.7681159420289855e-06, 'epoch': 3.48}
{'loss': 0.1787, 'learning_rate': 1.748792270531401e-06, 'epoch': 3.77}
{'eval_loss': 0.16136664152145386, 'eval_f1': 0.932193430877109, 'eval_roc_auc': 0.9495609950143366, 'eval_accuracy': 0.9253623188405797, 'eval_runtime': 229.4892, 'eval_samples_per_second': 30.067, 'eval_steps_per_second': 7.517, 'epoch': 4.0}
{'loss': 0.1917, 'learning_rate': 1.7294685990338163e-06, 'epoch': 4.06}
{'loss': 0.1769, 'learning_rate': 1.7101449275362317e-06, 'epoch': 4.35}
{'loss': 0.1903, 'learning_rate': 1.6908212560386471e-06, 'epoch': 4.64}
{'loss': 0.1824, 'learning_rate': 1.6714975845410628e-06, 'epoch': 4.93}
{'eval_loss': 0.14214597642421722, 'eval_f1': 0.9442261908546894, 'eval_roc_auc': 0.9602722225615918, 'eval_accuracy': 0.9368115942028985, 'eval_runtime': 228.8821, 'eval_samples_per_second': 30.147, 'eval_steps_per_second': 7.537, 'epoch': 5.0}
{'loss': 0.138, 'learning_rate': 1.6521739130434782e-06, 'epoch': 5.22}
{'loss': 0.1601, 'learning_rate': 1.6328502415458936e-06, 'epoch': 5.51}
{'loss': 0.1776, 'learning_rate': 1.6135265700483092e-06, 'epoch': 5.8}
{'eval_loss': 0.1268954873085022, 'eval_f1': 0.9519543414451636, 'eval_roc_auc': 0.9658135814602457, 'eval_accuracy': 0.9457971014492753, 'eval_runtime': 228.3392, 'eval_samples_per_second': 30.218, 'eval_steps_per_second': 7.555, 'epoch': 6.0}
{'loss': 0.1532, 'learning_rate': 1.5942028985507246e-06, 'epoch': 6.09}
{'loss': 0.1453, 'learning_rate': 1.5748792270531402e-06, 'epoch': 6.38}
{'loss': 0.1566, 'learning_rate': 1.5555555555555556e-06, 'epoch': 6.67}
{'loss': 0.1257, 'learning_rate': 1.536231884057971e-06, 'epoch': 6.96}
{'eval_loss': 0.10978025943040848, 'eval_f1': 0.9612873587142282, 'eval_roc_auc': 0.9747652565556343, 'eval_accuracy': 0.9552173913043478, 'eval_runtime': 228.427, 'eval_samples_per_second': 30.207, 'eval_steps_per_second': 7.552, 'epoch': 7.0}
{'loss': 0.1382, 'learning_rate': 1.5169082125603864e-06, 'epoch': 7.25}
{'loss': 0.1389, 'learning_rate': 1.4975845410628018e-06, 'epoch': 7.54}
{'loss': 0.1245, 'learning_rate': 1.4782608695652172e-06, 'epoch': 7.83}
{'eval_loss': 0.09059704840183258, 'eval_f1': 0.9682581384092448, 'eval_roc_auc': 0.9802704555850572, 'eval_accuracy': 0.9621739130434782, 'eval_runtime': 228.6287, 'eval_samples_per_second': 30.18, 'eval_steps_per_second': 7.545, 'epoch': 8.0}
{'loss': 0.1141, 'learning_rate': 1.4589371980676328e-06, 'epoch': 8.12}
{'loss': 0.1031, 'learning_rate': 1.4396135265700482e-06, 'epoch': 8.41}
{'loss': 0.109, 'learning_rate': 1.4202898550724638e-06, 'epoch': 8.7}
{'loss': 0.1237, 'learning_rate': 1.4009661835748792e-06, 'epoch': 8.99}
{'eval_loss': 0.08402474969625473, 'eval_f1': 0.9721939296263981, 'eval_roc_auc': 0.9826428299921104, 'eval_accuracy': 0.9671014492753623, 'eval_runtime': 228.4137, 'eval_samples_per_second': 30.208, 'eval_steps_per_second': 7.552, 'epoch': 9.0}
{'loss': 0.0882, 'learning_rate': 1.3816425120772946e-06, 'epoch': 9.28}
{'loss': 0.1024, 'learning_rate': 1.3623188405797102e-06, 'epoch': 9.57}
{'loss': 0.0862, 'learning_rate': 1.3429951690821256e-06, 'epoch': 9.86}
{'eval_loss': 0.060188062489032745, 'eval_f1': 0.9806371876500848, 'eval_roc_auc': 0.9867651487451402, 'eval_accuracy': 0.9772463768115942, 'eval_runtime': 228.5211, 'eval_samples_per_second': 30.194, 'eval_steps_per_second': 7.549, 'epoch': 10.0}
{'loss': 0.0932, 'learning_rate': 1.323671497584541e-06, 'epoch': 10.14}
{'loss': 0.0876, 'learning_rate': 1.3043478260869564e-06, 'epoch': 10.43}
{'loss': 0.0979, 'learning_rate': 1.2850241545893718e-06, 'epoch': 10.72}
{'eval_loss': 0.056571945548057556, 'eval_f1': 0.9825158591152126, 'eval_roc_auc': 0.9876595911346855, 'eval_accuracy': 0.9795652173913043, 'eval_runtime': 228.7663, 'eval_samples_per_second': 30.162, 'eval_steps_per_second': 7.54, 'epoch': 11.0}
{'loss': 0.0708, 'learning_rate': 1.2657004830917874e-06, 'epoch': 11.01}
{'loss': 0.0694, 'learning_rate': 1.2463768115942028e-06, 'epoch': 11.3}
{'loss': 0.072, 'learning_rate': 1.2270531400966182e-06, 'epoch': 11.59}
{'loss': 0.0933, 'learning_rate': 1.2077294685990338e-06, 'epoch': 11.88}
{'eval_loss': 0.04090447723865509, 'eval_f1': 0.9872638543620449, 'eval_roc_auc': 0.9908453220833192, 'eval_accuracy': 0.984927536231884, 'eval_runtime': 228.8184, 'eval_samples_per_second': 30.155, 'eval_steps_per_second': 7.539, 'epoch': 12.0}
{'loss': 0.0655, 'learning_rate': 1.1884057971014492e-06, 'epoch': 12.17}
{'loss': 0.0625, 'learning_rate': 1.1690821256038648e-06, 'epoch': 12.46}
{'loss': 0.0663, 'learning_rate': 1.1497584541062802e-06, 'epoch': 12.75}
{'eval_loss': 0.035678666085004807, 'eval_f1': 0.9887411536064618, 'eval_roc_auc': 0.9919241618717234, 'eval_accuracy': 0.9866666666666667, 'eval_runtime': 228.6205, 'eval_samples_per_second': 30.181, 'eval_steps_per_second': 7.545, 'epoch': 13.0}
{'loss': 0.0541, 'learning_rate': 1.1304347826086954e-06, 'epoch': 13.04}
{'loss': 0.0484, 'learning_rate': 1.111111111111111e-06, 'epoch': 13.33}
{'loss': 0.0558, 'learning_rate': 1.0917874396135264e-06, 'epoch': 13.62}
{'loss': 0.0698, 'learning_rate': 1.072463768115942e-06, 'epoch': 13.91}
{'eval_loss': 0.033753614872694016, 'eval_f1': 0.9898770553413596, 'eval_roc_auc': 0.992677761177353, 'eval_accuracy': 0.9879710144927536, 'eval_runtime': 228.4237, 'eval_samples_per_second': 30.207, 'eval_steps_per_second': 7.552, 'epoch': 14.0}
{'loss': 0.0486, 'learning_rate': 1.0531400966183574e-06, 'epoch': 14.2}
{'loss': 0.046, 'learning_rate': 1.0338164251207728e-06, 'epoch': 14.49}
{'loss': 0.0533, 'learning_rate': 1.0144927536231885e-06, 'epoch': 14.78}
{'eval_loss': 0.02739616110920906, 'eval_f1': 0.9922278262949784, 'eval_roc_auc': 0.9937568610499298, 'eval_accuracy': 0.9907246376811594, 'eval_runtime': 228.4566, 'eval_samples_per_second': 30.203, 'eval_steps_per_second': 7.551, 'epoch': 15.0}
{'loss': 0.0629, 'learning_rate': 9.951690821256039e-07, 'epoch': 15.07}
{'loss': 0.0539, 'learning_rate': 9.758454106280193e-07, 'epoch': 15.36}
{'loss': 0.0499, 'learning_rate': 9.565217391304349e-07, 'epoch': 15.65}
{'loss': 0.0481, 'learning_rate': 9.371980676328503e-07, 'epoch': 15.94}
{'eval_loss': 0.0196668803691864, 'eval_f1': 0.9932768453862703, 'eval_roc_auc': 0.9948561684558462, 'eval_accuracy': 0.9920289855072464, 'eval_runtime': 228.6748, 'eval_samples_per_second': 30.174, 'eval_steps_per_second': 7.543, 'epoch': 16.0}
{'loss': 0.0515, 'learning_rate': 9.178743961352657e-07, 'epoch': 16.23}
{'loss': 0.0363, 'learning_rate': 8.985507246376811e-07, 'epoch': 16.52}
{'loss': 0.0418, 'learning_rate': 8.792270531400966e-07, 'epoch': 16.81}
{'eval_loss': 0.020617153495550156, 'eval_f1': 0.9937324370001805, 'eval_roc_auc': 0.9950066046371424, 'eval_accuracy': 0.9924637681159421, 'eval_runtime': 228.2332, 'eval_samples_per_second': 30.232, 'eval_steps_per_second': 7.558, 'epoch': 17.0}
{'loss': 0.0438, 'learning_rate': 8.599033816425121e-07, 'epoch': 17.1}
{'loss': 0.0265, 'learning_rate': 8.405797101449275e-07, 'epoch': 17.39}
{'loss': 0.0331, 'learning_rate': 8.21256038647343e-07, 'epoch': 17.68}
{'loss': 0.0332, 'learning_rate': 8.019323671497584e-07, 'epoch': 17.97}
{'eval_loss': 0.017376620322465897, 'eval_f1': 0.9941744352133493, 'eval_roc_auc': 0.9952696386471813, 'eval_accuracy': 0.9930434782608696, 'eval_runtime': 228.1687, 'eval_samples_per_second': 30.241, 'eval_steps_per_second': 7.56, 'epoch': 18.0}
{'loss': 0.0358, 'learning_rate': 7.826086956521739e-07, 'epoch': 18.26}
{'loss': 0.032, 'learning_rate': 7.632850241545893e-07, 'epoch': 18.55}
{'loss': 0.0282, 'learning_rate': 7.439613526570048e-07, 'epoch': 18.84}
{'eval_loss': 0.01358627900481224, 'eval_f1': 0.9948767009269618, 'eval_roc_auc': 0.9961110939684802, 'eval_accuracy': 0.993768115942029, 'eval_runtime': 228.3967, 'eval_samples_per_second': 30.211, 'eval_steps_per_second': 7.553, 'epoch': 19.0}
{'loss': 0.0244, 'learning_rate': 7.246376811594203e-07, 'epoch': 19.13}
{'loss': 0.0291, 'learning_rate': 7.053140096618357e-07, 'epoch': 19.42}
{'loss': 0.0358, 'learning_rate': 6.859903381642512e-07, 'epoch': 19.71}
{'loss': 0.0256, 'learning_rate': 6.666666666666666e-07, 'epoch': 20.0}
{'eval_loss': 0.01060058455914259, 'eval_f1': 0.9965824669263864, 'eval_roc_auc': 0.997429507376601, 'eval_accuracy': 0.9959420289855072, 'eval_runtime': 228.5131, 'eval_samples_per_second': 30.195, 'eval_steps_per_second': 7.549, 'epoch': 20.0}
{'loss': 0.0221, 'learning_rate': 6.473429951690821e-07, 'epoch': 20.29}
{'loss': 0.0277, 'learning_rate': 6.280193236714976e-07, 'epoch': 20.58}
{'loss': 0.0299, 'learning_rate': 6.08695652173913e-07, 'epoch': 20.87}
{'eval_loss': 0.009997098706662655, 'eval_f1': 0.9966950325597691, 'eval_roc_auc': 0.9973763833319564, 'eval_accuracy': 0.9959420289855072, 'eval_runtime': 228.4389, 'eval_samples_per_second': 30.205, 'eval_steps_per_second': 7.551, 'epoch': 21.0}
{'loss': 0.019, 'learning_rate': 5.893719806763284e-07, 'epoch': 21.16}
{'loss': 0.0227, 'learning_rate': 5.700483091787439e-07, 'epoch': 21.45}
{'loss': 0.015, 'learning_rate': 5.507246376811594e-07, 'epoch': 21.74}
{'eval_loss': 0.007605734746903181, 'eval_f1': 0.9978363525579298, 'eval_roc_auc': 0.9983431359609071, 'eval_accuracy': 0.9972463768115942, 'eval_runtime': 228.4225, 'eval_samples_per_second': 30.207, 'eval_steps_per_second': 7.552, 'epoch': 22.0}
{'loss': 0.0237, 'learning_rate': 5.314009661835749e-07, 'epoch': 22.03}
{'loss': 0.0187, 'learning_rate': 5.120772946859903e-07, 'epoch': 22.32}
{'loss': 0.0232, 'learning_rate': 4.927536231884058e-07, 'epoch': 22.61}
{'loss': 0.0257, 'learning_rate': 4.7342995169082123e-07, 'epoch': 22.9}
{'eval_loss': 0.007898028939962387, 'eval_f1': 0.9974965121339612, 'eval_roc_auc': 0.9980601450026448, 'eval_accuracy': 0.9968115942028986, 'eval_runtime': 228.4427, 'eval_samples_per_second': 30.205, 'eval_steps_per_second': 7.551, 'epoch': 23.0}
{'loss': 0.0176, 'learning_rate': 4.5410628019323674e-07, 'epoch': 23.19}
{'loss': 0.0141, 'learning_rate': 4.3478260869565214e-07, 'epoch': 23.48}
{'loss': 0.0123, 'learning_rate': 4.1545893719806764e-07, 'epoch': 23.77}
{'eval_loss': 0.005470430478453636, 'eval_f1': 0.998406322144723, 'eval_roc_auc': 0.9986616296436561, 'eval_accuracy': 0.9979710144927536, 'eval_runtime': 228.5975, 'eval_samples_per_second': 30.184, 'eval_steps_per_second': 7.546, 'epoch': 24.0}
{'loss': 0.0107, 'learning_rate': 3.9613526570048304e-07, 'epoch': 24.06}
{'loss': 0.0126, 'learning_rate': 3.7681159420289855e-07, 'epoch': 24.35}
{'loss': 0.0254, 'learning_rate': 3.5748792270531395e-07, 'epoch': 24.64}
{'loss': 0.0264, 'learning_rate': 3.3816425120772945e-07, 'epoch': 24.93}
{'eval_loss': 0.005492629949003458, 'eval_f1': 0.9979496003129205, 'eval_roc_auc': 0.9982648730426184, 'eval_accuracy': 0.9973913043478261, 'eval_runtime': 228.4735, 'eval_samples_per_second': 30.2, 'eval_steps_per_second': 7.55, 'epoch': 25.0}
{'loss': 0.0123, 'learning_rate': 3.188405797101449e-07, 'epoch': 25.22}
{'loss': 0.0108, 'learning_rate': 2.9951690821256036e-07, 'epoch': 25.51}
{'loss': 0.0238, 'learning_rate': 2.8019323671497586e-07, 'epoch': 25.8}
{'eval_loss': 0.006341960746794939, 'eval_f1': 0.9978366189858257, 'eval_roc_auc': 0.9981802603848751, 'eval_accuracy': 0.9972463768115942, 'eval_runtime': 228.3546, 'eval_samples_per_second': 30.216, 'eval_steps_per_second': 7.554, 'epoch': 26.0}
{'loss': 0.0139, 'learning_rate': 2.6086956521739126e-07, 'epoch': 26.09}
{'loss': 0.0137, 'learning_rate': 2.4154589371980677e-07, 'epoch': 26.38}
{'loss': 0.0097, 'learning_rate': 2.222222222222222e-07, 'epoch': 26.67}
{'loss': 0.0183, 'learning_rate': 2.028985507246377e-07, 'epoch': 26.96}
{'eval_loss': 0.0047511025331914425, 'eval_f1': 0.9984060256561139, 'eval_roc_auc': 0.9986616296436561, 'eval_accuracy': 0.9979710144927536, 'eval_runtime': 228.5041, 'eval_samples_per_second': 30.196, 'eval_steps_per_second': 7.549, 'epoch': 27.0}
{'loss': 0.0072, 'learning_rate': 1.8357487922705315e-07, 'epoch': 27.25}
{'loss': 0.0123, 'learning_rate': 1.642512077294686e-07, 'epoch': 27.54}
{'loss': 0.0111, 'learning_rate': 1.4492753623188405e-07, 'epoch': 27.83}
{'eval_loss': 0.005193429999053478, 'eval_f1': 0.9980629602707756, 'eval_roc_auc': 0.9983203327153285, 'eval_accuracy': 0.9975362318840579, 'eval_runtime': 228.4949, 'eval_samples_per_second': 30.198, 'eval_steps_per_second': 7.549, 'epoch': 28.0}
{'loss': 0.0123, 'learning_rate': 1.256038647342995e-07, 'epoch': 28.12}
{'loss': 0.0098, 'learning_rate': 1.0628019323671497e-07, 'epoch': 28.41}
{'loss': 0.0192, 'learning_rate': 8.695652173913042e-08, 'epoch': 28.7}
{'loss': 0.009, 'learning_rate': 6.763285024154589e-08, 'epoch': 28.99}
{'eval_loss': 0.004440927412360907, 'eval_f1': 0.9984054184059533, 'eval_roc_auc': 0.9986324766586235, 'eval_accuracy': 0.9979710144927536, 'eval_runtime': 228.3637, 'eval_samples_per_second': 30.215, 'eval_steps_per_second': 7.554, 'epoch': 29.0}
{'loss': 0.0167, 'learning_rate': 4.830917874396135e-08, 'epoch': 29.28}
{'loss': 0.0066, 'learning_rate': 2.898550724637681e-08, 'epoch': 29.57}
{'loss': 0.0127, 'learning_rate': 9.661835748792269e-09, 'epoch': 29.86}
{'eval_loss': 0.004624356981366873, 'eval_f1': 0.998291749420478, 'eval_roc_auc': 0.9985478640008802, 'eval_accuracy': 0.9978260869565218, 'eval_runtime': 228.3608, 'eval_samples_per_second': 30.215, 'eval_steps_per_second': 7.554, 'epoch': 30.0}
{'train_runtime': 37207.0928, 'train_samples_per_second': 5.563, 'train_steps_per_second': 1.391, 'train_loss': 0.08291918281426176, 'epoch': 30.0}
