Model Name: AIMH/mental-bert-large-cased
Text Column: text
Max Length: 512
Batch Size: 4
Learning Rate: 2e-05
Number of Epochs: 30
Metric Name: eval_loss
Random State: 3
{'loss': 0.3523, 'learning_rate': 1.9806763285024154e-05, 'epoch': 0.29}
{'loss': 0.2996, 'learning_rate': 1.961352657004831e-05, 'epoch': 0.58}
{'loss': 0.2888, 'learning_rate': 1.9420289855072467e-05, 'epoch': 0.87}
{'eval_loss': 0.20084649324417114, 'eval_f1': 0.8897475856346396, 'eval_roc_auc': 0.9101540176296491, 'eval_accuracy': 0.8828985507246376, 'eval_runtime': 191.3487, 'eval_samples_per_second': 36.06, 'eval_steps_per_second': 9.015, 'epoch': 1.0}
{'loss': 0.2434, 'learning_rate': 1.922705314009662e-05, 'epoch': 1.16}
{'loss': 0.2085, 'learning_rate': 1.9033816425120775e-05, 'epoch': 1.45}
{'loss': 0.2057, 'learning_rate': 1.8840579710144928e-05, 'epoch': 1.74}
{'eval_loss': 0.15594634413719177, 'eval_f1': 0.9357538493110539, 'eval_roc_auc': 0.9499092520915033, 'eval_accuracy': 0.9305797101449276, 'eval_runtime': 191.3316, 'eval_samples_per_second': 36.063, 'eval_steps_per_second': 9.016, 'epoch': 2.0}
{'loss': 0.1996, 'learning_rate': 1.8647342995169084e-05, 'epoch': 2.03}
{'loss': 0.1437, 'learning_rate': 1.8454106280193237e-05, 'epoch': 2.32}
{'loss': 0.1399, 'learning_rate': 1.8260869565217393e-05, 'epoch': 2.61}
{'loss': 0.1541, 'learning_rate': 1.806763285024155e-05, 'epoch': 2.9}
{'eval_loss': 0.12590721249580383, 'eval_f1': 0.9538931541044783, 'eval_roc_auc': 0.9667510196201992, 'eval_accuracy': 0.9443478260869566, 'eval_runtime': 191.5105, 'eval_samples_per_second': 36.029, 'eval_steps_per_second': 9.007, 'epoch': 3.0}
{'loss': 0.1269, 'learning_rate': 1.7874396135265702e-05, 'epoch': 3.19}
{'loss': 0.0929, 'learning_rate': 1.7681159420289858e-05, 'epoch': 3.48}
{'loss': 0.0827, 'learning_rate': 1.748792270531401e-05, 'epoch': 3.77}
{'eval_loss': 0.04056035727262497, 'eval_f1': 0.9850811900044985, 'eval_roc_auc': 0.9886535676802302, 'eval_accuracy': 0.9826086956521739, 'eval_runtime': 191.7551, 'eval_samples_per_second': 35.983, 'eval_steps_per_second': 8.996, 'epoch': 4.0}
{'loss': 0.0989, 'learning_rate': 1.7294685990338163e-05, 'epoch': 4.06}
{'loss': 0.0512, 'learning_rate': 1.710144927536232e-05, 'epoch': 4.35}
{'loss': 0.0853, 'learning_rate': 1.6908212560386476e-05, 'epoch': 4.64}
{'loss': 0.0753, 'learning_rate': 1.6714975845410632e-05, 'epoch': 4.93}
{'eval_loss': 0.02733522653579712, 'eval_f1': 0.9906619891613502, 'eval_roc_auc': 0.9928769102313342, 'eval_accuracy': 0.9886956521739131, 'eval_runtime': 191.7537, 'eval_samples_per_second': 35.984, 'eval_steps_per_second': 8.996, 'epoch': 5.0}
{'loss': 0.045, 'learning_rate': 1.6521739130434785e-05, 'epoch': 5.22}
{'loss': 0.0521, 'learning_rate': 1.6328502415458937e-05, 'epoch': 5.51}
{'loss': 0.0661, 'learning_rate': 1.6135265700483093e-05, 'epoch': 5.8}
{'eval_loss': 0.028894999995827675, 'eval_f1': 0.9899071081013967, 'eval_roc_auc': 0.9906139326608904, 'eval_accuracy': 0.9875362318840579, 'eval_runtime': 191.7103, 'eval_samples_per_second': 35.992, 'eval_steps_per_second': 8.998, 'epoch': 6.0}
{'loss': 0.0608, 'learning_rate': 1.5942028985507246e-05, 'epoch': 6.09}
{'loss': 0.0394, 'learning_rate': 1.5748792270531402e-05, 'epoch': 6.38}
{'loss': 0.0402, 'learning_rate': 1.555555555555556e-05, 'epoch': 6.67}
{'loss': 0.053, 'learning_rate': 1.536231884057971e-05, 'epoch': 6.96}
{'eval_loss': 0.04045449197292328, 'eval_f1': 0.9882420985272877, 'eval_roc_auc': 0.989984316373425, 'eval_accuracy': 0.9852173913043478, 'eval_runtime': 191.6829, 'eval_samples_per_second': 35.997, 'eval_steps_per_second': 8.999, 'epoch': 7.0}
{'loss': 0.0225, 'learning_rate': 1.5169082125603867e-05, 'epoch': 7.25}
{'loss': 0.0319, 'learning_rate': 1.497584541062802e-05, 'epoch': 7.54}
{'loss': 0.0409, 'learning_rate': 1.4782608695652174e-05, 'epoch': 7.83}
{'eval_loss': 0.013100196607410908, 'eval_f1': 0.9961353934490924, 'eval_roc_auc': 0.9973373771653704, 'eval_accuracy': 0.9952173913043478, 'eval_runtime': 191.7528, 'eval_samples_per_second': 35.984, 'eval_steps_per_second': 8.996, 'epoch': 8.0}
{'loss': 0.0312, 'learning_rate': 1.458937198067633e-05, 'epoch': 8.12}
{'loss': 0.0237, 'learning_rate': 1.4396135265700483e-05, 'epoch': 8.41}
{'loss': 0.0343, 'learning_rate': 1.420289855072464e-05, 'epoch': 8.7}
{'loss': 0.0298, 'learning_rate': 1.4009661835748794e-05, 'epoch': 8.99}
{'eval_loss': 0.028050001710653305, 'eval_f1': 0.9930672920936221, 'eval_roc_auc': 0.9977360533357902, 'eval_accuracy': 0.9910144927536232, 'eval_runtime': 191.8009, 'eval_samples_per_second': 35.975, 'eval_steps_per_second': 8.994, 'epoch': 9.0}
{'loss': 0.0234, 'learning_rate': 1.3816425120772946e-05, 'epoch': 9.28}
{'loss': 0.0292, 'learning_rate': 1.3623188405797103e-05, 'epoch': 9.57}
{'loss': 0.019, 'learning_rate': 1.3429951690821257e-05, 'epoch': 9.86}
{'eval_loss': 0.008483394980430603, 'eval_f1': 0.9978341411684011, 'eval_roc_auc': 0.9980676625561323, 'eval_accuracy': 0.9973913043478261, 'eval_runtime': 191.8675, 'eval_samples_per_second': 35.962, 'eval_steps_per_second': 8.991, 'epoch': 10.0}
{'loss': 0.0255, 'learning_rate': 1.3236714975845413e-05, 'epoch': 10.14}
{'loss': 0.0128, 'learning_rate': 1.3043478260869566e-05, 'epoch': 10.43}
{'loss': 0.0323, 'learning_rate': 1.285024154589372e-05, 'epoch': 10.72}
{'eval_loss': 0.02846350707113743, 'eval_f1': 0.9917272898113165, 'eval_roc_auc': 0.9927759905429216, 'eval_accuracy': 0.9904347826086957, 'eval_runtime': 191.5083, 'eval_samples_per_second': 36.03, 'eval_steps_per_second': 9.007, 'epoch': 11.0}
{'loss': 0.03, 'learning_rate': 1.2657004830917876e-05, 'epoch': 11.01}
{'loss': 0.0254, 'learning_rate': 1.2463768115942029e-05, 'epoch': 11.3}
{'loss': 0.0247, 'learning_rate': 1.2270531400966183e-05, 'epoch': 11.59}
{'loss': 0.0349, 'learning_rate': 1.207729468599034e-05, 'epoch': 11.88}
{'eval_loss': 0.008274552412331104, 'eval_f1': 0.9976112090825381, 'eval_roc_auc': 0.998278480251387, 'eval_accuracy': 0.9971014492753624, 'eval_runtime': 191.5775, 'eval_samples_per_second': 36.017, 'eval_steps_per_second': 9.004, 'epoch': 12.0}
{'loss': 0.015, 'learning_rate': 1.1884057971014494e-05, 'epoch': 12.17}
{'loss': 0.0203, 'learning_rate': 1.1690821256038648e-05, 'epoch': 12.46}
{'loss': 0.0124, 'learning_rate': 1.1497584541062803e-05, 'epoch': 12.75}
{'eval_loss': 0.0016603777185082436, 'eval_f1': 0.9995448579053553, 'eval_roc_auc': 0.9996032433989621, 'eval_accuracy': 0.9994202898550725, 'eval_runtime': 191.5469, 'eval_samples_per_second': 36.023, 'eval_steps_per_second': 9.006, 'epoch': 13.0}
{'loss': 0.026, 'learning_rate': 1.1304347826086957e-05, 'epoch': 13.04}
{'loss': 0.0055, 'learning_rate': 1.1111111111111113e-05, 'epoch': 13.33}
{'loss': 0.0144, 'learning_rate': 1.0917874396135266e-05, 'epoch': 13.62}
{'loss': 0.014, 'learning_rate': 1.0724637681159422e-05, 'epoch': 13.91}
{'eval_loss': 0.019608357921242714, 'eval_f1': 0.9946838621847602, 'eval_roc_auc': 0.9972176259769748, 'eval_accuracy': 0.9931884057971014, 'eval_runtime': 191.5387, 'eval_samples_per_second': 36.024, 'eval_steps_per_second': 9.006, 'epoch': 14.0}
{'loss': 0.0132, 'learning_rate': 1.0531400966183577e-05, 'epoch': 14.2}
{'loss': 0.0195, 'learning_rate': 1.033816425120773e-05, 'epoch': 14.49}
{'loss': 0.0273, 'learning_rate': 1.0144927536231885e-05, 'epoch': 14.78}
{'eval_loss': 0.0007720976718701422, 'eval_f1': 0.9996590552872847, 'eval_roc_auc': 0.9999090376028027, 'eval_accuracy': 0.9995652173913043, 'eval_runtime': 191.5231, 'eval_samples_per_second': 36.027, 'eval_steps_per_second': 9.007, 'epoch': 15.0}
{'loss': 0.0085, 'learning_rate': 9.95169082125604e-06, 'epoch': 15.07}
{'loss': 0.0194, 'learning_rate': 9.758454106280194e-06, 'epoch': 15.36}
{'loss': 0.0156, 'learning_rate': 9.565217391304349e-06, 'epoch': 15.65}
{'loss': 0.0138, 'learning_rate': 9.371980676328503e-06, 'epoch': 15.94}
{'eval_loss': 0.00018570631800685078, 'eval_f1': 0.999886215025764, 'eval_roc_auc': 0.9998862343572241, 'eval_accuracy': 0.9998550724637681, 'eval_runtime': 191.497, 'eval_samples_per_second': 36.032, 'eval_steps_per_second': 9.008, 'epoch': 16.0}
{'loss': 0.0071, 'learning_rate': 9.178743961352658e-06, 'epoch': 16.23}
{'loss': 0.0129, 'learning_rate': 8.985507246376812e-06, 'epoch': 16.52}
{'loss': 0.0045, 'learning_rate': 8.792270531400966e-06, 'epoch': 16.81}
{'eval_loss': 0.006649395450949669, 'eval_f1': 0.9979609516390751, 'eval_roc_auc': 0.9992330440707178, 'eval_accuracy': 0.9975362318840579, 'eval_runtime': 191.4938, 'eval_samples_per_second': 36.033, 'eval_steps_per_second': 9.008, 'epoch': 17.0}
{'loss': 0.0099, 'learning_rate': 8.599033816425122e-06, 'epoch': 17.1}
{'loss': 0.0112, 'learning_rate': 8.405797101449275e-06, 'epoch': 17.39}
{'loss': 0.0225, 'learning_rate': 8.212560386473431e-06, 'epoch': 17.68}
{'loss': 0.0045, 'learning_rate': 8.019323671497586e-06, 'epoch': 17.97}
{'eval_loss': 0.005008162930607796, 'eval_f1': 0.9990908137764404, 'eval_roc_auc': 0.9995362520613761, 'eval_accuracy': 0.998840579710145, 'eval_runtime': 191.5333, 'eval_samples_per_second': 36.025, 'eval_steps_per_second': 9.006, 'epoch': 18.0}
{'loss': 0.0167, 'learning_rate': 7.82608695652174e-06, 'epoch': 18.26}
{'loss': 0.0086, 'learning_rate': 7.632850241545895e-06, 'epoch': 18.55}
{'loss': 0.0159, 'learning_rate': 7.439613526570049e-06, 'epoch': 18.84}
{'eval_loss': 0.0018539207521826029, 'eval_f1': 0.999545246469692, 'eval_roc_auc': 0.9996615493690276, 'eval_accuracy': 0.9994202898550725, 'eval_runtime': 191.4184, 'eval_samples_per_second': 36.047, 'eval_steps_per_second': 9.012, 'epoch': 19.0}
{'train_runtime': 15370.9474, 'train_samples_per_second': 13.467, 'train_steps_per_second': 3.367, 'train_loss': 0.061320992509069375, 'epoch': 19.0}
