Model Name: AIMH/mental-roberta-large
Text Column: text
Max Length: 512
Batch Size: 4
Learning Rate: 2e-06
Number of Epochs: 30
Metric Name: eval_loss
Random State: 3
{'loss': 0.4721, 'learning_rate': 1.980676328502415e-06, 'epoch': 0.29}
{'loss': 0.2519, 'learning_rate': 1.9613526570048307e-06, 'epoch': 0.58}
{'loss': 0.2694, 'learning_rate': 1.9420289855072463e-06, 'epoch': 0.87}
{'eval_loss': 0.21597716212272644, 'eval_f1': 0.9055799684625423, 'eval_roc_auc': 0.9280950802154874, 'eval_accuracy': 0.8976811594202898, 'eval_runtime': 187.3943, 'eval_samples_per_second': 36.821, 'eval_steps_per_second': 9.205, 'epoch': 1.0}
{'loss': 0.2233, 'learning_rate': 1.922705314009662e-06, 'epoch': 1.16}
{'loss': 0.2289, 'learning_rate': 1.9033816425120771e-06, 'epoch': 1.45}
{'loss': 0.2137, 'learning_rate': 1.8840579710144925e-06, 'epoch': 1.74}
{'eval_loss': 0.16146491467952728, 'eval_f1': 0.9372295876808753, 'eval_roc_auc': 0.9565554593858389, 'eval_accuracy': 0.9276811594202898, 'eval_runtime': 187.3786, 'eval_samples_per_second': 36.824, 'eval_steps_per_second': 9.206, 'epoch': 2.0}
{'loss': 0.2148, 'learning_rate': 1.8647342995169081e-06, 'epoch': 2.03}
{'loss': 0.1827, 'learning_rate': 1.8454106280193235e-06, 'epoch': 2.32}
{'loss': 0.1653, 'learning_rate': 1.826086956521739e-06, 'epoch': 2.61}
{'loss': 0.1939, 'learning_rate': 1.8067632850241545e-06, 'epoch': 2.9}
