Model Name: AIMH/mental-xlnet-base-cased
Text Column: text
Max Length: 512
Batch Size: 4
Learning Rate: 2e-06
Number of Epochs: 30
Metric Name: eval_loss
Random State: 1
{'loss': 0.5138, 'learning_rate': 1.980676328502415e-06, 'epoch': 0.29}
{'loss': 0.3003, 'learning_rate': 1.9613526570048307e-06, 'epoch': 0.58}
{'loss': 0.2515, 'learning_rate': 1.9420289855072463e-06, 'epoch': 0.87}
{'eval_loss': 0.2656347155570984, 'eval_f1': 0.8753894138760284, 'eval_roc_auc': 0.9040552117169331, 'eval_accuracy': 0.868840579710145, 'eval_runtime': 128.2648, 'eval_samples_per_second': 53.795, 'eval_steps_per_second': 13.449, 'epoch': 1.0}
{'loss': 0.2363, 'learning_rate': 1.922705314009662e-06, 'epoch': 1.16}
{'loss': 0.2542, 'learning_rate': 1.9033816425120771e-06, 'epoch': 1.45}
{'loss': 0.2505, 'learning_rate': 1.8840579710144925e-06, 'epoch': 1.74}
{'eval_loss': 0.22538693249225616, 'eval_f1': 0.9015428904249054, 'eval_roc_auc': 0.9275075246112865, 'eval_accuracy': 0.8927536231884058, 'eval_runtime': 127.9571, 'eval_samples_per_second': 53.924, 'eval_steps_per_second': 13.481, 'epoch': 2.0}
{'loss': 0.241, 'learning_rate': 1.8647342995169081e-06, 'epoch': 2.03}
{'loss': 0.2088, 'learning_rate': 1.8454106280193235e-06, 'epoch': 2.32}
{'loss': 0.24, 'learning_rate': 1.826086956521739e-06, 'epoch': 2.61}
{'loss': 0.2243, 'learning_rate': 1.8067632850241545e-06, 'epoch': 2.9}
{'eval_loss': 0.18978844583034515, 'eval_f1': 0.9200162353550927, 'eval_roc_auc': 0.939599716855157, 'eval_accuracy': 0.9115942028985508, 'eval_runtime': 128.2503, 'eval_samples_per_second': 53.801, 'eval_steps_per_second': 13.45, 'epoch': 3.0}
{'loss': 0.2153, 'learning_rate': 1.78743961352657e-06, 'epoch': 3.19}
{'loss': 0.2226, 'learning_rate': 1.7681159420289855e-06, 'epoch': 3.48}
{'loss': 0.1862, 'learning_rate': 1.748792270531401e-06, 'epoch': 3.77}
{'eval_loss': 0.18186630308628082, 'eval_f1': 0.931008342516051, 'eval_roc_auc': 0.9481329765502828, 'eval_accuracy': 0.9223188405797101, 'eval_runtime': 128.1022, 'eval_samples_per_second': 53.863, 'eval_steps_per_second': 13.466, 'epoch': 4.0}
{'loss': 0.1965, 'learning_rate': 1.7294685990338163e-06, 'epoch': 4.06}
{'loss': 0.1906, 'learning_rate': 1.7101449275362317e-06, 'epoch': 4.35}
{'loss': 0.2057, 'learning_rate': 1.6908212560386471e-06, 'epoch': 4.64}
{'loss': 0.1719, 'learning_rate': 1.6714975845410628e-06, 'epoch': 4.93}
{'eval_loss': 0.14564482867717743, 'eval_f1': 0.9450689296004302, 'eval_roc_auc': 0.9591300508522124, 'eval_accuracy': 0.9373913043478261, 'eval_runtime': 128.0475, 'eval_samples_per_second': 53.886, 'eval_steps_per_second': 13.472, 'epoch': 5.0}
{'loss': 0.1447, 'learning_rate': 1.6521739130434782e-06, 'epoch': 5.22}
{'loss': 0.1557, 'learning_rate': 1.6328502415458936e-06, 'epoch': 5.51}
{'loss': 0.1803, 'learning_rate': 1.6135265700483092e-06, 'epoch': 5.8}
{'eval_loss': 0.12613677978515625, 'eval_f1': 0.9536487601860614, 'eval_roc_auc': 0.9659661026844915, 'eval_accuracy': 0.947536231884058, 'eval_runtime': 127.7329, 'eval_samples_per_second': 54.019, 'eval_steps_per_second': 13.505, 'epoch': 6.0}
{'loss': 0.1437, 'learning_rate': 1.5942028985507246e-06, 'epoch': 6.09}
{'loss': 0.1426, 'learning_rate': 1.5748792270531402e-06, 'epoch': 6.38}
{'loss': 0.1515, 'learning_rate': 1.5555555555555556e-06, 'epoch': 6.67}
{'loss': 0.1271, 'learning_rate': 1.536231884057971e-06, 'epoch': 6.96}
{'eval_loss': 0.10355997085571289, 'eval_f1': 0.9631888798261579, 'eval_roc_auc': 0.9719176076745721, 'eval_accuracy': 0.957391304347826, 'eval_runtime': 127.627, 'eval_samples_per_second': 54.064, 'eval_steps_per_second': 13.516, 'epoch': 7.0}
{'loss': 0.1184, 'learning_rate': 1.5169082125603864e-06, 'epoch': 7.25}
{'loss': 0.1315, 'learning_rate': 1.4975845410628018e-06, 'epoch': 7.54}
{'loss': 0.1169, 'learning_rate': 1.4782608695652172e-06, 'epoch': 7.83}
{'eval_loss': 0.08043313771486282, 'eval_f1': 0.9731335056025542, 'eval_roc_auc': 0.9809153765627274, 'eval_accuracy': 0.9686956521739131, 'eval_runtime': 127.6935, 'eval_samples_per_second': 54.036, 'eval_steps_per_second': 13.509, 'epoch': 8.0}
{'loss': 0.1122, 'learning_rate': 1.4589371980676328e-06, 'epoch': 8.12}
{'loss': 0.0906, 'learning_rate': 1.4396135265700482e-06, 'epoch': 8.41}
{'loss': 0.1153, 'learning_rate': 1.4202898550724638e-06, 'epoch': 8.7}
{'loss': 0.1013, 'learning_rate': 1.4009661835748792e-06, 'epoch': 8.99}
{'eval_loss': 0.06770434230566025, 'eval_f1': 0.9796111315471687, 'eval_roc_auc': 0.9848526312730977, 'eval_accuracy': 0.9763768115942029, 'eval_runtime': 127.7394, 'eval_samples_per_second': 54.016, 'eval_steps_per_second': 13.504, 'epoch': 9.0}
{'loss': 0.1004, 'learning_rate': 1.3816425120772946e-06, 'epoch': 9.28}
{'loss': 0.0976, 'learning_rate': 1.3623188405797102e-06, 'epoch': 9.57}
{'loss': 0.0927, 'learning_rate': 1.3429951690821256e-06, 'epoch': 9.86}
{'eval_loss': 0.06709809601306915, 'eval_f1': 0.9795048311603978, 'eval_roc_auc': 0.9835295561079017, 'eval_accuracy': 0.9763768115942029, 'eval_runtime': 127.582, 'eval_samples_per_second': 54.083, 'eval_steps_per_second': 13.521, 'epoch': 10.0}
{'loss': 0.0791, 'learning_rate': 1.323671497584541e-06, 'epoch': 10.14}
{'loss': 0.0811, 'learning_rate': 1.3043478260869564e-06, 'epoch': 10.43}
{'loss': 0.0956, 'learning_rate': 1.2850241545893718e-06, 'epoch': 10.72}
{'eval_loss': 0.05032850056886673, 'eval_f1': 0.9851874309969638, 'eval_roc_auc': 0.9886838884792959, 'eval_accuracy': 0.9828985507246377, 'eval_runtime': 127.3815, 'eval_samples_per_second': 54.168, 'eval_steps_per_second': 13.542, 'epoch': 11.0}
{'loss': 0.0616, 'learning_rate': 1.2657004830917874e-06, 'epoch': 11.01}
{'loss': 0.0766, 'learning_rate': 1.2463768115942028e-06, 'epoch': 11.3}
{'loss': 0.0715, 'learning_rate': 1.2270531400966182e-06, 'epoch': 11.59}
{'loss': 0.0705, 'learning_rate': 1.2077294685990338e-06, 'epoch': 11.88}
{'eval_loss': 0.03802691400051117, 'eval_f1': 0.9885379274493448, 'eval_roc_auc': 0.9902038194362001, 'eval_accuracy': 0.9866666666666667, 'eval_runtime': 127.657, 'eval_samples_per_second': 54.051, 'eval_steps_per_second': 13.513, 'epoch': 12.0}
{'loss': 0.0611, 'learning_rate': 1.1884057971014492e-06, 'epoch': 12.17}
{'loss': 0.0624, 'learning_rate': 1.1690821256038648e-06, 'epoch': 12.46}
{'loss': 0.0626, 'learning_rate': 1.1497584541062802e-06, 'epoch': 12.75}
{'eval_loss': 0.031590551137924194, 'eval_f1': 0.9906517692501784, 'eval_roc_auc': 0.9926185474774272, 'eval_accuracy': 0.9891304347826086, 'eval_runtime': 127.5985, 'eval_samples_per_second': 54.076, 'eval_steps_per_second': 13.519, 'epoch': 13.0}
{'loss': 0.0576, 'learning_rate': 1.1304347826086954e-06, 'epoch': 13.04}
{'loss': 0.0632, 'learning_rate': 1.111111111111111e-06, 'epoch': 13.33}
{'loss': 0.0499, 'learning_rate': 1.0917874396135264e-06, 'epoch': 13.62}
{'loss': 0.0458, 'learning_rate': 1.072463768115942e-06, 'epoch': 13.91}
{'eval_loss': 0.02943033166229725, 'eval_f1': 0.9908937401724435, 'eval_roc_auc': 0.9929124129558213, 'eval_accuracy': 0.9897101449275363, 'eval_runtime': 128.9519, 'eval_samples_per_second': 53.508, 'eval_steps_per_second': 13.377, 'epoch': 14.0}
{'loss': 0.0492, 'learning_rate': 1.0531400966183574e-06, 'epoch': 14.2}
{'loss': 0.0391, 'learning_rate': 1.0338164251207728e-06, 'epoch': 14.49}
{'loss': 0.048, 'learning_rate': 1.0144927536231885e-06, 'epoch': 14.78}
{'eval_loss': 0.026682743802666664, 'eval_f1': 0.9926861971362175, 'eval_roc_auc': 0.9938198382761276, 'eval_accuracy': 0.9914492753623189, 'eval_runtime': 127.4679, 'eval_samples_per_second': 54.131, 'eval_steps_per_second': 13.533, 'epoch': 15.0}
{'loss': 0.0454, 'learning_rate': 9.951690821256039e-07, 'epoch': 15.07}
{'loss': 0.0493, 'learning_rate': 9.758454106280193e-07, 'epoch': 15.36}
{'loss': 0.0374, 'learning_rate': 9.565217391304349e-07, 'epoch': 15.65}
{'loss': 0.0396, 'learning_rate': 9.371980676328503e-07, 'epoch': 15.94}
{'eval_loss': 0.0220131017267704, 'eval_f1': 0.9940722514657196, 'eval_roc_auc': 0.9951558730044052, 'eval_accuracy': 0.9930434782608696, 'eval_runtime': 127.6604, 'eval_samples_per_second': 54.05, 'eval_steps_per_second': 13.512, 'epoch': 16.0}
{'loss': 0.0293, 'learning_rate': 9.178743961352657e-07, 'epoch': 16.23}
{'loss': 0.0327, 'learning_rate': 8.985507246376811e-07, 'epoch': 16.52}
{'loss': 0.048, 'learning_rate': 8.792270531400966e-07, 'epoch': 16.81}
{'eval_loss': 0.018226047977805138, 'eval_f1': 0.9950937483606375, 'eval_roc_auc': 0.9957585254594497, 'eval_accuracy': 0.9942028985507246, 'eval_runtime': 127.5951, 'eval_samples_per_second': 54.077, 'eval_steps_per_second': 13.519, 'epoch': 17.0}
{'loss': 0.0254, 'learning_rate': 8.599033816425121e-07, 'epoch': 17.1}
{'loss': 0.0211, 'learning_rate': 8.405797101449275e-07, 'epoch': 17.39}
{'loss': 0.0321, 'learning_rate': 8.21256038647343e-07, 'epoch': 17.68}
{'loss': 0.0279, 'learning_rate': 8.019323671497584e-07, 'epoch': 17.97}
{'eval_loss': 0.01839284971356392, 'eval_f1': 0.994862251142841, 'eval_roc_auc': 0.995447549330188, 'eval_accuracy': 0.9939130434782608, 'eval_runtime': 127.8101, 'eval_samples_per_second': 53.986, 'eval_steps_per_second': 13.497, 'epoch': 18.0}
{'loss': 0.0167, 'learning_rate': 7.826086956521739e-07, 'epoch': 18.26}
{'loss': 0.0292, 'learning_rate': 7.632850241545893e-07, 'epoch': 18.55}
{'loss': 0.025, 'learning_rate': 7.439613526570048e-07, 'epoch': 18.84}
{'eval_loss': 0.01574353314936161, 'eval_f1': 0.9955503597274841, 'eval_roc_auc': 0.9962095739191652, 'eval_accuracy': 0.9947826086956522, 'eval_runtime': 127.4028, 'eval_samples_per_second': 54.159, 'eval_steps_per_second': 13.54, 'epoch': 19.0}
{'loss': 0.0266, 'learning_rate': 7.246376811594203e-07, 'epoch': 19.13}
{'loss': 0.0257, 'learning_rate': 7.053140096618357e-07, 'epoch': 19.42}
{'loss': 0.0314, 'learning_rate': 6.859903381642512e-07, 'epoch': 19.71}
{'loss': 0.0214, 'learning_rate': 6.666666666666666e-07, 'epoch': 20.0}
{'eval_loss': 0.01311787124723196, 'eval_f1': 0.9961219267066735, 'eval_roc_auc': 0.996720096162979, 'eval_accuracy': 0.9955072463768115, 'eval_runtime': 127.3497, 'eval_samples_per_second': 54.182, 'eval_steps_per_second': 13.545, 'epoch': 20.0}
{'loss': 0.0218, 'learning_rate': 6.473429951690821e-07, 'epoch': 20.29}
{'loss': 0.0174, 'learning_rate': 6.280193236714976e-07, 'epoch': 20.58}
{'loss': 0.029, 'learning_rate': 6.08695652173913e-07, 'epoch': 20.87}
{'eval_loss': 0.011902859434485435, 'eval_f1': 0.9968097363002405, 'eval_roc_auc': 0.9973735370346012, 'eval_accuracy': 0.996231884057971, 'eval_runtime': 127.5986, 'eval_samples_per_second': 54.076, 'eval_steps_per_second': 13.519, 'epoch': 21.0}
{'loss': 0.0245, 'learning_rate': 5.893719806763284e-07, 'epoch': 21.16}
{'loss': 0.0238, 'learning_rate': 5.700483091787439e-07, 'epoch': 21.45}
{'loss': 0.0103, 'learning_rate': 5.507246376811594e-07, 'epoch': 21.74}
{'eval_loss': 0.01005604863166809, 'eval_f1': 0.9972642869017473, 'eval_roc_auc': 0.9976908629033175, 'eval_accuracy': 0.9969565217391304, 'eval_runtime': 127.5567, 'eval_samples_per_second': 54.094, 'eval_steps_per_second': 13.523, 'epoch': 22.0}
{'loss': 0.01, 'learning_rate': 5.314009661835749e-07, 'epoch': 22.03}
{'loss': 0.0192, 'learning_rate': 5.120772946859903e-07, 'epoch': 22.32}
{'loss': 0.0154, 'learning_rate': 4.927536231884058e-07, 'epoch': 22.61}
{'loss': 0.0152, 'learning_rate': 4.7342995169082123e-07, 'epoch': 22.9}
{'eval_loss': 0.008643751963973045, 'eval_f1': 0.9978356754965017, 'eval_roc_auc': 0.998147093288454, 'eval_accuracy': 0.9972463768115942, 'eval_runtime': 127.4859, 'eval_samples_per_second': 54.124, 'eval_steps_per_second': 13.531, 'epoch': 23.0}
{'loss': 0.0226, 'learning_rate': 4.5410628019323674e-07, 'epoch': 23.19}
{'loss': 0.0194, 'learning_rate': 4.3478260869565214e-07, 'epoch': 23.48}
{'loss': 0.0144, 'learning_rate': 4.1545893719806764e-07, 'epoch': 23.77}
{'eval_loss': 0.007872664369642735, 'eval_f1': 0.9980632292483615, 'eval_roc_auc': 0.9982077348865855, 'eval_accuracy': 0.9975362318840579, 'eval_runtime': 127.9335, 'eval_samples_per_second': 53.934, 'eval_steps_per_second': 13.484, 'epoch': 24.0}
{'loss': 0.0258, 'learning_rate': 3.9613526570048304e-07, 'epoch': 24.06}
{'loss': 0.0121, 'learning_rate': 3.7681159420289855e-07, 'epoch': 24.35}
{'loss': 0.0159, 'learning_rate': 3.5748792270531395e-07, 'epoch': 24.64}
{'loss': 0.0167, 'learning_rate': 3.3816425120772945e-07, 'epoch': 24.93}
{'eval_loss': 0.007771817967295647, 'eval_f1': 0.9981775560425925, 'eval_roc_auc': 0.9983506535143943, 'eval_accuracy': 0.9976811594202899, 'eval_runtime': 128.0748, 'eval_samples_per_second': 53.875, 'eval_steps_per_second': 13.469, 'epoch': 25.0}
{'loss': 0.0108, 'learning_rate': 3.188405797101449e-07, 'epoch': 25.22}
{'loss': 0.0091, 'learning_rate': 2.9951690821256036e-07, 'epoch': 25.51}
{'loss': 0.0206, 'learning_rate': 2.8019323671497586e-07, 'epoch': 25.8}
{'eval_loss': 0.007593813817948103, 'eval_f1': 0.9985188722563677, 'eval_roc_auc': 0.9986336444726562, 'eval_accuracy': 0.9981159420289855, 'eval_runtime': 127.9982, 'eval_samples_per_second': 53.907, 'eval_steps_per_second': 13.477, 'epoch': 26.0}
{'loss': 0.0132, 'learning_rate': 2.6086956521739126e-07, 'epoch': 26.09}
{'loss': 0.0118, 'learning_rate': 2.4154589371980677e-07, 'epoch': 26.38}
{'loss': 0.0192, 'learning_rate': 2.222222222222222e-07, 'epoch': 26.67}
{'loss': 0.0082, 'learning_rate': 2.028985507246377e-07, 'epoch': 26.96}
{'eval_loss': 0.007592915557324886, 'eval_f1': 0.9984045169108102, 'eval_roc_auc': 0.9985198788298804, 'eval_accuracy': 0.9979710144927536, 'eval_runtime': 127.5561, 'eval_samples_per_second': 54.094, 'eval_steps_per_second': 13.523, 'epoch': 27.0}
{'loss': 0.0077, 'learning_rate': 1.8357487922705315e-07, 'epoch': 27.25}
{'loss': 0.0134, 'learning_rate': 1.642512077294686e-07, 'epoch': 27.54}
{'loss': 0.0095, 'learning_rate': 1.4492753623188405e-07, 'epoch': 27.83}
{'eval_loss': 0.006831618491560221, 'eval_f1': 0.9986331487089652, 'eval_roc_auc': 0.9987474101154321, 'eval_accuracy': 0.9982608695652174, 'eval_runtime': 127.4875, 'eval_samples_per_second': 54.123, 'eval_steps_per_second': 13.531, 'epoch': 28.0}
{'loss': 0.0129, 'learning_rate': 1.256038647342995e-07, 'epoch': 28.12}
{'loss': 0.0122, 'learning_rate': 1.0628019323671497e-07, 'epoch': 28.41}
{'loss': 0.0092, 'learning_rate': 8.695652173913042e-08, 'epoch': 28.7}
{'loss': 0.013, 'learning_rate': 6.763285024154589e-08, 'epoch': 28.99}
{'eval_loss': 0.006765259895473719, 'eval_f1': 0.9986331487089652, 'eval_roc_auc': 0.9987474101154321, 'eval_accuracy': 0.9982608695652174, 'eval_runtime': 127.6276, 'eval_samples_per_second': 54.064, 'eval_steps_per_second': 13.516, 'epoch': 29.0}
{'loss': 0.0067, 'learning_rate': 4.830917874396135e-08, 'epoch': 29.28}
{'loss': 0.011, 'learning_rate': 2.898550724637681e-08, 'epoch': 29.57}
{'loss': 0.0091, 'learning_rate': 9.661835748792269e-09, 'epoch': 29.86}
{'eval_loss': 0.006719463504850864, 'eval_f1': 0.9986331487089652, 'eval_roc_auc': 0.9987474101154321, 'eval_accuracy': 0.9982608695652174, 'eval_runtime': 127.2325, 'eval_samples_per_second': 54.231, 'eval_steps_per_second': 13.558, 'epoch': 30.0}
{'train_runtime': 14989.9892, 'train_samples_per_second': 13.809, 'train_steps_per_second': 3.452, 'train_loss': 0.08105647542741563, 'epoch': 30.0}
