Model Name: AIMH/mental-xlnet-base-cased
Text Column: text
Max Length: 512
Batch Size: 32
Learning Rate: 2e-06
Number of Epochs: 30
Metric Name: eval_loss
Random State: 1
{'eval_loss': 0.36175739765167236, 'eval_f1': 0.652155173746535, 'eval_roc_auc': 0.7739572227154956, 'eval_accuracy': 0.751159420289855, 'eval_runtime': 184.6719, 'eval_samples_per_second': 37.364, 'eval_steps_per_second': 1.17, 'epoch': 1.0}
{'eval_loss': 0.2146795690059662, 'eval_f1': 0.8686816739549426, 'eval_roc_auc': 0.899342868744842, 'eval_accuracy': 0.8608695652173913, 'eval_runtime': 184.4471, 'eval_samples_per_second': 37.409, 'eval_steps_per_second': 1.171, 'epoch': 2.0}
{'loss': 0.3878, 'learning_rate': 1.8456790123456789e-06, 'epoch': 2.31}
{'eval_loss': 0.18749204277992249, 'eval_f1': 0.8863466809623535, 'eval_roc_auc': 0.9136518695338602, 'eval_accuracy': 0.8772463768115942, 'eval_runtime': 184.4074, 'eval_samples_per_second': 37.417, 'eval_steps_per_second': 1.171, 'epoch': 3.0}
{'eval_loss': 0.16949869692325592, 'eval_f1': 0.8963848952069313, 'eval_roc_auc': 0.9229618864749722, 'eval_accuracy': 0.883768115942029, 'eval_runtime': 184.4732, 'eval_samples_per_second': 37.404, 'eval_steps_per_second': 1.171, 'epoch': 4.0}
{'loss': 0.1994, 'learning_rate': 1.6913580246913578e-06, 'epoch': 4.63}
{'eval_loss': 0.1583278328180313, 'eval_f1': 0.9048022474475337, 'eval_roc_auc': 0.9302922247633212, 'eval_accuracy': 0.8923188405797101, 'eval_runtime': 184.4937, 'eval_samples_per_second': 37.4, 'eval_steps_per_second': 1.171, 'epoch': 5.0}
{'eval_loss': 0.15055039525032043, 'eval_f1': 0.9111588697297174, 'eval_roc_auc': 0.9373314207628567, 'eval_accuracy': 0.8963768115942029, 'eval_runtime': 184.4289, 'eval_samples_per_second': 37.413, 'eval_steps_per_second': 1.171, 'epoch': 6.0}
{'loss': 0.1659, 'learning_rate': 1.537037037037037e-06, 'epoch': 6.94}
{'eval_loss': 0.13706108927726746, 'eval_f1': 0.919329143265703, 'eval_roc_auc': 0.9387423186970235, 'eval_accuracy': 0.9085507246376812, 'eval_runtime': 184.3366, 'eval_samples_per_second': 37.432, 'eval_steps_per_second': 1.172, 'epoch': 7.0}
{'eval_loss': 0.1263757348060608, 'eval_f1': 0.9266390067841122, 'eval_roc_auc': 0.9452663635624057, 'eval_accuracy': 0.9155072463768116, 'eval_runtime': 184.3932, 'eval_samples_per_second': 37.42, 'eval_steps_per_second': 1.171, 'epoch': 8.0}
{'eval_loss': 0.11499788612127304, 'eval_f1': 0.9324353118233544, 'eval_roc_auc': 0.949914334276829, 'eval_accuracy': 0.9214492753623188, 'eval_runtime': 184.3007, 'eval_samples_per_second': 37.439, 'eval_steps_per_second': 1.172, 'epoch': 9.0}
{'loss': 0.1429, 'learning_rate': 1.382716049382716e-06, 'epoch': 9.26}
{'eval_loss': 0.1149187982082367, 'eval_f1': 0.934749601502716, 'eval_roc_auc': 0.9493482248829638, 'eval_accuracy': 0.9256521739130434, 'eval_runtime': 184.4145, 'eval_samples_per_second': 37.416, 'eval_steps_per_second': 1.171, 'epoch': 10.0}
{'eval_loss': 0.10022935271263123, 'eval_f1': 0.9426717205281911, 'eval_roc_auc': 0.958390422949186, 'eval_accuracy': 0.932463768115942, 'eval_runtime': 185.2185, 'eval_samples_per_second': 37.253, 'eval_steps_per_second': 1.166, 'epoch': 11.0}
{'loss': 0.1259, 'learning_rate': 1.228395061728395e-06, 'epoch': 11.57}
{'eval_loss': 0.09092618525028229, 'eval_f1': 0.9505668488246983, 'eval_roc_auc': 0.965196437434252, 'eval_accuracy': 0.9410144927536231, 'eval_runtime': 185.383, 'eval_samples_per_second': 37.22, 'eval_steps_per_second': 1.165, 'epoch': 12.0}
{'eval_loss': 0.08436638116836548, 'eval_f1': 0.9551419072663275, 'eval_roc_auc': 0.969093655140401, 'eval_accuracy': 0.9457971014492753, 'eval_runtime': 185.1392, 'eval_samples_per_second': 37.269, 'eval_steps_per_second': 1.167, 'epoch': 13.0}
{'loss': 0.1125, 'learning_rate': 1.074074074074074e-06, 'epoch': 13.89}
{'eval_loss': 0.08147385716438293, 'eval_f1': 0.9552809430727661, 'eval_roc_auc': 0.9684977261177024, 'eval_accuracy': 0.9468115942028985, 'eval_runtime': 184.6987, 'eval_samples_per_second': 37.358, 'eval_steps_per_second': 1.169, 'epoch': 14.0}
{'eval_loss': 0.077780582010746, 'eval_f1': 0.9580554047860514, 'eval_roc_auc': 0.9698329995915749, 'eval_accuracy': 0.9501449275362319, 'eval_runtime': 184.709, 'eval_samples_per_second': 37.356, 'eval_steps_per_second': 1.169, 'epoch': 15.0}
{'eval_loss': 0.07633155584335327, 'eval_f1': 0.9586601362282896, 'eval_roc_auc': 0.9697726180776162, 'eval_accuracy': 0.9514492753623188, 'eval_runtime': 184.6121, 'eval_samples_per_second': 37.376, 'eval_steps_per_second': 1.17, 'epoch': 16.0}
{'loss': 0.0987, 'learning_rate': 9.19753086419753e-07, 'epoch': 16.2}
{'eval_loss': 0.06884434074163437, 'eval_f1': 0.9649270077474371, 'eval_roc_auc': 0.9729198958947459, 'eval_accuracy': 0.9589855072463768, 'eval_runtime': 184.6324, 'eval_samples_per_second': 37.372, 'eval_steps_per_second': 1.17, 'epoch': 17.0}
{'eval_loss': 0.0627831295132637, 'eval_f1': 0.969751472479579, 'eval_roc_auc': 0.9775922018626152, 'eval_accuracy': 0.9639130434782609, 'eval_runtime': 184.5386, 'eval_samples_per_second': 37.391, 'eval_steps_per_second': 1.17, 'epoch': 18.0}
{'loss': 0.0909, 'learning_rate': 7.65432098765432e-07, 'epoch': 18.52}
{'eval_loss': 0.05976732820272446, 'eval_f1': 0.9706564590025304, 'eval_roc_auc': 0.9780891168976604, 'eval_accuracy': 0.9656521739130435, 'eval_runtime': 184.6939, 'eval_samples_per_second': 37.359, 'eval_steps_per_second': 1.17, 'epoch': 19.0}
{'eval_loss': 0.059035949409008026, 'eval_f1': 0.9715943379239389, 'eval_roc_auc': 0.9780573776994453, 'eval_accuracy': 0.9665217391304348, 'eval_runtime': 184.3796, 'eval_samples_per_second': 37.423, 'eval_steps_per_second': 1.171, 'epoch': 20.0}
{'loss': 0.0823, 'learning_rate': 6.111111111111112e-07, 'epoch': 20.83}
{'eval_loss': 0.054092563688755035, 'eval_f1': 0.9756425066618092, 'eval_roc_auc': 0.9822099653866913, 'eval_accuracy': 0.9708695652173913, 'eval_runtime': 184.3197, 'eval_samples_per_second': 37.435, 'eval_steps_per_second': 1.172, 'epoch': 21.0}
{'eval_loss': 0.053533539175987244, 'eval_f1': 0.9746744387742269, 'eval_roc_auc': 0.9808695194864541, 'eval_accuracy': 0.97, 'eval_runtime': 184.241, 'eval_samples_per_second': 37.451, 'eval_steps_per_second': 1.172, 'epoch': 22.0}
{'eval_loss': 0.05232400819659233, 'eval_f1': 0.9751925640258675, 'eval_roc_auc': 0.980799941935686, 'eval_accuracy': 0.9704347826086956, 'eval_runtime': 184.3681, 'eval_samples_per_second': 37.425, 'eval_steps_per_second': 1.172, 'epoch': 23.0}
{'loss': 0.0775, 'learning_rate': 4.5679012345679007e-07, 'epoch': 23.15}
{'eval_loss': 0.050007276237010956, 'eval_f1': 0.9768193589125395, 'eval_roc_auc': 0.9822971737566734, 'eval_accuracy': 0.9726086956521739, 'eval_runtime': 184.4456, 'eval_samples_per_second': 37.409, 'eval_steps_per_second': 1.171, 'epoch': 24.0}
{'eval_loss': 0.04772529751062393, 'eval_f1': 0.9778989453180317, 'eval_roc_auc': 0.9835382319763654, 'eval_accuracy': 0.9739130434782609, 'eval_runtime': 184.3712, 'eval_samples_per_second': 37.425, 'eval_steps_per_second': 1.172, 'epoch': 25.0}
{'loss': 0.0705, 'learning_rate': 3.0246913580246913e-07, 'epoch': 25.46}
{'eval_loss': 0.046989984810352325, 'eval_f1': 0.9789353844025293, 'eval_roc_auc': 0.9834996323694069, 'eval_accuracy': 0.975072463768116, 'eval_runtime': 184.1592, 'eval_samples_per_second': 37.468, 'eval_steps_per_second': 1.173, 'epoch': 26.0}
{'eval_loss': 0.04721733555197716, 'eval_f1': 0.9776285399320698, 'eval_roc_auc': 0.9827929209776852, 'eval_accuracy': 0.9736231884057971, 'eval_runtime': 184.5151, 'eval_samples_per_second': 37.395, 'eval_steps_per_second': 1.171, 'epoch': 27.0}
{'loss': 0.0691, 'learning_rate': 1.4814814814814815e-07, 'epoch': 27.78}
{'eval_loss': 0.04682887718081474, 'eval_f1': 0.9780608634541875, 'eval_roc_auc': 0.9829101900625604, 'eval_accuracy': 0.9742028985507246, 'eval_runtime': 184.5829, 'eval_samples_per_second': 37.382, 'eval_steps_per_second': 1.17, 'epoch': 28.0}
{'eval_loss': 0.045156143605709076, 'eval_f1': 0.9799090549053103, 'eval_roc_auc': 0.9846017860726782, 'eval_accuracy': 0.9763768115942029, 'eval_runtime': 184.5892, 'eval_samples_per_second': 37.38, 'eval_steps_per_second': 1.17, 'epoch': 29.0}
{'eval_loss': 0.04569144919514656, 'eval_f1': 0.9792369638898131, 'eval_roc_auc': 0.9841232631112526, 'eval_accuracy': 0.9756521739130435, 'eval_runtime': 184.5355, 'eval_samples_per_second': 37.391, 'eval_steps_per_second': 1.171, 'epoch': 30.0}
{'train_runtime': 17275.6043, 'train_samples_per_second': 11.982, 'train_steps_per_second': 0.375, 'train_loss': 0.1302539101353398, 'epoch': 30.0}
