Model Name: AIMH/mental-bert-base-cased
Text Column: text
Max Length: 512
Batch Size: 16
Learning Rate: 2e-06
Number of Epochs: 30
Metric Name: eval_loss
Random State: 3
{'eval_loss': 0.3544660806655884, 'eval_f1': 0.6791365185158126, 'eval_roc_auc': 0.7885727844722127, 'eval_accuracy': 0.7604347826086957, 'eval_runtime': 53.9417, 'eval_samples_per_second': 127.916, 'eval_steps_per_second': 8.009, 'epoch': 1.0}
{'loss': 0.4506, 'learning_rate': 1.9228395061728396e-06, 'epoch': 1.16}
{'eval_loss': 0.22251386940479279, 'eval_f1': 0.8701554470042501, 'eval_roc_auc': 0.9025657290364358, 'eval_accuracy': 0.8594202898550725, 'eval_runtime': 53.9625, 'eval_samples_per_second': 127.867, 'eval_steps_per_second': 8.006, 'epoch': 2.0}
{'loss': 0.2721, 'learning_rate': 1.8456790123456789e-06, 'epoch': 2.31}
{'eval_loss': 0.19639258086681366, 'eval_f1': 0.8864646993631303, 'eval_roc_auc': 0.9161977711892065, 'eval_accuracy': 0.8733333333333333, 'eval_runtime': 54.1231, 'eval_samples_per_second': 127.487, 'eval_steps_per_second': 7.982, 'epoch': 3.0}
{'loss': 0.2147, 'learning_rate': 1.7685185185185186e-06, 'epoch': 3.47}
{'eval_loss': 0.17490577697753906, 'eval_f1': 0.9017490934341421, 'eval_roc_auc': 0.9253352109776785, 'eval_accuracy': 0.8913043478260869, 'eval_runtime': 53.9897, 'eval_samples_per_second': 127.802, 'eval_steps_per_second': 8.002, 'epoch': 4.0}
{'loss': 0.1903, 'learning_rate': 1.6913580246913578e-06, 'epoch': 4.63}
{'eval_loss': 0.15902765095233917, 'eval_f1': 0.9113842064330746, 'eval_roc_auc': 0.9318802531279757, 'eval_accuracy': 0.9027536231884058, 'eval_runtime': 53.9543, 'eval_samples_per_second': 127.886, 'eval_steps_per_second': 8.007, 'epoch': 5.0}
{'loss': 0.1724, 'learning_rate': 1.6141975308641975e-06, 'epoch': 5.79}
{'eval_loss': 0.1538747102022171, 'eval_f1': 0.9184200400056188, 'eval_roc_auc': 0.9412313572890197, 'eval_accuracy': 0.9073913043478261, 'eval_runtime': 53.9789, 'eval_samples_per_second': 127.828, 'eval_steps_per_second': 8.003, 'epoch': 6.0}
{'loss': 0.1587, 'learning_rate': 1.537037037037037e-06, 'epoch': 6.94}
{'eval_loss': 0.13933637738227844, 'eval_f1': 0.9257984402488214, 'eval_roc_auc': 0.9424927267717503, 'eval_accuracy': 0.9185507246376812, 'eval_runtime': 53.9553, 'eval_samples_per_second': 127.884, 'eval_steps_per_second': 8.007, 'epoch': 7.0}
{'eval_loss': 0.1256800889968872, 'eval_f1': 0.9358488378251691, 'eval_roc_auc': 0.95478711745679, 'eval_accuracy': 0.9250724637681159, 'eval_runtime': 53.9479, 'eval_samples_per_second': 127.901, 'eval_steps_per_second': 8.008, 'epoch': 8.0}
{'loss': 0.1461, 'learning_rate': 1.4598765432098765e-06, 'epoch': 8.1}
{'eval_loss': 0.11438262462615967, 'eval_f1': 0.9411066830049504, 'eval_roc_auc': 0.956230190025932, 'eval_accuracy': 0.9330434782608695, 'eval_runtime': 53.9718, 'eval_samples_per_second': 127.845, 'eval_steps_per_second': 8.004, 'epoch': 9.0}
{'loss': 0.1351, 'learning_rate': 1.382716049382716e-06, 'epoch': 9.26}
{'eval_loss': 0.11671466380357742, 'eval_f1': 0.9401564990609351, 'eval_roc_auc': 0.9546510220014226, 'eval_accuracy': 0.9321739130434783, 'eval_runtime': 53.9563, 'eval_samples_per_second': 127.881, 'eval_steps_per_second': 8.006, 'epoch': 10.0}
{'loss': 0.1264, 'learning_rate': 1.3055555555555554e-06, 'epoch': 10.42}
{'eval_loss': 0.10217851400375366, 'eval_f1': 0.9510541536763052, 'eval_roc_auc': 0.9639158718777414, 'eval_accuracy': 0.9436231884057971, 'eval_runtime': 54.0249, 'eval_samples_per_second': 127.719, 'eval_steps_per_second': 7.996, 'epoch': 11.0}
{'loss': 0.1164, 'learning_rate': 1.228395061728395e-06, 'epoch': 11.57}
{'eval_loss': 0.09224340319633484, 'eval_f1': 0.9556044107127262, 'eval_roc_auc': 0.9653887779443393, 'eval_accuracy': 0.9497101449275362, 'eval_runtime': 53.9121, 'eval_samples_per_second': 127.986, 'eval_steps_per_second': 8.013, 'epoch': 12.0}
{'loss': 0.1092, 'learning_rate': 1.1512345679012346e-06, 'epoch': 12.73}
{'eval_loss': 0.08494067937135696, 'eval_f1': 0.960961252235073, 'eval_roc_auc': 0.9711322596716707, 'eval_accuracy': 0.9552173913043478, 'eval_runtime': 53.927, 'eval_samples_per_second': 127.951, 'eval_steps_per_second': 8.011, 'epoch': 13.0}
{'loss': 0.101, 'learning_rate': 1.074074074074074e-06, 'epoch': 13.89}
{'eval_loss': 0.07837241142988205, 'eval_f1': 0.9665501867394163, 'eval_roc_auc': 0.9755275602268979, 'eval_accuracy': 0.9623188405797102, 'eval_runtime': 53.9394, 'eval_samples_per_second': 127.921, 'eval_steps_per_second': 8.009, 'epoch': 14.0}
{'eval_loss': 0.0729406476020813, 'eval_f1': 0.9703903406488873, 'eval_roc_auc': 0.9789199482839435, 'eval_accuracy': 0.9665217391304348, 'eval_runtime': 54.0631, 'eval_samples_per_second': 127.629, 'eval_steps_per_second': 7.991, 'epoch': 15.0}
{'loss': 0.0901, 'learning_rate': 9.969135802469136e-07, 'epoch': 15.05}
{'eval_loss': 0.07080771028995514, 'eval_f1': 0.9703673816079391, 'eval_roc_auc': 0.9769305957918183, 'eval_accuracy': 0.966231884057971, 'eval_runtime': 53.9836, 'eval_samples_per_second': 127.817, 'eval_steps_per_second': 8.002, 'epoch': 16.0}
{'loss': 0.0846, 'learning_rate': 9.19753086419753e-07, 'epoch': 16.2}
{'eval_loss': 0.06422975659370422, 'eval_f1': 0.974330787968292, 'eval_roc_auc': 0.9804156247293837, 'eval_accuracy': 0.9704347826086956, 'eval_runtime': 53.9437, 'eval_samples_per_second': 127.911, 'eval_steps_per_second': 8.008, 'epoch': 17.0}
{'loss': 0.0823, 'learning_rate': 8.425925925925925e-07, 'epoch': 17.36}
{'eval_loss': 0.06001090630888939, 'eval_f1': 0.9763495411452918, 'eval_roc_auc': 0.9829307946564705, 'eval_accuracy': 0.9728985507246377, 'eval_runtime': 53.9139, 'eval_samples_per_second': 127.982, 'eval_steps_per_second': 8.013, 'epoch': 18.0}
{'loss': 0.0782, 'learning_rate': 7.65432098765432e-07, 'epoch': 18.52}
{'eval_loss': 0.05722835287451744, 'eval_f1': 0.9777841088326624, 'eval_roc_auc': 0.9823871148152922, 'eval_accuracy': 0.9747826086956521, 'eval_runtime': 53.9624, 'eval_samples_per_second': 127.867, 'eval_steps_per_second': 8.006, 'epoch': 19.0}
{'loss': 0.0735, 'learning_rate': 6.882716049382715e-07, 'epoch': 19.68}
{'eval_loss': 0.05640289932489395, 'eval_f1': 0.9777489474367689, 'eval_roc_auc': 0.9826020602306538, 'eval_accuracy': 0.9746376811594203, 'eval_runtime': 53.9406, 'eval_samples_per_second': 127.918, 'eval_steps_per_second': 8.009, 'epoch': 20.0}
{'loss': 0.0702, 'learning_rate': 6.111111111111112e-07, 'epoch': 20.83}
{'eval_loss': 0.05012550204992294, 'eval_f1': 0.9812534429696895, 'eval_roc_auc': 0.9852039278584336, 'eval_accuracy': 0.9782608695652174, 'eval_runtime': 53.9289, 'eval_samples_per_second': 127.946, 'eval_steps_per_second': 8.011, 'epoch': 21.0}
{'loss': 0.0651, 'learning_rate': 5.339506172839506e-07, 'epoch': 21.99}
{'eval_loss': 0.04900500923395157, 'eval_f1': 0.9818820536653411, 'eval_roc_auc': 0.9862482862609288, 'eval_accuracy': 0.9791304347826087, 'eval_runtime': 53.9323, 'eval_samples_per_second': 127.938, 'eval_steps_per_second': 8.01, 'epoch': 22.0}
{'eval_loss': 0.04766456410288811, 'eval_f1': 0.9820736387442395, 'eval_roc_auc': 0.9861048569638308, 'eval_accuracy': 0.9791304347826087, 'eval_runtime': 53.9246, 'eval_samples_per_second': 127.957, 'eval_steps_per_second': 8.011, 'epoch': 23.0}
{'loss': 0.0653, 'learning_rate': 4.5679012345679007e-07, 'epoch': 23.15}
{'eval_loss': 0.045836951583623886, 'eval_f1': 0.9827340192314608, 'eval_roc_auc': 0.9861530591672268, 'eval_accuracy': 0.98, 'eval_runtime': 54.0874, 'eval_samples_per_second': 127.571, 'eval_steps_per_second': 7.987, 'epoch': 24.0}
{'loss': 0.0588, 'learning_rate': 3.7962962962962966e-07, 'epoch': 24.31}
{'eval_loss': 0.04453519359230995, 'eval_f1': 0.9830236254832742, 'eval_roc_auc': 0.9872401777635236, 'eval_accuracy': 0.9804347826086957, 'eval_runtime': 53.9403, 'eval_samples_per_second': 127.919, 'eval_steps_per_second': 8.009, 'epoch': 25.0}
{'loss': 0.0522, 'learning_rate': 3.0246913580246913e-07, 'epoch': 25.46}
{'eval_loss': 0.04261108487844467, 'eval_f1': 0.9843529680198677, 'eval_roc_auc': 0.9876251521145696, 'eval_accuracy': 0.9818840579710145, 'eval_runtime': 53.992, 'eval_samples_per_second': 127.797, 'eval_steps_per_second': 8.001, 'epoch': 26.0}
{'loss': 0.0593, 'learning_rate': 2.2530864197530864e-07, 'epoch': 26.62}
{'eval_loss': 0.04247942566871643, 'eval_f1': 0.9837928338994311, 'eval_roc_auc': 0.9874232703719514, 'eval_accuracy': 0.9814492753623189, 'eval_runtime': 53.9448, 'eval_samples_per_second': 127.909, 'eval_steps_per_second': 8.008, 'epoch': 27.0}
{'loss': 0.0556, 'learning_rate': 1.4814814814814815e-07, 'epoch': 27.78}
{'eval_loss': 0.042925767600536346, 'eval_f1': 0.9841178237116864, 'eval_roc_auc': 0.98738051017815, 'eval_accuracy': 0.9817391304347826, 'eval_runtime': 54.0326, 'eval_samples_per_second': 127.701, 'eval_steps_per_second': 7.995, 'epoch': 28.0}
{'loss': 0.0551, 'learning_rate': 7.098765432098765e-08, 'epoch': 28.94}
{'eval_loss': 0.04175477847456932, 'eval_f1': 0.9843519781839217, 'eval_roc_auc': 0.9875497354936361, 'eval_accuracy': 0.9820289855072464, 'eval_runtime': 54.0501, 'eval_samples_per_second': 127.659, 'eval_steps_per_second': 7.993, 'epoch': 29.0}
{'eval_loss': 0.041134078055620193, 'eval_f1': 0.9847121615801745, 'eval_roc_auc': 0.9880830609830283, 'eval_accuracy': 0.9821739130434782, 'eval_runtime': 54.1021, 'eval_samples_per_second': 127.537, 'eval_steps_per_second': 7.985, 'epoch': 30.0}
{'train_runtime': 6419.096, 'train_samples_per_second': 32.248, 'train_steps_per_second': 2.019, 'train_loss': 0.12079883298756164, 'epoch': 30.0}
