Model Name: AIMH/mental-bert-base-cased
Text Column: text
Max Length: 512
Batch Size: 16
Learning Rate: 2e-05
Number of Epochs: 30
Metric Name: eval_loss
Random State: 1
{'eval_loss': 0.17923253774642944, 'eval_f1': 0.8910167275219176, 'eval_roc_auc': 0.9140063338646307, 'eval_accuracy': 0.8852173913043478, 'eval_runtime': 54.8295, 'eval_samples_per_second': 125.845, 'eval_steps_per_second': 7.879, 'epoch': 1.0}
{'loss': 0.2673, 'learning_rate': 1.9228395061728397e-05, 'epoch': 1.16}
{'eval_loss': 0.09576822072267532, 'eval_f1': 0.9516257183594022, 'eval_roc_auc': 0.9669460793302626, 'eval_accuracy': 0.9436231884057971, 'eval_runtime': 54.9239, 'eval_samples_per_second': 125.628, 'eval_steps_per_second': 7.865, 'epoch': 2.0}
{'loss': 0.1505, 'learning_rate': 1.8456790123456792e-05, 'epoch': 2.31}
{'eval_loss': 0.06588509678840637, 'eval_f1': 0.9662456508751923, 'eval_roc_auc': 0.9739541505305715, 'eval_accuracy': 0.9604347826086956, 'eval_runtime': 55.0045, 'eval_samples_per_second': 125.444, 'eval_steps_per_second': 7.854, 'epoch': 3.0}
{'loss': 0.1034, 'learning_rate': 1.7685185185185187e-05, 'epoch': 3.47}
{'eval_loss': 0.038988884538412094, 'eval_f1': 0.9831291276372819, 'eval_roc_auc': 0.9885592388173314, 'eval_accuracy': 0.9795652173913043, 'eval_runtime': 55.08, 'eval_samples_per_second': 125.272, 'eval_steps_per_second': 7.843, 'epoch': 4.0}
{'loss': 0.0625, 'learning_rate': 1.6913580246913582e-05, 'epoch': 4.63}
{'eval_loss': 0.025476379320025444, 'eval_f1': 0.9898288065332012, 'eval_roc_auc': 0.9913175048043474, 'eval_accuracy': 0.9878260869565217, 'eval_runtime': 54.987, 'eval_samples_per_second': 125.484, 'eval_steps_per_second': 7.856, 'epoch': 5.0}
{'loss': 0.0416, 'learning_rate': 1.6141975308641978e-05, 'epoch': 5.79}
{'eval_loss': 0.01720443367958069, 'eval_f1': 0.9930455963691988, 'eval_roc_auc': 0.9942777471445863, 'eval_accuracy': 0.9918840579710145, 'eval_runtime': 54.9789, 'eval_samples_per_second': 125.503, 'eval_steps_per_second': 7.858, 'epoch': 6.0}
{'loss': 0.0281, 'learning_rate': 1.537037037037037e-05, 'epoch': 6.94}
{'eval_loss': 0.014695771038532257, 'eval_f1': 0.9946357310795676, 'eval_roc_auc': 0.9952411428068925, 'eval_accuracy': 0.9936231884057971, 'eval_runtime': 55.0063, 'eval_samples_per_second': 125.44, 'eval_steps_per_second': 7.854, 'epoch': 7.0}
{'eval_loss': 0.008930961601436138, 'eval_f1': 0.9966937556779675, 'eval_roc_auc': 0.9970094368606952, 'eval_accuracy': 0.9959420289855072, 'eval_runtime': 55.027, 'eval_samples_per_second': 125.393, 'eval_steps_per_second': 7.851, 'epoch': 8.0}
{'loss': 0.0167, 'learning_rate': 1.4598765432098766e-05, 'epoch': 8.1}
{'eval_loss': 0.005463355220854282, 'eval_f1': 0.9981763750013251, 'eval_roc_auc': 0.9983215005293614, 'eval_accuracy': 0.9976811594202899, 'eval_runtime': 55.0093, 'eval_samples_per_second': 125.433, 'eval_steps_per_second': 7.853, 'epoch': 9.0}
{'loss': 0.0104, 'learning_rate': 1.3827160493827162e-05, 'epoch': 9.26}
{'eval_loss': 0.0038006582763046026, 'eval_f1': 0.9987483025149824, 'eval_roc_auc': 0.9991406632743711, 'eval_accuracy': 0.9984057971014493, 'eval_runtime': 55.0882, 'eval_samples_per_second': 125.254, 'eval_steps_per_second': 7.842, 'epoch': 10.0}
{'loss': 0.0086, 'learning_rate': 1.3055555555555557e-05, 'epoch': 10.42}
{'eval_loss': 0.0009221875807270408, 'eval_f1': 0.999544839186814, 'eval_roc_auc': 0.9996575352576395, 'eval_accuracy': 0.9994202898550725, 'eval_runtime': 54.9679, 'eval_samples_per_second': 125.528, 'eval_steps_per_second': 7.859, 'epoch': 11.0}
{'loss': 0.0047, 'learning_rate': 1.228395061728395e-05, 'epoch': 11.57}
{'eval_loss': 0.0011089290492236614, 'eval_f1': 0.9995448402455245, 'eval_roc_auc': 0.9995740904139293, 'eval_accuracy': 0.9994202898550725, 'eval_runtime': 54.9565, 'eval_samples_per_second': 125.554, 'eval_steps_per_second': 7.861, 'epoch': 12.0}
{'loss': 0.0029, 'learning_rate': 1.1512345679012347e-05, 'epoch': 12.73}
{'eval_loss': 0.0025989103596657515, 'eval_f1': 0.9989773837012798, 'eval_roc_auc': 0.9992927779389894, 'eval_accuracy': 0.9986956521739131, 'eval_runtime': 54.9665, 'eval_samples_per_second': 125.531, 'eval_steps_per_second': 7.859, 'epoch': 13.0}
{'loss': 0.0034, 'learning_rate': 1.0740740740740742e-05, 'epoch': 13.89}
{'eval_loss': 0.0005965041927993298, 'eval_f1': 0.9998861951682325, 'eval_roc_auc': 0.9998862343572241, 'eval_accuracy': 0.9998550724637681, 'eval_runtime': 54.963, 'eval_samples_per_second': 125.539, 'eval_steps_per_second': 7.86, 'epoch': 14.0}
{'eval_loss': 0.0009745659190230072, 'eval_f1': 0.9996583501275893, 'eval_roc_auc': 0.9996587030716724, 'eval_accuracy': 0.9995652173913043, 'eval_runtime': 54.9706, 'eval_samples_per_second': 125.522, 'eval_steps_per_second': 7.859, 'epoch': 15.0}
{'loss': 0.0051, 'learning_rate': 9.969135802469136e-06, 'epoch': 15.05}
{'eval_loss': 7.417784217977896e-05, 'eval_f1': 1.0, 'eval_roc_auc': 1.0, 'eval_accuracy': 1.0, 'eval_runtime': 55.0031, 'eval_samples_per_second': 125.447, 'eval_steps_per_second': 7.854, 'epoch': 16.0}
{'loss': 0.0034, 'learning_rate': 9.197530864197531e-06, 'epoch': 16.2}
{'eval_loss': 9.492852404946461e-05, 'eval_f1': 1.0, 'eval_roc_auc': 1.0, 'eval_accuracy': 1.0, 'eval_runtime': 55.0011, 'eval_samples_per_second': 125.452, 'eval_steps_per_second': 7.854, 'epoch': 17.0}
{'loss': 0.0047, 'learning_rate': 8.425925925925926e-06, 'epoch': 17.36}
{'eval_loss': 0.0039144763723015785, 'eval_f1': 0.9989764513766942, 'eval_roc_auc': 0.9991510271252136, 'eval_accuracy': 0.9986956521739131, 'eval_runtime': 55.0098, 'eval_samples_per_second': 125.432, 'eval_steps_per_second': 7.853, 'epoch': 18.0}
{'loss': 0.004, 'learning_rate': 7.654320987654322e-06, 'epoch': 18.52}
{'eval_loss': 0.00013867748202756047, 'eval_f1': 0.9998861951682325, 'eval_roc_auc': 0.9998862343572241, 'eval_accuracy': 0.9998550724637681, 'eval_runtime': 55.0028, 'eval_samples_per_second': 125.448, 'eval_steps_per_second': 7.854, 'epoch': 19.0}
{'train_runtime': 4123.0565, 'train_samples_per_second': 50.205, 'train_steps_per_second': 3.143, 'train_loss': 0.043728180647215883, 'epoch': 19.0}
