Model Name: AIMH/mental-roberta-large
Text Column: text
Max Length: 512
Batch Size: 8
Learning Rate: 2e-06
Number of Epochs: 30
Metric Name: eval_loss
Random State: 2
{'loss': 0.4241, 'learning_rate': 1.9613750482811896e-06, 'epoch': 0.58}
{'eval_loss': 0.19590099155902863, 'eval_f1': 0.8899760242262669, 'eval_roc_auc': 0.9136810181493272, 'eval_accuracy': 0.8865217391304347, 'eval_runtime': 168.7839, 'eval_samples_per_second': 40.881, 'eval_steps_per_second': 5.113, 'epoch': 1.0}
{'loss': 0.2122, 'learning_rate': 1.9227500965623793e-06, 'epoch': 1.16}
{'loss': 0.1819, 'learning_rate': 1.8841251448435688e-06, 'epoch': 1.74}
{'eval_loss': 0.14477863907814026, 'eval_f1': 0.928100950565248, 'eval_roc_auc': 0.9461103817292074, 'eval_accuracy': 0.9192753623188405, 'eval_runtime': 168.7275, 'eval_samples_per_second': 40.894, 'eval_steps_per_second': 5.115, 'epoch': 2.0}
{'loss': 0.1641, 'learning_rate': 1.8455001931247585e-06, 'epoch': 2.32}
{'loss': 0.1515, 'learning_rate': 1.8068752414059483e-06, 'epoch': 2.9}
{'eval_loss': 0.09611199051141739, 'eval_f1': 0.9545498151170707, 'eval_roc_auc': 0.9676344081474215, 'eval_accuracy': 0.946376811594203, 'eval_runtime': 168.7816, 'eval_samples_per_second': 40.881, 'eval_steps_per_second': 5.113, 'epoch': 3.0}
{'loss': 0.1353, 'learning_rate': 1.7682502896871378e-06, 'epoch': 3.48}
{'eval_loss': 0.07804832607507706, 'eval_f1': 0.9670927376058859, 'eval_roc_auc': 0.9754139410595767, 'eval_accuracy': 0.9614492753623188, 'eval_runtime': 168.7758, 'eval_samples_per_second': 40.883, 'eval_steps_per_second': 5.113, 'epoch': 4.0}
{'loss': 0.1234, 'learning_rate': 1.7296253379683275e-06, 'epoch': 4.06}
{'loss': 0.1105, 'learning_rate': 1.691000386249517e-06, 'epoch': 4.63}
{'eval_loss': 0.06331980973482132, 'eval_f1': 0.9750451439669799, 'eval_roc_auc': 0.9817376785560012, 'eval_accuracy': 0.9710144927536232, 'eval_runtime': 168.7663, 'eval_samples_per_second': 40.885, 'eval_steps_per_second': 5.114, 'epoch': 5.0}
{'loss': 0.0909, 'learning_rate': 1.6523754345307069e-06, 'epoch': 5.21}
{'loss': 0.0866, 'learning_rate': 1.6137504828118964e-06, 'epoch': 5.79}
{'eval_loss': 0.045824166387319565, 'eval_f1': 0.9830440243048247, 'eval_roc_auc': 0.9874784699604887, 'eval_accuracy': 0.98, 'eval_runtime': 168.7679, 'eval_samples_per_second': 40.885, 'eval_steps_per_second': 5.114, 'epoch': 6.0}
{'loss': 0.0746, 'learning_rate': 1.5751255310930859e-06, 'epoch': 6.37}
{'loss': 0.0649, 'learning_rate': 1.5365005793742758e-06, 'epoch': 6.95}
{'eval_loss': 0.034702368080616, 'eval_f1': 0.9890536088522517, 'eval_roc_auc': 0.9915264975408252, 'eval_accuracy': 0.9876811594202899, 'eval_runtime': 168.9386, 'eval_samples_per_second': 40.843, 'eval_steps_per_second': 5.108, 'epoch': 7.0}
{'loss': 0.0523, 'learning_rate': 1.4978756276554653e-06, 'epoch': 7.53}
{'eval_loss': 0.03085852973163128, 'eval_f1': 0.9900642883048548, 'eval_roc_auc': 0.9922588584754803, 'eval_accuracy': 0.9884057971014493, 'eval_runtime': 168.8436, 'eval_samples_per_second': 40.866, 'eval_steps_per_second': 5.111, 'epoch': 8.0}
{'loss': 0.055, 'learning_rate': 1.459250675936655e-06, 'epoch': 8.11}
{'loss': 0.0428, 'learning_rate': 1.4206257242178447e-06, 'epoch': 8.69}
{'eval_loss': 0.02171388454735279, 'eval_f1': 0.9935160339663704, 'eval_roc_auc': 0.9953631872575611, 'eval_accuracy': 0.9923188405797101, 'eval_runtime': 168.7336, 'eval_samples_per_second': 40.893, 'eval_steps_per_second': 5.115, 'epoch': 9.0}
{'loss': 0.0402, 'learning_rate': 1.3820007724990344e-06, 'epoch': 9.27}
{'loss': 0.0316, 'learning_rate': 1.343375820780224e-06, 'epoch': 9.85}
{'eval_loss': 0.01695927232503891, 'eval_f1': 0.9949955509358892, 'eval_roc_auc': 0.9964289305064853, 'eval_accuracy': 0.9940579710144928, 'eval_runtime': 168.6839, 'eval_samples_per_second': 40.905, 'eval_steps_per_second': 5.116, 'epoch': 10.0}
{'loss': 0.0302, 'learning_rate': 1.3047508690614134e-06, 'epoch': 10.43}
{'eval_loss': 0.013272292912006378, 'eval_f1': 0.9960114598352905, 'eval_roc_auc': 0.9967189283489457, 'eval_accuracy': 0.9952173913043478, 'eval_runtime': 168.6887, 'eval_samples_per_second': 40.904, 'eval_steps_per_second': 5.116, 'epoch': 11.0}
{'loss': 0.0292, 'learning_rate': 1.2661259173426034e-06, 'epoch': 11.01}
{'loss': 0.0225, 'learning_rate': 1.2275009656237929e-06, 'epoch': 11.59}
{'eval_loss': 0.01253233291208744, 'eval_f1': 0.9960050897451704, 'eval_roc_auc': 0.9965017609142365, 'eval_accuracy': 0.995072463768116, 'eval_runtime': 168.801, 'eval_samples_per_second': 40.877, 'eval_steps_per_second': 5.113, 'epoch': 12.0}
{'loss': 0.025, 'learning_rate': 1.1888760139049826e-06, 'epoch': 12.17}
{'loss': 0.0197, 'learning_rate': 1.1502510621861723e-06, 'epoch': 12.75}
{'eval_loss': 0.007621350698173046, 'eval_f1': 0.9978369125003245, 'eval_roc_auc': 0.9982637052285853, 'eval_accuracy': 0.9972463768115942, 'eval_runtime': 168.6974, 'eval_samples_per_second': 40.902, 'eval_steps_per_second': 5.116, 'epoch': 13.0}
{'loss': 0.0226, 'learning_rate': 1.1116261104673618e-06, 'epoch': 13.33}
{'loss': 0.0211, 'learning_rate': 1.0730011587485515e-06, 'epoch': 13.9}
{'eval_loss': 0.004844362381845713, 'eval_f1': 0.9982927527982083, 'eval_roc_auc': 0.9986313088445904, 'eval_accuracy': 0.9978260869565218, 'eval_runtime': 168.7975, 'eval_samples_per_second': 40.877, 'eval_steps_per_second': 5.113, 'epoch': 14.0}
{'loss': 0.0103, 'learning_rate': 1.0343762070297412e-06, 'epoch': 14.48}
{'eval_loss': 0.003820064477622509, 'eval_f1': 0.9988617184643275, 'eval_roc_auc': 0.999058386244694, 'eval_accuracy': 0.9985507246376811, 'eval_runtime': 168.8567, 'eval_samples_per_second': 40.863, 'eval_steps_per_second': 5.111, 'epoch': 15.0}
{'loss': 0.0152, 'learning_rate': 9.95751255310931e-07, 'epoch': 15.06}
{'loss': 0.0164, 'learning_rate': 9.571263035921204e-07, 'epoch': 15.64}
{'eval_loss': 0.0019707416649907827, 'eval_f1': 0.9989755807906872, 'eval_roc_auc': 0.9991721518874701, 'eval_accuracy': 0.9986956521739131, 'eval_runtime': 168.783, 'eval_samples_per_second': 40.881, 'eval_steps_per_second': 5.113, 'epoch': 16.0}
{'loss': 0.0092, 'learning_rate': 9.185013518733101e-07, 'epoch': 16.22}
{'loss': 0.009, 'learning_rate': 8.798764001544998e-07, 'epoch': 16.8}
{'eval_loss': 0.0022556520998477936, 'eval_f1': 0.9989760512206367, 'eval_roc_auc': 0.99925559673118, 'eval_accuracy': 0.9986956521739131, 'eval_runtime': 168.8072, 'eval_samples_per_second': 40.875, 'eval_steps_per_second': 5.112, 'epoch': 17.0}
{'loss': 0.0059, 'learning_rate': 8.412514484356895e-07, 'epoch': 17.38}
{'loss': 0.0104, 'learning_rate': 8.026264967168791e-07, 'epoch': 17.96}
{'eval_loss': 0.0025358765851706266, 'eval_f1': 0.9990897022733456, 'eval_roc_auc': 0.9992859175302458, 'eval_accuracy': 0.998840579710145, 'eval_runtime': 168.8805, 'eval_samples_per_second': 40.857, 'eval_steps_per_second': 5.11, 'epoch': 18.0}
{'loss': 0.0123, 'learning_rate': 7.640015449980687e-07, 'epoch': 18.54}
{'eval_loss': 0.0005868402658961713, 'eval_f1': 0.9996588403343523, 'eval_roc_auc': 0.9998255927590926, 'eval_accuracy': 0.9995652173913043, 'eval_runtime': 168.5548, 'eval_samples_per_second': 40.936, 'eval_steps_per_second': 5.12, 'epoch': 19.0}
{'loss': 0.0067, 'learning_rate': 7.253765932792584e-07, 'epoch': 19.12}
{'loss': 0.0025, 'learning_rate': 6.867516415604481e-07, 'epoch': 19.7}
{'eval_loss': 0.00019446418446023017, 'eval_f1': 0.9998861951682325, 'eval_roc_auc': 0.9998862343572241, 'eval_accuracy': 0.9998550724637681, 'eval_runtime': 168.7774, 'eval_samples_per_second': 40.882, 'eval_steps_per_second': 5.113, 'epoch': 20.0}
{'loss': 0.0047, 'learning_rate': 6.481266898416377e-07, 'epoch': 20.28}
{'loss': 0.0016, 'learning_rate': 6.095017381228273e-07, 'epoch': 20.86}
{'eval_loss': 6.911353557370603e-05, 'eval_f1': 1.0, 'eval_roc_auc': 1.0, 'eval_accuracy': 1.0, 'eval_runtime': 168.7814, 'eval_samples_per_second': 40.881, 'eval_steps_per_second': 5.113, 'epoch': 21.0}
{'loss': 0.0038, 'learning_rate': 5.708767864040169e-07, 'epoch': 21.44}
{'eval_loss': 3.858052150462754e-05, 'eval_f1': 1.0, 'eval_roc_auc': 1.0, 'eval_accuracy': 1.0, 'eval_runtime': 168.6226, 'eval_samples_per_second': 40.92, 'eval_steps_per_second': 5.118, 'epoch': 22.0}
{'loss': 0.0025, 'learning_rate': 5.322518346852066e-07, 'epoch': 22.02}
{'loss': 0.0018, 'learning_rate': 4.936268829663962e-07, 'epoch': 22.6}
{'eval_loss': 0.0001059785790857859, 'eval_f1': 0.9998861951682325, 'eval_roc_auc': 0.9998862343572241, 'eval_accuracy': 0.9998550724637681, 'eval_runtime': 168.8471, 'eval_samples_per_second': 40.865, 'eval_steps_per_second': 5.111, 'epoch': 23.0}
{'loss': 0.0019, 'learning_rate': 4.550019312475859e-07, 'epoch': 23.17}
{'loss': 0.0032, 'learning_rate': 4.163769795287756e-07, 'epoch': 23.75}
{'eval_loss': 0.0002071972849080339, 'eval_f1': 0.9998861951682325, 'eval_roc_auc': 0.9998862343572241, 'eval_accuracy': 0.9998550724637681, 'eval_runtime': 168.7773, 'eval_samples_per_second': 40.882, 'eval_steps_per_second': 5.113, 'epoch': 24.0}
{'loss': 0.0034, 'learning_rate': 3.7775202780996525e-07, 'epoch': 24.33}
{'loss': 0.0043, 'learning_rate': 3.3912707609115485e-07, 'epoch': 24.91}
{'eval_loss': 2.1050869690952823e-05, 'eval_f1': 1.0, 'eval_roc_auc': 1.0, 'eval_accuracy': 1.0, 'eval_runtime': 169.1658, 'eval_samples_per_second': 40.788, 'eval_steps_per_second': 5.102, 'epoch': 25.0}
{'loss': 0.0018, 'learning_rate': 3.005021243723445e-07, 'epoch': 25.49}
{'eval_loss': 0.0002465993457008153, 'eval_f1': 0.9998861951682325, 'eval_roc_auc': 0.9998862343572241, 'eval_accuracy': 0.9998550724637681, 'eval_runtime': 168.8232, 'eval_samples_per_second': 40.871, 'eval_steps_per_second': 5.112, 'epoch': 26.0}
{'loss': 0.0023, 'learning_rate': 2.6187717265353417e-07, 'epoch': 26.07}
{'loss': 0.0003, 'learning_rate': 2.2325222093472383e-07, 'epoch': 26.65}
{'eval_loss': 7.317370909731835e-05, 'eval_f1': 0.9998861951682325, 'eval_roc_auc': 0.9998862343572241, 'eval_accuracy': 0.9998550724637681, 'eval_runtime': 168.8451, 'eval_samples_per_second': 40.866, 'eval_steps_per_second': 5.111, 'epoch': 27.0}
{'loss': 0.0021, 'learning_rate': 1.846272692159135e-07, 'epoch': 27.23}
{'loss': 0.0018, 'learning_rate': 1.4600231749710312e-07, 'epoch': 27.81}
{'eval_loss': 2.5076868041651323e-05, 'eval_f1': 1.0, 'eval_roc_auc': 1.0, 'eval_accuracy': 1.0, 'eval_runtime': 168.8287, 'eval_samples_per_second': 40.87, 'eval_steps_per_second': 5.112, 'epoch': 28.0}
{'train_runtime': 19637.1674, 'train_samples_per_second': 10.541, 'train_steps_per_second': 1.318, 'train_loss': 0.0485432649996675, 'epoch': 28.0}
