Model Name: AIMH/mental-longformer-base-4096
Text Column: text
Max Length: 1024
Batch Size: 4
Learning Rate: 2e-06
Number of Epochs: 30
Metric Name: eval_loss
Random State: 3
{'loss': 0.5552, 'learning_rate': 1.980676328502415e-06, 'epoch': 0.29}
{'loss': 0.3116, 'learning_rate': 1.9613526570048307e-06, 'epoch': 0.58}
{'loss': 0.2525, 'learning_rate': 1.9420289855072463e-06, 'epoch': 0.87}
{'eval_loss': 0.22861696779727936, 'eval_f1': 0.882149215312045, 'eval_roc_auc': 0.909593057674431, 'eval_accuracy': 0.8756521739130435, 'eval_runtime': 231.3722, 'eval_samples_per_second': 29.822, 'eval_steps_per_second': 7.456, 'epoch': 1.0}
{'loss': 0.2292, 'learning_rate': 1.922705314009662e-06, 'epoch': 1.16}
{'loss': 0.2469, 'learning_rate': 1.9033816425120771e-06, 'epoch': 1.45}
{'loss': 0.2273, 'learning_rate': 1.8840579710144925e-06, 'epoch': 1.74}
{'eval_loss': 0.2064151018857956, 'eval_f1': 0.9041185156772571, 'eval_roc_auc': 0.9304250301254033, 'eval_accuracy': 0.8946376811594203, 'eval_runtime': 230.3836, 'eval_samples_per_second': 29.95, 'eval_steps_per_second': 7.488, 'epoch': 2.0}
{'loss': 0.2346, 'learning_rate': 1.8647342995169081e-06, 'epoch': 2.03}
{'loss': 0.2131, 'learning_rate': 1.8454106280193235e-06, 'epoch': 2.32}
{'loss': 0.2243, 'learning_rate': 1.826086956521739e-06, 'epoch': 2.61}
{'loss': 0.2301, 'learning_rate': 1.8067632850241545e-06, 'epoch': 2.9}
{'eval_loss': 0.1865551471710205, 'eval_f1': 0.9189969406192919, 'eval_roc_auc': 0.938636978337595, 'eval_accuracy': 0.9118840579710145, 'eval_runtime': 230.4036, 'eval_samples_per_second': 29.947, 'eval_steps_per_second': 7.487, 'epoch': 3.0}
{'loss': 0.2249, 'learning_rate': 1.78743961352657e-06, 'epoch': 3.19}
{'loss': 0.2132, 'learning_rate': 1.7681159420289855e-06, 'epoch': 3.48}
{'loss': 0.1899, 'learning_rate': 1.748792270531401e-06, 'epoch': 3.77}
{'eval_loss': 0.17995932698249817, 'eval_f1': 0.9290728940396762, 'eval_roc_auc': 0.9446686848134594, 'eval_accuracy': 0.921304347826087, 'eval_runtime': 230.4152, 'eval_samples_per_second': 29.946, 'eval_steps_per_second': 7.486, 'epoch': 4.0}
{'loss': 0.2116, 'learning_rate': 1.7294685990338163e-06, 'epoch': 4.06}
{'loss': 0.1781, 'learning_rate': 1.7101449275362317e-06, 'epoch': 4.35}
{'loss': 0.2101, 'learning_rate': 1.6908212560386471e-06, 'epoch': 4.64}
{'loss': 0.186, 'learning_rate': 1.6714975845410628e-06, 'epoch': 4.93}
{'eval_loss': 0.1562000811100006, 'eval_f1': 0.9426327795326801, 'eval_roc_auc': 0.9563443622283354, 'eval_accuracy': 0.9372463768115942, 'eval_runtime': 230.4627, 'eval_samples_per_second': 29.94, 'eval_steps_per_second': 7.485, 'epoch': 5.0}
{'loss': 0.1438, 'learning_rate': 1.6521739130434782e-06, 'epoch': 5.22}
{'loss': 0.1724, 'learning_rate': 1.6328502415458936e-06, 'epoch': 5.51}
{'loss': 0.1817, 'learning_rate': 1.6135265700483092e-06, 'epoch': 5.8}
{'eval_loss': 0.15826097130775452, 'eval_f1': 0.9383287965097733, 'eval_roc_auc': 0.9542281764310871, 'eval_accuracy': 0.9320289855072463, 'eval_runtime': 230.4784, 'eval_samples_per_second': 29.938, 'eval_steps_per_second': 7.484, 'epoch': 6.0}
{'loss': 0.1513, 'learning_rate': 1.5942028985507246e-06, 'epoch': 6.09}
{'loss': 0.1535, 'learning_rate': 1.5748792270531402e-06, 'epoch': 6.38}
{'loss': 0.1659, 'learning_rate': 1.5555555555555556e-06, 'epoch': 6.67}
{'loss': 0.136, 'learning_rate': 1.536231884057971e-06, 'epoch': 6.96}
