Model Name: AIMH/mental-bert-base-cased
Text Column: text
Max Length: 512
Batch Size: 16
Learning Rate: 2e-05
Number of Epochs: 30
Metric Name: eval_loss
Random State: 3
{'eval_loss': 0.17778219282627106, 'eval_f1': 0.8934891629753129, 'eval_roc_auc': 0.9169603305750771, 'eval_accuracy': 0.8879710144927536, 'eval_runtime': 54.6964, 'eval_samples_per_second': 126.151, 'eval_steps_per_second': 7.898, 'epoch': 1.0}
{'loss': 0.2708, 'learning_rate': 1.9228395061728397e-05, 'epoch': 1.16}
{'eval_loss': 0.09061569720506668, 'eval_f1': 0.9550395386515094, 'eval_roc_auc': 0.9679568023328406, 'eval_accuracy': 0.947391304347826, 'eval_runtime': 54.7616, 'eval_samples_per_second': 126.001, 'eval_steps_per_second': 7.889, 'epoch': 2.0}
{'loss': 0.157, 'learning_rate': 1.8456790123456792e-05, 'epoch': 2.31}
{'eval_loss': 0.05839919298887253, 'eval_f1': 0.9726383429835157, 'eval_roc_auc': 0.9781816536685184, 'eval_accuracy': 0.9681159420289855, 'eval_runtime': 54.7051, 'eval_samples_per_second': 126.131, 'eval_steps_per_second': 7.897, 'epoch': 3.0}
{'loss': 0.1073, 'learning_rate': 1.7685185185185187e-05, 'epoch': 3.47}
{'eval_loss': 0.03614640235900879, 'eval_f1': 0.9849599810619001, 'eval_roc_auc': 0.9883819947781254, 'eval_accuracy': 0.9820289855072464, 'eval_runtime': 54.6767, 'eval_samples_per_second': 126.196, 'eval_steps_per_second': 7.901, 'epoch': 4.0}
{'loss': 0.0632, 'learning_rate': 1.6913580246913582e-05, 'epoch': 4.63}
{'eval_loss': 0.027595175430178642, 'eval_f1': 0.98838817626632, 'eval_roc_auc': 0.990910237877012, 'eval_accuracy': 0.9859420289855072, 'eval_runtime': 54.7243, 'eval_samples_per_second': 126.087, 'eval_steps_per_second': 7.894, 'epoch': 5.0}
{'loss': 0.0418, 'learning_rate': 1.6141975308641978e-05, 'epoch': 5.79}
{'eval_loss': 0.019445141777396202, 'eval_f1': 0.9925649371887181, 'eval_roc_auc': 0.9934054603549327, 'eval_accuracy': 0.9914492753623189, 'eval_runtime': 54.724, 'eval_samples_per_second': 126.087, 'eval_steps_per_second': 7.894, 'epoch': 6.0}
{'loss': 0.0273, 'learning_rate': 1.537037037037037e-05, 'epoch': 6.94}
{'eval_loss': 0.01282717939466238, 'eval_f1': 0.9949777767985046, 'eval_roc_auc': 0.9954738560178654, 'eval_accuracy': 0.9940579710144928, 'eval_runtime': 54.7466, 'eval_samples_per_second': 126.035, 'eval_steps_per_second': 7.891, 'epoch': 7.0}
{'eval_loss': 0.009897255338728428, 'eval_f1': 0.9972630492393685, 'eval_roc_auc': 0.9974113753871546, 'eval_accuracy': 0.9966666666666667, 'eval_runtime': 54.765, 'eval_samples_per_second': 125.993, 'eval_steps_per_second': 7.888, 'epoch': 8.0}
{'loss': 0.0166, 'learning_rate': 1.4598765432098766e-05, 'epoch': 8.1}
{'eval_loss': 0.005353808868676424, 'eval_f1': 0.998519258951312, 'eval_roc_auc': 0.998691950442722, 'eval_accuracy': 0.9982608695652174, 'eval_runtime': 54.7659, 'eval_samples_per_second': 125.991, 'eval_steps_per_second': 7.888, 'epoch': 9.0}
{'loss': 0.0159, 'learning_rate': 1.3827160493827162e-05, 'epoch': 9.26}
{'eval_loss': 0.0030410178005695343, 'eval_f1': 0.9987483819845069, 'eval_roc_auc': 0.9990029265719838, 'eval_accuracy': 0.9985507246376811, 'eval_runtime': 54.7268, 'eval_samples_per_second': 126.081, 'eval_steps_per_second': 7.894, 'epoch': 10.0}
{'loss': 0.0077, 'learning_rate': 1.3055555555555557e-05, 'epoch': 10.42}
{'eval_loss': 0.001280002063140273, 'eval_f1': 0.9996587223965648, 'eval_roc_auc': 0.9997713009004153, 'eval_accuracy': 0.9997101449275362, 'eval_runtime': 55.285, 'eval_samples_per_second': 124.808, 'eval_steps_per_second': 7.814, 'epoch': 11.0}
{'loss': 0.0048, 'learning_rate': 1.228395061728395e-05, 'epoch': 11.57}
{'eval_loss': 0.001666789990849793, 'eval_f1': 0.9992031936201043, 'eval_roc_auc': 0.9992327934856015, 'eval_accuracy': 0.9989855072463768, 'eval_runtime': 54.7396, 'eval_samples_per_second': 126.051, 'eval_steps_per_second': 7.892, 'epoch': 12.0}
{'loss': 0.0086, 'learning_rate': 1.1512345679012347e-05, 'epoch': 12.73}
{'eval_loss': 0.0013296378310769796, 'eval_f1': 0.9996587411691228, 'eval_roc_auc': 0.999717009041738, 'eval_accuracy': 0.9995652173913043, 'eval_runtime': 54.7223, 'eval_samples_per_second': 126.091, 'eval_steps_per_second': 7.894, 'epoch': 13.0}
{'loss': 0.0022, 'learning_rate': 1.0740740740740742e-05, 'epoch': 13.89}
{'eval_loss': 0.0005743387737311423, 'eval_f1': 0.9997723119044651, 'eval_roc_auc': 0.9997724687144482, 'eval_accuracy': 0.9997101449275362, 'eval_runtime': 54.814, 'eval_samples_per_second': 125.88, 'eval_steps_per_second': 7.881, 'epoch': 14.0}
{'eval_loss': 0.0013049121480435133, 'eval_f1': 0.9996585290293835, 'eval_roc_auc': 0.9996587030716724, 'eval_accuracy': 0.9995652173913043, 'eval_runtime': 54.7473, 'eval_samples_per_second': 126.034, 'eval_steps_per_second': 7.891, 'epoch': 15.0}
{'loss': 0.0022, 'learning_rate': 9.969135802469136e-06, 'epoch': 15.05}
{'eval_loss': 0.00028125569224357605, 'eval_f1': 0.9998862536821166, 'eval_roc_auc': 0.9999153873422569, 'eval_accuracy': 0.9998550724637681, 'eval_runtime': 54.7819, 'eval_samples_per_second': 125.954, 'eval_steps_per_second': 7.886, 'epoch': 16.0}
{'loss': 0.003, 'learning_rate': 9.197530864197531e-06, 'epoch': 16.2}
{'eval_loss': 0.002149327425286174, 'eval_f1': 0.9995450721048709, 'eval_roc_auc': 0.9996323963839948, 'eval_accuracy': 0.9994202898550725, 'eval_runtime': 54.7557, 'eval_samples_per_second': 126.014, 'eval_steps_per_second': 7.89, 'epoch': 17.0}
{'loss': 0.0028, 'learning_rate': 8.425925925925926e-06, 'epoch': 17.36}
{'eval_loss': 0.0010042586363852024, 'eval_f1': 0.9997724488503493, 'eval_roc_auc': 0.9998016216994811, 'eval_accuracy': 0.9998550724637681, 'eval_runtime': 54.7238, 'eval_samples_per_second': 126.088, 'eval_steps_per_second': 7.894, 'epoch': 18.0}
{'loss': 0.0031, 'learning_rate': 7.654320987654322e-06, 'epoch': 18.52}
{'eval_loss': 0.0010689893970265985, 'eval_f1': 0.9997725460008902, 'eval_roc_auc': 0.9998307746845139, 'eval_accuracy': 0.9997101449275362, 'eval_runtime': 54.7546, 'eval_samples_per_second': 126.017, 'eval_steps_per_second': 7.89, 'epoch': 19.0}
{'train_runtime': 4114.6112, 'train_samples_per_second': 50.309, 'train_steps_per_second': 3.15, 'train_loss': 0.044844185363421434, 'epoch': 19.0}
