Model Name: AIMH/mental-longformer-base-4096
Text Column: text
Max Length: 1024
Batch Size: 8
Learning Rate: 2e-06
Number of Epochs: 30
Metric Name: eval_loss
Random State: 2
{'loss': 0.5401, 'learning_rate': 1.9613750482811896e-06, 'epoch': 0.58}
{'eval_loss': 0.2223678082227707, 'eval_f1': 0.869117745506448, 'eval_roc_auc': 0.8990192833777104, 'eval_accuracy': 0.8627536231884058, 'eval_runtime': 210.9213, 'eval_samples_per_second': 32.714, 'eval_steps_per_second': 4.092, 'epoch': 1.0}
{'loss': 0.259, 'learning_rate': 1.9227500965623793e-06, 'epoch': 1.16}
{'loss': 0.2168, 'learning_rate': 1.8841251448435688e-06, 'epoch': 1.74}
{'eval_loss': 0.2032872587442398, 'eval_f1': 0.88636254705761, 'eval_roc_auc': 0.9233204369199808, 'eval_accuracy': 0.8679710144927536, 'eval_runtime': 210.9606, 'eval_samples_per_second': 32.708, 'eval_steps_per_second': 4.091, 'epoch': 2.0}
{'loss': 0.1982, 'learning_rate': 1.8455001931247585e-06, 'epoch': 2.32}
{'loss': 0.1902, 'learning_rate': 1.8068752414059483e-06, 'epoch': 2.9}
{'eval_loss': 0.1631430834531784, 'eval_f1': 0.91289592333537, 'eval_roc_auc': 0.938199792041331, 'eval_accuracy': 0.9017391304347826, 'eval_runtime': 210.8836, 'eval_samples_per_second': 32.719, 'eval_steps_per_second': 4.092, 'epoch': 3.0}
{'loss': 0.1902, 'learning_rate': 1.7682502896871378e-06, 'epoch': 3.48}
{'eval_loss': 0.14654654264450073, 'eval_f1': 0.9244651462024267, 'eval_roc_auc': 0.9441579970960776, 'eval_accuracy': 0.9155072463768116, 'eval_runtime': 210.7671, 'eval_samples_per_second': 32.738, 'eval_steps_per_second': 4.095, 'epoch': 4.0}
{'loss': 0.1652, 'learning_rate': 1.7296253379683275e-06, 'epoch': 4.06}
{'loss': 0.1644, 'learning_rate': 1.691000386249517e-06, 'epoch': 4.63}
{'eval_loss': 0.13250356912612915, 'eval_f1': 0.932469829988812, 'eval_roc_auc': 0.9521922238464722, 'eval_accuracy': 0.9230434782608695, 'eval_runtime': 210.7948, 'eval_samples_per_second': 32.733, 'eval_steps_per_second': 4.094, 'epoch': 5.0}
{'loss': 0.1499, 'learning_rate': 1.6523754345307069e-06, 'epoch': 5.21}
{'loss': 0.1582, 'learning_rate': 1.6137504828118964e-06, 'epoch': 5.79}
{'eval_loss': 0.12065581232309341, 'eval_f1': 0.9414648911292344, 'eval_roc_auc': 0.9606724636066154, 'eval_accuracy': 0.9318840579710145, 'eval_runtime': 210.7037, 'eval_samples_per_second': 32.747, 'eval_steps_per_second': 4.096, 'epoch': 6.0}
{'loss': 0.143, 'learning_rate': 1.5751255310930859e-06, 'epoch': 6.37}
{'loss': 0.1333, 'learning_rate': 1.5365005793742758e-06, 'epoch': 6.95}
{'eval_loss': 0.10678854584693909, 'eval_f1': 0.9504148975090093, 'eval_roc_auc': 0.9624817637584061, 'eval_accuracy': 0.9447826086956522, 'eval_runtime': 210.7143, 'eval_samples_per_second': 32.746, 'eval_steps_per_second': 4.096, 'epoch': 7.0}
{'loss': 0.1296, 'learning_rate': 1.4978756276554653e-06, 'epoch': 7.53}
{'eval_loss': 0.09737914800643921, 'eval_f1': 0.9569537305810607, 'eval_roc_auc': 0.9695457344377512, 'eval_accuracy': 0.9510144927536232, 'eval_runtime': 210.7467, 'eval_samples_per_second': 32.741, 'eval_steps_per_second': 4.095, 'epoch': 8.0}
{'loss': 0.118, 'learning_rate': 1.459250675936655e-06, 'epoch': 8.11}
{'loss': 0.1149, 'learning_rate': 1.4206257242178447e-06, 'epoch': 8.69}
{'eval_loss': 0.0897885113954544, 'eval_f1': 0.9606403767949497, 'eval_roc_auc': 0.9736554154557411, 'eval_accuracy': 0.953768115942029, 'eval_runtime': 210.7482, 'eval_samples_per_second': 32.74, 'eval_steps_per_second': 4.095, 'epoch': 9.0}
{'loss': 0.1099, 'learning_rate': 1.3820007724990344e-06, 'epoch': 9.27}
{'loss': 0.1085, 'learning_rate': 1.343375820780224e-06, 'epoch': 9.85}
{'eval_loss': 0.0839826688170433, 'eval_f1': 0.9640176221052037, 'eval_roc_auc': 0.9769345485393003, 'eval_accuracy': 0.957536231884058, 'eval_runtime': 210.6908, 'eval_samples_per_second': 32.749, 'eval_steps_per_second': 4.096, 'epoch': 10.0}
{'loss': 0.0995, 'learning_rate': 1.3047508690614134e-06, 'epoch': 10.43}
{'eval_loss': 0.06458795815706253, 'eval_f1': 0.9737843527467785, 'eval_roc_auc': 0.9803183125927318, 'eval_accuracy': 0.9701449275362319, 'eval_runtime': 210.6592, 'eval_samples_per_second': 32.754, 'eval_steps_per_second': 4.097, 'epoch': 11.0}
{'loss': 0.0908, 'learning_rate': 1.2661259173426034e-06, 'epoch': 11.01}
{'loss': 0.085, 'learning_rate': 1.2275009656237929e-06, 'epoch': 11.59}
{'eval_loss': 0.054444923996925354, 'eval_f1': 0.979268998177805, 'eval_roc_auc': 0.9845958333937946, 'eval_accuracy': 0.976231884057971, 'eval_runtime': 210.5955, 'eval_samples_per_second': 32.764, 'eval_steps_per_second': 4.098, 'epoch': 12.0}
{'loss': 0.0859, 'learning_rate': 1.1888760139049826e-06, 'epoch': 12.17}
{'loss': 0.0861, 'learning_rate': 1.1502510621861723e-06, 'epoch': 12.75}
{'eval_loss': 0.05324724316596985, 'eval_f1': 0.9795771183759081, 'eval_roc_auc': 0.984615393281447, 'eval_accuracy': 0.9768115942028985, 'eval_runtime': 210.5818, 'eval_samples_per_second': 32.766, 'eval_steps_per_second': 4.098, 'epoch': 13.0}
{'loss': 0.0831, 'learning_rate': 1.1116261104673618e-06, 'epoch': 13.33}
{'loss': 0.0673, 'learning_rate': 1.0730011587485515e-06, 'epoch': 13.9}
{'eval_loss': 0.04816238209605217, 'eval_f1': 0.9822311368841398, 'eval_roc_auc': 0.9880864084506163, 'eval_accuracy': 0.9791304347826087, 'eval_runtime': 210.5674, 'eval_samples_per_second': 32.769, 'eval_steps_per_second': 4.098, 'epoch': 14.0}
{'loss': 0.0511, 'learning_rate': 1.0343762070297412e-06, 'epoch': 14.48}
{'eval_loss': 0.03984031081199646, 'eval_f1': 0.986120035831935, 'eval_roc_auc': 0.9897951246106589, 'eval_accuracy': 0.983768115942029, 'eval_runtime': 210.4879, 'eval_samples_per_second': 32.781, 'eval_steps_per_second': 4.1, 'epoch': 15.0}
{'loss': 0.0788, 'learning_rate': 9.95751255310931e-07, 'epoch': 15.06}
{'loss': 0.0597, 'learning_rate': 9.571263035921204e-07, 'epoch': 15.64}
{'eval_loss': 0.03728518635034561, 'eval_f1': 0.9865382416492848, 'eval_roc_auc': 0.9895112259225368, 'eval_accuracy': 0.9844927536231884, 'eval_runtime': 210.5801, 'eval_samples_per_second': 32.767, 'eval_steps_per_second': 4.098, 'epoch': 16.0}
{'loss': 0.0595, 'learning_rate': 9.185013518733101e-07, 'epoch': 16.22}
{'loss': 0.0515, 'learning_rate': 8.798764001544998e-07, 'epoch': 16.8}
{'eval_loss': 0.034567587077617645, 'eval_f1': 0.9878200468671282, 'eval_roc_auc': 0.990820953963137, 'eval_accuracy': 0.9856521739130435, 'eval_runtime': 210.5825, 'eval_samples_per_second': 32.766, 'eval_steps_per_second': 4.098, 'epoch': 17.0}
{'loss': 0.0543, 'learning_rate': 8.412514484356895e-07, 'epoch': 17.38}
{'loss': 0.0541, 'learning_rate': 8.026264967168791e-07, 'epoch': 17.96}
{'eval_loss': 0.030624261125922203, 'eval_f1': 0.9899650743083012, 'eval_roc_auc': 0.9923029000920334, 'eval_accuracy': 0.9884057971014493, 'eval_runtime': 210.5531, 'eval_samples_per_second': 32.771, 'eval_steps_per_second': 4.099, 'epoch': 18.0}
{'loss': 0.0513, 'learning_rate': 7.640015449980687e-07, 'epoch': 18.54}
{'eval_loss': 0.0301454346626997, 'eval_f1': 0.9900726129765941, 'eval_roc_auc': 0.9921411923300345, 'eval_accuracy': 0.9884057971014493, 'eval_runtime': 210.572, 'eval_samples_per_second': 32.768, 'eval_steps_per_second': 4.098, 'epoch': 19.0}
{'loss': 0.0469, 'learning_rate': 7.253765932792584e-07, 'epoch': 19.12}
{'loss': 0.0431, 'learning_rate': 6.867516415604481e-07, 'epoch': 19.7}
{'eval_loss': 0.027154812589287758, 'eval_f1': 0.9911056150173276, 'eval_roc_auc': 0.993127901907208, 'eval_accuracy': 0.9897101449275363, 'eval_runtime': 210.5989, 'eval_samples_per_second': 32.764, 'eval_steps_per_second': 4.098, 'epoch': 20.0}
{'loss': 0.044, 'learning_rate': 6.481266898416377e-07, 'epoch': 20.28}
{'loss': 0.0456, 'learning_rate': 6.095017381228273e-07, 'epoch': 20.86}
{'eval_loss': 0.02488020248711109, 'eval_f1': 0.9920354757066845, 'eval_roc_auc': 0.9940883047967043, 'eval_accuracy': 0.9908695652173913, 'eval_runtime': 210.5625, 'eval_samples_per_second': 32.769, 'eval_steps_per_second': 4.099, 'epoch': 21.0}
{'loss': 0.0405, 'learning_rate': 5.708767864040169e-07, 'epoch': 21.44}
{'eval_loss': 0.023884497582912445, 'eval_f1': 0.9919124601807104, 'eval_roc_auc': 0.9939202472952512, 'eval_accuracy': 0.9907246376811594, 'eval_runtime': 210.5013, 'eval_samples_per_second': 32.779, 'eval_steps_per_second': 4.1, 'epoch': 22.0}
{'loss': 0.0332, 'learning_rate': 5.322518346852066e-07, 'epoch': 22.02}
{'loss': 0.0357, 'learning_rate': 4.936268829663962e-07, 'epoch': 22.6}
{'eval_loss': 0.021502183750271797, 'eval_f1': 0.9929444781955209, 'eval_roc_auc': 0.9948275261401027, 'eval_accuracy': 0.9918840579710145, 'eval_runtime': 210.5189, 'eval_samples_per_second': 32.776, 'eval_steps_per_second': 4.099, 'epoch': 23.0}
{'loss': 0.0401, 'learning_rate': 4.550019312475859e-07, 'epoch': 23.17}
{'loss': 0.0326, 'learning_rate': 4.163769795287756e-07, 'epoch': 23.75}
{'eval_loss': 0.01984662562608719, 'eval_f1': 0.9937280567773819, 'eval_roc_auc': 0.9950106187485306, 'eval_accuracy': 0.9928985507246377, 'eval_runtime': 210.2248, 'eval_samples_per_second': 32.822, 'eval_steps_per_second': 4.105, 'epoch': 24.0}
{'loss': 0.0312, 'learning_rate': 3.7775202780996525e-07, 'epoch': 24.33}
{'loss': 0.0312, 'learning_rate': 3.3912707609115485e-07, 'epoch': 24.91}
{'eval_loss': 0.019432496279478073, 'eval_f1': 0.9940711827598969, 'eval_roc_auc': 0.9952393178481155, 'eval_accuracy': 0.9933333333333333, 'eval_runtime': 210.0274, 'eval_samples_per_second': 32.853, 'eval_steps_per_second': 4.109, 'epoch': 25.0}
{'loss': 0.0357, 'learning_rate': 3.005021243723445e-07, 'epoch': 25.49}
{'eval_loss': 0.019683295860886574, 'eval_f1': 0.9938365761588572, 'eval_roc_auc': 0.9949032028452093, 'eval_accuracy': 0.9930434782608696, 'eval_runtime': 209.9439, 'eval_samples_per_second': 32.866, 'eval_steps_per_second': 4.111, 'epoch': 26.0}
{'loss': 0.0327, 'learning_rate': 2.6187717265353417e-07, 'epoch': 26.07}
{'loss': 0.0299, 'learning_rate': 2.2325222093472383e-07, 'epoch': 26.65}
{'eval_loss': 0.01974501647055149, 'eval_f1': 0.9940687132539194, 'eval_roc_auc': 0.9951598871157936, 'eval_accuracy': 0.9933333333333333, 'eval_runtime': 209.9676, 'eval_samples_per_second': 32.862, 'eval_steps_per_second': 4.11, 'epoch': 27.0}
{'loss': 0.0283, 'learning_rate': 1.846272692159135e-07, 'epoch': 27.23}
{'loss': 0.0308, 'learning_rate': 1.4600231749710312e-07, 'epoch': 27.81}
{'eval_loss': 0.018790869042277336, 'eval_f1': 0.9941796178584512, 'eval_roc_auc': 0.9952153467885041, 'eval_accuracy': 0.9934782608695653, 'eval_runtime': 209.9446, 'eval_samples_per_second': 32.866, 'eval_steps_per_second': 4.111, 'epoch': 28.0}
{'loss': 0.0238, 'learning_rate': 1.0737736577829278e-07, 'epoch': 28.39}
{'loss': 0.028, 'learning_rate': 6.875241405948242e-08, 'epoch': 28.97}
{'eval_loss': 0.0179000161588192, 'eval_f1': 0.9941824610408014, 'eval_roc_auc': 0.9953530834908914, 'eval_accuracy': 0.9934782608695653, 'eval_runtime': 210.3698, 'eval_samples_per_second': 32.799, 'eval_steps_per_second': 4.102, 'epoch': 29.0}
{'loss': 0.0287, 'learning_rate': 3.0127462340672076e-08, 'epoch': 29.55}
{'eval_loss': 0.01787838339805603, 'eval_f1': 0.9942980027332959, 'eval_roc_auc': 0.9954668491336672, 'eval_accuracy': 0.9936231884057971, 'eval_runtime': 210.4604, 'eval_samples_per_second': 32.785, 'eval_steps_per_second': 4.101, 'epoch': 30.0}
{'train_runtime': 34918.2697, 'train_samples_per_second': 5.928, 'train_steps_per_second': 0.741, 'train_loss': 0.09321719199453556, 'epoch': 30.0}
