Model Name: AIMH/mental-bert-base-cased
Text Column: text
Max Length: 512
Batch Size: 32
Learning Rate: 2e-05
Number of Epochs: 30
Metric Name: eval_loss
Random State: 2
{'eval_loss': 0.1966518759727478, 'eval_f1': 0.8812310681409347, 'eval_roc_auc': 0.9059668265886061, 'eval_accuracy': 0.878840579710145, 'eval_runtime': 53.602, 'eval_samples_per_second': 128.727, 'eval_steps_per_second': 4.03, 'epoch': 1.0}
{'eval_loss': 0.12495852261781693, 'eval_f1': 0.9310488667148015, 'eval_roc_auc': 0.946881725462769, 'eval_accuracy': 0.923768115942029, 'eval_runtime': 53.5849, 'eval_samples_per_second': 128.768, 'eval_steps_per_second': 4.031, 'epoch': 2.0}
{'loss': 0.2217, 'learning_rate': 1.8456790123456792e-05, 'epoch': 2.31}
{'eval_loss': 0.06564632803201675, 'eval_f1': 0.9684134407551638, 'eval_roc_auc': 0.9787650914316315, 'eval_accuracy': 0.961304347826087, 'eval_runtime': 53.6406, 'eval_samples_per_second': 128.634, 'eval_steps_per_second': 4.027, 'epoch': 3.0}
{'eval_loss': 0.04206075146794319, 'eval_f1': 0.9822314339049899, 'eval_roc_auc': 0.9866157762682155, 'eval_accuracy': 0.9781159420289856, 'eval_runtime': 53.6494, 'eval_samples_per_second': 128.613, 'eval_steps_per_second': 4.026, 'epoch': 4.0}
{'loss': 0.0858, 'learning_rate': 1.6913580246913582e-05, 'epoch': 4.63}
{'eval_loss': 0.0315055325627327, 'eval_f1': 0.9869351210284839, 'eval_roc_auc': 0.9890152281164085, 'eval_accuracy': 0.9840579710144928, 'eval_runtime': 53.6395, 'eval_samples_per_second': 128.637, 'eval_steps_per_second': 4.027, 'epoch': 5.0}
{'eval_loss': 0.020259156823158264, 'eval_f1': 0.9921317302026563, 'eval_roc_auc': 0.9932338994113803, 'eval_accuracy': 0.9907246376811594, 'eval_runtime': 53.6376, 'eval_samples_per_second': 128.641, 'eval_steps_per_second': 4.027, 'epoch': 6.0}
{'loss': 0.0374, 'learning_rate': 1.537037037037037e-05, 'epoch': 6.94}
{'eval_loss': 0.013365218415856361, 'eval_f1': 0.9954323901570499, 'eval_roc_auc': 0.9959289185889691, 'eval_accuracy': 0.9947826086956522, 'eval_runtime': 53.6078, 'eval_samples_per_second': 128.713, 'eval_steps_per_second': 4.029, 'epoch': 7.0}
{'eval_loss': 0.010583214461803436, 'eval_f1': 0.9958917564262539, 'eval_roc_auc': 0.9962422303462969, 'eval_accuracy': 0.9953623188405797, 'eval_runtime': 53.6701, 'eval_samples_per_second': 128.563, 'eval_steps_per_second': 4.025, 'epoch': 8.0}
{'eval_loss': 0.006605207454413176, 'eval_f1': 0.9978369392124273, 'eval_roc_auc': 0.9982305381321641, 'eval_accuracy': 0.9975362318840579, 'eval_runtime': 53.6276, 'eval_samples_per_second': 128.665, 'eval_steps_per_second': 4.028, 'epoch': 9.0}
{'loss': 0.0161, 'learning_rate': 1.3827160493827162e-05, 'epoch': 9.26}
{'eval_loss': 0.004852269310504198, 'eval_f1': 0.9980649360970784, 'eval_roc_auc': 0.9984037775590386, 'eval_accuracy': 0.9978260869565218, 'eval_runtime': 53.6305, 'eval_samples_per_second': 128.658, 'eval_steps_per_second': 4.028, 'epoch': 10.0}
{'eval_loss': 0.003649418940767646, 'eval_f1': 0.9988623435722411, 'eval_roc_auc': 0.999170984073437, 'eval_accuracy': 0.998840579710145, 'eval_runtime': 53.6559, 'eval_samples_per_second': 128.597, 'eval_steps_per_second': 4.026, 'epoch': 11.0}
{'loss': 0.0084, 'learning_rate': 1.228395061728395e-05, 'epoch': 11.57}
{'eval_loss': 0.0026010789442807436, 'eval_f1': 0.9990903426189572, 'eval_roc_auc': 0.9994276683440215, 'eval_accuracy': 0.9991304347826087, 'eval_runtime': 53.6506, 'eval_samples_per_second': 128.61, 'eval_steps_per_second': 4.026, 'epoch': 12.0}
{'eval_loss': 0.0022640652023255825, 'eval_f1': 0.9990907160191144, 'eval_roc_auc': 0.9995362520613761, 'eval_accuracy': 0.998840579710145, 'eval_runtime': 53.6708, 'eval_samples_per_second': 128.562, 'eval_steps_per_second': 4.025, 'epoch': 13.0}
{'loss': 0.0047, 'learning_rate': 1.0740740740740742e-05, 'epoch': 13.89}
{'eval_loss': 0.001145021291449666, 'eval_f1': 0.999545074239823, 'eval_roc_auc': 0.9997409801013495, 'eval_accuracy': 0.9994202898550725, 'eval_runtime': 53.6156, 'eval_samples_per_second': 128.694, 'eval_steps_per_second': 4.029, 'epoch': 14.0}
{'eval_loss': 0.0014157950645312667, 'eval_f1': 0.9995450721048709, 'eval_roc_auc': 0.9996323963839948, 'eval_accuracy': 0.9994202898550725, 'eval_runtime': 53.6577, 'eval_samples_per_second': 128.593, 'eval_steps_per_second': 4.026, 'epoch': 15.0}
{'eval_loss': 0.00043171955621801317, 'eval_f1': 0.9998861951682325, 'eval_roc_auc': 0.9998862343572241, 'eval_accuracy': 0.9998550724637681, 'eval_runtime': 53.6003, 'eval_samples_per_second': 128.731, 'eval_steps_per_second': 4.03, 'epoch': 16.0}
{'loss': 0.0018, 'learning_rate': 9.197530864197531e-06, 'epoch': 16.2}
{'eval_loss': 0.0006683028768748045, 'eval_f1': 0.9996585865436985, 'eval_roc_auc': 0.9996587030716724, 'eval_accuracy': 0.9995652173913043, 'eval_runtime': 53.6606, 'eval_samples_per_second': 128.586, 'eval_steps_per_second': 4.025, 'epoch': 17.0}
{'eval_loss': 0.0005663085612468421, 'eval_f1': 0.9998861951682325, 'eval_roc_auc': 0.9998862343572241, 'eval_accuracy': 0.9998550724637681, 'eval_runtime': 53.6356, 'eval_samples_per_second': 128.646, 'eval_steps_per_second': 4.027, 'epoch': 18.0}
{'loss': 0.0013, 'learning_rate': 7.654320987654322e-06, 'epoch': 18.52}
{'eval_loss': 0.0016624582931399345, 'eval_f1': 0.9995447241976162, 'eval_roc_auc': 0.9995449374288965, 'eval_accuracy': 0.9994202898550725, 'eval_runtime': 53.6611, 'eval_samples_per_second': 128.585, 'eval_steps_per_second': 4.025, 'epoch': 19.0}
{'train_runtime': 3979.3542, 'train_samples_per_second': 52.018, 'train_steps_per_second': 1.628, 'train_loss': 0.04604043838428243, 'epoch': 19.0}
