Model Name: AIMH/mental-xlnet-base-cased
Text Column: text
Max Length: 512
Batch Size: 8
Learning Rate: 2e-05
Number of Epochs: 30
Metric Name: eval_loss
Random State: 1
{'loss': 0.2733, 'learning_rate': 1.96137504828119e-05, 'epoch': 0.58}
{'eval_loss': 0.17972204089164734, 'eval_f1': 0.8997918175501333, 'eval_roc_auc': 0.9217573903145726, 'eval_accuracy': 0.8923188405797101, 'eval_runtime': 163.4755, 'eval_samples_per_second': 42.208, 'eval_steps_per_second': 5.279, 'epoch': 1.0}
{'loss': 0.2186, 'learning_rate': 1.9227500965623796e-05, 'epoch': 1.16}
{'loss': 0.174, 'learning_rate': 1.884125144843569e-05, 'epoch': 1.74}
{'eval_loss': 0.07441700249910355, 'eval_f1': 0.9613312416364186, 'eval_roc_auc': 0.9728445738844174, 'eval_accuracy': 0.9540579710144927, 'eval_runtime': 163.6477, 'eval_samples_per_second': 42.164, 'eval_steps_per_second': 5.274, 'epoch': 2.0}
{'loss': 0.1346, 'learning_rate': 1.8455001931247587e-05, 'epoch': 2.32}
{'loss': 0.1118, 'learning_rate': 1.8068752414059484e-05, 'epoch': 2.9}
{'eval_loss': 0.040413402020931244, 'eval_f1': 0.9807720891580788, 'eval_roc_auc': 0.9868356106580892, 'eval_accuracy': 0.9763768115942029, 'eval_runtime': 163.325, 'eval_samples_per_second': 42.247, 'eval_steps_per_second': 5.284, 'epoch': 3.0}
{'loss': 0.0742, 'learning_rate': 1.768250289687138e-05, 'epoch': 3.48}
{'eval_loss': 0.0368090383708477, 'eval_f1': 0.9868163104849575, 'eval_roc_auc': 0.9894913825830318, 'eval_accuracy': 0.983768115942029, 'eval_runtime': 163.3455, 'eval_samples_per_second': 42.242, 'eval_steps_per_second': 5.283, 'epoch': 4.0}
{'loss': 0.0727, 'learning_rate': 1.7296253379683278e-05, 'epoch': 4.06}
{'loss': 0.0508, 'learning_rate': 1.6910003862495172e-05, 'epoch': 4.63}
{'eval_loss': 0.024768779054284096, 'eval_f1': 0.9911015138367174, 'eval_roc_auc': 0.9927318024509141, 'eval_accuracy': 0.9895652173913043, 'eval_runtime': 163.347, 'eval_samples_per_second': 42.241, 'eval_steps_per_second': 5.283, 'epoch': 5.0}
{'loss': 0.038, 'learning_rate': 1.652375434530707e-05, 'epoch': 5.21}
{'loss': 0.0301, 'learning_rate': 1.6137504828118966e-05, 'epoch': 5.79}
{'eval_loss': 0.011111875995993614, 'eval_f1': 0.9962372868599279, 'eval_roc_auc': 0.9966126802596573, 'eval_accuracy': 0.9953623188405797, 'eval_runtime': 163.3424, 'eval_samples_per_second': 42.243, 'eval_steps_per_second': 5.283, 'epoch': 6.0}
{'loss': 0.0249, 'learning_rate': 1.5751255310930863e-05, 'epoch': 6.37}
{'loss': 0.0291, 'learning_rate': 1.536500579374276e-05, 'epoch': 6.95}
{'eval_loss': 0.01709946058690548, 'eval_f1': 0.9944258922272003, 'eval_roc_auc': 0.9959435471363162, 'eval_accuracy': 0.9930434782608696, 'eval_runtime': 163.3278, 'eval_samples_per_second': 42.246, 'eval_steps_per_second': 5.284, 'epoch': 7.0}
{'loss': 0.0131, 'learning_rate': 1.4978756276554656e-05, 'epoch': 7.53}
{'eval_loss': 0.00543620903044939, 'eval_f1': 0.9978375891222309, 'eval_roc_auc': 0.9983139829758741, 'eval_accuracy': 0.9972463768115942, 'eval_runtime': 163.3468, 'eval_samples_per_second': 42.241, 'eval_steps_per_second': 5.283, 'epoch': 8.0}
{'loss': 0.0274, 'learning_rate': 1.4592506759366551e-05, 'epoch': 8.11}
{'loss': 0.0164, 'learning_rate': 1.420625724217845e-05, 'epoch': 8.69}
{'eval_loss': 0.00653266254812479, 'eval_f1': 0.9980675700943871, 'eval_roc_auc': 0.9985786954692353, 'eval_accuracy': 0.9975362318840579, 'eval_runtime': 163.2387, 'eval_samples_per_second': 42.269, 'eval_steps_per_second': 5.287, 'epoch': 9.0}
{'loss': 0.0127, 'learning_rate': 1.3820007724990345e-05, 'epoch': 9.27}
{'loss': 0.0107, 'learning_rate': 1.343375820780224e-05, 'epoch': 9.85}
{'eval_loss': 0.012231459841132164, 'eval_f1': 0.9965988925372972, 'eval_roc_auc': 0.9973993001862532, 'eval_accuracy': 0.9957971014492754, 'eval_runtime': 163.1984, 'eval_samples_per_second': 42.28, 'eval_steps_per_second': 5.288, 'epoch': 10.0}
{'loss': 0.009, 'learning_rate': 1.3047508690614136e-05, 'epoch': 10.43}
{'eval_loss': 0.003850047942250967, 'eval_f1': 0.9989750597465904, 'eval_roc_auc': 0.9989761092150171, 'eval_accuracy': 0.9986956521739131, 'eval_runtime': 163.3438, 'eval_samples_per_second': 42.242, 'eval_steps_per_second': 5.283, 'epoch': 11.0}
{'loss': 0.013, 'learning_rate': 1.2661259173426035e-05, 'epoch': 11.01}
{'loss': 0.0103, 'learning_rate': 1.227500965623793e-05, 'epoch': 11.59}
{'eval_loss': 0.004018615465611219, 'eval_f1': 0.9988617111042688, 'eval_roc_auc': 0.9990624003560824, 'eval_accuracy': 0.9985507246376811, 'eval_runtime': 163.1866, 'eval_samples_per_second': 42.283, 'eval_steps_per_second': 5.288, 'epoch': 12.0}
{'loss': 0.0095, 'learning_rate': 1.1888760139049826e-05, 'epoch': 12.17}
{'loss': 0.014, 'learning_rate': 1.1502510621861725e-05, 'epoch': 12.75}
{'eval_loss': 0.00213730800896883, 'eval_f1': 0.9993169952048813, 'eval_roc_auc': 0.9993465591283776, 'eval_accuracy': 0.9991304347826087, 'eval_runtime': 163.3093, 'eval_samples_per_second': 42.251, 'eval_steps_per_second': 5.284, 'epoch': 13.0}
{'loss': 0.0118, 'learning_rate': 1.111626110467362e-05, 'epoch': 13.33}
{'loss': 0.0062, 'learning_rate': 1.0730011587485515e-05, 'epoch': 13.9}
{'eval_loss': 0.0009632456349208951, 'eval_f1': 0.9994309779191645, 'eval_roc_auc': 0.9994603247711532, 'eval_accuracy': 0.9992753623188406, 'eval_runtime': 163.4319, 'eval_samples_per_second': 42.219, 'eval_steps_per_second': 5.28, 'epoch': 14.0}
{'loss': 0.008, 'learning_rate': 1.0343762070297414e-05, 'epoch': 14.48}
{'eval_loss': 0.006607533898204565, 'eval_f1': 0.9979621924041954, 'eval_roc_auc': 0.9993164889144279, 'eval_accuracy': 0.9973913043478261, 'eval_runtime': 163.2388, 'eval_samples_per_second': 42.269, 'eval_steps_per_second': 5.287, 'epoch': 15.0}
{'loss': 0.0084, 'learning_rate': 9.95751255310931e-06, 'epoch': 15.06}
{'loss': 0.0043, 'learning_rate': 9.571263035921205e-06, 'epoch': 15.64}
{'eval_loss': 0.0038523345720022917, 'eval_f1': 0.9986380336726493, 'eval_roc_auc': 0.9994441218501455, 'eval_accuracy': 0.9982608695652174, 'eval_runtime': 163.2099, 'eval_samples_per_second': 42.277, 'eval_steps_per_second': 5.288, 'epoch': 16.0}
{'loss': 0.0064, 'learning_rate': 9.185013518733102e-06, 'epoch': 16.22}
{'loss': 0.0058, 'learning_rate': 8.798764001545e-06, 'epoch': 16.8}
{'eval_loss': 0.002056147437542677, 'eval_f1': 0.9995450721048709, 'eval_roc_auc': 0.9996323963839948, 'eval_accuracy': 0.9994202898550725, 'eval_runtime': 163.3657, 'eval_samples_per_second': 42.237, 'eval_steps_per_second': 5.283, 'epoch': 17.0}
{'train_runtime': 9307.1606, 'train_samples_per_second': 22.241, 'train_steps_per_second': 2.782, 'train_loss': 0.04841173039275065, 'epoch': 17.0}
