Model Name: AIMH/mental-bert-large-cased
Text Column: text
Max Length: 512
Batch Size: 4
Learning Rate: 2e-05
Number of Epochs: 30
Metric Name: eval_loss
Random State: 1
{'loss': 0.3446, 'learning_rate': 1.9806763285024154e-05, 'epoch': 0.29}
{'loss': 0.2846, 'learning_rate': 1.961352657004831e-05, 'epoch': 0.58}
{'loss': 0.2965, 'learning_rate': 1.9420289855072467e-05, 'epoch': 0.87}
{'eval_loss': 0.1840435117483139, 'eval_f1': 0.8998092348211014, 'eval_roc_auc': 0.9217548096108432, 'eval_accuracy': 0.8952173913043479, 'eval_runtime': 186.8775, 'eval_samples_per_second': 36.923, 'eval_steps_per_second': 9.231, 'epoch': 1.0}
{'loss': 0.2401, 'learning_rate': 1.922705314009662e-05, 'epoch': 1.16}
{'loss': 0.2237, 'learning_rate': 1.9033816425120775e-05, 'epoch': 1.45}
{'loss': 0.2028, 'learning_rate': 1.8840579710144928e-05, 'epoch': 1.74}
{'eval_loss': 0.09403111785650253, 'eval_f1': 0.9597839343194146, 'eval_roc_auc': 0.9704605074684112, 'eval_accuracy': 0.9534782608695652, 'eval_runtime': 186.8469, 'eval_samples_per_second': 36.929, 'eval_steps_per_second': 9.232, 'epoch': 2.0}
{'loss': 0.2086, 'learning_rate': 1.8647342995169084e-05, 'epoch': 2.03}
{'loss': 0.1197, 'learning_rate': 1.8454106280193237e-05, 'epoch': 2.32}
{'loss': 0.1352, 'learning_rate': 1.8260869565217393e-05, 'epoch': 2.61}
{'loss': 0.1347, 'learning_rate': 1.806763285024155e-05, 'epoch': 2.9}
{'eval_loss': 0.06545110046863556, 'eval_f1': 0.9732562836082232, 'eval_roc_auc': 0.9779091730365536, 'eval_accuracy': 0.9697101449275363, 'eval_runtime': 186.5826, 'eval_samples_per_second': 36.981, 'eval_steps_per_second': 9.245, 'epoch': 3.0}
{'loss': 0.118, 'learning_rate': 1.7874396135265702e-05, 'epoch': 3.19}
{'loss': 0.0912, 'learning_rate': 1.7681159420289858e-05, 'epoch': 3.48}
{'loss': 0.0968, 'learning_rate': 1.748792270531401e-05, 'epoch': 3.77}
{'eval_loss': 0.07066047936677933, 'eval_f1': 0.9746906584174078, 'eval_roc_auc': 0.9801397542640383, 'eval_accuracy': 0.9691304347826087, 'eval_runtime': 186.491, 'eval_samples_per_second': 36.999, 'eval_steps_per_second': 9.25, 'epoch': 4.0}
{'loss': 0.1134, 'learning_rate': 1.7294685990338163e-05, 'epoch': 4.06}
{'loss': 0.054, 'learning_rate': 1.710144927536232e-05, 'epoch': 4.35}
{'loss': 0.0817, 'learning_rate': 1.6908212560386476e-05, 'epoch': 4.64}
{'loss': 0.0743, 'learning_rate': 1.6714975845410632e-05, 'epoch': 4.93}
{'eval_loss': 0.03977159038186073, 'eval_f1': 0.9875348335943637, 'eval_roc_auc': 0.9896645412679242, 'eval_accuracy': 0.9847826086956522, 'eval_runtime': 186.6085, 'eval_samples_per_second': 36.976, 'eval_steps_per_second': 9.244, 'epoch': 5.0}
{'loss': 0.0363, 'learning_rate': 1.6521739130434785e-05, 'epoch': 5.22}
{'loss': 0.0513, 'learning_rate': 1.6328502415458937e-05, 'epoch': 5.51}
{'loss': 0.0616, 'learning_rate': 1.6135265700483093e-05, 'epoch': 5.8}
{'eval_loss': 0.033380426466464996, 'eval_f1': 0.9903474236015182, 'eval_roc_auc': 0.9915988172792873, 'eval_accuracy': 0.9885507246376811, 'eval_runtime': 186.6154, 'eval_samples_per_second': 36.974, 'eval_steps_per_second': 9.244, 'epoch': 6.0}
{'loss': 0.0595, 'learning_rate': 1.5942028985507246e-05, 'epoch': 6.09}
{'loss': 0.0427, 'learning_rate': 1.5748792270531402e-05, 'epoch': 6.38}
{'loss': 0.0474, 'learning_rate': 1.555555555555556e-05, 'epoch': 6.67}
{'loss': 0.0418, 'learning_rate': 1.536231884057971e-05, 'epoch': 6.96}
{'eval_loss': 0.017506690695881844, 'eval_f1': 0.9946276245888559, 'eval_roc_auc': 0.9951285449781495, 'eval_accuracy': 0.9933333333333333, 'eval_runtime': 186.9367, 'eval_samples_per_second': 36.911, 'eval_steps_per_second': 9.228, 'epoch': 7.0}
{'loss': 0.0288, 'learning_rate': 1.5169082125603867e-05, 'epoch': 7.25}
{'loss': 0.0205, 'learning_rate': 1.497584541062802e-05, 'epoch': 7.54}
{'loss': 0.0407, 'learning_rate': 1.4782608695652174e-05, 'epoch': 7.83}
{'eval_loss': 0.009402608498930931, 'eval_f1': 0.997038285089107, 'eval_roc_auc': 0.9974924846027984, 'eval_accuracy': 0.9965217391304347, 'eval_runtime': 186.8316, 'eval_samples_per_second': 36.932, 'eval_steps_per_second': 9.233, 'epoch': 8.0}
{'loss': 0.0381, 'learning_rate': 1.458937198067633e-05, 'epoch': 8.12}
{'loss': 0.0424, 'learning_rate': 1.4396135265700483e-05, 'epoch': 8.41}
{'loss': 0.0203, 'learning_rate': 1.420289855072464e-05, 'epoch': 8.7}
{'loss': 0.0239, 'learning_rate': 1.4009661835748794e-05, 'epoch': 8.99}
{'eval_loss': 0.006234713364392519, 'eval_f1': 0.9978365397367217, 'eval_roc_auc': 0.9982305381321641, 'eval_accuracy': 0.9973913043478261, 'eval_runtime': 186.6313, 'eval_samples_per_second': 36.971, 'eval_steps_per_second': 9.243, 'epoch': 9.0}
{'loss': 0.0186, 'learning_rate': 1.3816425120772946e-05, 'epoch': 9.28}
{'loss': 0.0251, 'learning_rate': 1.3623188405797103e-05, 'epoch': 9.57}
{'loss': 0.0312, 'learning_rate': 1.3429951690821257e-05, 'epoch': 9.86}
{'eval_loss': 0.01764214038848877, 'eval_f1': 0.9945899705367688, 'eval_roc_auc': 0.9977473344155495, 'eval_accuracy': 0.9933333333333333, 'eval_runtime': 186.7541, 'eval_samples_per_second': 36.947, 'eval_steps_per_second': 9.237, 'epoch': 10.0}
{'loss': 0.0187, 'learning_rate': 1.3236714975845413e-05, 'epoch': 10.14}
{'loss': 0.0317, 'learning_rate': 1.3043478260869566e-05, 'epoch': 10.43}
{'loss': 0.0218, 'learning_rate': 1.285024154589372e-05, 'epoch': 10.72}
{'eval_loss': 0.009480731561779976, 'eval_f1': 0.9977209685535028, 'eval_roc_auc': 0.9979498828019681, 'eval_accuracy': 0.9972463768115942, 'eval_runtime': 186.7075, 'eval_samples_per_second': 36.956, 'eval_steps_per_second': 9.239, 'epoch': 11.0}
{'loss': 0.0219, 'learning_rate': 1.2657004830917876e-05, 'epoch': 11.01}
{'loss': 0.0201, 'learning_rate': 1.2463768115942029e-05, 'epoch': 11.3}
{'loss': 0.0248, 'learning_rate': 1.2270531400966183e-05, 'epoch': 11.59}
{'loss': 0.0136, 'learning_rate': 1.207729468599034e-05, 'epoch': 11.88}
{'eval_loss': 0.011720647104084492, 'eval_f1': 0.9966866227683489, 'eval_roc_auc': 0.9968676860469197, 'eval_accuracy': 0.9960869565217392, 'eval_runtime': 186.6075, 'eval_samples_per_second': 36.976, 'eval_steps_per_second': 9.244, 'epoch': 12.0}
{'train_runtime': 9538.5331, 'train_samples_per_second': 21.701, 'train_steps_per_second': 5.425, 'train_loss': 0.08720414398948928, 'epoch': 12.0}
