Model Name: AIMH/mental-xlnet-base-cased
Text Column: text
Max Length: 512
Batch Size: 4
Learning Rate: 2e-05
Number of Epochs: 30
Metric Name: eval_loss
Random State: 3
{'loss': 0.3323, 'learning_rate': 1.9806763285024154e-05, 'epoch': 0.29}
{'loss': 0.2734, 'learning_rate': 1.961352657004831e-05, 'epoch': 0.58}
{'loss': 0.2855, 'learning_rate': 1.9420289855072467e-05, 'epoch': 0.87}
{'eval_loss': 0.16833078861236572, 'eval_f1': 0.919586406799136, 'eval_roc_auc': 0.9371426680464919, 'eval_accuracy': 0.9128985507246377, 'eval_runtime': 129.8023, 'eval_samples_per_second': 53.158, 'eval_steps_per_second': 13.289, 'epoch': 1.0}
{'loss': 0.2409, 'learning_rate': 1.922705314009662e-05, 'epoch': 1.16}
{'loss': 0.2227, 'learning_rate': 1.9033816425120775e-05, 'epoch': 1.45}
{'loss': 0.204, 'learning_rate': 1.8840579710144928e-05, 'epoch': 1.74}
{'eval_loss': 0.11340177804231644, 'eval_f1': 0.953453449497309, 'eval_roc_auc': 0.9649733363187729, 'eval_accuracy': 0.9472463768115942, 'eval_runtime': 130.0081, 'eval_samples_per_second': 53.074, 'eval_steps_per_second': 13.268, 'epoch': 2.0}
{'loss': 0.1887, 'learning_rate': 1.8647342995169084e-05, 'epoch': 2.03}
{'loss': 0.1191, 'learning_rate': 1.8454106280193237e-05, 'epoch': 2.32}
{'loss': 0.1391, 'learning_rate': 1.8260869565217393e-05, 'epoch': 2.61}
{'loss': 0.1434, 'learning_rate': 1.806763285024155e-05, 'epoch': 2.9}
{'eval_loss': 0.06943079084157944, 'eval_f1': 0.9733167540176038, 'eval_roc_auc': 0.979687277906117, 'eval_accuracy': 0.9682608695652174, 'eval_runtime': 130.041, 'eval_samples_per_second': 53.06, 'eval_steps_per_second': 13.265, 'epoch': 3.0}
{'loss': 0.1202, 'learning_rate': 1.7874396135265702e-05, 'epoch': 3.19}
{'loss': 0.071, 'learning_rate': 1.7681159420289858e-05, 'epoch': 3.48}
{'loss': 0.0929, 'learning_rate': 1.748792270531401e-05, 'epoch': 3.77}
{'eval_loss': 0.03619830682873726, 'eval_f1': 0.9882447126053542, 'eval_roc_auc': 0.9906758461827168, 'eval_accuracy': 0.9856521739130435, 'eval_runtime': 129.7664, 'eval_samples_per_second': 53.172, 'eval_steps_per_second': 13.293, 'epoch': 4.0}
{'loss': 0.0984, 'learning_rate': 1.7294685990338163e-05, 'epoch': 4.06}
{'loss': 0.0585, 'learning_rate': 1.710144927536232e-05, 'epoch': 4.35}
{'loss': 0.0761, 'learning_rate': 1.6908212560386476e-05, 'epoch': 4.64}
{'loss': 0.0577, 'learning_rate': 1.6714975845410632e-05, 'epoch': 4.93}
{'eval_loss': 0.033820103853940964, 'eval_f1': 0.9879652622415604, 'eval_roc_auc': 0.9915319300513629, 'eval_accuracy': 0.9853623188405797, 'eval_runtime': 129.8456, 'eval_samples_per_second': 53.14, 'eval_steps_per_second': 13.285, 'epoch': 5.0}
{'loss': 0.0546, 'learning_rate': 1.6521739130434785e-05, 'epoch': 5.22}
{'loss': 0.0255, 'learning_rate': 1.6328502415458937e-05, 'epoch': 5.51}
{'loss': 0.0524, 'learning_rate': 1.6135265700483093e-05, 'epoch': 5.8}
{'eval_loss': 0.028594201430678368, 'eval_f1': 0.9901110250990419, 'eval_roc_auc': 0.9929967655293913, 'eval_accuracy': 0.9875362318840579, 'eval_runtime': 129.7913, 'eval_samples_per_second': 53.162, 'eval_steps_per_second': 13.291, 'epoch': 6.0}
{'loss': 0.0428, 'learning_rate': 1.5942028985507246e-05, 'epoch': 6.09}
{'loss': 0.0309, 'learning_rate': 1.5748792270531402e-05, 'epoch': 6.38}
{'loss': 0.04, 'learning_rate': 1.555555555555556e-05, 'epoch': 6.67}
{'loss': 0.0381, 'learning_rate': 1.536231884057971e-05, 'epoch': 6.96}
{'eval_loss': 0.018843194469809532, 'eval_f1': 0.9948663979773662, 'eval_roc_auc': 0.9955521189361541, 'eval_accuracy': 0.9936231884057971, 'eval_runtime': 130.0241, 'eval_samples_per_second': 53.067, 'eval_steps_per_second': 13.267, 'epoch': 7.0}
{'loss': 0.0253, 'learning_rate': 1.5169082125603867e-05, 'epoch': 7.25}
{'loss': 0.0248, 'learning_rate': 1.497584541062802e-05, 'epoch': 7.54}
{'loss': 0.0329, 'learning_rate': 1.4782608695652174e-05, 'epoch': 7.83}
{'eval_loss': 0.025060050189495087, 'eval_f1': 0.9927977494761228, 'eval_roc_auc': 0.9938370625357139, 'eval_accuracy': 0.991159420289855, 'eval_runtime': 129.8331, 'eval_samples_per_second': 53.145, 'eval_steps_per_second': 13.286, 'epoch': 8.0}
{'loss': 0.0295, 'learning_rate': 1.458937198067633e-05, 'epoch': 8.12}
{'loss': 0.0196, 'learning_rate': 1.4396135265700483e-05, 'epoch': 8.41}
{'loss': 0.0236, 'learning_rate': 1.420289855072464e-05, 'epoch': 8.7}
{'loss': 0.0346, 'learning_rate': 1.4009661835748794e-05, 'epoch': 8.99}
{'eval_loss': 0.016125431284308434, 'eval_f1': 0.9955814582147092, 'eval_roc_auc': 0.9975104701167901, 'eval_accuracy': 0.9943478260869565, 'eval_runtime': 129.9333, 'eval_samples_per_second': 53.104, 'eval_steps_per_second': 13.276, 'epoch': 9.0}
{'loss': 0.0166, 'learning_rate': 1.3816425120772946e-05, 'epoch': 9.28}
{'loss': 0.0301, 'learning_rate': 1.3623188405797103e-05, 'epoch': 9.57}
{'loss': 0.0283, 'learning_rate': 1.3429951690821257e-05, 'epoch': 9.86}
{'eval_loss': 0.009603932499885559, 'eval_f1': 0.9970403208194182, 'eval_roc_auc': 0.9978051392153826, 'eval_accuracy': 0.9966666666666667, 'eval_runtime': 129.7808, 'eval_samples_per_second': 53.167, 'eval_steps_per_second': 13.292, 'epoch': 10.0}
{'loss': 0.0223, 'learning_rate': 1.3236714975845413e-05, 'epoch': 10.14}
{'loss': 0.0149, 'learning_rate': 1.3043478260869566e-05, 'epoch': 10.43}
{'loss': 0.0229, 'learning_rate': 1.285024154589372e-05, 'epoch': 10.72}
{'eval_loss': 0.006360300816595554, 'eval_f1': 0.998177259848291, 'eval_roc_auc': 0.9982923475443288, 'eval_accuracy': 0.9978260869565218, 'eval_runtime': 129.9649, 'eval_samples_per_second': 53.091, 'eval_steps_per_second': 13.273, 'epoch': 11.0}
{'loss': 0.0386, 'learning_rate': 1.2657004830917876e-05, 'epoch': 11.01}
{'loss': 0.0222, 'learning_rate': 1.2463768115942029e-05, 'epoch': 11.3}
{'loss': 0.0091, 'learning_rate': 1.2270531400966183e-05, 'epoch': 11.59}
{'loss': 0.0228, 'learning_rate': 1.207729468599034e-05, 'epoch': 11.88}
{'eval_loss': 0.0026520504616200924, 'eval_f1': 0.9990898966255605, 'eval_roc_auc': 0.9993402093889232, 'eval_accuracy': 0.998840579710145, 'eval_runtime': 130.0889, 'eval_samples_per_second': 53.041, 'eval_steps_per_second': 13.26, 'epoch': 12.0}
{'loss': 0.0108, 'learning_rate': 1.1884057971014494e-05, 'epoch': 12.17}
{'loss': 0.0084, 'learning_rate': 1.1690821256038648e-05, 'epoch': 12.46}
{'loss': 0.0263, 'learning_rate': 1.1497584541062803e-05, 'epoch': 12.75}
{'eval_loss': 0.0011319719487801194, 'eval_f1': 0.9997724885449993, 'eval_roc_auc': 0.9998559135581583, 'eval_accuracy': 0.9997101449275362, 'eval_runtime': 129.8624, 'eval_samples_per_second': 53.133, 'eval_steps_per_second': 13.283, 'epoch': 13.0}
{'loss': 0.0142, 'learning_rate': 1.1304347826086957e-05, 'epoch': 13.04}
{'loss': 0.0098, 'learning_rate': 1.1111111111111113e-05, 'epoch': 13.33}
{'loss': 0.0076, 'learning_rate': 1.0917874396135266e-05, 'epoch': 13.62}
{'loss': 0.0175, 'learning_rate': 1.0724637681159422e-05, 'epoch': 13.91}
{'eval_loss': 0.0027070685755461454, 'eval_f1': 0.9990912822678066, 'eval_roc_auc': 0.9996196969050861, 'eval_accuracy': 0.998840579710145, 'eval_runtime': 130.3478, 'eval_samples_per_second': 52.935, 'eval_steps_per_second': 13.234, 'epoch': 14.0}
{'loss': 0.008, 'learning_rate': 1.0531400966183577e-05, 'epoch': 14.2}
{'loss': 0.0055, 'learning_rate': 1.033816425120773e-05, 'epoch': 14.49}
{'loss': 0.0076, 'learning_rate': 1.0144927536231885e-05, 'epoch': 14.78}
{'eval_loss': 0.0009911225643008947, 'eval_f1': 0.9997724885449993, 'eval_roc_auc': 0.9998559135581583, 'eval_accuracy': 0.9997101449275362, 'eval_runtime': 130.1763, 'eval_samples_per_second': 53.005, 'eval_steps_per_second': 13.251, 'epoch': 15.0}
{'loss': 0.0266, 'learning_rate': 9.95169082125604e-06, 'epoch': 15.07}
{'loss': 0.0124, 'learning_rate': 9.758454106280194e-06, 'epoch': 15.36}
{'loss': 0.0109, 'learning_rate': 9.565217391304349e-06, 'epoch': 15.65}
{'loss': 0.0068, 'learning_rate': 9.371980676328503e-06, 'epoch': 15.94}
{'eval_loss': 0.0019467268139123917, 'eval_f1': 0.9994317784004254, 'eval_roc_auc': 0.9997649511609608, 'eval_accuracy': 0.9992753623188406, 'eval_runtime': 130.3273, 'eval_samples_per_second': 52.944, 'eval_steps_per_second': 13.236, 'epoch': 16.0}
{'loss': 0.0059, 'learning_rate': 9.178743961352658e-06, 'epoch': 16.23}
{'loss': 0.0079, 'learning_rate': 8.985507246376812e-06, 'epoch': 16.52}
{'loss': 0.0108, 'learning_rate': 8.792270531400966e-06, 'epoch': 16.81}
{'eval_loss': 0.001722883083857596, 'eval_f1': 0.9996590552872847, 'eval_roc_auc': 0.9999090376028027, 'eval_accuracy': 0.9995652173913043, 'eval_runtime': 129.767, 'eval_samples_per_second': 53.172, 'eval_steps_per_second': 13.293, 'epoch': 17.0}
{'loss': 0.0046, 'learning_rate': 8.599033816425122e-06, 'epoch': 17.1}
{'loss': 0.0079, 'learning_rate': 8.405797101449275e-06, 'epoch': 17.39}
{'loss': 0.005, 'learning_rate': 8.212560386473431e-06, 'epoch': 17.68}
{'loss': 0.005, 'learning_rate': 8.019323671497586e-06, 'epoch': 17.97}
{'eval_loss': 0.0018064613686874509, 'eval_f1': 0.9994318170567782, 'eval_roc_auc': 0.9997941041459936, 'eval_accuracy': 0.9992753623188406, 'eval_runtime': 129.8898, 'eval_samples_per_second': 53.122, 'eval_steps_per_second': 13.28, 'epoch': 18.0}
{'train_runtime': 9112.0352, 'train_samples_per_second': 22.717, 'train_steps_per_second': 5.679, 'train_loss': 0.05876538002932513, 'epoch': 18.0}
