Model Name: AIMH/mental-longformer-base-4096
Text Column: text
Max Length: 512
Batch Size: 32
Learning Rate: 2e-05
Number of Epochs: 30
Metric Name: eval_loss
Random State: 2
{'eval_loss': 0.15780453383922577, 'eval_f1': 0.9081095740409394, 'eval_roc_auc': 0.9286168930381173, 'eval_accuracy': 0.9013043478260869, 'eval_runtime': 100.482, 'eval_samples_per_second': 68.669, 'eval_steps_per_second': 2.15, 'epoch': 1.0}
{'eval_loss': 0.11310191452503204, 'eval_f1': 0.9364501561022835, 'eval_roc_auc': 0.9573296304186424, 'eval_accuracy': 0.923623188405797, 'eval_runtime': 100.4493, 'eval_samples_per_second': 68.691, 'eval_steps_per_second': 2.15, 'epoch': 2.0}
{'loss': 0.2077, 'learning_rate': 1.8456790123456792e-05, 'epoch': 2.31}
{'eval_loss': 0.06197286397218704, 'eval_f1': 0.9691825636979818, 'eval_roc_auc': 0.9748345079087949, 'eval_accuracy': 0.9637681159420289, 'eval_runtime': 100.454, 'eval_samples_per_second': 68.688, 'eval_steps_per_second': 2.15, 'epoch': 3.0}
{'eval_loss': 0.03660399839282036, 'eval_f1': 0.9823244246654413, 'eval_roc_auc': 0.9856740255365118, 'eval_accuracy': 0.9785507246376811, 'eval_runtime': 100.4107, 'eval_samples_per_second': 68.718, 'eval_steps_per_second': 2.151, 'epoch': 4.0}
{'loss': 0.0807, 'learning_rate': 1.6913580246913582e-05, 'epoch': 4.63}
{'eval_loss': 0.025046678259968758, 'eval_f1': 0.9888901965399552, 'eval_roc_auc': 0.990549130475916, 'eval_accuracy': 0.9866666666666667, 'eval_runtime': 100.3749, 'eval_samples_per_second': 68.742, 'eval_steps_per_second': 2.152, 'epoch': 5.0}
{'eval_loss': 0.01862357370555401, 'eval_f1': 0.9905152226411398, 'eval_roc_auc': 0.991875458498095, 'eval_accuracy': 0.9886956521739131, 'eval_runtime': 100.3887, 'eval_samples_per_second': 68.733, 'eval_steps_per_second': 2.152, 'epoch': 6.0}
{'loss': 0.0359, 'learning_rate': 1.537037037037037e-05, 'epoch': 6.94}
{'eval_loss': 0.011138769797980785, 'eval_f1': 0.9956633937520416, 'eval_roc_auc': 0.996356506658362, 'eval_accuracy': 0.9947826086956522, 'eval_runtime': 100.3815, 'eval_samples_per_second': 68.738, 'eval_steps_per_second': 2.152, 'epoch': 7.0}
{'eval_loss': 0.008498858660459518, 'eval_f1': 0.996581169906916, 'eval_roc_auc': 0.9969288383143403, 'eval_accuracy': 0.9959420289855072, 'eval_runtime': 100.381, 'eval_samples_per_second': 68.738, 'eval_steps_per_second': 2.152, 'epoch': 8.0}
{'eval_loss': 0.007173165678977966, 'eval_f1': 0.9969182984296392, 'eval_roc_auc': 0.9972661211312798, 'eval_accuracy': 0.9965217391304347, 'eval_runtime': 100.2957, 'eval_samples_per_second': 68.797, 'eval_steps_per_second': 2.154, 'epoch': 9.0}
{'loss': 0.0176, 'learning_rate': 1.3827160493827162e-05, 'epoch': 9.26}
{'eval_loss': 0.0061707450076937675, 'eval_f1': 0.9973815295474242, 'eval_roc_auc': 0.9978418097539029, 'eval_accuracy': 0.9966666666666667, 'eval_runtime': 100.4108, 'eval_samples_per_second': 68.718, 'eval_steps_per_second': 2.151, 'epoch': 10.0}
{'eval_loss': 0.002382730133831501, 'eval_f1': 0.9989745219349299, 'eval_roc_auc': 0.9989761092150171, 'eval_accuracy': 0.9986956521739131, 'eval_runtime': 100.4195, 'eval_samples_per_second': 68.712, 'eval_steps_per_second': 2.151, 'epoch': 11.0}
{'loss': 0.0085, 'learning_rate': 1.228395061728395e-05, 'epoch': 11.57}
{'eval_loss': 0.0015847618924453855, 'eval_f1': 0.9993167784708328, 'eval_roc_auc': 0.9993465591283773, 'eval_accuracy': 0.9991304347826087, 'eval_runtime': 100.3977, 'eval_samples_per_second': 68.727, 'eval_steps_per_second': 2.151, 'epoch': 12.0}
{'eval_loss': 0.001993930898606777, 'eval_f1': 0.999203268886222, 'eval_roc_auc': 0.9993162383293117, 'eval_accuracy': 0.9989855072463768, 'eval_runtime': 100.3573, 'eval_samples_per_second': 68.754, 'eval_steps_per_second': 2.152, 'epoch': 13.0}
{'loss': 0.0046, 'learning_rate': 1.0740740740740742e-05, 'epoch': 13.89}
{'eval_loss': 0.0011363403173163533, 'eval_f1': 0.9996588205577062, 'eval_roc_auc': 0.9998255927590926, 'eval_accuracy': 0.9995652173913043, 'eval_runtime': 100.4229, 'eval_samples_per_second': 68.709, 'eval_steps_per_second': 2.151, 'epoch': 14.0}
{'eval_loss': 0.000763122399803251, 'eval_f1': 0.999886215025764, 'eval_roc_auc': 0.9998862343572241, 'eval_accuracy': 0.9998550724637681, 'eval_runtime': 100.3344, 'eval_samples_per_second': 68.77, 'eval_steps_per_second': 2.153, 'epoch': 15.0}
{'eval_loss': 0.001164166838862002, 'eval_f1': 0.9994311137917402, 'eval_roc_auc': 0.9995437696148636, 'eval_accuracy': 0.9992753623188406, 'eval_runtime': 100.311, 'eval_samples_per_second': 68.786, 'eval_steps_per_second': 2.153, 'epoch': 16.0}
{'loss': 0.0026, 'learning_rate': 9.197530864197531e-06, 'epoch': 16.2}
{'eval_loss': 0.00017017561185639352, 'eval_f1': 1.0, 'eval_roc_auc': 1.0, 'eval_accuracy': 1.0, 'eval_runtime': 100.3116, 'eval_samples_per_second': 68.786, 'eval_steps_per_second': 2.153, 'epoch': 17.0}
{'eval_loss': 0.0001368376542814076, 'eval_f1': 1.0, 'eval_roc_auc': 1.0, 'eval_accuracy': 1.0, 'eval_runtime': 100.3033, 'eval_samples_per_second': 68.791, 'eval_steps_per_second': 2.153, 'epoch': 18.0}
{'loss': 0.0017, 'learning_rate': 7.654320987654322e-06, 'epoch': 18.52}
{'eval_loss': 0.00012442341540008783, 'eval_f1': 1.0, 'eval_roc_auc': 1.0, 'eval_accuracy': 1.0, 'eval_runtime': 100.2858, 'eval_samples_per_second': 68.803, 'eval_steps_per_second': 2.154, 'epoch': 19.0}
{'eval_loss': 9.783381392480806e-05, 'eval_f1': 1.0, 'eval_roc_auc': 1.0, 'eval_accuracy': 1.0, 'eval_runtime': 100.3296, 'eval_samples_per_second': 68.773, 'eval_steps_per_second': 2.153, 'epoch': 20.0}
{'loss': 0.0013, 'learning_rate': 6.111111111111112e-06, 'epoch': 20.83}
{'eval_loss': 9.416787361260504e-05, 'eval_f1': 1.0, 'eval_roc_auc': 1.0, 'eval_accuracy': 1.0, 'eval_runtime': 100.3173, 'eval_samples_per_second': 68.782, 'eval_steps_per_second': 2.153, 'epoch': 21.0}
{'eval_loss': 8.027083822526038e-05, 'eval_f1': 1.0, 'eval_roc_auc': 1.0, 'eval_accuracy': 1.0, 'eval_runtime': 100.3798, 'eval_samples_per_second': 68.739, 'eval_steps_per_second': 2.152, 'epoch': 22.0}
{'eval_loss': 7.489816198358312e-05, 'eval_f1': 1.0, 'eval_roc_auc': 1.0, 'eval_accuracy': 1.0, 'eval_runtime': 100.3965, 'eval_samples_per_second': 68.727, 'eval_steps_per_second': 2.151, 'epoch': 23.0}
{'loss': 0.0005, 'learning_rate': 4.567901234567902e-06, 'epoch': 23.15}
{'eval_loss': 7.779914449201897e-05, 'eval_f1': 1.0, 'eval_roc_auc': 1.0, 'eval_accuracy': 1.0, 'eval_runtime': 100.4344, 'eval_samples_per_second': 68.702, 'eval_steps_per_second': 2.151, 'epoch': 24.0}
{'eval_loss': 6.7417677200865e-05, 'eval_f1': 1.0, 'eval_roc_auc': 1.0, 'eval_accuracy': 1.0, 'eval_runtime': 100.4208, 'eval_samples_per_second': 68.711, 'eval_steps_per_second': 2.151, 'epoch': 25.0}
{'loss': 0.0007, 'learning_rate': 3.0246913580246917e-06, 'epoch': 25.46}
{'eval_loss': 6.4620646298863e-05, 'eval_f1': 1.0, 'eval_roc_auc': 1.0, 'eval_accuracy': 1.0, 'eval_runtime': 100.41, 'eval_samples_per_second': 68.718, 'eval_steps_per_second': 2.151, 'epoch': 26.0}
{'eval_loss': 6.088635200285353e-05, 'eval_f1': 1.0, 'eval_roc_auc': 1.0, 'eval_accuracy': 1.0, 'eval_runtime': 100.4076, 'eval_samples_per_second': 68.72, 'eval_steps_per_second': 2.151, 'epoch': 27.0}
{'loss': 0.0002, 'learning_rate': 1.4814814814814815e-06, 'epoch': 27.78}
{'eval_loss': 5.899215102544986e-05, 'eval_f1': 1.0, 'eval_roc_auc': 1.0, 'eval_accuracy': 1.0, 'eval_runtime': 100.406, 'eval_samples_per_second': 68.721, 'eval_steps_per_second': 2.151, 'epoch': 28.0}
{'eval_loss': 5.798448546556756e-05, 'eval_f1': 1.0, 'eval_roc_auc': 1.0, 'eval_accuracy': 1.0, 'eval_runtime': 100.3813, 'eval_samples_per_second': 68.738, 'eval_steps_per_second': 2.152, 'epoch': 29.0}
{'eval_loss': 5.798205529572442e-05, 'eval_f1': 1.0, 'eval_roc_auc': 1.0, 'eval_accuracy': 1.0, 'eval_runtime': 100.3885, 'eval_samples_per_second': 68.733, 'eval_steps_per_second': 2.152, 'epoch': 30.0}
{'train_runtime': 16468.6952, 'train_samples_per_second': 12.569, 'train_steps_per_second': 0.393, 'train_loss': 0.02793982017348394, 'epoch': 30.0}
